2016-12-13 14:08:31 org.springframework.core.env.MutablePropertySources.addLast(MutablePropertySources.java:109)  Adding [systemProperties] PropertySource with lowest search precedence
2016-12-13 14:08:31 org.springframework.core.env.MutablePropertySources.addLast(MutablePropertySources.java:109)  Adding [systemEnvironment] PropertySource with lowest search precedence
2016-12-13 14:08:31 org.springframework.core.env.AbstractEnvironment.<init>(AbstractEnvironment.java:124)  Initialized StandardEnvironment with PropertySources [systemProperties,systemEnvironment]
2016-12-13 14:08:31 org.springframework.context.support.AbstractApplicationContext.prepareRefresh(AbstractApplicationContext.java:582)  Refreshing org.springframework.context.support.ClassPathXmlApplicationContext@71c7db30: startup date [Tue Dec 13 14:08:31 CST 2016]; root of context hierarchy
2016-12-13 14:08:31 org.springframework.core.env.MutablePropertySources.addLast(MutablePropertySources.java:109)  Adding [systemProperties] PropertySource with lowest search precedence
2016-12-13 14:08:31 org.springframework.core.env.MutablePropertySources.addLast(MutablePropertySources.java:109)  Adding [systemEnvironment] PropertySource with lowest search precedence
2016-12-13 14:08:31 org.springframework.core.env.AbstractEnvironment.<init>(AbstractEnvironment.java:124)  Initialized StandardEnvironment with PropertySources [systemProperties,systemEnvironment]
2016-12-13 14:08:31 org.springframework.beans.factory.xml.XmlBeanDefinitionReader.loadBeanDefinitions(XmlBeanDefinitionReader.java:317)  Loading XML bean definitions from class path resource [applicationContext.xml]
2016-12-13 14:08:31 org.springframework.beans.factory.xml.DefaultDocumentLoader.loadDocument(DefaultDocumentLoader.java:73)  Using JAXP provider [com.sun.org.apache.xerces.internal.jaxp.DocumentBuilderFactoryImpl]
2016-12-13 14:08:31 org.springframework.beans.factory.xml.PluggableSchemaResolver.getSchemaMappings(PluggableSchemaResolver.java:141)  Loading schema mappings from [META-INF/spring.schemas]
2016-12-13 14:08:31 org.springframework.beans.factory.xml.PluggableSchemaResolver.getSchemaMappings(PluggableSchemaResolver.java:147)  Loaded schema mappings: {http://www.springframework.org/schema/tx/spring-tx-4.3.xsd=org/springframework/transaction/config/spring-tx-4.3.xsd, http://www.springframework.org/schema/tx/spring-tx-2.5.xsd=org/springframework/transaction/config/spring-tx-2.5.xsd, http://www.springframework.org/schema/cache/spring-cache-4.2.xsd=org/springframework/cache/config/spring-cache-4.2.xsd, http://www.springframework.org/schema/aop/spring-aop-4.1.xsd=org/springframework/aop/config/spring-aop-4.1.xsd, http://www.springframework.org/schema/context/spring-context-3.1.xsd=org/springframework/context/config/spring-context-3.1.xsd, http://www.springframework.org/schema/jdbc/spring-jdbc-4.1.xsd=org/springframework/jdbc/config/spring-jdbc-4.1.xsd, http://www.springframework.org/schema/util/spring-util-3.0.xsd=org/springframework/beans/factory/xml/spring-util-3.0.xsd, http://mybatis.org/schema/mybatis-spring-1.2.xsd=org/mybatis/spring/config/mybatis-spring-1.2.xsd, http://www.springframework.org/schema/tool/spring-tool.xsd=org/springframework/beans/factory/xml/spring-tool-4.3.xsd, http://www.springframework.org/schema/aop/spring-aop-3.2.xsd=org/springframework/aop/config/spring-aop-3.2.xsd, http://www.springframework.org/schema/lang/spring-lang-4.1.xsd=org/springframework/scripting/config/spring-lang-4.1.xsd, http://www.springframework.org/schema/context/spring-context-4.0.xsd=org/springframework/context/config/spring-context-4.0.xsd, http://www.springframework.org/schema/beans/spring-beans-4.2.xsd=org/springframework/beans/factory/xml/spring-beans-4.2.xsd, http://www.springframework.org/schema/tool/spring-tool-4.1.xsd=org/springframework/beans/factory/xml/spring-tool-4.1.xsd, http://www.springframework.org/schema/lang/spring-lang-3.2.xsd=org/springframework/scripting/config/spring-lang-3.2.xsd, http://www.springframework.org/schema/cache/spring-cache-3.2.xsd=org/springframework/cache/config/spring-cache-3.2.xsd, http://www.springframework.org/schema/jee/spring-jee-4.1.xsd=org/springframework/ejb/config/spring-jee-4.1.xsd, http://www.springframework.org/schema/jdbc/spring-jdbc-3.1.xsd=org/springframework/jdbc/config/spring-jdbc-3.1.xsd, http://www.springframework.org/schema/util/spring-util-2.0.xsd=org/springframework/beans/factory/xml/spring-util-2.0.xsd, http://www.springframework.org/schema/task/spring-task-4.2.xsd=org/springframework/scheduling/config/spring-task-4.2.xsd, http://www.springframework.org/schema/tool/spring-tool-3.2.xsd=org/springframework/beans/factory/xml/spring-tool-3.2.xsd, http://www.springframework.org/schema/context/spring-context.xsd=org/springframework/context/config/spring-context-4.3.xsd, http://www.springframework.org/schema/tx/spring-tx-4.2.xsd=org/springframework/transaction/config/spring-tx-4.2.xsd, http://www.springframework.org/schema/cache/spring-cache-4.1.xsd=org/springframework/cache/config/spring-cache-4.1.xsd, http://www.springframework.org/schema/aop/spring-aop-4.0.xsd=org/springframework/aop/config/spring-aop-4.0.xsd, http://www.springframework.org/schema/jee/spring-jee-3.2.xsd=org/springframework/ejb/config/spring-jee-3.2.xsd, http://www.springframework.org/schema/context/spring-context-3.0.xsd=org/springframework/context/config/spring-context-3.0.xsd, http://www.springframework.org/schema/jdbc/spring-jdbc-4.0.xsd=org/springframework/jdbc/config/spring-jdbc-4.0.xsd, http://www.springframework.org/schema/util/spring-util-4.3.xsd=org/springframework/beans/factory/xml/spring-util-4.3.xsd, http://www.springframework.org/schema/util/spring-util-2.5.xsd=org/springframework/beans/factory/xml/spring-util-2.5.xsd, http://www.springframework.org/schema/beans/spring-beans-3.2.xsd=org/springframework/beans/factory/xml/spring-beans-3.2.xsd, http://www.springframework.org/schema/aop/spring-aop-3.1.xsd=org/springframework/aop/config/spring-aop-3.1.xsd, http://www.springframework.org/schema/lang/spring-lang-4.0.xsd=org/springframework/scripting/config/spring-lang-4.0.xsd, http://www.springframework.org/schema/beans/spring-beans-4.1.xsd=org/springframework/beans/factory/xml/spring-beans-4.1.xsd, http://www.springframework.org/schema/tool/spring-tool-4.0.xsd=org/springframework/beans/factory/xml/spring-tool-4.0.xsd, http://www.springframework.org/schema/tx/spring-tx-3.2.xsd=org/springframework/transaction/config/spring-tx-3.2.xsd, http://www.springframework.org/schema/lang/spring-lang-3.1.xsd=org/springframework/scripting/config/spring-lang-3.1.xsd, http://www.springframework.org/schema/cache/spring-cache-3.1.xsd=org/springframework/cache/config/spring-cache-3.1.xsd, http://www.springframework.org/schema/jee/spring-jee-4.0.xsd=org/springframework/ejb/config/spring-jee-4.0.xsd, http://www.springframework.org/schema/jdbc/spring-jdbc-3.0.xsd=org/springframework/jdbc/config/spring-jdbc-3.0.xsd, http://www.springframework.org/schema/task/spring-task-4.1.xsd=org/springframework/scheduling/config/spring-task-4.1.xsd, http://www.springframework.org/schema/jdbc/spring-jdbc.xsd=org/springframework/jdbc/config/spring-jdbc-4.3.xsd, http://www.springframework.org/schema/tool/spring-tool-3.1.xsd=org/springframework/beans/factory/xml/spring-tool-3.1.xsd, http://www.springframework.org/schema/tx/spring-tx-4.1.xsd=org/springframework/transaction/config/spring-tx-4.1.xsd, http://www.springframework.org/schema/cache/spring-cache-4.0.xsd=org/springframework/cache/config/spring-cache-4.0.xsd, http://www.springframework.org/schema/jee/spring-jee-3.1.xsd=org/springframework/ejb/config/spring-jee-3.1.xsd, http://www.springframework.org/schema/util/spring-util-4.2.xsd=org/springframework/beans/factory/xml/spring-util-4.2.xsd, http://www.springframework.org/schema/task/spring-task-3.2.xsd=org/springframework/scheduling/config/spring-task-3.2.xsd, http://www.springframework.org/schema/beans/spring-beans-3.1.xsd=org/springframework/beans/factory/xml/spring-beans-3.1.xsd, http://www.springframework.org/schema/util/spring-util.xsd=org/springframework/beans/factory/xml/spring-util-4.3.xsd, http://www.springframework.org/schema/aop/spring-aop-3.0.xsd=org/springframework/aop/config/spring-aop-3.0.xsd, http://www.springframework.org/schema/beans/spring-beans-4.0.xsd=org/springframework/beans/factory/xml/spring-beans-4.0.xsd, http://www.springframework.org/schema/beans/spring-beans.xsd=org/springframework/beans/factory/xml/spring-beans-4.3.xsd, http://mybatis.org/schema/mybatis-spring.xsd=org/mybatis/spring/config/mybatis-spring-1.2.xsd, http://www.springframework.org/schema/tx/spring-tx-3.1.xsd=org/springframework/transaction/config/spring-tx-3.1.xsd, http://www.springframework.org/schema/lang/spring-lang-3.0.xsd=org/springframework/scripting/config/spring-lang-3.0.xsd, http://www.springframework.org/schema/context/spring-context-2.5.xsd=org/springframework/context/config/spring-context-2.5.xsd, http://www.springframework.org/schema/context/spring-context-4.3.xsd=org/springframework/context/config/spring-context-4.3.xsd, http://www.springframework.org/schema/task/spring-task-4.0.xsd=org/springframework/scheduling/config/spring-task-4.0.xsd, http://www.springframework.org/schema/tool/spring-tool-3.0.xsd=org/springframework/beans/factory/xml/spring-tool-3.0.xsd, http://www.springframework.org/schema/tx/spring-tx-4.0.xsd=org/springframework/transaction/config/spring-tx-4.0.xsd, http://www.springframework.org/schema/aop/spring-aop-2.0.xsd=org/springframework/aop/config/spring-aop-2.0.xsd, http://www.springframework.org/schema/jee/spring-jee-3.0.xsd=org/springframework/ejb/config/spring-jee-3.0.xsd, http://www.springframework.org/schema/util/spring-util-4.1.xsd=org/springframework/beans/factory/xml/spring-util-4.1.xsd, http://www.springframework.org/schema/task/spring-task-3.1.xsd=org/springframework/scheduling/config/spring-task-3.1.xsd, http://www.springframework.org/schema/beans/spring-beans-3.0.xsd=org/springframework/beans/factory/xml/spring-beans-3.0.xsd, http://www.springframework.org/schema/jee/spring-jee.xsd=org/springframework/ejb/config/spring-jee-4.3.xsd, http://www.springframework.org/schema/aop/spring-aop-2.5.xsd=org/springframework/aop/config/spring-aop-2.5.xsd, http://www.springframework.org/schema/aop/spring-aop-4.3.xsd=org/springframework/aop/config/spring-aop-4.3.xsd, http://www.springframework.org/schema/lang/spring-lang-2.0.xsd=org/springframework/scripting/config/spring-lang-2.0.xsd, http://www.springframework.org/schema/jdbc/spring-jdbc-4.3.xsd=org/springframework/jdbc/config/spring-jdbc-4.3.xsd, http://www.springframework.org/schema/util/spring-util-3.2.xsd=org/springframework/beans/factory/xml/spring-util-3.2.xsd, http://www.springframework.org/schema/task/spring-task.xsd=org/springframework/scheduling/config/spring-task-4.3.xsd, http://www.springframework.org/schema/tool/spring-tool-2.0.xsd=org/springframework/beans/factory/xml/spring-tool-2.0.xsd, http://www.springframework.org/schema/tx/spring-tx-3.0.xsd=org/springframework/transaction/config/spring-tx-3.0.xsd, http://www.springframework.org/schema/lang/spring-lang-2.5.xsd=org/springframework/scripting/config/spring-lang-2.5.xsd, http://www.springframework.org/schema/lang/spring-lang-4.3.xsd=org/springframework/scripting/config/spring-lang-4.3.xsd, http://www.springframework.org/schema/context/spring-context-4.2.xsd=org/springframework/context/config/spring-context-4.2.xsd, http://www.springframework.org/schema/jee/spring-jee-2.0.xsd=org/springframework/ejb/config/spring-jee-2.0.xsd, http://www.springframework.org/schema/tool/spring-tool-4.3.xsd=org/springframework/beans/factory/xml/spring-tool-4.3.xsd, http://www.springframework.org/schema/tool/spring-tool-2.5.xsd=org/springframework/beans/factory/xml/spring-tool-2.5.xsd, http://www.springframework.org/schema/jee/spring-jee-4.3.xsd=org/springframework/ejb/config/spring-jee-4.3.xsd, http://www.springframework.org/schema/jee/spring-jee-2.5.xsd=org/springframework/ejb/config/spring-jee-2.5.xsd, http://www.springframework.org/schema/util/spring-util-4.0.xsd=org/springframework/beans/factory/xml/spring-util-4.0.xsd, http://www.springframework.org/schema/task/spring-task-3.0.xsd=org/springframework/scheduling/config/spring-task-3.0.xsd, http://www.springframework.org/schema/cache/spring-cache-4.3.xsd=org/springframework/cache/config/spring-cache-4.3.xsd, http://www.springframework.org/schema/aop/spring-aop-4.2.xsd=org/springframework/aop/config/spring-aop-4.2.xsd, http://www.springframework.org/schema/lang/spring-lang.xsd=org/springframework/scripting/config/spring-lang-4.3.xsd, http://www.springframework.org/schema/context/spring-context-3.2.xsd=org/springframework/context/config/spring-context-3.2.xsd, http://www.springframework.org/schema/jdbc/spring-jdbc-4.2.xsd=org/springframework/jdbc/config/spring-jdbc-4.2.xsd, http://www.springframework.org/schema/util/spring-util-3.1.xsd=org/springframework/beans/factory/xml/spring-util-3.1.xsd, http://www.springframework.org/schema/beans/spring-beans-2.0.xsd=org/springframework/beans/factory/xml/spring-beans-2.0.xsd, http://www.springframework.org/schema/cache/spring-cache.xsd=org/springframework/cache/config/spring-cache-4.3.xsd, http://www.springframework.org/schema/tx/spring-tx.xsd=org/springframework/transaction/config/spring-tx-4.3.xsd, http://www.springframework.org/schema/lang/spring-lang-4.2.xsd=org/springframework/scripting/config/spring-lang-4.2.xsd, http://www.springframework.org/schema/context/spring-context-4.1.xsd=org/springframework/context/config/spring-context-4.1.xsd, http://www.springframework.org/schema/beans/spring-beans-2.5.xsd=org/springframework/beans/factory/xml/spring-beans-2.5.xsd, http://www.springframework.org/schema/beans/spring-beans-4.3.xsd=org/springframework/beans/factory/xml/spring-beans-4.3.xsd, http://www.springframework.org/schema/tool/spring-tool-4.2.xsd=org/springframework/beans/factory/xml/spring-tool-4.2.xsd, http://www.springframework.org/schema/tx/spring-tx-2.0.xsd=org/springframework/transaction/config/spring-tx-2.0.xsd, http://www.alibaba.com/schema/stat.xsd=META-INF/stat.xsd, http://www.springframework.org/schema/jee/spring-jee-4.2.xsd=org/springframework/ejb/config/spring-jee-4.2.xsd, http://www.springframework.org/schema/jdbc/spring-jdbc-3.2.xsd=org/springframework/jdbc/config/spring-jdbc-3.2.xsd, http://www.springframework.org/schema/task/spring-task-4.3.xsd=org/springframework/scheduling/config/spring-task-4.3.xsd, http://www.springframework.org/schema/aop/spring-aop.xsd=org/springframework/aop/config/spring-aop-4.3.xsd}
2016-12-13 14:08:31 org.springframework.beans.factory.xml.PluggableSchemaResolver.resolveEntity(PluggableSchemaResolver.java:119)  Found XML schema [http://www.springframework.org/schema/beans/spring-beans.xsd] in classpath: org/springframework/beans/factory/xml/spring-beans-4.3.xsd
2016-12-13 14:08:31 org.springframework.beans.factory.xml.PluggableSchemaResolver.resolveEntity(PluggableSchemaResolver.java:119)  Found XML schema [http://www.springframework.org/schema/context/spring-context.xsd] in classpath: org/springframework/context/config/spring-context-4.3.xsd
2016-12-13 14:08:31 org.springframework.beans.factory.xml.PluggableSchemaResolver.resolveEntity(PluggableSchemaResolver.java:119)  Found XML schema [http://www.springframework.org/schema/tool/spring-tool-4.3.xsd] in classpath: org/springframework/beans/factory/xml/spring-tool-4.3.xsd
2016-12-13 14:08:31 org.springframework.beans.factory.xml.PluggableSchemaResolver.resolveEntity(PluggableSchemaResolver.java:119)  Found XML schema [http://www.springframework.org/schema/tx/spring-tx.xsd] in classpath: org/springframework/transaction/config/spring-tx-4.3.xsd
2016-12-13 14:08:31 org.springframework.beans.factory.xml.DefaultBeanDefinitionDocumentReader.registerBeanDefinitions(DefaultBeanDefinitionDocumentReader.java:92)  Loading bean definitions
2016-12-13 14:08:31 org.springframework.beans.factory.xml.DefaultNamespaceHandlerResolver.getHandlerMappings(DefaultNamespaceHandlerResolver.java:157)  Loaded NamespaceHandler mappings: {http://www.springframework.org/schema/p=org.springframework.beans.factory.xml.SimplePropertyNamespaceHandler, http://www.springframework.org/schema/util=org.springframework.beans.factory.xml.UtilNamespaceHandler, http://www.alibaba.com/schema/stat=com.alibaba.druid.support.spring.stat.config.DruidStatNamespaceHandler, http://www.springframework.org/schema/jee=org.springframework.ejb.config.JeeNamespaceHandler, http://www.springframework.org/schema/aop=org.springframework.aop.config.AopNamespaceHandler, http://www.springframework.org/schema/jdbc=org.springframework.jdbc.config.JdbcNamespaceHandler, http://www.springframework.org/schema/cache=org.springframework.cache.config.CacheNamespaceHandler, http://mybatis.org/schema/mybatis-spring=org.mybatis.spring.config.NamespaceHandler, http://www.springframework.org/schema/c=org.springframework.beans.factory.xml.SimpleConstructorNamespaceHandler, http://www.springframework.org/schema/tx=org.springframework.transaction.config.TxNamespaceHandler, http://www.springframework.org/schema/task=org.springframework.scheduling.config.TaskNamespaceHandler, http://www.springframework.org/schema/lang=org.springframework.scripting.config.LangNamespaceHandler, http://www.springframework.org/schema/context=org.springframework.context.config.ContextNamespaceHandler}
2016-12-13 14:08:31 org.springframework.core.env.MutablePropertySources.addLast(MutablePropertySources.java:109)  Adding [systemProperties] PropertySource with lowest search precedence
2016-12-13 14:08:31 org.springframework.core.env.MutablePropertySources.addLast(MutablePropertySources.java:109)  Adding [systemEnvironment] PropertySource with lowest search precedence
2016-12-13 14:08:31 org.springframework.core.env.AbstractEnvironment.<init>(AbstractEnvironment.java:124)  Initialized StandardEnvironment with PropertySources [systemProperties,systemEnvironment]
2016-12-13 14:08:31 org.springframework.core.io.support.PathMatchingResourcePatternResolver.findAllClassPathResources(PathMatchingResourcePatternResolver.java:317)  Resolved classpath location [com/hc/] to resources [URL [file:/D:/SpringMybatisWebDemo/target/classes/com/hc/]]
2016-12-13 14:08:31 org.springframework.core.io.support.PathMatchingResourcePatternResolver.doFindMatchingFileSystemResources(PathMatchingResourcePatternResolver.java:711)  Looking for matching resources in directory tree [D:\SpringMybatisWebDemo\target\classes\com\hc]
2016-12-13 14:08:31 org.springframework.core.io.support.PathMatchingResourcePatternResolver.doRetrieveMatchingFiles(PathMatchingResourcePatternResolver.java:773)  Searching directory [D:\SpringMybatisWebDemo\target\classes\com\hc] for files matching pattern [D:/SpringMybatisWebDemo/target/classes/com/hc/**/*.class]
2016-12-13 14:08:31 org.springframework.core.io.support.PathMatchingResourcePatternResolver.doRetrieveMatchingFiles(PathMatchingResourcePatternResolver.java:773)  Searching directory [D:\SpringMybatisWebDemo\target\classes\com\hc\action] for files matching pattern [D:/SpringMybatisWebDemo/target/classes/com/hc/**/*.class]
2016-12-13 14:08:31 org.springframework.core.io.support.PathMatchingResourcePatternResolver.doRetrieveMatchingFiles(PathMatchingResourcePatternResolver.java:773)  Searching directory [D:\SpringMybatisWebDemo\target\classes\com\hc\dao] for files matching pattern [D:/SpringMybatisWebDemo/target/classes/com/hc/**/*.class]
2016-12-13 14:08:31 org.springframework.core.io.support.PathMatchingResourcePatternResolver.doRetrieveMatchingFiles(PathMatchingResourcePatternResolver.java:773)  Searching directory [D:\SpringMybatisWebDemo\target\classes\com\hc\dao\impl] for files matching pattern [D:/SpringMybatisWebDemo/target/classes/com/hc/**/*.class]
2016-12-13 14:08:31 org.springframework.core.io.support.PathMatchingResourcePatternResolver.doRetrieveMatchingFiles(PathMatchingResourcePatternResolver.java:773)  Searching directory [D:\SpringMybatisWebDemo\target\classes\com\hc\domain] for files matching pattern [D:/SpringMybatisWebDemo/target/classes/com/hc/**/*.class]
2016-12-13 14:08:31 org.springframework.core.io.support.PathMatchingResourcePatternResolver.doRetrieveMatchingFiles(PathMatchingResourcePatternResolver.java:773)  Searching directory [D:\SpringMybatisWebDemo\target\classes\com\hc\listener] for files matching pattern [D:/SpringMybatisWebDemo/target/classes/com/hc/**/*.class]
2016-12-13 14:08:32 org.springframework.core.io.support.PathMatchingResourcePatternResolver.doRetrieveMatchingFiles(PathMatchingResourcePatternResolver.java:773)  Searching directory [D:\SpringMybatisWebDemo\target\classes\com\hc\mapping] for files matching pattern [D:/SpringMybatisWebDemo/target/classes/com/hc/**/*.class]
2016-12-13 14:08:32 org.springframework.core.io.support.PathMatchingResourcePatternResolver.doRetrieveMatchingFiles(PathMatchingResourcePatternResolver.java:773)  Searching directory [D:\SpringMybatisWebDemo\target\classes\com\hc\service] for files matching pattern [D:/SpringMybatisWebDemo/target/classes/com/hc/**/*.class]
2016-12-13 14:08:32 org.springframework.core.io.support.PathMatchingResourcePatternResolver.doRetrieveMatchingFiles(PathMatchingResourcePatternResolver.java:773)  Searching directory [D:\SpringMybatisWebDemo\target\classes\com\hc\service\impl] for files matching pattern [D:/SpringMybatisWebDemo/target/classes/com/hc/**/*.class]
2016-12-13 14:08:32 org.springframework.core.io.support.PathMatchingResourcePatternResolver.findPathMatchingResources(PathMatchingResourcePatternResolver.java:483)  Resolved location pattern [classpath*:com/hc/**/*.class] to resources [file [D:\SpringMybatisWebDemo\target\classes\com\hc\action\DeptServlet.class], file [D:\SpringMybatisWebDemo\target\classes\com\hc\dao\DeptDao.class], file [D:\SpringMybatisWebDemo\target\classes\com\hc\dao\EmpDao.class], file [D:\SpringMybatisWebDemo\target\classes\com\hc\dao\impl\DeptDaoImpl.class], file [D:\SpringMybatisWebDemo\target\classes\com\hc\DemoTest.class], file [D:\SpringMybatisWebDemo\target\classes\com\hc\domain\Dept.class], file [D:\SpringMybatisWebDemo\target\classes\com\hc\domain\Emp.class], file [D:\SpringMybatisWebDemo\target\classes\com\hc\listener\SessionListener.class], file [D:\SpringMybatisWebDemo\target\classes\com\hc\service\DeptService.class], file [D:\SpringMybatisWebDemo\target\classes\com\hc\service\impl\DeptServiceImpl.class]]
2016-12-13 14:08:32 org.springframework.context.annotation.ClassPathScanningCandidateComponentProvider.findCandidateComponents(ClassPathScanningCandidateComponentProvider.java:286)  Identified candidate component class: file [D:\SpringMybatisWebDemo\target\classes\com\hc\dao\impl\DeptDaoImpl.class]
2016-12-13 14:08:32 org.springframework.context.annotation.ClassPathScanningCandidateComponentProvider.findCandidateComponents(ClassPathScanningCandidateComponentProvider.java:286)  Identified candidate component class: file [D:\SpringMybatisWebDemo\target\classes\com\hc\service\impl\DeptServiceImpl.class]
2016-12-13 14:08:32 org.springframework.beans.factory.support.AbstractBeanDefinitionReader.loadBeanDefinitions(AbstractBeanDefinitionReader.java:224)  Loaded 16 bean definitions from location pattern [applicationContext.xml]
2016-12-13 14:08:32 org.springframework.context.support.AbstractApplicationContext.obtainFreshBeanFactory(AbstractApplicationContext.java:616)  Bean factory for org.springframework.context.support.ClassPathXmlApplicationContext@71c7db30: org.springframework.beans.factory.support.DefaultListableBeanFactory@32a068d1: defining beans [deptDaoImpl,deptServiceImpl,org.springframework.context.annotation.internalConfigurationAnnotationProcessor,org.springframework.context.annotation.internalAutowiredAnnotationProcessor,org.springframework.context.annotation.internalRequiredAnnotationProcessor,org.springframework.context.annotation.internalCommonAnnotationProcessor,org.springframework.context.event.internalEventListenerProcessor,org.springframework.context.event.internalEventListenerFactory,dataSource123,sqlSessionFactory,txManager,org.springframework.transaction.config.internalTransactionalEventListenerFactory,org.springframework.aop.config.internalAutoProxyCreator,org.springframework.transaction.annotation.AnnotationTransactionAttributeSource#0,org.springframework.transaction.interceptor.TransactionInterceptor#0,org.springframework.transaction.config.internalTransactionAdvisor]; root of factory hierarchy
2016-12-13 14:08:32 org.springframework.beans.factory.support.DefaultSingletonBeanRegistry.getSingleton(DefaultSingletonBeanRegistry.java:221)  Creating shared instance of singleton bean 'org.springframework.context.annotation.internalConfigurationAnnotationProcessor'
2016-12-13 14:08:32 org.springframework.beans.factory.support.AbstractAutowireCapableBeanFactory.createBean(AbstractAutowireCapableBeanFactory.java:448)  Creating instance of bean 'org.springframework.context.annotation.internalConfigurationAnnotationProcessor'
2016-12-13 14:08:32 org.springframework.beans.factory.support.AbstractAutowireCapableBeanFactory.doCreateBean(AbstractAutowireCapableBeanFactory.java:537)  Eagerly caching bean 'org.springframework.context.annotation.internalConfigurationAnnotationProcessor' to allow for resolving potential circular references
2016-12-13 14:08:32 org.springframework.beans.factory.support.AbstractAutowireCapableBeanFactory.createBean(AbstractAutowireCapableBeanFactory.java:484)  Finished creating instance of bean 'org.springframework.context.annotation.internalConfigurationAnnotationProcessor'
2016-12-13 14:08:32 org.springframework.beans.factory.support.DefaultSingletonBeanRegistry.getSingleton(DefaultSingletonBeanRegistry.java:221)  Creating shared instance of singleton bean 'org.springframework.context.annotation.internalAutowiredAnnotationProcessor'
2016-12-13 14:08:32 org.springframework.beans.factory.support.AbstractAutowireCapableBeanFactory.createBean(AbstractAutowireCapableBeanFactory.java:448)  Creating instance of bean 'org.springframework.context.annotation.internalAutowiredAnnotationProcessor'
2016-12-13 14:08:32 org.springframework.beans.factory.support.AbstractAutowireCapableBeanFactory.doCreateBean(AbstractAutowireCapableBeanFactory.java:537)  Eagerly caching bean 'org.springframework.context.annotation.internalAutowiredAnnotationProcessor' to allow for resolving potential circular references
2016-12-13 14:08:32 org.springframework.beans.factory.support.AbstractAutowireCapableBeanFactory.createBean(AbstractAutowireCapableBeanFactory.java:484)  Finished creating instance of bean 'org.springframework.context.annotation.internalAutowiredAnnotationProcessor'
2016-12-13 14:08:32 org.springframework.beans.factory.support.DefaultSingletonBeanRegistry.getSingleton(DefaultSingletonBeanRegistry.java:221)  Creating shared instance of singleton bean 'org.springframework.context.annotation.internalRequiredAnnotationProcessor'
2016-12-13 14:08:32 org.springframework.beans.factory.support.AbstractAutowireCapableBeanFactory.createBean(AbstractAutowireCapableBeanFactory.java:448)  Creating instance of bean 'org.springframework.context.annotation.internalRequiredAnnotationProcessor'
2016-12-13 14:08:32 org.springframework.beans.factory.support.AbstractAutowireCapableBeanFactory.doCreateBean(AbstractAutowireCapableBeanFactory.java:537)  Eagerly caching bean 'org.springframework.context.annotation.internalRequiredAnnotationProcessor' to allow for resolving potential circular references
2016-12-13 14:08:32 org.springframework.beans.factory.support.AbstractAutowireCapableBeanFactory.createBean(AbstractAutowireCapableBeanFactory.java:484)  Finished creating instance of bean 'org.springframework.context.annotation.internalRequiredAnnotationProcessor'
2016-12-13 14:08:32 org.springframework.beans.factory.support.DefaultSingletonBeanRegistry.getSingleton(DefaultSingletonBeanRegistry.java:221)  Creating shared instance of singleton bean 'org.springframework.context.annotation.internalCommonAnnotationProcessor'
2016-12-13 14:08:32 org.springframework.beans.factory.support.AbstractAutowireCapableBeanFactory.createBean(AbstractAutowireCapableBeanFactory.java:448)  Creating instance of bean 'org.springframework.context.annotation.internalCommonAnnotationProcessor'
2016-12-13 14:08:32 org.springframework.beans.factory.support.AbstractAutowireCapableBeanFactory.doCreateBean(AbstractAutowireCapableBeanFactory.java:537)  Eagerly caching bean 'org.springframework.context.annotation.internalCommonAnnotationProcessor' to allow for resolving potential circular references
2016-12-13 14:08:32 org.springframework.beans.factory.support.AbstractAutowireCapableBeanFactory.createBean(AbstractAutowireCapableBeanFactory.java:484)  Finished creating instance of bean 'org.springframework.context.annotation.internalCommonAnnotationProcessor'
2016-12-13 14:08:32 org.springframework.beans.factory.support.DefaultSingletonBeanRegistry.getSingleton(DefaultSingletonBeanRegistry.java:221)  Creating shared instance of singleton bean 'org.springframework.context.annotation.ConfigurationClassPostProcessor.importAwareProcessor'
2016-12-13 14:08:32 org.springframework.beans.factory.support.AbstractAutowireCapableBeanFactory.createBean(AbstractAutowireCapableBeanFactory.java:448)  Creating instance of bean 'org.springframework.context.annotation.ConfigurationClassPostProcessor.importAwareProcessor'
2016-12-13 14:08:32 org.springframework.beans.factory.support.AbstractAutowireCapableBeanFactory.doCreateBean(AbstractAutowireCapableBeanFactory.java:537)  Eagerly caching bean 'org.springframework.context.annotation.ConfigurationClassPostProcessor.importAwareProcessor' to allow for resolving potential circular references
2016-12-13 14:08:32 org.springframework.beans.factory.support.AbstractAutowireCapableBeanFactory.createBean(AbstractAutowireCapableBeanFactory.java:484)  Finished creating instance of bean 'org.springframework.context.annotation.ConfigurationClassPostProcessor.importAwareProcessor'
2016-12-13 14:08:32 org.springframework.beans.factory.support.DefaultSingletonBeanRegistry.getSingleton(DefaultSingletonBeanRegistry.java:221)  Creating shared instance of singleton bean 'org.springframework.context.annotation.ConfigurationClassPostProcessor.enhancedConfigurationProcessor'
2016-12-13 14:08:32 org.springframework.beans.factory.support.AbstractAutowireCapableBeanFactory.createBean(AbstractAutowireCapableBeanFactory.java:448)  Creating instance of bean 'org.springframework.context.annotation.ConfigurationClassPostProcessor.enhancedConfigurationProcessor'
2016-12-13 14:08:32 org.springframework.beans.factory.support.AbstractAutowireCapableBeanFactory.doCreateBean(AbstractAutowireCapableBeanFactory.java:537)  Eagerly caching bean 'org.springframework.context.annotation.ConfigurationClassPostProcessor.enhancedConfigurationProcessor' to allow for resolving potential circular references
2016-12-13 14:08:32 org.springframework.beans.factory.support.AbstractAutowireCapableBeanFactory.createBean(AbstractAutowireCapableBeanFactory.java:484)  Finished creating instance of bean 'org.springframework.context.annotation.ConfigurationClassPostProcessor.enhancedConfigurationProcessor'
2016-12-13 14:08:32 org.springframework.beans.factory.support.DefaultSingletonBeanRegistry.getSingleton(DefaultSingletonBeanRegistry.java:221)  Creating shared instance of singleton bean 'org.springframework.aop.config.internalAutoProxyCreator'
2016-12-13 14:08:32 org.springframework.beans.factory.support.AbstractAutowireCapableBeanFactory.createBean(AbstractAutowireCapableBeanFactory.java:448)  Creating instance of bean 'org.springframework.aop.config.internalAutoProxyCreator'
2016-12-13 14:08:32 org.springframework.beans.factory.support.AbstractAutowireCapableBeanFactory.doCreateBean(AbstractAutowireCapableBeanFactory.java:537)  Eagerly caching bean 'org.springframework.aop.config.internalAutoProxyCreator' to allow for resolving potential circular references
2016-12-13 14:08:32 org.springframework.beans.factory.support.AbstractAutowireCapableBeanFactory.createBean(AbstractAutowireCapableBeanFactory.java:484)  Finished creating instance of bean 'org.springframework.aop.config.internalAutoProxyCreator'
2016-12-13 14:08:32 org.springframework.context.support.AbstractApplicationContext.initMessageSource(AbstractApplicationContext.java:733)  Unable to locate MessageSource with name 'messageSource': using default [org.springframework.context.support.DelegatingMessageSource@6a28ffa4]
2016-12-13 14:08:32 org.springframework.context.support.AbstractApplicationContext.initApplicationEventMulticaster(AbstractApplicationContext.java:757)  Unable to locate ApplicationEventMulticaster with name 'applicationEventMulticaster': using default [org.springframework.context.event.SimpleApplicationEventMulticaster@1ddf84b8]
2016-12-13 14:08:32 org.springframework.beans.factory.support.DefaultListableBeanFactory.preInstantiateSingletons(DefaultListableBeanFactory.java:723)  Pre-instantiating singletons in org.springframework.beans.factory.support.DefaultListableBeanFactory@32a068d1: defining beans [deptDaoImpl,deptServiceImpl,org.springframework.context.annotation.internalConfigurationAnnotationProcessor,org.springframework.context.annotation.internalAutowiredAnnotationProcessor,org.springframework.context.annotation.internalRequiredAnnotationProcessor,org.springframework.context.annotation.internalCommonAnnotationProcessor,org.springframework.context.event.internalEventListenerProcessor,org.springframework.context.event.internalEventListenerFactory,dataSource123,sqlSessionFactory,txManager,org.springframework.transaction.config.internalTransactionalEventListenerFactory,org.springframework.aop.config.internalAutoProxyCreator,org.springframework.transaction.annotation.AnnotationTransactionAttributeSource#0,org.springframework.transaction.interceptor.TransactionInterceptor#0,org.springframework.transaction.config.internalTransactionAdvisor,org.springframework.context.annotation.ConfigurationClassPostProcessor.importAwareProcessor,org.springframework.context.annotation.ConfigurationClassPostProcessor.enhancedConfigurationProcessor]; root of factory hierarchy
2016-12-13 14:08:32 org.springframework.beans.factory.support.DefaultSingletonBeanRegistry.getSingleton(DefaultSingletonBeanRegistry.java:221)  Creating shared instance of singleton bean 'deptDaoImpl'
2016-12-13 14:08:32 org.springframework.beans.factory.support.AbstractAutowireCapableBeanFactory.createBean(AbstractAutowireCapableBeanFactory.java:448)  Creating instance of bean 'deptDaoImpl'
2016-12-13 14:08:32 org.springframework.beans.factory.annotation.InjectionMetadata.checkConfigMembers(InjectionMetadata.java:72)  Registered injected element on class [com.hc.dao.impl.DeptDaoImpl]: AutowiredFieldElement for private org.apache.ibatis.session.SqlSessionFactory com.hc.dao.impl.DeptDaoImpl.factory
2016-12-13 14:08:32 org.springframework.beans.factory.support.AbstractAutowireCapableBeanFactory.doCreateBean(AbstractAutowireCapableBeanFactory.java:537)  Eagerly caching bean 'deptDaoImpl' to allow for resolving potential circular references
2016-12-13 14:08:32 org.springframework.beans.factory.annotation.InjectionMetadata.inject(InjectionMetadata.java:86)  Processing injected element of bean 'deptDaoImpl': AutowiredFieldElement for private org.apache.ibatis.session.SqlSessionFactory com.hc.dao.impl.DeptDaoImpl.factory
2016-12-13 14:08:32 org.springframework.beans.factory.support.DefaultSingletonBeanRegistry.getSingleton(DefaultSingletonBeanRegistry.java:221)  Creating shared instance of singleton bean 'sqlSessionFactory'
2016-12-13 14:08:32 org.springframework.beans.factory.support.AbstractAutowireCapableBeanFactory.createBean(AbstractAutowireCapableBeanFactory.java:448)  Creating instance of bean 'sqlSessionFactory'
2016-12-13 14:08:32 org.springframework.beans.factory.support.AbstractAutowireCapableBeanFactory.doCreateBean(AbstractAutowireCapableBeanFactory.java:537)  Eagerly caching bean 'sqlSessionFactory' to allow for resolving potential circular references
2016-12-13 14:08:32 org.springframework.beans.factory.support.DefaultSingletonBeanRegistry.getSingleton(DefaultSingletonBeanRegistry.java:221)  Creating shared instance of singleton bean 'dataSource123'
2016-12-13 14:08:32 org.springframework.beans.factory.support.AbstractAutowireCapableBeanFactory.createBean(AbstractAutowireCapableBeanFactory.java:448)  Creating instance of bean 'dataSource123'
2016-12-13 14:08:32 org.springframework.beans.factory.support.AbstractAutowireCapableBeanFactory.doCreateBean(AbstractAutowireCapableBeanFactory.java:537)  Eagerly caching bean 'dataSource123' to allow for resolving potential circular references
2016-12-13 14:08:32 org.springframework.beans.factory.support.DefaultSingletonBeanRegistry.getSingleton(DefaultSingletonBeanRegistry.java:221)  Creating shared instance of singleton bean 'org.springframework.transaction.config.internalTransactionAdvisor'
2016-12-13 14:08:32 org.springframework.beans.factory.support.AbstractAutowireCapableBeanFactory.createBean(AbstractAutowireCapableBeanFactory.java:448)  Creating instance of bean 'org.springframework.transaction.config.internalTransactionAdvisor'
2016-12-13 14:08:32 org.springframework.beans.factory.support.AbstractAutowireCapableBeanFactory.doCreateBean(AbstractAutowireCapableBeanFactory.java:537)  Eagerly caching bean 'org.springframework.transaction.config.internalTransactionAdvisor' to allow for resolving potential circular references
2016-12-13 14:08:32 org.springframework.beans.factory.support.DefaultSingletonBeanRegistry.getSingleton(DefaultSingletonBeanRegistry.java:221)  Creating shared instance of singleton bean 'org.springframework.transaction.annotation.AnnotationTransactionAttributeSource#0'
2016-12-13 14:08:32 org.springframework.beans.factory.support.AbstractAutowireCapableBeanFactory.createBean(AbstractAutowireCapableBeanFactory.java:448)  Creating instance of bean 'org.springframework.transaction.annotation.AnnotationTransactionAttributeSource#0'
2016-12-13 14:08:32 org.springframework.beans.factory.support.AbstractAutowireCapableBeanFactory.doCreateBean(AbstractAutowireCapableBeanFactory.java:537)  Eagerly caching bean 'org.springframework.transaction.annotation.AnnotationTransactionAttributeSource#0' to allow for resolving potential circular references
2016-12-13 14:08:32 org.springframework.aop.framework.autoproxy.BeanFactoryAdvisorRetrievalHelper.findAdvisorBeans(BeanFactoryAdvisorRetrievalHelper.java:87)  Skipping currently created advisor 'org.springframework.transaction.config.internalTransactionAdvisor'
2016-12-13 14:08:32 org.springframework.beans.factory.support.AbstractAutowireCapableBeanFactory.createBean(AbstractAutowireCapableBeanFactory.java:484)  Finished creating instance of bean 'org.springframework.transaction.annotation.AnnotationTransactionAttributeSource#0'
2016-12-13 14:08:32 org.springframework.beans.factory.support.AbstractAutowireCapableBeanFactory.createBean(AbstractAutowireCapableBeanFactory.java:484)  Finished creating instance of bean 'org.springframework.transaction.config.internalTransactionAdvisor'
2016-12-13 14:08:32 org.springframework.beans.factory.support.AbstractAutowireCapableBeanFactory.createBean(AbstractAutowireCapableBeanFactory.java:484)  Finished creating instance of bean 'dataSource123'
2016-12-13 14:08:32 org.springframework.beans.factory.support.AbstractAutowireCapableBeanFactory.invokeInitMethods(AbstractAutowireCapableBeanFactory.java:1625)  Invoking afterPropertiesSet() on bean with name 'sqlSessionFactory'
2016-12-13 14:08:32 org.apache.ibatis.logging.commons.JakartaCommonsLoggingImpl.debug(JakartaCommonsLoggingImpl.java:54)  Parsed configuration file: 'class path resource [mybatis-config.xml]'
2016-12-13 14:08:32 org.apache.ibatis.logging.commons.JakartaCommonsLoggingImpl.debug(JakartaCommonsLoggingImpl.java:54)  Property 'mapperLocations' was not specified or no matching resources found
2016-12-13 14:08:32 org.springframework.beans.factory.support.AbstractBeanFactory.doGetBean(AbstractBeanFactory.java:251)  Returning cached instance of singleton bean 'org.springframework.transaction.config.internalTransactionAdvisor'
2016-12-13 14:08:32 org.springframework.beans.factory.support.AbstractAutowireCapableBeanFactory.createBean(AbstractAutowireCapableBeanFactory.java:484)  Finished creating instance of bean 'sqlSessionFactory'
2016-12-13 14:08:32 org.springframework.beans.factory.support.AbstractBeanFactory.doGetBean(AbstractBeanFactory.java:251)  Returning cached instance of singleton bean 'org.springframework.transaction.config.internalTransactionAdvisor'
2016-12-13 14:08:32 org.springframework.beans.factory.annotation.AutowiredAnnotationBeanPostProcessor.registerDependentBeans(AutowiredAnnotationBeanPostProcessor.java:539)  Autowiring by type from bean name 'deptDaoImpl' to bean named 'sqlSessionFactory'
2016-12-13 14:08:32 org.springframework.beans.factory.support.AbstractBeanFactory.doGetBean(AbstractBeanFactory.java:251)  Returning cached instance of singleton bean 'org.springframework.transaction.config.internalTransactionAdvisor'
2016-12-13 14:08:32 org.springframework.beans.factory.support.AbstractAutowireCapableBeanFactory.createBean(AbstractAutowireCapableBeanFactory.java:484)  Finished creating instance of bean 'deptDaoImpl'
2016-12-13 14:08:32 org.springframework.beans.factory.support.DefaultSingletonBeanRegistry.getSingleton(DefaultSingletonBeanRegistry.java:221)  Creating shared instance of singleton bean 'deptServiceImpl'
2016-12-13 14:08:32 org.springframework.beans.factory.support.AbstractAutowireCapableBeanFactory.createBean(AbstractAutowireCapableBeanFactory.java:448)  Creating instance of bean 'deptServiceImpl'
2016-12-13 14:08:32 org.springframework.beans.factory.annotation.InjectionMetadata.checkConfigMembers(InjectionMetadata.java:72)  Registered injected element on class [com.hc.service.impl.DeptServiceImpl]: AutowiredFieldElement for private com.hc.dao.DeptDao com.hc.service.impl.DeptServiceImpl.deptDao
2016-12-13 14:08:32 org.springframework.beans.factory.support.AbstractAutowireCapableBeanFactory.doCreateBean(AbstractAutowireCapableBeanFactory.java:537)  Eagerly caching bean 'deptServiceImpl' to allow for resolving potential circular references
2016-12-13 14:08:32 org.springframework.beans.factory.annotation.InjectionMetadata.inject(InjectionMetadata.java:86)  Processing injected element of bean 'deptServiceImpl': AutowiredFieldElement for private com.hc.dao.DeptDao com.hc.service.impl.DeptServiceImpl.deptDao
2016-12-13 14:08:32 org.springframework.beans.factory.support.AbstractBeanFactory.doGetBean(AbstractBeanFactory.java:251)  Returning cached instance of singleton bean 'deptDaoImpl'
2016-12-13 14:08:32 org.springframework.beans.factory.annotation.AutowiredAnnotationBeanPostProcessor.registerDependentBeans(AutowiredAnnotationBeanPostProcessor.java:539)  Autowiring by type from bean name 'deptServiceImpl' to bean named 'deptDaoImpl'
2016-12-13 14:08:32 org.springframework.beans.factory.support.AbstractBeanFactory.doGetBean(AbstractBeanFactory.java:251)  Returning cached instance of singleton bean 'org.springframework.transaction.config.internalTransactionAdvisor'
2016-12-13 14:08:32 org.springframework.beans.factory.support.AbstractAutowireCapableBeanFactory.createBean(AbstractAutowireCapableBeanFactory.java:484)  Finished creating instance of bean 'deptServiceImpl'
2016-12-13 14:08:32 org.springframework.beans.factory.support.AbstractBeanFactory.doGetBean(AbstractBeanFactory.java:251)  Returning cached instance of singleton bean 'org.springframework.context.annotation.internalConfigurationAnnotationProcessor'
2016-12-13 14:08:32 org.springframework.beans.factory.support.AbstractBeanFactory.doGetBean(AbstractBeanFactory.java:251)  Returning cached instance of singleton bean 'org.springframework.context.annotation.internalAutowiredAnnotationProcessor'
2016-12-13 14:08:32 org.springframework.beans.factory.support.AbstractBeanFactory.doGetBean(AbstractBeanFactory.java:251)  Returning cached instance of singleton bean 'org.springframework.context.annotation.internalRequiredAnnotationProcessor'
2016-12-13 14:08:32 org.springframework.beans.factory.support.AbstractBeanFactory.doGetBean(AbstractBeanFactory.java:251)  Returning cached instance of singleton bean 'org.springframework.context.annotation.internalCommonAnnotationProcessor'
2016-12-13 14:08:32 org.springframework.beans.factory.support.DefaultSingletonBeanRegistry.getSingleton(DefaultSingletonBeanRegistry.java:221)  Creating shared instance of singleton bean 'org.springframework.context.event.internalEventListenerProcessor'
2016-12-13 14:08:32 org.springframework.beans.factory.support.AbstractAutowireCapableBeanFactory.createBean(AbstractAutowireCapableBeanFactory.java:448)  Creating instance of bean 'org.springframework.context.event.internalEventListenerProcessor'
2016-12-13 14:08:32 org.springframework.beans.factory.support.AbstractAutowireCapableBeanFactory.doCreateBean(AbstractAutowireCapableBeanFactory.java:537)  Eagerly caching bean 'org.springframework.context.event.internalEventListenerProcessor' to allow for resolving potential circular references
2016-12-13 14:08:32 org.springframework.beans.factory.support.AbstractBeanFactory.doGetBean(AbstractBeanFactory.java:251)  Returning cached instance of singleton bean 'org.springframework.transaction.config.internalTransactionAdvisor'
2016-12-13 14:08:32 org.springframework.beans.factory.support.AbstractAutowireCapableBeanFactory.createBean(AbstractAutowireCapableBeanFactory.java:484)  Finished creating instance of bean 'org.springframework.context.event.internalEventListenerProcessor'
2016-12-13 14:08:32 org.springframework.beans.factory.support.DefaultSingletonBeanRegistry.getSingleton(DefaultSingletonBeanRegistry.java:221)  Creating shared instance of singleton bean 'org.springframework.context.event.internalEventListenerFactory'
2016-12-13 14:08:32 org.springframework.beans.factory.support.AbstractAutowireCapableBeanFactory.createBean(AbstractAutowireCapableBeanFactory.java:448)  Creating instance of bean 'org.springframework.context.event.internalEventListenerFactory'
2016-12-13 14:08:32 org.springframework.beans.factory.support.AbstractAutowireCapableBeanFactory.doCreateBean(AbstractAutowireCapableBeanFactory.java:537)  Eagerly caching bean 'org.springframework.context.event.internalEventListenerFactory' to allow for resolving potential circular references
2016-12-13 14:08:32 org.springframework.beans.factory.support.AbstractBeanFactory.doGetBean(AbstractBeanFactory.java:251)  Returning cached instance of singleton bean 'org.springframework.transaction.config.internalTransactionAdvisor'
2016-12-13 14:08:32 org.springframework.beans.factory.support.AbstractAutowireCapableBeanFactory.createBean(AbstractAutowireCapableBeanFactory.java:484)  Finished creating instance of bean 'org.springframework.context.event.internalEventListenerFactory'
2016-12-13 14:08:32 org.springframework.beans.factory.support.AbstractBeanFactory.doGetBean(AbstractBeanFactory.java:251)  Returning cached instance of singleton bean 'dataSource123'
2016-12-13 14:08:32 org.springframework.beans.factory.support.AbstractBeanFactory.doGetBean(AbstractBeanFactory.java:251)  Returning cached instance of singleton bean 'sqlSessionFactory'
2016-12-13 14:08:32 org.springframework.beans.factory.support.DefaultSingletonBeanRegistry.getSingleton(DefaultSingletonBeanRegistry.java:221)  Creating shared instance of singleton bean 'txManager'
2016-12-13 14:08:32 org.springframework.beans.factory.support.AbstractAutowireCapableBeanFactory.createBean(AbstractAutowireCapableBeanFactory.java:448)  Creating instance of bean 'txManager'
2016-12-13 14:08:32 org.springframework.beans.factory.support.AbstractAutowireCapableBeanFactory.doCreateBean(AbstractAutowireCapableBeanFactory.java:537)  Eagerly caching bean 'txManager' to allow for resolving potential circular references
2016-12-13 14:08:32 org.springframework.beans.factory.support.AbstractBeanFactory.doGetBean(AbstractBeanFactory.java:251)  Returning cached instance of singleton bean 'dataSource123'
2016-12-13 14:08:32 org.springframework.beans.factory.support.AbstractAutowireCapableBeanFactory.invokeInitMethods(AbstractAutowireCapableBeanFactory.java:1625)  Invoking afterPropertiesSet() on bean with name 'txManager'
2016-12-13 14:08:32 org.springframework.beans.factory.support.AbstractBeanFactory.doGetBean(AbstractBeanFactory.java:251)  Returning cached instance of singleton bean 'org.springframework.transaction.config.internalTransactionAdvisor'
2016-12-13 14:08:32 org.springframework.beans.factory.support.AbstractAutowireCapableBeanFactory.createBean(AbstractAutowireCapableBeanFactory.java:484)  Finished creating instance of bean 'txManager'
2016-12-13 14:08:32 org.springframework.beans.factory.support.DefaultSingletonBeanRegistry.getSingleton(DefaultSingletonBeanRegistry.java:221)  Creating shared instance of singleton bean 'org.springframework.transaction.config.internalTransactionalEventListenerFactory'
2016-12-13 14:08:32 org.springframework.beans.factory.support.AbstractAutowireCapableBeanFactory.createBean(AbstractAutowireCapableBeanFactory.java:448)  Creating instance of bean 'org.springframework.transaction.config.internalTransactionalEventListenerFactory'
2016-12-13 14:08:32 org.springframework.beans.factory.support.AbstractAutowireCapableBeanFactory.doCreateBean(AbstractAutowireCapableBeanFactory.java:537)  Eagerly caching bean 'org.springframework.transaction.config.internalTransactionalEventListenerFactory' to allow for resolving potential circular references
2016-12-13 14:08:32 org.springframework.beans.factory.support.AbstractBeanFactory.doGetBean(AbstractBeanFactory.java:251)  Returning cached instance of singleton bean 'org.springframework.transaction.config.internalTransactionAdvisor'
2016-12-13 14:08:32 org.springframework.beans.factory.support.AbstractAutowireCapableBeanFactory.createBean(AbstractAutowireCapableBeanFactory.java:484)  Finished creating instance of bean 'org.springframework.transaction.config.internalTransactionalEventListenerFactory'
2016-12-13 14:08:32 org.springframework.beans.factory.support.AbstractBeanFactory.doGetBean(AbstractBeanFactory.java:251)  Returning cached instance of singleton bean 'org.springframework.aop.config.internalAutoProxyCreator'
2016-12-13 14:08:32 org.springframework.beans.factory.support.AbstractBeanFactory.doGetBean(AbstractBeanFactory.java:251)  Returning cached instance of singleton bean 'org.springframework.transaction.annotation.AnnotationTransactionAttributeSource#0'
2016-12-13 14:08:32 org.springframework.beans.factory.support.DefaultSingletonBeanRegistry.getSingleton(DefaultSingletonBeanRegistry.java:221)  Creating shared instance of singleton bean 'org.springframework.transaction.interceptor.TransactionInterceptor#0'
2016-12-13 14:08:32 org.springframework.beans.factory.support.AbstractAutowireCapableBeanFactory.createBean(AbstractAutowireCapableBeanFactory.java:448)  Creating instance of bean 'org.springframework.transaction.interceptor.TransactionInterceptor#0'
2016-12-13 14:08:32 org.springframework.beans.factory.support.AbstractAutowireCapableBeanFactory.doCreateBean(AbstractAutowireCapableBeanFactory.java:537)  Eagerly caching bean 'org.springframework.transaction.interceptor.TransactionInterceptor#0' to allow for resolving potential circular references
2016-12-13 14:08:32 org.springframework.beans.factory.support.AbstractBeanFactory.doGetBean(AbstractBeanFactory.java:251)  Returning cached instance of singleton bean 'org.springframework.transaction.annotation.AnnotationTransactionAttributeSource#0'
2016-12-13 14:08:32 org.springframework.beans.factory.support.AbstractAutowireCapableBeanFactory.invokeInitMethods(AbstractAutowireCapableBeanFactory.java:1625)  Invoking afterPropertiesSet() on bean with name 'org.springframework.transaction.interceptor.TransactionInterceptor#0'
2016-12-13 14:08:32 org.springframework.beans.factory.support.AbstractAutowireCapableBeanFactory.createBean(AbstractAutowireCapableBeanFactory.java:484)  Finished creating instance of bean 'org.springframework.transaction.interceptor.TransactionInterceptor#0'
2016-12-13 14:08:32 org.springframework.beans.factory.support.AbstractBeanFactory.doGetBean(AbstractBeanFactory.java:251)  Returning cached instance of singleton bean 'org.springframework.transaction.config.internalTransactionAdvisor'
2016-12-13 14:08:32 org.springframework.beans.factory.support.AbstractBeanFactory.doGetBean(AbstractBeanFactory.java:251)  Returning cached instance of singleton bean 'org.springframework.context.annotation.ConfigurationClassPostProcessor.importAwareProcessor'
2016-12-13 14:08:32 org.springframework.beans.factory.support.AbstractBeanFactory.doGetBean(AbstractBeanFactory.java:251)  Returning cached instance of singleton bean 'org.springframework.context.annotation.ConfigurationClassPostProcessor.enhancedConfigurationProcessor'
2016-12-13 14:08:32 org.springframework.beans.factory.support.AbstractBeanFactory.doGetBean(AbstractBeanFactory.java:251)  Returning cached instance of singleton bean 'org.springframework.context.event.internalEventListenerFactory'
2016-12-13 14:08:32 org.springframework.beans.factory.support.AbstractBeanFactory.doGetBean(AbstractBeanFactory.java:251)  Returning cached instance of singleton bean 'org.springframework.transaction.config.internalTransactionalEventListenerFactory'
2016-12-13 14:08:32 org.springframework.context.support.AbstractApplicationContext.initLifecycleProcessor(AbstractApplicationContext.java:784)  Unable to locate LifecycleProcessor with name 'lifecycleProcessor': using default [org.springframework.context.support.DefaultLifecycleProcessor@27462a88]
2016-12-13 14:08:32 org.springframework.beans.factory.support.AbstractBeanFactory.doGetBean(AbstractBeanFactory.java:251)  Returning cached instance of singleton bean 'lifecycleProcessor'
2016-12-13 14:08:32 org.springframework.beans.factory.support.AbstractBeanFactory.doGetBean(AbstractBeanFactory.java:251)  Returning cached instance of singleton bean 'sqlSessionFactory'
2016-12-13 14:08:32 org.springframework.core.env.PropertySourcesPropertyResolver.getProperty(PropertySourcesPropertyResolver.java:91)  Could not find key 'spring.liveBeansView.mbeanDomain' in any property source
2016-12-13 14:08:32 org.springframework.beans.factory.support.AbstractBeanFactory.doGetBean(AbstractBeanFactory.java:251)  Returning cached instance of singleton bean 'deptServiceImpl'
2016-12-13 14:08:32 org.apache.ibatis.logging.commons.JakartaCommonsLoggingImpl.debug(JakartaCommonsLoggingImpl.java:54)  Cache Hit Ratio [com.hc.dao.DeptDao]: 0.0
2016-12-13 14:08:32 org.springframework.jdbc.datasource.DataSourceUtils.doGetConnection(DataSourceUtils.java:110)  Fetching JDBC Connection from DataSource
2016-12-13 14:08:32 com.alibaba.druid.pool.DruidDataSource.init(DruidDataSource.java:715)  {dataSource-1} inited
2016-12-13 14:08:32 org.apache.ibatis.logging.commons.JakartaCommonsLoggingImpl.debug(JakartaCommonsLoggingImpl.java:54)  JDBC Connection [com.mysql.jdbc.JDBC4Connection@4d0d9fe7] will not be managed by Spring
2016-12-13 14:08:33 org.apache.ibatis.logging.commons.JakartaCommonsLoggingImpl.debug(JakartaCommonsLoggingImpl.java:54)  ==>  Preparing: select deptno, dname, loc from dept 
2016-12-13 14:08:33 org.apache.ibatis.logging.commons.JakartaCommonsLoggingImpl.debug(JakartaCommonsLoggingImpl.java:54)  ==> Parameters: 
2016-12-13 14:08:33 org.apache.ibatis.logging.commons.JakartaCommonsLoggingImpl.debug(JakartaCommonsLoggingImpl.java:54)  <==      Total: 7
2016-12-13 14:08:33 org.springframework.jdbc.datasource.DataSourceUtils.doReleaseConnection(DataSourceUtils.java:327)  Returning JDBC Connection to DataSource
2016-12-13 14:34:59 org.springframework.core.env.MutablePropertySources.addLast(MutablePropertySources.java:109)  Adding [systemProperties] PropertySource with lowest search precedence
2016-12-13 14:34:59 org.springframework.core.env.MutablePropertySources.addLast(MutablePropertySources.java:109)  Adding [systemEnvironment] PropertySource with lowest search precedence
2016-12-13 14:34:59 org.springframework.core.env.AbstractEnvironment.<init>(AbstractEnvironment.java:124)  Initialized StandardEnvironment with PropertySources [systemProperties,systemEnvironment]
2016-12-13 14:34:59 org.springframework.context.support.AbstractApplicationContext.prepareRefresh(AbstractApplicationContext.java:582)  Refreshing org.springframework.context.support.ClassPathXmlApplicationContext@71c7db30: startup date [Tue Dec 13 14:34:59 CST 2016]; root of context hierarchy
2016-12-13 14:34:59 org.springframework.core.env.MutablePropertySources.addLast(MutablePropertySources.java:109)  Adding [systemProperties] PropertySource with lowest search precedence
2016-12-13 14:34:59 org.springframework.core.env.MutablePropertySources.addLast(MutablePropertySources.java:109)  Adding [systemEnvironment] PropertySource with lowest search precedence
2016-12-13 14:34:59 org.springframework.core.env.AbstractEnvironment.<init>(AbstractEnvironment.java:124)  Initialized StandardEnvironment with PropertySources [systemProperties,systemEnvironment]
2016-12-13 14:34:59 org.springframework.beans.factory.xml.XmlBeanDefinitionReader.loadBeanDefinitions(XmlBeanDefinitionReader.java:317)  Loading XML bean definitions from class path resource [applicationContext.xml]
2016-12-13 14:34:59 org.springframework.beans.factory.xml.DefaultDocumentLoader.loadDocument(DefaultDocumentLoader.java:73)  Using JAXP provider [com.sun.org.apache.xerces.internal.jaxp.DocumentBuilderFactoryImpl]
2016-12-13 14:34:59 org.springframework.beans.factory.xml.PluggableSchemaResolver.getSchemaMappings(PluggableSchemaResolver.java:141)  Loading schema mappings from [META-INF/spring.schemas]
2016-12-13 14:34:59 org.springframework.beans.factory.xml.PluggableSchemaResolver.getSchemaMappings(PluggableSchemaResolver.java:147)  Loaded schema mappings: {http://www.springframework.org/schema/tx/spring-tx-4.3.xsd=org/springframework/transaction/config/spring-tx-4.3.xsd, http://www.springframework.org/schema/tx/spring-tx-2.5.xsd=org/springframework/transaction/config/spring-tx-2.5.xsd, http://www.springframework.org/schema/cache/spring-cache-4.2.xsd=org/springframework/cache/config/spring-cache-4.2.xsd, http://www.springframework.org/schema/aop/spring-aop-4.1.xsd=org/springframework/aop/config/spring-aop-4.1.xsd, http://www.springframework.org/schema/context/spring-context-3.1.xsd=org/springframework/context/config/spring-context-3.1.xsd, http://www.springframework.org/schema/jdbc/spring-jdbc-4.1.xsd=org/springframework/jdbc/config/spring-jdbc-4.1.xsd, http://www.springframework.org/schema/util/spring-util-3.0.xsd=org/springframework/beans/factory/xml/spring-util-3.0.xsd, http://mybatis.org/schema/mybatis-spring-1.2.xsd=org/mybatis/spring/config/mybatis-spring-1.2.xsd, http://www.springframework.org/schema/tool/spring-tool.xsd=org/springframework/beans/factory/xml/spring-tool-4.3.xsd, http://www.springframework.org/schema/aop/spring-aop-3.2.xsd=org/springframework/aop/config/spring-aop-3.2.xsd, http://www.springframework.org/schema/lang/spring-lang-4.1.xsd=org/springframework/scripting/config/spring-lang-4.1.xsd, http://www.springframework.org/schema/context/spring-context-4.0.xsd=org/springframework/context/config/spring-context-4.0.xsd, http://www.springframework.org/schema/beans/spring-beans-4.2.xsd=org/springframework/beans/factory/xml/spring-beans-4.2.xsd, http://www.springframework.org/schema/tool/spring-tool-4.1.xsd=org/springframework/beans/factory/xml/spring-tool-4.1.xsd, http://www.springframework.org/schema/lang/spring-lang-3.2.xsd=org/springframework/scripting/config/spring-lang-3.2.xsd, http://www.springframework.org/schema/cache/spring-cache-3.2.xsd=org/springframework/cache/config/spring-cache-3.2.xsd, http://www.springframework.org/schema/jee/spring-jee-4.1.xsd=org/springframework/ejb/config/spring-jee-4.1.xsd, http://www.springframework.org/schema/jdbc/spring-jdbc-3.1.xsd=org/springframework/jdbc/config/spring-jdbc-3.1.xsd, http://www.springframework.org/schema/util/spring-util-2.0.xsd=org/springframework/beans/factory/xml/spring-util-2.0.xsd, http://www.springframework.org/schema/task/spring-task-4.2.xsd=org/springframework/scheduling/config/spring-task-4.2.xsd, http://www.springframework.org/schema/tool/spring-tool-3.2.xsd=org/springframework/beans/factory/xml/spring-tool-3.2.xsd, http://www.springframework.org/schema/context/spring-context.xsd=org/springframework/context/config/spring-context-4.3.xsd, http://www.springframework.org/schema/tx/spring-tx-4.2.xsd=org/springframework/transaction/config/spring-tx-4.2.xsd, http://www.springframework.org/schema/cache/spring-cache-4.1.xsd=org/springframework/cache/config/spring-cache-4.1.xsd, http://www.springframework.org/schema/aop/spring-aop-4.0.xsd=org/springframework/aop/config/spring-aop-4.0.xsd, http://www.springframework.org/schema/jee/spring-jee-3.2.xsd=org/springframework/ejb/config/spring-jee-3.2.xsd, http://www.springframework.org/schema/context/spring-context-3.0.xsd=org/springframework/context/config/spring-context-3.0.xsd, http://www.springframework.org/schema/jdbc/spring-jdbc-4.0.xsd=org/springframework/jdbc/config/spring-jdbc-4.0.xsd, http://www.springframework.org/schema/util/spring-util-4.3.xsd=org/springframework/beans/factory/xml/spring-util-4.3.xsd, http://www.springframework.org/schema/util/spring-util-2.5.xsd=org/springframework/beans/factory/xml/spring-util-2.5.xsd, http://www.springframework.org/schema/beans/spring-beans-3.2.xsd=org/springframework/beans/factory/xml/spring-beans-3.2.xsd, http://www.springframework.org/schema/aop/spring-aop-3.1.xsd=org/springframework/aop/config/spring-aop-3.1.xsd, http://www.springframework.org/schema/lang/spring-lang-4.0.xsd=org/springframework/scripting/config/spring-lang-4.0.xsd, http://www.springframework.org/schema/beans/spring-beans-4.1.xsd=org/springframework/beans/factory/xml/spring-beans-4.1.xsd, http://www.springframework.org/schema/tool/spring-tool-4.0.xsd=org/springframework/beans/factory/xml/spring-tool-4.0.xsd, http://www.springframework.org/schema/tx/spring-tx-3.2.xsd=org/springframework/transaction/config/spring-tx-3.2.xsd, http://www.springframework.org/schema/lang/spring-lang-3.1.xsd=org/springframework/scripting/config/spring-lang-3.1.xsd, http://www.springframework.org/schema/cache/spring-cache-3.1.xsd=org/springframework/cache/config/spring-cache-3.1.xsd, http://www.springframework.org/schema/jee/spring-jee-4.0.xsd=org/springframework/ejb/config/spring-jee-4.0.xsd, http://www.springframework.org/schema/jdbc/spring-jdbc-3.0.xsd=org/springframework/jdbc/config/spring-jdbc-3.0.xsd, http://www.springframework.org/schema/task/spring-task-4.1.xsd=org/springframework/scheduling/config/spring-task-4.1.xsd, http://www.springframework.org/schema/jdbc/spring-jdbc.xsd=org/springframework/jdbc/config/spring-jdbc-4.3.xsd, http://www.springframework.org/schema/tool/spring-tool-3.1.xsd=org/springframework/beans/factory/xml/spring-tool-3.1.xsd, http://www.springframework.org/schema/tx/spring-tx-4.1.xsd=org/springframework/transaction/config/spring-tx-4.1.xsd, http://www.springframework.org/schema/cache/spring-cache-4.0.xsd=org/springframework/cache/config/spring-cache-4.0.xsd, http://www.springframework.org/schema/jee/spring-jee-3.1.xsd=org/springframework/ejb/config/spring-jee-3.1.xsd, http://www.springframework.org/schema/util/spring-util-4.2.xsd=org/springframework/beans/factory/xml/spring-util-4.2.xsd, http://www.springframework.org/schema/task/spring-task-3.2.xsd=org/springframework/scheduling/config/spring-task-3.2.xsd, http://www.springframework.org/schema/beans/spring-beans-3.1.xsd=org/springframework/beans/factory/xml/spring-beans-3.1.xsd, http://www.springframework.org/schema/util/spring-util.xsd=org/springframework/beans/factory/xml/spring-util-4.3.xsd, http://www.springframework.org/schema/aop/spring-aop-3.0.xsd=org/springframework/aop/config/spring-aop-3.0.xsd, http://www.springframework.org/schema/beans/spring-beans-4.0.xsd=org/springframework/beans/factory/xml/spring-beans-4.0.xsd, http://www.springframework.org/schema/beans/spring-beans.xsd=org/springframework/beans/factory/xml/spring-beans-4.3.xsd, http://mybatis.org/schema/mybatis-spring.xsd=org/mybatis/spring/config/mybatis-spring-1.2.xsd, http://www.springframework.org/schema/tx/spring-tx-3.1.xsd=org/springframework/transaction/config/spring-tx-3.1.xsd, http://www.springframework.org/schema/lang/spring-lang-3.0.xsd=org/springframework/scripting/config/spring-lang-3.0.xsd, http://www.springframework.org/schema/context/spring-context-2.5.xsd=org/springframework/context/config/spring-context-2.5.xsd, http://www.springframework.org/schema/context/spring-context-4.3.xsd=org/springframework/context/config/spring-context-4.3.xsd, http://www.springframework.org/schema/task/spring-task-4.0.xsd=org/springframework/scheduling/config/spring-task-4.0.xsd, http://www.springframework.org/schema/tool/spring-tool-3.0.xsd=org/springframework/beans/factory/xml/spring-tool-3.0.xsd, http://www.springframework.org/schema/tx/spring-tx-4.0.xsd=org/springframework/transaction/config/spring-tx-4.0.xsd, http://www.springframework.org/schema/aop/spring-aop-2.0.xsd=org/springframework/aop/config/spring-aop-2.0.xsd, http://www.springframework.org/schema/jee/spring-jee-3.0.xsd=org/springframework/ejb/config/spring-jee-3.0.xsd, http://www.springframework.org/schema/util/spring-util-4.1.xsd=org/springframework/beans/factory/xml/spring-util-4.1.xsd, http://www.springframework.org/schema/task/spring-task-3.1.xsd=org/springframework/scheduling/config/spring-task-3.1.xsd, http://www.springframework.org/schema/beans/spring-beans-3.0.xsd=org/springframework/beans/factory/xml/spring-beans-3.0.xsd, http://www.springframework.org/schema/jee/spring-jee.xsd=org/springframework/ejb/config/spring-jee-4.3.xsd, http://www.springframework.org/schema/aop/spring-aop-2.5.xsd=org/springframework/aop/config/spring-aop-2.5.xsd, http://www.springframework.org/schema/aop/spring-aop-4.3.xsd=org/springframework/aop/config/spring-aop-4.3.xsd, http://www.springframework.org/schema/lang/spring-lang-2.0.xsd=org/springframework/scripting/config/spring-lang-2.0.xsd, http://www.springframework.org/schema/jdbc/spring-jdbc-4.3.xsd=org/springframework/jdbc/config/spring-jdbc-4.3.xsd, http://www.springframework.org/schema/util/spring-util-3.2.xsd=org/springframework/beans/factory/xml/spring-util-3.2.xsd, http://www.springframework.org/schema/task/spring-task.xsd=org/springframework/scheduling/config/spring-task-4.3.xsd, http://www.springframework.org/schema/tool/spring-tool-2.0.xsd=org/springframework/beans/factory/xml/spring-tool-2.0.xsd, http://www.springframework.org/schema/tx/spring-tx-3.0.xsd=org/springframework/transaction/config/spring-tx-3.0.xsd, http://www.springframework.org/schema/lang/spring-lang-2.5.xsd=org/springframework/scripting/config/spring-lang-2.5.xsd, http://www.springframework.org/schema/lang/spring-lang-4.3.xsd=org/springframework/scripting/config/spring-lang-4.3.xsd, http://www.springframework.org/schema/context/spring-context-4.2.xsd=org/springframework/context/config/spring-context-4.2.xsd, http://www.springframework.org/schema/jee/spring-jee-2.0.xsd=org/springframework/ejb/config/spring-jee-2.0.xsd, http://www.springframework.org/schema/tool/spring-tool-4.3.xsd=org/springframework/beans/factory/xml/spring-tool-4.3.xsd, http://www.springframework.org/schema/tool/spring-tool-2.5.xsd=org/springframework/beans/factory/xml/spring-tool-2.5.xsd, http://www.springframework.org/schema/jee/spring-jee-4.3.xsd=org/springframework/ejb/config/spring-jee-4.3.xsd, http://www.springframework.org/schema/jee/spring-jee-2.5.xsd=org/springframework/ejb/config/spring-jee-2.5.xsd, http://www.springframework.org/schema/util/spring-util-4.0.xsd=org/springframework/beans/factory/xml/spring-util-4.0.xsd, http://www.springframework.org/schema/task/spring-task-3.0.xsd=org/springframework/scheduling/config/spring-task-3.0.xsd, http://www.springframework.org/schema/cache/spring-cache-4.3.xsd=org/springframework/cache/config/spring-cache-4.3.xsd, http://www.springframework.org/schema/aop/spring-aop-4.2.xsd=org/springframework/aop/config/spring-aop-4.2.xsd, http://www.springframework.org/schema/lang/spring-lang.xsd=org/springframework/scripting/config/spring-lang-4.3.xsd, http://www.springframework.org/schema/context/spring-context-3.2.xsd=org/springframework/context/config/spring-context-3.2.xsd, http://www.springframework.org/schema/jdbc/spring-jdbc-4.2.xsd=org/springframework/jdbc/config/spring-jdbc-4.2.xsd, http://www.springframework.org/schema/util/spring-util-3.1.xsd=org/springframework/beans/factory/xml/spring-util-3.1.xsd, http://www.springframework.org/schema/beans/spring-beans-2.0.xsd=org/springframework/beans/factory/xml/spring-beans-2.0.xsd, http://www.springframework.org/schema/cache/spring-cache.xsd=org/springframework/cache/config/spring-cache-4.3.xsd, http://www.springframework.org/schema/tx/spring-tx.xsd=org/springframework/transaction/config/spring-tx-4.3.xsd, http://www.springframework.org/schema/lang/spring-lang-4.2.xsd=org/springframework/scripting/config/spring-lang-4.2.xsd, http://www.springframework.org/schema/context/spring-context-4.1.xsd=org/springframework/context/config/spring-context-4.1.xsd, http://www.springframework.org/schema/beans/spring-beans-2.5.xsd=org/springframework/beans/factory/xml/spring-beans-2.5.xsd, http://www.springframework.org/schema/beans/spring-beans-4.3.xsd=org/springframework/beans/factory/xml/spring-beans-4.3.xsd, http://www.springframework.org/schema/tool/spring-tool-4.2.xsd=org/springframework/beans/factory/xml/spring-tool-4.2.xsd, http://www.springframework.org/schema/tx/spring-tx-2.0.xsd=org/springframework/transaction/config/spring-tx-2.0.xsd, http://www.alibaba.com/schema/stat.xsd=META-INF/stat.xsd, http://www.springframework.org/schema/jee/spring-jee-4.2.xsd=org/springframework/ejb/config/spring-jee-4.2.xsd, http://www.springframework.org/schema/jdbc/spring-jdbc-3.2.xsd=org/springframework/jdbc/config/spring-jdbc-3.2.xsd, http://www.springframework.org/schema/task/spring-task-4.3.xsd=org/springframework/scheduling/config/spring-task-4.3.xsd, http://www.springframework.org/schema/aop/spring-aop.xsd=org/springframework/aop/config/spring-aop-4.3.xsd}
2016-12-13 14:34:59 org.springframework.beans.factory.xml.PluggableSchemaResolver.resolveEntity(PluggableSchemaResolver.java:119)  Found XML schema [http://www.springframework.org/schema/beans/spring-beans.xsd] in classpath: org/springframework/beans/factory/xml/spring-beans-4.3.xsd
2016-12-13 14:34:59 org.springframework.beans.factory.xml.PluggableSchemaResolver.resolveEntity(PluggableSchemaResolver.java:119)  Found XML schema [http://www.springframework.org/schema/context/spring-context.xsd] in classpath: org/springframework/context/config/spring-context-4.3.xsd
2016-12-13 14:34:59 org.springframework.beans.factory.xml.PluggableSchemaResolver.resolveEntity(PluggableSchemaResolver.java:119)  Found XML schema [http://www.springframework.org/schema/tool/spring-tool-4.3.xsd] in classpath: org/springframework/beans/factory/xml/spring-tool-4.3.xsd
2016-12-13 14:34:59 org.springframework.beans.factory.xml.PluggableSchemaResolver.resolveEntity(PluggableSchemaResolver.java:119)  Found XML schema [http://www.springframework.org/schema/tx/spring-tx.xsd] in classpath: org/springframework/transaction/config/spring-tx-4.3.xsd
2016-12-13 14:34:59 org.springframework.beans.factory.xml.DefaultBeanDefinitionDocumentReader.registerBeanDefinitions(DefaultBeanDefinitionDocumentReader.java:92)  Loading bean definitions
2016-12-13 14:34:59 org.springframework.beans.factory.xml.DefaultNamespaceHandlerResolver.getHandlerMappings(DefaultNamespaceHandlerResolver.java:157)  Loaded NamespaceHandler mappings: {http://www.springframework.org/schema/p=org.springframework.beans.factory.xml.SimplePropertyNamespaceHandler, http://www.springframework.org/schema/util=org.springframework.beans.factory.xml.UtilNamespaceHandler, http://www.alibaba.com/schema/stat=com.alibaba.druid.support.spring.stat.config.DruidStatNamespaceHandler, http://www.springframework.org/schema/jee=org.springframework.ejb.config.JeeNamespaceHandler, http://www.springframework.org/schema/aop=org.springframework.aop.config.AopNamespaceHandler, http://www.springframework.org/schema/jdbc=org.springframework.jdbc.config.JdbcNamespaceHandler, http://www.springframework.org/schema/cache=org.springframework.cache.config.CacheNamespaceHandler, http://mybatis.org/schema/mybatis-spring=org.mybatis.spring.config.NamespaceHandler, http://www.springframework.org/schema/c=org.springframework.beans.factory.xml.SimpleConstructorNamespaceHandler, http://www.springframework.org/schema/tx=org.springframework.transaction.config.TxNamespaceHandler, http://www.springframework.org/schema/task=org.springframework.scheduling.config.TaskNamespaceHandler, http://www.springframework.org/schema/lang=org.springframework.scripting.config.LangNamespaceHandler, http://www.springframework.org/schema/context=org.springframework.context.config.ContextNamespaceHandler}
2016-12-13 14:34:59 org.springframework.core.env.MutablePropertySources.addLast(MutablePropertySources.java:109)  Adding [systemProperties] PropertySource with lowest search precedence
2016-12-13 14:34:59 org.springframework.core.env.MutablePropertySources.addLast(MutablePropertySources.java:109)  Adding [systemEnvironment] PropertySource with lowest search precedence
2016-12-13 14:34:59 org.springframework.core.env.AbstractEnvironment.<init>(AbstractEnvironment.java:124)  Initialized StandardEnvironment with PropertySources [systemProperties,systemEnvironment]
2016-12-13 14:34:59 org.springframework.core.io.support.PathMatchingResourcePatternResolver.findAllClassPathResources(PathMatchingResourcePatternResolver.java:317)  Resolved classpath location [com/hc/] to resources [URL [file:/D:/SpringMybatisWebDemo/target/classes/com/hc/]]
2016-12-13 14:34:59 org.springframework.core.io.support.PathMatchingResourcePatternResolver.doFindMatchingFileSystemResources(PathMatchingResourcePatternResolver.java:711)  Looking for matching resources in directory tree [D:\SpringMybatisWebDemo\target\classes\com\hc]
2016-12-13 14:34:59 org.springframework.core.io.support.PathMatchingResourcePatternResolver.doRetrieveMatchingFiles(PathMatchingResourcePatternResolver.java:773)  Searching directory [D:\SpringMybatisWebDemo\target\classes\com\hc] for files matching pattern [D:/SpringMybatisWebDemo/target/classes/com/hc/**/*.class]
2016-12-13 14:34:59 org.springframework.core.io.support.PathMatchingResourcePatternResolver.doRetrieveMatchingFiles(PathMatchingResourcePatternResolver.java:773)  Searching directory [D:\SpringMybatisWebDemo\target\classes\com\hc\action] for files matching pattern [D:/SpringMybatisWebDemo/target/classes/com/hc/**/*.class]
2016-12-13 14:34:59 org.springframework.core.io.support.PathMatchingResourcePatternResolver.doRetrieveMatchingFiles(PathMatchingResourcePatternResolver.java:773)  Searching directory [D:\SpringMybatisWebDemo\target\classes\com\hc\dao] for files matching pattern [D:/SpringMybatisWebDemo/target/classes/com/hc/**/*.class]
2016-12-13 14:34:59 org.springframework.core.io.support.PathMatchingResourcePatternResolver.doRetrieveMatchingFiles(PathMatchingResourcePatternResolver.java:773)  Searching directory [D:\SpringMybatisWebDemo\target\classes\com\hc\dao\impl] for files matching pattern [D:/SpringMybatisWebDemo/target/classes/com/hc/**/*.class]
2016-12-13 14:34:59 org.springframework.core.io.support.PathMatchingResourcePatternResolver.doRetrieveMatchingFiles(PathMatchingResourcePatternResolver.java:773)  Searching directory [D:\SpringMybatisWebDemo\target\classes\com\hc\domain] for files matching pattern [D:/SpringMybatisWebDemo/target/classes/com/hc/**/*.class]
2016-12-13 14:34:59 org.springframework.core.io.support.PathMatchingResourcePatternResolver.doRetrieveMatchingFiles(PathMatchingResourcePatternResolver.java:773)  Searching directory [D:\SpringMybatisWebDemo\target\classes\com\hc\listener] for files matching pattern [D:/SpringMybatisWebDemo/target/classes/com/hc/**/*.class]
2016-12-13 14:34:59 org.springframework.core.io.support.PathMatchingResourcePatternResolver.doRetrieveMatchingFiles(PathMatchingResourcePatternResolver.java:773)  Searching directory [D:\SpringMybatisWebDemo\target\classes\com\hc\mapping] for files matching pattern [D:/SpringMybatisWebDemo/target/classes/com/hc/**/*.class]
2016-12-13 14:34:59 org.springframework.core.io.support.PathMatchingResourcePatternResolver.doRetrieveMatchingFiles(PathMatchingResourcePatternResolver.java:773)  Searching directory [D:\SpringMybatisWebDemo\target\classes\com\hc\service] for files matching pattern [D:/SpringMybatisWebDemo/target/classes/com/hc/**/*.class]
2016-12-13 14:34:59 org.springframework.core.io.support.PathMatchingResourcePatternResolver.doRetrieveMatchingFiles(PathMatchingResourcePatternResolver.java:773)  Searching directory [D:\SpringMybatisWebDemo\target\classes\com\hc\service\impl] for files matching pattern [D:/SpringMybatisWebDemo/target/classes/com/hc/**/*.class]
2016-12-13 14:34:59 org.springframework.core.io.support.PathMatchingResourcePatternResolver.findPathMatchingResources(PathMatchingResourcePatternResolver.java:483)  Resolved location pattern [classpath*:com/hc/**/*.class] to resources [file [D:\SpringMybatisWebDemo\target\classes\com\hc\action\DeptServlet.class], file [D:\SpringMybatisWebDemo\target\classes\com\hc\dao\DeptDao.class], file [D:\SpringMybatisWebDemo\target\classes\com\hc\dao\EmpDao.class], file [D:\SpringMybatisWebDemo\target\classes\com\hc\dao\impl\DeptDaoImpl.class], file [D:\SpringMybatisWebDemo\target\classes\com\hc\DemoTest.class], file [D:\SpringMybatisWebDemo\target\classes\com\hc\domain\Dept.class], file [D:\SpringMybatisWebDemo\target\classes\com\hc\domain\Emp.class], file [D:\SpringMybatisWebDemo\target\classes\com\hc\listener\SessionListener.class], file [D:\SpringMybatisWebDemo\target\classes\com\hc\service\DeptService.class], file [D:\SpringMybatisWebDemo\target\classes\com\hc\service\impl\DeptServiceImpl.class]]
2016-12-13 14:35:00 org.springframework.context.annotation.ClassPathScanningCandidateComponentProvider.findCandidateComponents(ClassPathScanningCandidateComponentProvider.java:286)  Identified candidate component class: file [D:\SpringMybatisWebDemo\target\classes\com\hc\dao\impl\DeptDaoImpl.class]
2016-12-13 14:35:00 org.springframework.context.annotation.ClassPathScanningCandidateComponentProvider.findCandidateComponents(ClassPathScanningCandidateComponentProvider.java:286)  Identified candidate component class: file [D:\SpringMybatisWebDemo\target\classes\com\hc\service\impl\DeptServiceImpl.class]
2016-12-13 14:35:00 org.springframework.beans.factory.xml.BeanDefinitionParserDelegate.parseBeanDefinitionElement(BeanDefinitionParserDelegate.java:481)  Neither XML 'id' nor 'name' specified - using generated bean name [org.mybatis.spring.mapper.MapperScannerConfigurer#0]
2016-12-13 14:35:00 org.springframework.beans.factory.support.AbstractBeanDefinitionReader.loadBeanDefinitions(AbstractBeanDefinitionReader.java:224)  Loaded 17 bean definitions from location pattern [applicationContext.xml]
2016-12-13 14:35:00 org.springframework.context.support.AbstractApplicationContext.obtainFreshBeanFactory(AbstractApplicationContext.java:616)  Bean factory for org.springframework.context.support.ClassPathXmlApplicationContext@71c7db30: org.springframework.beans.factory.support.DefaultListableBeanFactory@365c30cc: defining beans [deptDaoImpl,deptServiceImpl,org.springframework.context.annotation.internalConfigurationAnnotationProcessor,org.springframework.context.annotation.internalAutowiredAnnotationProcessor,org.springframework.context.annotation.internalRequiredAnnotationProcessor,org.springframework.context.annotation.internalCommonAnnotationProcessor,org.springframework.context.event.internalEventListenerProcessor,org.springframework.context.event.internalEventListenerFactory,dataSource123,sqlSessionFactory,org.mybatis.spring.mapper.MapperScannerConfigurer#0,txManager,org.springframework.transaction.config.internalTransactionalEventListenerFactory,org.springframework.aop.config.internalAutoProxyCreator,org.springframework.transaction.annotation.AnnotationTransactionAttributeSource#0,org.springframework.transaction.interceptor.TransactionInterceptor#0,org.springframework.transaction.config.internalTransactionAdvisor]; root of factory hierarchy
2016-12-13 14:35:00 org.springframework.beans.factory.support.DefaultSingletonBeanRegistry.getSingleton(DefaultSingletonBeanRegistry.java:221)  Creating shared instance of singleton bean 'org.springframework.context.annotation.internalConfigurationAnnotationProcessor'
2016-12-13 14:35:00 org.springframework.beans.factory.support.AbstractAutowireCapableBeanFactory.createBean(AbstractAutowireCapableBeanFactory.java:448)  Creating instance of bean 'org.springframework.context.annotation.internalConfigurationAnnotationProcessor'
2016-12-13 14:35:00 org.springframework.beans.factory.support.AbstractAutowireCapableBeanFactory.doCreateBean(AbstractAutowireCapableBeanFactory.java:537)  Eagerly caching bean 'org.springframework.context.annotation.internalConfigurationAnnotationProcessor' to allow for resolving potential circular references
2016-12-13 14:35:00 org.springframework.beans.factory.support.AbstractAutowireCapableBeanFactory.createBean(AbstractAutowireCapableBeanFactory.java:484)  Finished creating instance of bean 'org.springframework.context.annotation.internalConfigurationAnnotationProcessor'
2016-12-13 14:35:00 org.springframework.beans.factory.support.DefaultSingletonBeanRegistry.getSingleton(DefaultSingletonBeanRegistry.java:221)  Creating shared instance of singleton bean 'org.mybatis.spring.mapper.MapperScannerConfigurer#0'
2016-12-13 14:35:00 org.springframework.beans.factory.support.AbstractAutowireCapableBeanFactory.createBean(AbstractAutowireCapableBeanFactory.java:448)  Creating instance of bean 'org.mybatis.spring.mapper.MapperScannerConfigurer#0'
2016-12-13 14:35:00 org.springframework.beans.factory.support.AbstractAutowireCapableBeanFactory.doCreateBean(AbstractAutowireCapableBeanFactory.java:537)  Eagerly caching bean 'org.mybatis.spring.mapper.MapperScannerConfigurer#0' to allow for resolving potential circular references
2016-12-13 14:35:00 org.springframework.beans.factory.support.AbstractAutowireCapableBeanFactory.invokeInitMethods(AbstractAutowireCapableBeanFactory.java:1625)  Invoking afterPropertiesSet() on bean with name 'org.mybatis.spring.mapper.MapperScannerConfigurer#0'
2016-12-13 14:35:00 org.springframework.beans.factory.support.AbstractAutowireCapableBeanFactory.createBean(AbstractAutowireCapableBeanFactory.java:484)  Finished creating instance of bean 'org.mybatis.spring.mapper.MapperScannerConfigurer#0'
2016-12-13 14:35:00 org.springframework.core.env.MutablePropertySources.addLast(MutablePropertySources.java:109)  Adding [systemProperties] PropertySource with lowest search precedence
2016-12-13 14:35:00 org.springframework.core.env.MutablePropertySources.addLast(MutablePropertySources.java:109)  Adding [systemEnvironment] PropertySource with lowest search precedence
2016-12-13 14:35:00 org.springframework.core.env.AbstractEnvironment.<init>(AbstractEnvironment.java:124)  Initialized StandardEnvironment with PropertySources [systemProperties,systemEnvironment]
2016-12-13 14:35:00 org.springframework.core.io.support.PathMatchingResourcePatternResolver.findAllClassPathResources(PathMatchingResourcePatternResolver.java:317)  Resolved classpath location [com/hc/] to resources [URL [file:/D:/SpringMybatisWebDemo/target/classes/com/hc/]]
2016-12-13 14:35:00 org.springframework.core.io.support.PathMatchingResourcePatternResolver.doFindMatchingFileSystemResources(PathMatchingResourcePatternResolver.java:711)  Looking for matching resources in directory tree [D:\SpringMybatisWebDemo\target\classes\com\hc]
2016-12-13 14:35:00 org.springframework.core.io.support.PathMatchingResourcePatternResolver.doRetrieveMatchingFiles(PathMatchingResourcePatternResolver.java:773)  Searching directory [D:\SpringMybatisWebDemo\target\classes\com\hc] for files matching pattern [D:/SpringMybatisWebDemo/target/classes/com/hc/*/**/*.class]
2016-12-13 14:35:00 org.springframework.core.io.support.PathMatchingResourcePatternResolver.doRetrieveMatchingFiles(PathMatchingResourcePatternResolver.java:773)  Searching directory [D:\SpringMybatisWebDemo\target\classes\com\hc\action] for files matching pattern [D:/SpringMybatisWebDemo/target/classes/com/hc/*/**/*.class]
2016-12-13 14:35:00 org.springframework.core.io.support.PathMatchingResourcePatternResolver.doRetrieveMatchingFiles(PathMatchingResourcePatternResolver.java:773)  Searching directory [D:\SpringMybatisWebDemo\target\classes\com\hc\dao] for files matching pattern [D:/SpringMybatisWebDemo/target/classes/com/hc/*/**/*.class]
2016-12-13 14:35:00 org.springframework.core.io.support.PathMatchingResourcePatternResolver.doRetrieveMatchingFiles(PathMatchingResourcePatternResolver.java:773)  Searching directory [D:\SpringMybatisWebDemo\target\classes\com\hc\dao\impl] for files matching pattern [D:/SpringMybatisWebDemo/target/classes/com/hc/*/**/*.class]
2016-12-13 14:35:00 org.springframework.core.io.support.PathMatchingResourcePatternResolver.doRetrieveMatchingFiles(PathMatchingResourcePatternResolver.java:773)  Searching directory [D:\SpringMybatisWebDemo\target\classes\com\hc\domain] for files matching pattern [D:/SpringMybatisWebDemo/target/classes/com/hc/*/**/*.class]
2016-12-13 14:35:00 org.springframework.core.io.support.PathMatchingResourcePatternResolver.doRetrieveMatchingFiles(PathMatchingResourcePatternResolver.java:773)  Searching directory [D:\SpringMybatisWebDemo\target\classes\com\hc\listener] for files matching pattern [D:/SpringMybatisWebDemo/target/classes/com/hc/*/**/*.class]
2016-12-13 14:35:00 org.springframework.core.io.support.PathMatchingResourcePatternResolver.doRetrieveMatchingFiles(PathMatchingResourcePatternResolver.java:773)  Searching directory [D:\SpringMybatisWebDemo\target\classes\com\hc\mapping] for files matching pattern [D:/SpringMybatisWebDemo/target/classes/com/hc/*/**/*.class]
2016-12-13 14:35:00 org.springframework.core.io.support.PathMatchingResourcePatternResolver.doRetrieveMatchingFiles(PathMatchingResourcePatternResolver.java:773)  Searching directory [D:\SpringMybatisWebDemo\target\classes\com\hc\service] for files matching pattern [D:/SpringMybatisWebDemo/target/classes/com/hc/*/**/*.class]
2016-12-13 14:35:00 org.springframework.core.io.support.PathMatchingResourcePatternResolver.doRetrieveMatchingFiles(PathMatchingResourcePatternResolver.java:773)  Searching directory [D:\SpringMybatisWebDemo\target\classes\com\hc\service\impl] for files matching pattern [D:/SpringMybatisWebDemo/target/classes/com/hc/*/**/*.class]
2016-12-13 14:35:00 org.springframework.core.io.support.PathMatchingResourcePatternResolver.findPathMatchingResources(PathMatchingResourcePatternResolver.java:483)  Resolved location pattern [classpath*:com/hc/*/**/*.class] to resources [file [D:\SpringMybatisWebDemo\target\classes\com\hc\action\DeptServlet.class], file [D:\SpringMybatisWebDemo\target\classes\com\hc\dao\DeptDao.class], file [D:\SpringMybatisWebDemo\target\classes\com\hc\dao\EmpDao.class], file [D:\SpringMybatisWebDemo\target\classes\com\hc\dao\impl\DeptDaoImpl.class], file [D:\SpringMybatisWebDemo\target\classes\com\hc\domain\Dept.class], file [D:\SpringMybatisWebDemo\target\classes\com\hc\domain\Emp.class], file [D:\SpringMybatisWebDemo\target\classes\com\hc\listener\SessionListener.class], file [D:\SpringMybatisWebDemo\target\classes\com\hc\service\DeptService.class], file [D:\SpringMybatisWebDemo\target\classes\com\hc\service\impl\DeptServiceImpl.class]]
2016-12-13 14:35:00 org.springframework.context.annotation.ClassPathScanningCandidateComponentProvider.findCandidateComponents(ClassPathScanningCandidateComponentProvider.java:292)  Ignored because not a concrete top-level class: file [D:\SpringMybatisWebDemo\target\classes\com\hc\action\DeptServlet.class]
2016-12-13 14:35:00 org.springframework.context.annotation.ClassPathScanningCandidateComponentProvider.findCandidateComponents(ClassPathScanningCandidateComponentProvider.java:286)  Identified candidate component class: file [D:\SpringMybatisWebDemo\target\classes\com\hc\dao\DeptDao.class]
2016-12-13 14:35:00 org.springframework.context.annotation.ClassPathScanningCandidateComponentProvider.findCandidateComponents(ClassPathScanningCandidateComponentProvider.java:286)  Identified candidate component class: file [D:\SpringMybatisWebDemo\target\classes\com\hc\dao\EmpDao.class]
2016-12-13 14:35:00 org.springframework.context.annotation.ClassPathScanningCandidateComponentProvider.findCandidateComponents(ClassPathScanningCandidateComponentProvider.java:292)  Ignored because not a concrete top-level class: file [D:\SpringMybatisWebDemo\target\classes\com\hc\dao\impl\DeptDaoImpl.class]
2016-12-13 14:35:00 org.springframework.context.annotation.ClassPathScanningCandidateComponentProvider.findCandidateComponents(ClassPathScanningCandidateComponentProvider.java:292)  Ignored because not a concrete top-level class: file [D:\SpringMybatisWebDemo\target\classes\com\hc\domain\Dept.class]
2016-12-13 14:35:00 org.springframework.context.annotation.ClassPathScanningCandidateComponentProvider.findCandidateComponents(ClassPathScanningCandidateComponentProvider.java:292)  Ignored because not a concrete top-level class: file [D:\SpringMybatisWebDemo\target\classes\com\hc\domain\Emp.class]
2016-12-13 14:35:00 org.springframework.context.annotation.ClassPathScanningCandidateComponentProvider.findCandidateComponents(ClassPathScanningCandidateComponentProvider.java:292)  Ignored because not a concrete top-level class: file [D:\SpringMybatisWebDemo\target\classes\com\hc\listener\SessionListener.class]
2016-12-13 14:35:00 org.springframework.context.annotation.ClassPathScanningCandidateComponentProvider.findCandidateComponents(ClassPathScanningCandidateComponentProvider.java:286)  Identified candidate component class: file [D:\SpringMybatisWebDemo\target\classes\com\hc\service\DeptService.class]
2016-12-13 14:35:00 org.springframework.context.annotation.ClassPathScanningCandidateComponentProvider.findCandidateComponents(ClassPathScanningCandidateComponentProvider.java:292)  Ignored because not a concrete top-level class: file [D:\SpringMybatisWebDemo\target\classes\com\hc\service\impl\DeptServiceImpl.class]
2016-12-13 14:35:00 org.mybatis.spring.mapper.ClassPathMapperScanner.processBeanDefinitions(ClassPathMapperScanner.java:181)  Creating MapperFactoryBean with name 'deptDao' and 'com.hc.dao.DeptDao' mapperInterface
2016-12-13 14:35:00 org.mybatis.spring.mapper.ClassPathMapperScanner.processBeanDefinitions(ClassPathMapperScanner.java:181)  Creating MapperFactoryBean with name 'empDao' and 'com.hc.dao.EmpDao' mapperInterface
2016-12-13 14:35:00 org.mybatis.spring.mapper.ClassPathMapperScanner.processBeanDefinitions(ClassPathMapperScanner.java:181)  Creating MapperFactoryBean with name 'deptService' and 'com.hc.service.DeptService' mapperInterface
2016-12-13 14:35:00 org.springframework.beans.factory.support.DefaultSingletonBeanRegistry.getSingleton(DefaultSingletonBeanRegistry.java:221)  Creating shared instance of singleton bean 'org.springframework.context.annotation.internalAutowiredAnnotationProcessor'
2016-12-13 14:35:00 org.springframework.beans.factory.support.AbstractAutowireCapableBeanFactory.createBean(AbstractAutowireCapableBeanFactory.java:448)  Creating instance of bean 'org.springframework.context.annotation.internalAutowiredAnnotationProcessor'
2016-12-13 14:35:00 org.springframework.beans.factory.support.AbstractAutowireCapableBeanFactory.doCreateBean(AbstractAutowireCapableBeanFactory.java:537)  Eagerly caching bean 'org.springframework.context.annotation.internalAutowiredAnnotationProcessor' to allow for resolving potential circular references
2016-12-13 14:35:00 org.springframework.beans.factory.support.AbstractAutowireCapableBeanFactory.createBean(AbstractAutowireCapableBeanFactory.java:484)  Finished creating instance of bean 'org.springframework.context.annotation.internalAutowiredAnnotationProcessor'
2016-12-13 14:35:00 org.springframework.beans.factory.support.DefaultSingletonBeanRegistry.getSingleton(DefaultSingletonBeanRegistry.java:221)  Creating shared instance of singleton bean 'org.springframework.context.annotation.internalRequiredAnnotationProcessor'
2016-12-13 14:35:00 org.springframework.beans.factory.support.AbstractAutowireCapableBeanFactory.createBean(AbstractAutowireCapableBeanFactory.java:448)  Creating instance of bean 'org.springframework.context.annotation.internalRequiredAnnotationProcessor'
2016-12-13 14:35:00 org.springframework.beans.factory.support.AbstractAutowireCapableBeanFactory.doCreateBean(AbstractAutowireCapableBeanFactory.java:537)  Eagerly caching bean 'org.springframework.context.annotation.internalRequiredAnnotationProcessor' to allow for resolving potential circular references
2016-12-13 14:35:00 org.springframework.beans.factory.support.AbstractAutowireCapableBeanFactory.createBean(AbstractAutowireCapableBeanFactory.java:484)  Finished creating instance of bean 'org.springframework.context.annotation.internalRequiredAnnotationProcessor'
2016-12-13 14:35:00 org.springframework.beans.factory.support.DefaultSingletonBeanRegistry.getSingleton(DefaultSingletonBeanRegistry.java:221)  Creating shared instance of singleton bean 'org.springframework.context.annotation.internalCommonAnnotationProcessor'
2016-12-13 14:35:00 org.springframework.beans.factory.support.AbstractAutowireCapableBeanFactory.createBean(AbstractAutowireCapableBeanFactory.java:448)  Creating instance of bean 'org.springframework.context.annotation.internalCommonAnnotationProcessor'
2016-12-13 14:35:00 org.springframework.beans.factory.support.AbstractAutowireCapableBeanFactory.doCreateBean(AbstractAutowireCapableBeanFactory.java:537)  Eagerly caching bean 'org.springframework.context.annotation.internalCommonAnnotationProcessor' to allow for resolving potential circular references
2016-12-13 14:35:00 org.springframework.beans.factory.support.AbstractAutowireCapableBeanFactory.createBean(AbstractAutowireCapableBeanFactory.java:484)  Finished creating instance of bean 'org.springframework.context.annotation.internalCommonAnnotationProcessor'
2016-12-13 14:35:00 org.springframework.beans.factory.support.DefaultSingletonBeanRegistry.getSingleton(DefaultSingletonBeanRegistry.java:221)  Creating shared instance of singleton bean 'org.springframework.context.annotation.ConfigurationClassPostProcessor.importAwareProcessor'
2016-12-13 14:35:00 org.springframework.beans.factory.support.AbstractAutowireCapableBeanFactory.createBean(AbstractAutowireCapableBeanFactory.java:448)  Creating instance of bean 'org.springframework.context.annotation.ConfigurationClassPostProcessor.importAwareProcessor'
2016-12-13 14:35:00 org.springframework.beans.factory.support.AbstractAutowireCapableBeanFactory.doCreateBean(AbstractAutowireCapableBeanFactory.java:537)  Eagerly caching bean 'org.springframework.context.annotation.ConfigurationClassPostProcessor.importAwareProcessor' to allow for resolving potential circular references
2016-12-13 14:35:00 org.springframework.beans.factory.support.AbstractAutowireCapableBeanFactory.createBean(AbstractAutowireCapableBeanFactory.java:484)  Finished creating instance of bean 'org.springframework.context.annotation.ConfigurationClassPostProcessor.importAwareProcessor'
2016-12-13 14:35:00 org.springframework.beans.factory.support.DefaultSingletonBeanRegistry.getSingleton(DefaultSingletonBeanRegistry.java:221)  Creating shared instance of singleton bean 'org.springframework.context.annotation.ConfigurationClassPostProcessor.enhancedConfigurationProcessor'
2016-12-13 14:35:00 org.springframework.beans.factory.support.AbstractAutowireCapableBeanFactory.createBean(AbstractAutowireCapableBeanFactory.java:448)  Creating instance of bean 'org.springframework.context.annotation.ConfigurationClassPostProcessor.enhancedConfigurationProcessor'
2016-12-13 14:35:00 org.springframework.beans.factory.support.AbstractAutowireCapableBeanFactory.doCreateBean(AbstractAutowireCapableBeanFactory.java:537)  Eagerly caching bean 'org.springframework.context.annotation.ConfigurationClassPostProcessor.enhancedConfigurationProcessor' to allow for resolving potential circular references
2016-12-13 14:35:00 org.springframework.beans.factory.support.AbstractAutowireCapableBeanFactory.createBean(AbstractAutowireCapableBeanFactory.java:484)  Finished creating instance of bean 'org.springframework.context.annotation.ConfigurationClassPostProcessor.enhancedConfigurationProcessor'
2016-12-13 14:35:00 org.springframework.beans.factory.support.DefaultSingletonBeanRegistry.getSingleton(DefaultSingletonBeanRegistry.java:221)  Creating shared instance of singleton bean 'org.springframework.aop.config.internalAutoProxyCreator'
2016-12-13 14:35:00 org.springframework.beans.factory.support.AbstractAutowireCapableBeanFactory.createBean(AbstractAutowireCapableBeanFactory.java:448)  Creating instance of bean 'org.springframework.aop.config.internalAutoProxyCreator'
2016-12-13 14:35:00 org.springframework.beans.factory.support.AbstractAutowireCapableBeanFactory.doCreateBean(AbstractAutowireCapableBeanFactory.java:537)  Eagerly caching bean 'org.springframework.aop.config.internalAutoProxyCreator' to allow for resolving potential circular references
2016-12-13 14:35:00 org.springframework.beans.factory.support.AbstractAutowireCapableBeanFactory.createBean(AbstractAutowireCapableBeanFactory.java:484)  Finished creating instance of bean 'org.springframework.aop.config.internalAutoProxyCreator'
2016-12-13 14:35:00 org.springframework.context.support.AbstractApplicationContext.initMessageSource(AbstractApplicationContext.java:733)  Unable to locate MessageSource with name 'messageSource': using default [org.springframework.context.support.DelegatingMessageSource@28eaa59a]
2016-12-13 14:35:00 org.springframework.context.support.AbstractApplicationContext.initApplicationEventMulticaster(AbstractApplicationContext.java:757)  Unable to locate ApplicationEventMulticaster with name 'applicationEventMulticaster': using default [org.springframework.context.event.SimpleApplicationEventMulticaster@619713e5]
2016-12-13 14:35:00 org.springframework.beans.factory.support.DefaultListableBeanFactory.preInstantiateSingletons(DefaultListableBeanFactory.java:723)  Pre-instantiating singletons in org.springframework.beans.factory.support.DefaultListableBeanFactory@365c30cc: defining beans [deptDaoImpl,deptServiceImpl,org.springframework.context.annotation.internalConfigurationAnnotationProcessor,org.springframework.context.annotation.internalAutowiredAnnotationProcessor,org.springframework.context.annotation.internalRequiredAnnotationProcessor,org.springframework.context.annotation.internalCommonAnnotationProcessor,org.springframework.context.event.internalEventListenerProcessor,org.springframework.context.event.internalEventListenerFactory,dataSource123,sqlSessionFactory,org.mybatis.spring.mapper.MapperScannerConfigurer#0,txManager,org.springframework.transaction.config.internalTransactionalEventListenerFactory,org.springframework.aop.config.internalAutoProxyCreator,org.springframework.transaction.annotation.AnnotationTransactionAttributeSource#0,org.springframework.transaction.interceptor.TransactionInterceptor#0,org.springframework.transaction.config.internalTransactionAdvisor,org.springframework.context.annotation.ConfigurationClassPostProcessor.importAwareProcessor,org.springframework.context.annotation.ConfigurationClassPostProcessor.enhancedConfigurationProcessor,deptDao,empDao,deptService]; root of factory hierarchy
2016-12-13 14:35:00 org.springframework.beans.factory.support.DefaultSingletonBeanRegistry.getSingleton(DefaultSingletonBeanRegistry.java:221)  Creating shared instance of singleton bean 'deptDaoImpl'
2016-12-13 14:35:00 org.springframework.beans.factory.support.AbstractAutowireCapableBeanFactory.createBean(AbstractAutowireCapableBeanFactory.java:448)  Creating instance of bean 'deptDaoImpl'
2016-12-13 14:35:00 org.springframework.beans.factory.annotation.InjectionMetadata.checkConfigMembers(InjectionMetadata.java:72)  Registered injected element on class [com.hc.dao.impl.DeptDaoImpl]: AutowiredFieldElement for private org.apache.ibatis.session.SqlSessionFactory com.hc.dao.impl.DeptDaoImpl.factory
2016-12-13 14:35:00 org.springframework.beans.factory.support.AbstractAutowireCapableBeanFactory.doCreateBean(AbstractAutowireCapableBeanFactory.java:537)  Eagerly caching bean 'deptDaoImpl' to allow for resolving potential circular references
2016-12-13 14:35:00 org.springframework.beans.factory.annotation.InjectionMetadata.inject(InjectionMetadata.java:86)  Processing injected element of bean 'deptDaoImpl': AutowiredFieldElement for private org.apache.ibatis.session.SqlSessionFactory com.hc.dao.impl.DeptDaoImpl.factory
2016-12-13 14:35:00 org.springframework.beans.factory.support.DefaultSingletonBeanRegistry.getSingleton(DefaultSingletonBeanRegistry.java:221)  Creating shared instance of singleton bean 'sqlSessionFactory'
2016-12-13 14:35:00 org.springframework.beans.factory.support.AbstractAutowireCapableBeanFactory.createBean(AbstractAutowireCapableBeanFactory.java:448)  Creating instance of bean 'sqlSessionFactory'
2016-12-13 14:35:00 org.springframework.beans.factory.support.AbstractAutowireCapableBeanFactory.doCreateBean(AbstractAutowireCapableBeanFactory.java:537)  Eagerly caching bean 'sqlSessionFactory' to allow for resolving potential circular references
2016-12-13 14:35:00 org.springframework.beans.factory.support.DefaultSingletonBeanRegistry.getSingleton(DefaultSingletonBeanRegistry.java:221)  Creating shared instance of singleton bean 'dataSource123'
2016-12-13 14:35:00 org.springframework.beans.factory.support.AbstractAutowireCapableBeanFactory.createBean(AbstractAutowireCapableBeanFactory.java:448)  Creating instance of bean 'dataSource123'
2016-12-13 14:35:00 org.springframework.beans.factory.support.AbstractAutowireCapableBeanFactory.doCreateBean(AbstractAutowireCapableBeanFactory.java:537)  Eagerly caching bean 'dataSource123' to allow for resolving potential circular references
2016-12-13 14:35:00 org.springframework.beans.factory.support.DefaultSingletonBeanRegistry.getSingleton(DefaultSingletonBeanRegistry.java:221)  Creating shared instance of singleton bean 'org.springframework.transaction.config.internalTransactionAdvisor'
2016-12-13 14:35:00 org.springframework.beans.factory.support.AbstractAutowireCapableBeanFactory.createBean(AbstractAutowireCapableBeanFactory.java:448)  Creating instance of bean 'org.springframework.transaction.config.internalTransactionAdvisor'
2016-12-13 14:35:00 org.springframework.beans.factory.support.AbstractAutowireCapableBeanFactory.doCreateBean(AbstractAutowireCapableBeanFactory.java:537)  Eagerly caching bean 'org.springframework.transaction.config.internalTransactionAdvisor' to allow for resolving potential circular references
2016-12-13 14:35:00 org.springframework.beans.factory.support.DefaultSingletonBeanRegistry.getSingleton(DefaultSingletonBeanRegistry.java:221)  Creating shared instance of singleton bean 'org.springframework.transaction.annotation.AnnotationTransactionAttributeSource#0'
2016-12-13 14:35:00 org.springframework.beans.factory.support.AbstractAutowireCapableBeanFactory.createBean(AbstractAutowireCapableBeanFactory.java:448)  Creating instance of bean 'org.springframework.transaction.annotation.AnnotationTransactionAttributeSource#0'
2016-12-13 14:35:00 org.springframework.beans.factory.support.AbstractAutowireCapableBeanFactory.doCreateBean(AbstractAutowireCapableBeanFactory.java:537)  Eagerly caching bean 'org.springframework.transaction.annotation.AnnotationTransactionAttributeSource#0' to allow for resolving potential circular references
2016-12-13 14:35:00 org.springframework.aop.framework.autoproxy.BeanFactoryAdvisorRetrievalHelper.findAdvisorBeans(BeanFactoryAdvisorRetrievalHelper.java:87)  Skipping currently created advisor 'org.springframework.transaction.config.internalTransactionAdvisor'
2016-12-13 14:35:00 org.springframework.beans.factory.support.AbstractAutowireCapableBeanFactory.createBean(AbstractAutowireCapableBeanFactory.java:484)  Finished creating instance of bean 'org.springframework.transaction.annotation.AnnotationTransactionAttributeSource#0'
2016-12-13 14:35:00 org.springframework.beans.factory.support.AbstractAutowireCapableBeanFactory.createBean(AbstractAutowireCapableBeanFactory.java:484)  Finished creating instance of bean 'org.springframework.transaction.config.internalTransactionAdvisor'
2016-12-13 14:35:00 org.springframework.beans.factory.support.AbstractAutowireCapableBeanFactory.createBean(AbstractAutowireCapableBeanFactory.java:484)  Finished creating instance of bean 'dataSource123'
2016-12-13 14:35:00 org.springframework.beans.factory.support.AbstractAutowireCapableBeanFactory.invokeInitMethods(AbstractAutowireCapableBeanFactory.java:1625)  Invoking afterPropertiesSet() on bean with name 'sqlSessionFactory'
2016-12-13 14:35:00 org.apache.ibatis.logging.commons.JakartaCommonsLoggingImpl.debug(JakartaCommonsLoggingImpl.java:54)  Parsed configuration file: 'class path resource [mybatis-config.xml]'
2016-12-13 14:35:00 org.apache.ibatis.logging.commons.JakartaCommonsLoggingImpl.debug(JakartaCommonsLoggingImpl.java:54)  Property 'mapperLocations' was not specified or no matching resources found
2016-12-13 14:35:00 org.springframework.beans.factory.support.AbstractBeanFactory.doGetBean(AbstractBeanFactory.java:251)  Returning cached instance of singleton bean 'org.springframework.transaction.config.internalTransactionAdvisor'
2016-12-13 14:35:00 org.springframework.beans.factory.support.AbstractAutowireCapableBeanFactory.createBean(AbstractAutowireCapableBeanFactory.java:484)  Finished creating instance of bean 'sqlSessionFactory'
2016-12-13 14:35:00 org.springframework.beans.factory.support.AbstractBeanFactory.doGetBean(AbstractBeanFactory.java:251)  Returning cached instance of singleton bean 'org.springframework.transaction.config.internalTransactionAdvisor'
2016-12-13 14:35:00 org.springframework.beans.factory.annotation.AutowiredAnnotationBeanPostProcessor.registerDependentBeans(AutowiredAnnotationBeanPostProcessor.java:539)  Autowiring by type from bean name 'deptDaoImpl' to bean named 'sqlSessionFactory'
2016-12-13 14:35:00 org.springframework.beans.factory.support.AbstractBeanFactory.doGetBean(AbstractBeanFactory.java:251)  Returning cached instance of singleton bean 'org.springframework.transaction.config.internalTransactionAdvisor'
2016-12-13 14:35:00 org.springframework.beans.factory.support.AbstractAutowireCapableBeanFactory.createBean(AbstractAutowireCapableBeanFactory.java:484)  Finished creating instance of bean 'deptDaoImpl'
2016-12-13 14:35:00 org.springframework.beans.factory.support.DefaultSingletonBeanRegistry.getSingleton(DefaultSingletonBeanRegistry.java:221)  Creating shared instance of singleton bean 'deptServiceImpl'
2016-12-13 14:35:00 org.springframework.beans.factory.support.AbstractAutowireCapableBeanFactory.createBean(AbstractAutowireCapableBeanFactory.java:448)  Creating instance of bean 'deptServiceImpl'
2016-12-13 14:35:00 org.springframework.beans.factory.annotation.InjectionMetadata.checkConfigMembers(InjectionMetadata.java:72)  Registered injected element on class [com.hc.service.impl.DeptServiceImpl]: AutowiredFieldElement for private com.hc.dao.DeptDao com.hc.service.impl.DeptServiceImpl.deptDao
2016-12-13 14:35:00 org.springframework.beans.factory.support.AbstractAutowireCapableBeanFactory.doCreateBean(AbstractAutowireCapableBeanFactory.java:537)  Eagerly caching bean 'deptServiceImpl' to allow for resolving potential circular references
2016-12-13 14:35:00 org.springframework.beans.factory.annotation.InjectionMetadata.inject(InjectionMetadata.java:86)  Processing injected element of bean 'deptServiceImpl': AutowiredFieldElement for private com.hc.dao.DeptDao com.hc.service.impl.DeptServiceImpl.deptDao
2016-12-13 14:35:00 org.springframework.beans.factory.support.AbstractBeanFactory.doGetBean(AbstractBeanFactory.java:251)  Returning cached instance of singleton bean 'deptDaoImpl'
2016-12-13 14:35:00 org.springframework.beans.factory.annotation.AutowiredAnnotationBeanPostProcessor.registerDependentBeans(AutowiredAnnotationBeanPostProcessor.java:539)  Autowiring by type from bean name 'deptServiceImpl' to bean named 'deptDaoImpl'
2016-12-13 14:35:00 org.springframework.beans.factory.support.AbstractBeanFactory.doGetBean(AbstractBeanFactory.java:251)  Returning cached instance of singleton bean 'org.springframework.transaction.config.internalTransactionAdvisor'
2016-12-13 14:35:00 org.springframework.beans.factory.support.AbstractAutowireCapableBeanFactory.createBean(AbstractAutowireCapableBeanFactory.java:484)  Finished creating instance of bean 'deptServiceImpl'
2016-12-13 14:35:00 org.springframework.beans.factory.support.AbstractBeanFactory.doGetBean(AbstractBeanFactory.java:251)  Returning cached instance of singleton bean 'org.springframework.context.annotation.internalConfigurationAnnotationProcessor'
2016-12-13 14:35:00 org.springframework.beans.factory.support.AbstractBeanFactory.doGetBean(AbstractBeanFactory.java:251)  Returning cached instance of singleton bean 'org.springframework.context.annotation.internalAutowiredAnnotationProcessor'
2016-12-13 14:35:00 org.springframework.beans.factory.support.AbstractBeanFactory.doGetBean(AbstractBeanFactory.java:251)  Returning cached instance of singleton bean 'org.springframework.context.annotation.internalRequiredAnnotationProcessor'
2016-12-13 14:35:00 org.springframework.beans.factory.support.AbstractBeanFactory.doGetBean(AbstractBeanFactory.java:251)  Returning cached instance of singleton bean 'org.springframework.context.annotation.internalCommonAnnotationProcessor'
2016-12-13 14:35:00 org.springframework.beans.factory.support.DefaultSingletonBeanRegistry.getSingleton(DefaultSingletonBeanRegistry.java:221)  Creating shared instance of singleton bean 'org.springframework.context.event.internalEventListenerProcessor'
2016-12-13 14:35:00 org.springframework.beans.factory.support.AbstractAutowireCapableBeanFactory.createBean(AbstractAutowireCapableBeanFactory.java:448)  Creating instance of bean 'org.springframework.context.event.internalEventListenerProcessor'
2016-12-13 14:35:00 org.springframework.beans.factory.support.AbstractAutowireCapableBeanFactory.doCreateBean(AbstractAutowireCapableBeanFactory.java:537)  Eagerly caching bean 'org.springframework.context.event.internalEventListenerProcessor' to allow for resolving potential circular references
2016-12-13 14:35:00 org.springframework.beans.factory.support.AbstractBeanFactory.doGetBean(AbstractBeanFactory.java:251)  Returning cached instance of singleton bean 'org.springframework.transaction.config.internalTransactionAdvisor'
2016-12-13 14:35:00 org.springframework.beans.factory.support.AbstractAutowireCapableBeanFactory.createBean(AbstractAutowireCapableBeanFactory.java:484)  Finished creating instance of bean 'org.springframework.context.event.internalEventListenerProcessor'
2016-12-13 14:35:00 org.springframework.beans.factory.support.DefaultSingletonBeanRegistry.getSingleton(DefaultSingletonBeanRegistry.java:221)  Creating shared instance of singleton bean 'org.springframework.context.event.internalEventListenerFactory'
2016-12-13 14:35:00 org.springframework.beans.factory.support.AbstractAutowireCapableBeanFactory.createBean(AbstractAutowireCapableBeanFactory.java:448)  Creating instance of bean 'org.springframework.context.event.internalEventListenerFactory'
2016-12-13 14:35:00 org.springframework.beans.factory.support.AbstractAutowireCapableBeanFactory.doCreateBean(AbstractAutowireCapableBeanFactory.java:537)  Eagerly caching bean 'org.springframework.context.event.internalEventListenerFactory' to allow for resolving potential circular references
2016-12-13 14:35:00 org.springframework.beans.factory.support.AbstractBeanFactory.doGetBean(AbstractBeanFactory.java:251)  Returning cached instance of singleton bean 'org.springframework.transaction.config.internalTransactionAdvisor'
2016-12-13 14:35:00 org.springframework.beans.factory.support.AbstractAutowireCapableBeanFactory.createBean(AbstractAutowireCapableBeanFactory.java:484)  Finished creating instance of bean 'org.springframework.context.event.internalEventListenerFactory'
2016-12-13 14:35:00 org.springframework.beans.factory.support.AbstractBeanFactory.doGetBean(AbstractBeanFactory.java:251)  Returning cached instance of singleton bean 'dataSource123'
2016-12-13 14:35:00 org.springframework.beans.factory.support.AbstractBeanFactory.doGetBean(AbstractBeanFactory.java:251)  Returning cached instance of singleton bean 'sqlSessionFactory'
2016-12-13 14:35:00 org.springframework.beans.factory.support.AbstractBeanFactory.doGetBean(AbstractBeanFactory.java:251)  Returning cached instance of singleton bean 'org.mybatis.spring.mapper.MapperScannerConfigurer#0'
2016-12-13 14:35:00 org.springframework.beans.factory.support.DefaultSingletonBeanRegistry.getSingleton(DefaultSingletonBeanRegistry.java:221)  Creating shared instance of singleton bean 'txManager'
2016-12-13 14:35:00 org.springframework.beans.factory.support.AbstractAutowireCapableBeanFactory.createBean(AbstractAutowireCapableBeanFactory.java:448)  Creating instance of bean 'txManager'
2016-12-13 14:35:00 org.springframework.beans.factory.support.AbstractAutowireCapableBeanFactory.doCreateBean(AbstractAutowireCapableBeanFactory.java:537)  Eagerly caching bean 'txManager' to allow for resolving potential circular references
2016-12-13 14:35:00 org.springframework.beans.factory.support.AbstractBeanFactory.doGetBean(AbstractBeanFactory.java:251)  Returning cached instance of singleton bean 'dataSource123'
2016-12-13 14:35:00 org.springframework.beans.factory.support.AbstractAutowireCapableBeanFactory.invokeInitMethods(AbstractAutowireCapableBeanFactory.java:1625)  Invoking afterPropertiesSet() on bean with name 'txManager'
2016-12-13 14:35:00 org.springframework.beans.factory.support.AbstractBeanFactory.doGetBean(AbstractBeanFactory.java:251)  Returning cached instance of singleton bean 'org.springframework.transaction.config.internalTransactionAdvisor'
2016-12-13 14:35:00 org.springframework.beans.factory.support.AbstractAutowireCapableBeanFactory.createBean(AbstractAutowireCapableBeanFactory.java:484)  Finished creating instance of bean 'txManager'
2016-12-13 14:35:00 org.springframework.beans.factory.support.DefaultSingletonBeanRegistry.getSingleton(DefaultSingletonBeanRegistry.java:221)  Creating shared instance of singleton bean 'org.springframework.transaction.config.internalTransactionalEventListenerFactory'
2016-12-13 14:35:00 org.springframework.beans.factory.support.AbstractAutowireCapableBeanFactory.createBean(AbstractAutowireCapableBeanFactory.java:448)  Creating instance of bean 'org.springframework.transaction.config.internalTransactionalEventListenerFactory'
2016-12-13 14:35:00 org.springframework.beans.factory.support.AbstractAutowireCapableBeanFactory.doCreateBean(AbstractAutowireCapableBeanFactory.java:537)  Eagerly caching bean 'org.springframework.transaction.config.internalTransactionalEventListenerFactory' to allow for resolving potential circular references
2016-12-13 14:35:00 org.springframework.beans.factory.support.AbstractBeanFactory.doGetBean(AbstractBeanFactory.java:251)  Returning cached instance of singleton bean 'org.springframework.transaction.config.internalTransactionAdvisor'
2016-12-13 14:35:00 org.springframework.beans.factory.support.AbstractAutowireCapableBeanFactory.createBean(AbstractAutowireCapableBeanFactory.java:484)  Finished creating instance of bean 'org.springframework.transaction.config.internalTransactionalEventListenerFactory'
2016-12-13 14:35:00 org.springframework.beans.factory.support.AbstractBeanFactory.doGetBean(AbstractBeanFactory.java:251)  Returning cached instance of singleton bean 'org.springframework.aop.config.internalAutoProxyCreator'
2016-12-13 14:35:00 org.springframework.beans.factory.support.AbstractBeanFactory.doGetBean(AbstractBeanFactory.java:251)  Returning cached instance of singleton bean 'org.springframework.transaction.annotation.AnnotationTransactionAttributeSource#0'
2016-12-13 14:35:00 org.springframework.beans.factory.support.DefaultSingletonBeanRegistry.getSingleton(DefaultSingletonBeanRegistry.java:221)  Creating shared instance of singleton bean 'org.springframework.transaction.interceptor.TransactionInterceptor#0'
2016-12-13 14:35:00 org.springframework.beans.factory.support.AbstractAutowireCapableBeanFactory.createBean(AbstractAutowireCapableBeanFactory.java:448)  Creating instance of bean 'org.springframework.transaction.interceptor.TransactionInterceptor#0'
2016-12-13 14:35:00 org.springframework.beans.factory.support.AbstractAutowireCapableBeanFactory.doCreateBean(AbstractAutowireCapableBeanFactory.java:537)  Eagerly caching bean 'org.springframework.transaction.interceptor.TransactionInterceptor#0' to allow for resolving potential circular references
2016-12-13 14:35:00 org.springframework.beans.factory.support.AbstractBeanFactory.doGetBean(AbstractBeanFactory.java:251)  Returning cached instance of singleton bean 'org.springframework.transaction.annotation.AnnotationTransactionAttributeSource#0'
2016-12-13 14:35:00 org.springframework.beans.factory.support.AbstractAutowireCapableBeanFactory.invokeInitMethods(AbstractAutowireCapableBeanFactory.java:1625)  Invoking afterPropertiesSet() on bean with name 'org.springframework.transaction.interceptor.TransactionInterceptor#0'
2016-12-13 14:35:00 org.springframework.beans.factory.support.AbstractAutowireCapableBeanFactory.createBean(AbstractAutowireCapableBeanFactory.java:484)  Finished creating instance of bean 'org.springframework.transaction.interceptor.TransactionInterceptor#0'
2016-12-13 14:35:00 org.springframework.beans.factory.support.AbstractBeanFactory.doGetBean(AbstractBeanFactory.java:251)  Returning cached instance of singleton bean 'org.springframework.transaction.config.internalTransactionAdvisor'
2016-12-13 14:35:00 org.springframework.beans.factory.support.AbstractBeanFactory.doGetBean(AbstractBeanFactory.java:251)  Returning cached instance of singleton bean 'org.springframework.context.annotation.ConfigurationClassPostProcessor.importAwareProcessor'
2016-12-13 14:35:00 org.springframework.beans.factory.support.AbstractBeanFactory.doGetBean(AbstractBeanFactory.java:251)  Returning cached instance of singleton bean 'org.springframework.context.annotation.ConfigurationClassPostProcessor.enhancedConfigurationProcessor'
2016-12-13 14:35:00 org.springframework.beans.factory.support.DefaultSingletonBeanRegistry.getSingleton(DefaultSingletonBeanRegistry.java:221)  Creating shared instance of singleton bean 'deptDao'
2016-12-13 14:35:00 org.springframework.beans.factory.support.AbstractAutowireCapableBeanFactory.createBean(AbstractAutowireCapableBeanFactory.java:448)  Creating instance of bean 'deptDao'
2016-12-13 14:35:00 org.springframework.beans.factory.support.AbstractAutowireCapableBeanFactory.doCreateBean(AbstractAutowireCapableBeanFactory.java:537)  Eagerly caching bean 'deptDao' to allow for resolving potential circular references
2016-12-13 14:35:00 org.springframework.beans.factory.support.AbstractBeanFactory.doGetBean(AbstractBeanFactory.java:251)  Returning cached instance of singleton bean 'sqlSessionFactory'
2016-12-13 14:35:00 org.springframework.beans.factory.support.AbstractAutowireCapableBeanFactory.invokeInitMethods(AbstractAutowireCapableBeanFactory.java:1625)  Invoking afterPropertiesSet() on bean with name 'deptDao'
2016-12-13 14:35:00 org.springframework.beans.factory.support.AbstractBeanFactory.doGetBean(AbstractBeanFactory.java:251)  Returning cached instance of singleton bean 'org.springframework.transaction.config.internalTransactionAdvisor'
2016-12-13 14:35:00 org.springframework.beans.factory.support.AbstractAutowireCapableBeanFactory.createBean(AbstractAutowireCapableBeanFactory.java:484)  Finished creating instance of bean 'deptDao'
2016-12-13 14:35:00 org.springframework.beans.factory.support.DefaultSingletonBeanRegistry.getSingleton(DefaultSingletonBeanRegistry.java:221)  Creating shared instance of singleton bean 'empDao'
2016-12-13 14:35:00 org.springframework.beans.factory.support.AbstractAutowireCapableBeanFactory.createBean(AbstractAutowireCapableBeanFactory.java:448)  Creating instance of bean 'empDao'
2016-12-13 14:35:00 org.springframework.beans.factory.support.AbstractAutowireCapableBeanFactory.doCreateBean(AbstractAutowireCapableBeanFactory.java:537)  Eagerly caching bean 'empDao' to allow for resolving potential circular references
2016-12-13 14:35:00 org.springframework.beans.factory.support.AbstractBeanFactory.doGetBean(AbstractBeanFactory.java:251)  Returning cached instance of singleton bean 'sqlSessionFactory'
2016-12-13 14:35:00 org.springframework.beans.factory.support.AbstractAutowireCapableBeanFactory.invokeInitMethods(AbstractAutowireCapableBeanFactory.java:1625)  Invoking afterPropertiesSet() on bean with name 'empDao'
2016-12-13 14:35:00 org.springframework.beans.factory.support.AbstractBeanFactory.doGetBean(AbstractBeanFactory.java:251)  Returning cached instance of singleton bean 'org.springframework.transaction.config.internalTransactionAdvisor'
2016-12-13 14:35:00 org.springframework.beans.factory.support.AbstractAutowireCapableBeanFactory.createBean(AbstractAutowireCapableBeanFactory.java:484)  Finished creating instance of bean 'empDao'
2016-12-13 14:35:00 org.springframework.beans.factory.support.DefaultSingletonBeanRegistry.getSingleton(DefaultSingletonBeanRegistry.java:221)  Creating shared instance of singleton bean 'deptService'
2016-12-13 14:35:00 org.springframework.beans.factory.support.AbstractAutowireCapableBeanFactory.createBean(AbstractAutowireCapableBeanFactory.java:448)  Creating instance of bean 'deptService'
2016-12-13 14:35:00 org.springframework.beans.factory.support.AbstractAutowireCapableBeanFactory.doCreateBean(AbstractAutowireCapableBeanFactory.java:537)  Eagerly caching bean 'deptService' to allow for resolving potential circular references
2016-12-13 14:35:00 org.springframework.beans.factory.support.AbstractBeanFactory.doGetBean(AbstractBeanFactory.java:251)  Returning cached instance of singleton bean 'sqlSessionFactory'
2016-12-13 14:35:00 org.springframework.beans.factory.support.AbstractAutowireCapableBeanFactory.invokeInitMethods(AbstractAutowireCapableBeanFactory.java:1625)  Invoking afterPropertiesSet() on bean with name 'deptService'
2016-12-13 14:35:00 org.springframework.beans.factory.support.AbstractBeanFactory.doGetBean(AbstractBeanFactory.java:251)  Returning cached instance of singleton bean 'org.springframework.transaction.config.internalTransactionAdvisor'
2016-12-13 14:35:00 org.springframework.beans.factory.support.AbstractAutowireCapableBeanFactory.createBean(AbstractAutowireCapableBeanFactory.java:484)  Finished creating instance of bean 'deptService'
2016-12-13 14:35:00 org.springframework.beans.factory.support.AbstractBeanFactory.doGetBean(AbstractBeanFactory.java:251)  Returning cached instance of singleton bean 'org.springframework.context.event.internalEventListenerFactory'
2016-12-13 14:35:00 org.springframework.beans.factory.support.AbstractBeanFactory.doGetBean(AbstractBeanFactory.java:251)  Returning cached instance of singleton bean 'org.springframework.transaction.config.internalTransactionalEventListenerFactory'
2016-12-13 14:35:00 org.springframework.context.support.AbstractApplicationContext.initLifecycleProcessor(AbstractApplicationContext.java:784)  Unable to locate LifecycleProcessor with name 'lifecycleProcessor': using default [org.springframework.context.support.DefaultLifecycleProcessor@6221a451]
2016-12-13 14:35:00 org.springframework.beans.factory.support.AbstractBeanFactory.doGetBean(AbstractBeanFactory.java:251)  Returning cached instance of singleton bean 'lifecycleProcessor'
2016-12-13 14:35:00 org.springframework.beans.factory.support.AbstractBeanFactory.doGetBean(AbstractBeanFactory.java:251)  Returning cached instance of singleton bean 'sqlSessionFactory'
2016-12-13 14:35:00 org.springframework.core.env.PropertySourcesPropertyResolver.getProperty(PropertySourcesPropertyResolver.java:91)  Could not find key 'spring.liveBeansView.mbeanDomain' in any property source
2016-12-13 14:36:00 org.springframework.core.env.MutablePropertySources.addLast(MutablePropertySources.java:109)  Adding [systemProperties] PropertySource with lowest search precedence
2016-12-13 14:36:00 org.springframework.core.env.MutablePropertySources.addLast(MutablePropertySources.java:109)  Adding [systemEnvironment] PropertySource with lowest search precedence
2016-12-13 14:36:00 org.springframework.core.env.AbstractEnvironment.<init>(AbstractEnvironment.java:124)  Initialized StandardEnvironment with PropertySources [systemProperties,systemEnvironment]
2016-12-13 14:36:00 org.springframework.context.support.AbstractApplicationContext.prepareRefresh(AbstractApplicationContext.java:582)  Refreshing org.springframework.context.support.ClassPathXmlApplicationContext@71c7db30: startup date [Tue Dec 13 14:36:00 CST 2016]; root of context hierarchy
2016-12-13 14:36:00 org.springframework.core.env.MutablePropertySources.addLast(MutablePropertySources.java:109)  Adding [systemProperties] PropertySource with lowest search precedence
2016-12-13 14:36:00 org.springframework.core.env.MutablePropertySources.addLast(MutablePropertySources.java:109)  Adding [systemEnvironment] PropertySource with lowest search precedence
2016-12-13 14:36:00 org.springframework.core.env.AbstractEnvironment.<init>(AbstractEnvironment.java:124)  Initialized StandardEnvironment with PropertySources [systemProperties,systemEnvironment]
2016-12-13 14:36:00 org.springframework.beans.factory.xml.XmlBeanDefinitionReader.loadBeanDefinitions(XmlBeanDefinitionReader.java:317)  Loading XML bean definitions from class path resource [applicationContext.xml]
2016-12-13 14:36:00 org.springframework.beans.factory.xml.DefaultDocumentLoader.loadDocument(DefaultDocumentLoader.java:73)  Using JAXP provider [com.sun.org.apache.xerces.internal.jaxp.DocumentBuilderFactoryImpl]
2016-12-13 14:36:00 org.springframework.beans.factory.xml.PluggableSchemaResolver.getSchemaMappings(PluggableSchemaResolver.java:141)  Loading schema mappings from [META-INF/spring.schemas]
2016-12-13 14:36:00 org.springframework.beans.factory.xml.PluggableSchemaResolver.getSchemaMappings(PluggableSchemaResolver.java:147)  Loaded schema mappings: {http://www.springframework.org/schema/tx/spring-tx-4.3.xsd=org/springframework/transaction/config/spring-tx-4.3.xsd, http://www.springframework.org/schema/tx/spring-tx-2.5.xsd=org/springframework/transaction/config/spring-tx-2.5.xsd, http://www.springframework.org/schema/cache/spring-cache-4.2.xsd=org/springframework/cache/config/spring-cache-4.2.xsd, http://www.springframework.org/schema/aop/spring-aop-4.1.xsd=org/springframework/aop/config/spring-aop-4.1.xsd, http://www.springframework.org/schema/context/spring-context-3.1.xsd=org/springframework/context/config/spring-context-3.1.xsd, http://www.springframework.org/schema/jdbc/spring-jdbc-4.1.xsd=org/springframework/jdbc/config/spring-jdbc-4.1.xsd, http://www.springframework.org/schema/util/spring-util-3.0.xsd=org/springframework/beans/factory/xml/spring-util-3.0.xsd, http://mybatis.org/schema/mybatis-spring-1.2.xsd=org/mybatis/spring/config/mybatis-spring-1.2.xsd, http://www.springframework.org/schema/tool/spring-tool.xsd=org/springframework/beans/factory/xml/spring-tool-4.3.xsd, http://www.springframework.org/schema/aop/spring-aop-3.2.xsd=org/springframework/aop/config/spring-aop-3.2.xsd, http://www.springframework.org/schema/lang/spring-lang-4.1.xsd=org/springframework/scripting/config/spring-lang-4.1.xsd, http://www.springframework.org/schema/context/spring-context-4.0.xsd=org/springframework/context/config/spring-context-4.0.xsd, http://www.springframework.org/schema/beans/spring-beans-4.2.xsd=org/springframework/beans/factory/xml/spring-beans-4.2.xsd, http://www.springframework.org/schema/tool/spring-tool-4.1.xsd=org/springframework/beans/factory/xml/spring-tool-4.1.xsd, http://www.springframework.org/schema/lang/spring-lang-3.2.xsd=org/springframework/scripting/config/spring-lang-3.2.xsd, http://www.springframework.org/schema/cache/spring-cache-3.2.xsd=org/springframework/cache/config/spring-cache-3.2.xsd, http://www.springframework.org/schema/jee/spring-jee-4.1.xsd=org/springframework/ejb/config/spring-jee-4.1.xsd, http://www.springframework.org/schema/jdbc/spring-jdbc-3.1.xsd=org/springframework/jdbc/config/spring-jdbc-3.1.xsd, http://www.springframework.org/schema/util/spring-util-2.0.xsd=org/springframework/beans/factory/xml/spring-util-2.0.xsd, http://www.springframework.org/schema/task/spring-task-4.2.xsd=org/springframework/scheduling/config/spring-task-4.2.xsd, http://www.springframework.org/schema/tool/spring-tool-3.2.xsd=org/springframework/beans/factory/xml/spring-tool-3.2.xsd, http://www.springframework.org/schema/context/spring-context.xsd=org/springframework/context/config/spring-context-4.3.xsd, http://www.springframework.org/schema/tx/spring-tx-4.2.xsd=org/springframework/transaction/config/spring-tx-4.2.xsd, http://www.springframework.org/schema/cache/spring-cache-4.1.xsd=org/springframework/cache/config/spring-cache-4.1.xsd, http://www.springframework.org/schema/aop/spring-aop-4.0.xsd=org/springframework/aop/config/spring-aop-4.0.xsd, http://www.springframework.org/schema/jee/spring-jee-3.2.xsd=org/springframework/ejb/config/spring-jee-3.2.xsd, http://www.springframework.org/schema/context/spring-context-3.0.xsd=org/springframework/context/config/spring-context-3.0.xsd, http://www.springframework.org/schema/jdbc/spring-jdbc-4.0.xsd=org/springframework/jdbc/config/spring-jdbc-4.0.xsd, http://www.springframework.org/schema/util/spring-util-4.3.xsd=org/springframework/beans/factory/xml/spring-util-4.3.xsd, http://www.springframework.org/schema/util/spring-util-2.5.xsd=org/springframework/beans/factory/xml/spring-util-2.5.xsd, http://www.springframework.org/schema/beans/spring-beans-3.2.xsd=org/springframework/beans/factory/xml/spring-beans-3.2.xsd, http://www.springframework.org/schema/aop/spring-aop-3.1.xsd=org/springframework/aop/config/spring-aop-3.1.xsd, http://www.springframework.org/schema/lang/spring-lang-4.0.xsd=org/springframework/scripting/config/spring-lang-4.0.xsd, http://www.springframework.org/schema/beans/spring-beans-4.1.xsd=org/springframework/beans/factory/xml/spring-beans-4.1.xsd, http://www.springframework.org/schema/tool/spring-tool-4.0.xsd=org/springframework/beans/factory/xml/spring-tool-4.0.xsd, http://www.springframework.org/schema/tx/spring-tx-3.2.xsd=org/springframework/transaction/config/spring-tx-3.2.xsd, http://www.springframework.org/schema/lang/spring-lang-3.1.xsd=org/springframework/scripting/config/spring-lang-3.1.xsd, http://www.springframework.org/schema/cache/spring-cache-3.1.xsd=org/springframework/cache/config/spring-cache-3.1.xsd, http://www.springframework.org/schema/jee/spring-jee-4.0.xsd=org/springframework/ejb/config/spring-jee-4.0.xsd, http://www.springframework.org/schema/jdbc/spring-jdbc-3.0.xsd=org/springframework/jdbc/config/spring-jdbc-3.0.xsd, http://www.springframework.org/schema/task/spring-task-4.1.xsd=org/springframework/scheduling/config/spring-task-4.1.xsd, http://www.springframework.org/schema/jdbc/spring-jdbc.xsd=org/springframework/jdbc/config/spring-jdbc-4.3.xsd, http://www.springframework.org/schema/tool/spring-tool-3.1.xsd=org/springframework/beans/factory/xml/spring-tool-3.1.xsd, http://www.springframework.org/schema/tx/spring-tx-4.1.xsd=org/springframework/transaction/config/spring-tx-4.1.xsd, http://www.springframework.org/schema/cache/spring-cache-4.0.xsd=org/springframework/cache/config/spring-cache-4.0.xsd, http://www.springframework.org/schema/jee/spring-jee-3.1.xsd=org/springframework/ejb/config/spring-jee-3.1.xsd, http://www.springframework.org/schema/util/spring-util-4.2.xsd=org/springframework/beans/factory/xml/spring-util-4.2.xsd, http://www.springframework.org/schema/task/spring-task-3.2.xsd=org/springframework/scheduling/config/spring-task-3.2.xsd, http://www.springframework.org/schema/beans/spring-beans-3.1.xsd=org/springframework/beans/factory/xml/spring-beans-3.1.xsd, http://www.springframework.org/schema/util/spring-util.xsd=org/springframework/beans/factory/xml/spring-util-4.3.xsd, http://www.springframework.org/schema/aop/spring-aop-3.0.xsd=org/springframework/aop/config/spring-aop-3.0.xsd, http://www.springframework.org/schema/beans/spring-beans-4.0.xsd=org/springframework/beans/factory/xml/spring-beans-4.0.xsd, http://www.springframework.org/schema/beans/spring-beans.xsd=org/springframework/beans/factory/xml/spring-beans-4.3.xsd, http://mybatis.org/schema/mybatis-spring.xsd=org/mybatis/spring/config/mybatis-spring-1.2.xsd, http://www.springframework.org/schema/tx/spring-tx-3.1.xsd=org/springframework/transaction/config/spring-tx-3.1.xsd, http://www.springframework.org/schema/lang/spring-lang-3.0.xsd=org/springframework/scripting/config/spring-lang-3.0.xsd, http://www.springframework.org/schema/context/spring-context-2.5.xsd=org/springframework/context/config/spring-context-2.5.xsd, http://www.springframework.org/schema/context/spring-context-4.3.xsd=org/springframework/context/config/spring-context-4.3.xsd, http://www.springframework.org/schema/task/spring-task-4.0.xsd=org/springframework/scheduling/config/spring-task-4.0.xsd, http://www.springframework.org/schema/tool/spring-tool-3.0.xsd=org/springframework/beans/factory/xml/spring-tool-3.0.xsd, http://www.springframework.org/schema/tx/spring-tx-4.0.xsd=org/springframework/transaction/config/spring-tx-4.0.xsd, http://www.springframework.org/schema/aop/spring-aop-2.0.xsd=org/springframework/aop/config/spring-aop-2.0.xsd, http://www.springframework.org/schema/jee/spring-jee-3.0.xsd=org/springframework/ejb/config/spring-jee-3.0.xsd, http://www.springframework.org/schema/util/spring-util-4.1.xsd=org/springframework/beans/factory/xml/spring-util-4.1.xsd, http://www.springframework.org/schema/task/spring-task-3.1.xsd=org/springframework/scheduling/config/spring-task-3.1.xsd, http://www.springframework.org/schema/beans/spring-beans-3.0.xsd=org/springframework/beans/factory/xml/spring-beans-3.0.xsd, http://www.springframework.org/schema/jee/spring-jee.xsd=org/springframework/ejb/config/spring-jee-4.3.xsd, http://www.springframework.org/schema/aop/spring-aop-2.5.xsd=org/springframework/aop/config/spring-aop-2.5.xsd, http://www.springframework.org/schema/aop/spring-aop-4.3.xsd=org/springframework/aop/config/spring-aop-4.3.xsd, http://www.springframework.org/schema/lang/spring-lang-2.0.xsd=org/springframework/scripting/config/spring-lang-2.0.xsd, http://www.springframework.org/schema/jdbc/spring-jdbc-4.3.xsd=org/springframework/jdbc/config/spring-jdbc-4.3.xsd, http://www.springframework.org/schema/util/spring-util-3.2.xsd=org/springframework/beans/factory/xml/spring-util-3.2.xsd, http://www.springframework.org/schema/task/spring-task.xsd=org/springframework/scheduling/config/spring-task-4.3.xsd, http://www.springframework.org/schema/tool/spring-tool-2.0.xsd=org/springframework/beans/factory/xml/spring-tool-2.0.xsd, http://www.springframework.org/schema/tx/spring-tx-3.0.xsd=org/springframework/transaction/config/spring-tx-3.0.xsd, http://www.springframework.org/schema/lang/spring-lang-2.5.xsd=org/springframework/scripting/config/spring-lang-2.5.xsd, http://www.springframework.org/schema/lang/spring-lang-4.3.xsd=org/springframework/scripting/config/spring-lang-4.3.xsd, http://www.springframework.org/schema/context/spring-context-4.2.xsd=org/springframework/context/config/spring-context-4.2.xsd, http://www.springframework.org/schema/jee/spring-jee-2.0.xsd=org/springframework/ejb/config/spring-jee-2.0.xsd, http://www.springframework.org/schema/tool/spring-tool-4.3.xsd=org/springframework/beans/factory/xml/spring-tool-4.3.xsd, http://www.springframework.org/schema/tool/spring-tool-2.5.xsd=org/springframework/beans/factory/xml/spring-tool-2.5.xsd, http://www.springframework.org/schema/jee/spring-jee-4.3.xsd=org/springframework/ejb/config/spring-jee-4.3.xsd, http://www.springframework.org/schema/jee/spring-jee-2.5.xsd=org/springframework/ejb/config/spring-jee-2.5.xsd, http://www.springframework.org/schema/util/spring-util-4.0.xsd=org/springframework/beans/factory/xml/spring-util-4.0.xsd, http://www.springframework.org/schema/task/spring-task-3.0.xsd=org/springframework/scheduling/config/spring-task-3.0.xsd, http://www.springframework.org/schema/cache/spring-cache-4.3.xsd=org/springframework/cache/config/spring-cache-4.3.xsd, http://www.springframework.org/schema/aop/spring-aop-4.2.xsd=org/springframework/aop/config/spring-aop-4.2.xsd, http://www.springframework.org/schema/lang/spring-lang.xsd=org/springframework/scripting/config/spring-lang-4.3.xsd, http://www.springframework.org/schema/context/spring-context-3.2.xsd=org/springframework/context/config/spring-context-3.2.xsd, http://www.springframework.org/schema/jdbc/spring-jdbc-4.2.xsd=org/springframework/jdbc/config/spring-jdbc-4.2.xsd, http://www.springframework.org/schema/util/spring-util-3.1.xsd=org/springframework/beans/factory/xml/spring-util-3.1.xsd, http://www.springframework.org/schema/beans/spring-beans-2.0.xsd=org/springframework/beans/factory/xml/spring-beans-2.0.xsd, http://www.springframework.org/schema/cache/spring-cache.xsd=org/springframework/cache/config/spring-cache-4.3.xsd, http://www.springframework.org/schema/tx/spring-tx.xsd=org/springframework/transaction/config/spring-tx-4.3.xsd, http://www.springframework.org/schema/lang/spring-lang-4.2.xsd=org/springframework/scripting/config/spring-lang-4.2.xsd, http://www.springframework.org/schema/context/spring-context-4.1.xsd=org/springframework/context/config/spring-context-4.1.xsd, http://www.springframework.org/schema/beans/spring-beans-2.5.xsd=org/springframework/beans/factory/xml/spring-beans-2.5.xsd, http://www.springframework.org/schema/beans/spring-beans-4.3.xsd=org/springframework/beans/factory/xml/spring-beans-4.3.xsd, http://www.springframework.org/schema/tool/spring-tool-4.2.xsd=org/springframework/beans/factory/xml/spring-tool-4.2.xsd, http://www.springframework.org/schema/tx/spring-tx-2.0.xsd=org/springframework/transaction/config/spring-tx-2.0.xsd, http://www.alibaba.com/schema/stat.xsd=META-INF/stat.xsd, http://www.springframework.org/schema/jee/spring-jee-4.2.xsd=org/springframework/ejb/config/spring-jee-4.2.xsd, http://www.springframework.org/schema/jdbc/spring-jdbc-3.2.xsd=org/springframework/jdbc/config/spring-jdbc-3.2.xsd, http://www.springframework.org/schema/task/spring-task-4.3.xsd=org/springframework/scheduling/config/spring-task-4.3.xsd, http://www.springframework.org/schema/aop/spring-aop.xsd=org/springframework/aop/config/spring-aop-4.3.xsd}
2016-12-13 14:36:00 org.springframework.beans.factory.xml.PluggableSchemaResolver.resolveEntity(PluggableSchemaResolver.java:119)  Found XML schema [http://www.springframework.org/schema/beans/spring-beans.xsd] in classpath: org/springframework/beans/factory/xml/spring-beans-4.3.xsd
2016-12-13 14:36:00 org.springframework.beans.factory.xml.PluggableSchemaResolver.resolveEntity(PluggableSchemaResolver.java:119)  Found XML schema [http://www.springframework.org/schema/context/spring-context.xsd] in classpath: org/springframework/context/config/spring-context-4.3.xsd
2016-12-13 14:36:00 org.springframework.beans.factory.xml.PluggableSchemaResolver.resolveEntity(PluggableSchemaResolver.java:119)  Found XML schema [http://www.springframework.org/schema/tool/spring-tool-4.3.xsd] in classpath: org/springframework/beans/factory/xml/spring-tool-4.3.xsd
2016-12-13 14:36:00 org.springframework.beans.factory.xml.PluggableSchemaResolver.resolveEntity(PluggableSchemaResolver.java:119)  Found XML schema [http://www.springframework.org/schema/tx/spring-tx.xsd] in classpath: org/springframework/transaction/config/spring-tx-4.3.xsd
2016-12-13 14:36:00 org.springframework.beans.factory.xml.DefaultBeanDefinitionDocumentReader.registerBeanDefinitions(DefaultBeanDefinitionDocumentReader.java:92)  Loading bean definitions
2016-12-13 14:36:00 org.springframework.beans.factory.xml.DefaultNamespaceHandlerResolver.getHandlerMappings(DefaultNamespaceHandlerResolver.java:157)  Loaded NamespaceHandler mappings: {http://www.springframework.org/schema/p=org.springframework.beans.factory.xml.SimplePropertyNamespaceHandler, http://www.springframework.org/schema/util=org.springframework.beans.factory.xml.UtilNamespaceHandler, http://www.alibaba.com/schema/stat=com.alibaba.druid.support.spring.stat.config.DruidStatNamespaceHandler, http://www.springframework.org/schema/jee=org.springframework.ejb.config.JeeNamespaceHandler, http://www.springframework.org/schema/aop=org.springframework.aop.config.AopNamespaceHandler, http://www.springframework.org/schema/jdbc=org.springframework.jdbc.config.JdbcNamespaceHandler, http://www.springframework.org/schema/cache=org.springframework.cache.config.CacheNamespaceHandler, http://mybatis.org/schema/mybatis-spring=org.mybatis.spring.config.NamespaceHandler, http://www.springframework.org/schema/c=org.springframework.beans.factory.xml.SimpleConstructorNamespaceHandler, http://www.springframework.org/schema/tx=org.springframework.transaction.config.TxNamespaceHandler, http://www.springframework.org/schema/task=org.springframework.scheduling.config.TaskNamespaceHandler, http://www.springframework.org/schema/lang=org.springframework.scripting.config.LangNamespaceHandler, http://www.springframework.org/schema/context=org.springframework.context.config.ContextNamespaceHandler}
2016-12-13 14:36:00 org.springframework.core.env.MutablePropertySources.addLast(MutablePropertySources.java:109)  Adding [systemProperties] PropertySource with lowest search precedence
2016-12-13 14:36:00 org.springframework.core.env.MutablePropertySources.addLast(MutablePropertySources.java:109)  Adding [systemEnvironment] PropertySource with lowest search precedence
2016-12-13 14:36:00 org.springframework.core.env.AbstractEnvironment.<init>(AbstractEnvironment.java:124)  Initialized StandardEnvironment with PropertySources [systemProperties,systemEnvironment]
2016-12-13 14:36:00 org.springframework.core.io.support.PathMatchingResourcePatternResolver.findAllClassPathResources(PathMatchingResourcePatternResolver.java:317)  Resolved classpath location [com/hc/] to resources [URL [file:/D:/SpringMybatisWebDemo/target/classes/com/hc/]]
2016-12-13 14:36:00 org.springframework.core.io.support.PathMatchingResourcePatternResolver.doFindMatchingFileSystemResources(PathMatchingResourcePatternResolver.java:711)  Looking for matching resources in directory tree [D:\SpringMybatisWebDemo\target\classes\com\hc]
2016-12-13 14:36:00 org.springframework.core.io.support.PathMatchingResourcePatternResolver.doRetrieveMatchingFiles(PathMatchingResourcePatternResolver.java:773)  Searching directory [D:\SpringMybatisWebDemo\target\classes\com\hc] for files matching pattern [D:/SpringMybatisWebDemo/target/classes/com/hc/**/*.class]
2016-12-13 14:36:00 org.springframework.core.io.support.PathMatchingResourcePatternResolver.doRetrieveMatchingFiles(PathMatchingResourcePatternResolver.java:773)  Searching directory [D:\SpringMybatisWebDemo\target\classes\com\hc\action] for files matching pattern [D:/SpringMybatisWebDemo/target/classes/com/hc/**/*.class]
2016-12-13 14:36:00 org.springframework.core.io.support.PathMatchingResourcePatternResolver.doRetrieveMatchingFiles(PathMatchingResourcePatternResolver.java:773)  Searching directory [D:\SpringMybatisWebDemo\target\classes\com\hc\dao] for files matching pattern [D:/SpringMybatisWebDemo/target/classes/com/hc/**/*.class]
2016-12-13 14:36:00 org.springframework.core.io.support.PathMatchingResourcePatternResolver.doRetrieveMatchingFiles(PathMatchingResourcePatternResolver.java:773)  Searching directory [D:\SpringMybatisWebDemo\target\classes\com\hc\dao\impl] for files matching pattern [D:/SpringMybatisWebDemo/target/classes/com/hc/**/*.class]
2016-12-13 14:36:00 org.springframework.core.io.support.PathMatchingResourcePatternResolver.doRetrieveMatchingFiles(PathMatchingResourcePatternResolver.java:773)  Searching directory [D:\SpringMybatisWebDemo\target\classes\com\hc\domain] for files matching pattern [D:/SpringMybatisWebDemo/target/classes/com/hc/**/*.class]
2016-12-13 14:36:00 org.springframework.core.io.support.PathMatchingResourcePatternResolver.doRetrieveMatchingFiles(PathMatchingResourcePatternResolver.java:773)  Searching directory [D:\SpringMybatisWebDemo\target\classes\com\hc\listener] for files matching pattern [D:/SpringMybatisWebDemo/target/classes/com/hc/**/*.class]
2016-12-13 14:36:00 org.springframework.core.io.support.PathMatchingResourcePatternResolver.doRetrieveMatchingFiles(PathMatchingResourcePatternResolver.java:773)  Searching directory [D:\SpringMybatisWebDemo\target\classes\com\hc\mapping] for files matching pattern [D:/SpringMybatisWebDemo/target/classes/com/hc/**/*.class]
2016-12-13 14:36:00 org.springframework.core.io.support.PathMatchingResourcePatternResolver.doRetrieveMatchingFiles(PathMatchingResourcePatternResolver.java:773)  Searching directory [D:\SpringMybatisWebDemo\target\classes\com\hc\service] for files matching pattern [D:/SpringMybatisWebDemo/target/classes/com/hc/**/*.class]
2016-12-13 14:36:00 org.springframework.core.io.support.PathMatchingResourcePatternResolver.doRetrieveMatchingFiles(PathMatchingResourcePatternResolver.java:773)  Searching directory [D:\SpringMybatisWebDemo\target\classes\com\hc\service\impl] for files matching pattern [D:/SpringMybatisWebDemo/target/classes/com/hc/**/*.class]
2016-12-13 14:36:00 org.springframework.core.io.support.PathMatchingResourcePatternResolver.findPathMatchingResources(PathMatchingResourcePatternResolver.java:483)  Resolved location pattern [classpath*:com/hc/**/*.class] to resources [file [D:\SpringMybatisWebDemo\target\classes\com\hc\action\DeptServlet.class], file [D:\SpringMybatisWebDemo\target\classes\com\hc\dao\DeptDao.class], file [D:\SpringMybatisWebDemo\target\classes\com\hc\dao\EmpDao.class], file [D:\SpringMybatisWebDemo\target\classes\com\hc\dao\impl\DeptDaoImpl.class], file [D:\SpringMybatisWebDemo\target\classes\com\hc\DemoTest.class], file [D:\SpringMybatisWebDemo\target\classes\com\hc\domain\Dept.class], file [D:\SpringMybatisWebDemo\target\classes\com\hc\domain\Emp.class], file [D:\SpringMybatisWebDemo\target\classes\com\hc\listener\SessionListener.class], file [D:\SpringMybatisWebDemo\target\classes\com\hc\service\DeptService.class], file [D:\SpringMybatisWebDemo\target\classes\com\hc\service\impl\DeptServiceImpl.class]]
2016-12-13 14:36:00 org.springframework.context.annotation.ClassPathScanningCandidateComponentProvider.findCandidateComponents(ClassPathScanningCandidateComponentProvider.java:286)  Identified candidate component class: file [D:\SpringMybatisWebDemo\target\classes\com\hc\dao\impl\DeptDaoImpl.class]
2016-12-13 14:36:00 org.springframework.context.annotation.ClassPathScanningCandidateComponentProvider.findCandidateComponents(ClassPathScanningCandidateComponentProvider.java:286)  Identified candidate component class: file [D:\SpringMybatisWebDemo\target\classes\com\hc\service\impl\DeptServiceImpl.class]
2016-12-13 14:36:00 org.springframework.beans.factory.xml.BeanDefinitionParserDelegate.parseBeanDefinitionElement(BeanDefinitionParserDelegate.java:481)  Neither XML 'id' nor 'name' specified - using generated bean name [org.mybatis.spring.mapper.MapperScannerConfigurer#0]
2016-12-13 14:36:00 org.springframework.beans.factory.support.AbstractBeanDefinitionReader.loadBeanDefinitions(AbstractBeanDefinitionReader.java:224)  Loaded 17 bean definitions from location pattern [applicationContext.xml]
2016-12-13 14:36:00 org.springframework.context.support.AbstractApplicationContext.obtainFreshBeanFactory(AbstractApplicationContext.java:616)  Bean factory for org.springframework.context.support.ClassPathXmlApplicationContext@71c7db30: org.springframework.beans.factory.support.DefaultListableBeanFactory@365c30cc: defining beans [deptDaoImpl,deptServiceImpl,org.springframework.context.annotation.internalConfigurationAnnotationProcessor,org.springframework.context.annotation.internalAutowiredAnnotationProcessor,org.springframework.context.annotation.internalRequiredAnnotationProcessor,org.springframework.context.annotation.internalCommonAnnotationProcessor,org.springframework.context.event.internalEventListenerProcessor,org.springframework.context.event.internalEventListenerFactory,dataSource123,sqlSessionFactory,org.mybatis.spring.mapper.MapperScannerConfigurer#0,txManager,org.springframework.transaction.config.internalTransactionalEventListenerFactory,org.springframework.aop.config.internalAutoProxyCreator,org.springframework.transaction.annotation.AnnotationTransactionAttributeSource#0,org.springframework.transaction.interceptor.TransactionInterceptor#0,org.springframework.transaction.config.internalTransactionAdvisor]; root of factory hierarchy
2016-12-13 14:36:00 org.springframework.beans.factory.support.DefaultSingletonBeanRegistry.getSingleton(DefaultSingletonBeanRegistry.java:221)  Creating shared instance of singleton bean 'org.springframework.context.annotation.internalConfigurationAnnotationProcessor'
2016-12-13 14:36:00 org.springframework.beans.factory.support.AbstractAutowireCapableBeanFactory.createBean(AbstractAutowireCapableBeanFactory.java:448)  Creating instance of bean 'org.springframework.context.annotation.internalConfigurationAnnotationProcessor'
2016-12-13 14:36:00 org.springframework.beans.factory.support.AbstractAutowireCapableBeanFactory.doCreateBean(AbstractAutowireCapableBeanFactory.java:537)  Eagerly caching bean 'org.springframework.context.annotation.internalConfigurationAnnotationProcessor' to allow for resolving potential circular references
2016-12-13 14:36:00 org.springframework.beans.factory.support.AbstractAutowireCapableBeanFactory.createBean(AbstractAutowireCapableBeanFactory.java:484)  Finished creating instance of bean 'org.springframework.context.annotation.internalConfigurationAnnotationProcessor'
2016-12-13 14:36:00 org.springframework.beans.factory.support.DefaultSingletonBeanRegistry.getSingleton(DefaultSingletonBeanRegistry.java:221)  Creating shared instance of singleton bean 'org.mybatis.spring.mapper.MapperScannerConfigurer#0'
2016-12-13 14:36:00 org.springframework.beans.factory.support.AbstractAutowireCapableBeanFactory.createBean(AbstractAutowireCapableBeanFactory.java:448)  Creating instance of bean 'org.mybatis.spring.mapper.MapperScannerConfigurer#0'
2016-12-13 14:36:00 org.springframework.beans.factory.support.AbstractAutowireCapableBeanFactory.doCreateBean(AbstractAutowireCapableBeanFactory.java:537)  Eagerly caching bean 'org.mybatis.spring.mapper.MapperScannerConfigurer#0' to allow for resolving potential circular references
2016-12-13 14:36:00 org.springframework.beans.factory.support.AbstractAutowireCapableBeanFactory.invokeInitMethods(AbstractAutowireCapableBeanFactory.java:1625)  Invoking afterPropertiesSet() on bean with name 'org.mybatis.spring.mapper.MapperScannerConfigurer#0'
2016-12-13 14:36:00 org.springframework.beans.factory.support.AbstractAutowireCapableBeanFactory.createBean(AbstractAutowireCapableBeanFactory.java:484)  Finished creating instance of bean 'org.mybatis.spring.mapper.MapperScannerConfigurer#0'
2016-12-13 14:36:00 org.springframework.core.env.MutablePropertySources.addLast(MutablePropertySources.java:109)  Adding [systemProperties] PropertySource with lowest search precedence
2016-12-13 14:36:00 org.springframework.core.env.MutablePropertySources.addLast(MutablePropertySources.java:109)  Adding [systemEnvironment] PropertySource with lowest search precedence
2016-12-13 14:36:00 org.springframework.core.env.AbstractEnvironment.<init>(AbstractEnvironment.java:124)  Initialized StandardEnvironment with PropertySources [systemProperties,systemEnvironment]
2016-12-13 14:36:00 org.springframework.core.io.support.PathMatchingResourcePatternResolver.findAllClassPathResources(PathMatchingResourcePatternResolver.java:317)  Resolved classpath location [com/hc/] to resources [URL [file:/D:/SpringMybatisWebDemo/target/classes/com/hc/]]
2016-12-13 14:36:00 org.springframework.core.io.support.PathMatchingResourcePatternResolver.doFindMatchingFileSystemResources(PathMatchingResourcePatternResolver.java:711)  Looking for matching resources in directory tree [D:\SpringMybatisWebDemo\target\classes\com\hc]
2016-12-13 14:36:00 org.springframework.core.io.support.PathMatchingResourcePatternResolver.doRetrieveMatchingFiles(PathMatchingResourcePatternResolver.java:773)  Searching directory [D:\SpringMybatisWebDemo\target\classes\com\hc] for files matching pattern [D:/SpringMybatisWebDemo/target/classes/com/hc/*/**/*.class]
2016-12-13 14:36:00 org.springframework.core.io.support.PathMatchingResourcePatternResolver.doRetrieveMatchingFiles(PathMatchingResourcePatternResolver.java:773)  Searching directory [D:\SpringMybatisWebDemo\target\classes\com\hc\action] for files matching pattern [D:/SpringMybatisWebDemo/target/classes/com/hc/*/**/*.class]
2016-12-13 14:36:00 org.springframework.core.io.support.PathMatchingResourcePatternResolver.doRetrieveMatchingFiles(PathMatchingResourcePatternResolver.java:773)  Searching directory [D:\SpringMybatisWebDemo\target\classes\com\hc\dao] for files matching pattern [D:/SpringMybatisWebDemo/target/classes/com/hc/*/**/*.class]
2016-12-13 14:36:00 org.springframework.core.io.support.PathMatchingResourcePatternResolver.doRetrieveMatchingFiles(PathMatchingResourcePatternResolver.java:773)  Searching directory [D:\SpringMybatisWebDemo\target\classes\com\hc\dao\impl] for files matching pattern [D:/SpringMybatisWebDemo/target/classes/com/hc/*/**/*.class]
2016-12-13 14:36:00 org.springframework.core.io.support.PathMatchingResourcePatternResolver.doRetrieveMatchingFiles(PathMatchingResourcePatternResolver.java:773)  Searching directory [D:\SpringMybatisWebDemo\target\classes\com\hc\domain] for files matching pattern [D:/SpringMybatisWebDemo/target/classes/com/hc/*/**/*.class]
2016-12-13 14:36:00 org.springframework.core.io.support.PathMatchingResourcePatternResolver.doRetrieveMatchingFiles(PathMatchingResourcePatternResolver.java:773)  Searching directory [D:\SpringMybatisWebDemo\target\classes\com\hc\listener] for files matching pattern [D:/SpringMybatisWebDemo/target/classes/com/hc/*/**/*.class]
2016-12-13 14:36:00 org.springframework.core.io.support.PathMatchingResourcePatternResolver.doRetrieveMatchingFiles(PathMatchingResourcePatternResolver.java:773)  Searching directory [D:\SpringMybatisWebDemo\target\classes\com\hc\mapping] for files matching pattern [D:/SpringMybatisWebDemo/target/classes/com/hc/*/**/*.class]
2016-12-13 14:36:00 org.springframework.core.io.support.PathMatchingResourcePatternResolver.doRetrieveMatchingFiles(PathMatchingResourcePatternResolver.java:773)  Searching directory [D:\SpringMybatisWebDemo\target\classes\com\hc\service] for files matching pattern [D:/SpringMybatisWebDemo/target/classes/com/hc/*/**/*.class]
2016-12-13 14:36:00 org.springframework.core.io.support.PathMatchingResourcePatternResolver.doRetrieveMatchingFiles(PathMatchingResourcePatternResolver.java:773)  Searching directory [D:\SpringMybatisWebDemo\target\classes\com\hc\service\impl] for files matching pattern [D:/SpringMybatisWebDemo/target/classes/com/hc/*/**/*.class]
2016-12-13 14:36:00 org.springframework.core.io.support.PathMatchingResourcePatternResolver.findPathMatchingResources(PathMatchingResourcePatternResolver.java:483)  Resolved location pattern [classpath*:com/hc/*/**/*.class] to resources [file [D:\SpringMybatisWebDemo\target\classes\com\hc\action\DeptServlet.class], file [D:\SpringMybatisWebDemo\target\classes\com\hc\dao\DeptDao.class], file [D:\SpringMybatisWebDemo\target\classes\com\hc\dao\EmpDao.class], file [D:\SpringMybatisWebDemo\target\classes\com\hc\dao\impl\DeptDaoImpl.class], file [D:\SpringMybatisWebDemo\target\classes\com\hc\domain\Dept.class], file [D:\SpringMybatisWebDemo\target\classes\com\hc\domain\Emp.class], file [D:\SpringMybatisWebDemo\target\classes\com\hc\listener\SessionListener.class], file [D:\SpringMybatisWebDemo\target\classes\com\hc\service\DeptService.class], file [D:\SpringMybatisWebDemo\target\classes\com\hc\service\impl\DeptServiceImpl.class]]
2016-12-13 14:36:00 org.springframework.context.annotation.ClassPathScanningCandidateComponentProvider.findCandidateComponents(ClassPathScanningCandidateComponentProvider.java:292)  Ignored because not a concrete top-level class: file [D:\SpringMybatisWebDemo\target\classes\com\hc\action\DeptServlet.class]
2016-12-13 14:36:00 org.springframework.context.annotation.ClassPathScanningCandidateComponentProvider.findCandidateComponents(ClassPathScanningCandidateComponentProvider.java:286)  Identified candidate component class: file [D:\SpringMybatisWebDemo\target\classes\com\hc\dao\DeptDao.class]
2016-12-13 14:36:00 org.springframework.context.annotation.ClassPathScanningCandidateComponentProvider.findCandidateComponents(ClassPathScanningCandidateComponentProvider.java:286)  Identified candidate component class: file [D:\SpringMybatisWebDemo\target\classes\com\hc\dao\EmpDao.class]
2016-12-13 14:36:00 org.springframework.context.annotation.ClassPathScanningCandidateComponentProvider.findCandidateComponents(ClassPathScanningCandidateComponentProvider.java:292)  Ignored because not a concrete top-level class: file [D:\SpringMybatisWebDemo\target\classes\com\hc\dao\impl\DeptDaoImpl.class]
2016-12-13 14:36:00 org.springframework.context.annotation.ClassPathScanningCandidateComponentProvider.findCandidateComponents(ClassPathScanningCandidateComponentProvider.java:292)  Ignored because not a concrete top-level class: file [D:\SpringMybatisWebDemo\target\classes\com\hc\domain\Dept.class]
2016-12-13 14:36:00 org.springframework.context.annotation.ClassPathScanningCandidateComponentProvider.findCandidateComponents(ClassPathScanningCandidateComponentProvider.java:292)  Ignored because not a concrete top-level class: file [D:\SpringMybatisWebDemo\target\classes\com\hc\domain\Emp.class]
2016-12-13 14:36:00 org.springframework.context.annotation.ClassPathScanningCandidateComponentProvider.findCandidateComponents(ClassPathScanningCandidateComponentProvider.java:292)  Ignored because not a concrete top-level class: file [D:\SpringMybatisWebDemo\target\classes\com\hc\listener\SessionListener.class]
2016-12-13 14:36:00 org.springframework.context.annotation.ClassPathScanningCandidateComponentProvider.findCandidateComponents(ClassPathScanningCandidateComponentProvider.java:286)  Identified candidate component class: file [D:\SpringMybatisWebDemo\target\classes\com\hc\service\DeptService.class]
2016-12-13 14:36:00 org.springframework.context.annotation.ClassPathScanningCandidateComponentProvider.findCandidateComponents(ClassPathScanningCandidateComponentProvider.java:292)  Ignored because not a concrete top-level class: file [D:\SpringMybatisWebDemo\target\classes\com\hc\service\impl\DeptServiceImpl.class]
2016-12-13 14:36:00 org.mybatis.spring.mapper.ClassPathMapperScanner.processBeanDefinitions(ClassPathMapperScanner.java:181)  Creating MapperFactoryBean with name 'deptDao' and 'com.hc.dao.DeptDao' mapperInterface
2016-12-13 14:36:00 org.mybatis.spring.mapper.ClassPathMapperScanner.processBeanDefinitions(ClassPathMapperScanner.java:181)  Creating MapperFactoryBean with name 'empDao' and 'com.hc.dao.EmpDao' mapperInterface
2016-12-13 14:36:00 org.mybatis.spring.mapper.ClassPathMapperScanner.processBeanDefinitions(ClassPathMapperScanner.java:181)  Creating MapperFactoryBean with name 'deptService' and 'com.hc.service.DeptService' mapperInterface
2016-12-13 14:36:00 org.springframework.beans.factory.support.DefaultSingletonBeanRegistry.getSingleton(DefaultSingletonBeanRegistry.java:221)  Creating shared instance of singleton bean 'org.springframework.context.annotation.internalAutowiredAnnotationProcessor'
2016-12-13 14:36:00 org.springframework.beans.factory.support.AbstractAutowireCapableBeanFactory.createBean(AbstractAutowireCapableBeanFactory.java:448)  Creating instance of bean 'org.springframework.context.annotation.internalAutowiredAnnotationProcessor'
2016-12-13 14:36:01 org.springframework.beans.factory.support.AbstractAutowireCapableBeanFactory.doCreateBean(AbstractAutowireCapableBeanFactory.java:537)  Eagerly caching bean 'org.springframework.context.annotation.internalAutowiredAnnotationProcessor' to allow for resolving potential circular references
2016-12-13 14:36:01 org.springframework.beans.factory.support.AbstractAutowireCapableBeanFactory.createBean(AbstractAutowireCapableBeanFactory.java:484)  Finished creating instance of bean 'org.springframework.context.annotation.internalAutowiredAnnotationProcessor'
2016-12-13 14:36:01 org.springframework.beans.factory.support.DefaultSingletonBeanRegistry.getSingleton(DefaultSingletonBeanRegistry.java:221)  Creating shared instance of singleton bean 'org.springframework.context.annotation.internalRequiredAnnotationProcessor'
2016-12-13 14:36:01 org.springframework.beans.factory.support.AbstractAutowireCapableBeanFactory.createBean(AbstractAutowireCapableBeanFactory.java:448)  Creating instance of bean 'org.springframework.context.annotation.internalRequiredAnnotationProcessor'
2016-12-13 14:36:01 org.springframework.beans.factory.support.AbstractAutowireCapableBeanFactory.doCreateBean(AbstractAutowireCapableBeanFactory.java:537)  Eagerly caching bean 'org.springframework.context.annotation.internalRequiredAnnotationProcessor' to allow for resolving potential circular references
2016-12-13 14:36:01 org.springframework.beans.factory.support.AbstractAutowireCapableBeanFactory.createBean(AbstractAutowireCapableBeanFactory.java:484)  Finished creating instance of bean 'org.springframework.context.annotation.internalRequiredAnnotationProcessor'
2016-12-13 14:36:01 org.springframework.beans.factory.support.DefaultSingletonBeanRegistry.getSingleton(DefaultSingletonBeanRegistry.java:221)  Creating shared instance of singleton bean 'org.springframework.context.annotation.internalCommonAnnotationProcessor'
2016-12-13 14:36:01 org.springframework.beans.factory.support.AbstractAutowireCapableBeanFactory.createBean(AbstractAutowireCapableBeanFactory.java:448)  Creating instance of bean 'org.springframework.context.annotation.internalCommonAnnotationProcessor'
2016-12-13 14:36:01 org.springframework.beans.factory.support.AbstractAutowireCapableBeanFactory.doCreateBean(AbstractAutowireCapableBeanFactory.java:537)  Eagerly caching bean 'org.springframework.context.annotation.internalCommonAnnotationProcessor' to allow for resolving potential circular references
2016-12-13 14:36:01 org.springframework.beans.factory.support.AbstractAutowireCapableBeanFactory.createBean(AbstractAutowireCapableBeanFactory.java:484)  Finished creating instance of bean 'org.springframework.context.annotation.internalCommonAnnotationProcessor'
2016-12-13 14:36:01 org.springframework.beans.factory.support.DefaultSingletonBeanRegistry.getSingleton(DefaultSingletonBeanRegistry.java:221)  Creating shared instance of singleton bean 'org.springframework.context.annotation.ConfigurationClassPostProcessor.importAwareProcessor'
2016-12-13 14:36:01 org.springframework.beans.factory.support.AbstractAutowireCapableBeanFactory.createBean(AbstractAutowireCapableBeanFactory.java:448)  Creating instance of bean 'org.springframework.context.annotation.ConfigurationClassPostProcessor.importAwareProcessor'
2016-12-13 14:36:01 org.springframework.beans.factory.support.AbstractAutowireCapableBeanFactory.doCreateBean(AbstractAutowireCapableBeanFactory.java:537)  Eagerly caching bean 'org.springframework.context.annotation.ConfigurationClassPostProcessor.importAwareProcessor' to allow for resolving potential circular references
2016-12-13 14:36:01 org.springframework.beans.factory.support.AbstractAutowireCapableBeanFactory.createBean(AbstractAutowireCapableBeanFactory.java:484)  Finished creating instance of bean 'org.springframework.context.annotation.ConfigurationClassPostProcessor.importAwareProcessor'
2016-12-13 14:36:01 org.springframework.beans.factory.support.DefaultSingletonBeanRegistry.getSingleton(DefaultSingletonBeanRegistry.java:221)  Creating shared instance of singleton bean 'org.springframework.context.annotation.ConfigurationClassPostProcessor.enhancedConfigurationProcessor'
2016-12-13 14:36:01 org.springframework.beans.factory.support.AbstractAutowireCapableBeanFactory.createBean(AbstractAutowireCapableBeanFactory.java:448)  Creating instance of bean 'org.springframework.context.annotation.ConfigurationClassPostProcessor.enhancedConfigurationProcessor'
2016-12-13 14:36:01 org.springframework.beans.factory.support.AbstractAutowireCapableBeanFactory.doCreateBean(AbstractAutowireCapableBeanFactory.java:537)  Eagerly caching bean 'org.springframework.context.annotation.ConfigurationClassPostProcessor.enhancedConfigurationProcessor' to allow for resolving potential circular references
2016-12-13 14:36:01 org.springframework.beans.factory.support.AbstractAutowireCapableBeanFactory.createBean(AbstractAutowireCapableBeanFactory.java:484)  Finished creating instance of bean 'org.springframework.context.annotation.ConfigurationClassPostProcessor.enhancedConfigurationProcessor'
2016-12-13 14:36:01 org.springframework.beans.factory.support.DefaultSingletonBeanRegistry.getSingleton(DefaultSingletonBeanRegistry.java:221)  Creating shared instance of singleton bean 'org.springframework.aop.config.internalAutoProxyCreator'
2016-12-13 14:36:01 org.springframework.beans.factory.support.AbstractAutowireCapableBeanFactory.createBean(AbstractAutowireCapableBeanFactory.java:448)  Creating instance of bean 'org.springframework.aop.config.internalAutoProxyCreator'
2016-12-13 14:36:01 org.springframework.beans.factory.support.AbstractAutowireCapableBeanFactory.doCreateBean(AbstractAutowireCapableBeanFactory.java:537)  Eagerly caching bean 'org.springframework.aop.config.internalAutoProxyCreator' to allow for resolving potential circular references
2016-12-13 14:36:01 org.springframework.beans.factory.support.AbstractAutowireCapableBeanFactory.createBean(AbstractAutowireCapableBeanFactory.java:484)  Finished creating instance of bean 'org.springframework.aop.config.internalAutoProxyCreator'
2016-12-13 14:36:01 org.springframework.context.support.AbstractApplicationContext.initMessageSource(AbstractApplicationContext.java:733)  Unable to locate MessageSource with name 'messageSource': using default [org.springframework.context.support.DelegatingMessageSource@28eaa59a]
2016-12-13 14:36:01 org.springframework.context.support.AbstractApplicationContext.initApplicationEventMulticaster(AbstractApplicationContext.java:757)  Unable to locate ApplicationEventMulticaster with name 'applicationEventMulticaster': using default [org.springframework.context.event.SimpleApplicationEventMulticaster@619713e5]
2016-12-13 14:36:01 org.springframework.beans.factory.support.DefaultListableBeanFactory.preInstantiateSingletons(DefaultListableBeanFactory.java:723)  Pre-instantiating singletons in org.springframework.beans.factory.support.DefaultListableBeanFactory@365c30cc: defining beans [deptDaoImpl,deptServiceImpl,org.springframework.context.annotation.internalConfigurationAnnotationProcessor,org.springframework.context.annotation.internalAutowiredAnnotationProcessor,org.springframework.context.annotation.internalRequiredAnnotationProcessor,org.springframework.context.annotation.internalCommonAnnotationProcessor,org.springframework.context.event.internalEventListenerProcessor,org.springframework.context.event.internalEventListenerFactory,dataSource123,sqlSessionFactory,org.mybatis.spring.mapper.MapperScannerConfigurer#0,txManager,org.springframework.transaction.config.internalTransactionalEventListenerFactory,org.springframework.aop.config.internalAutoProxyCreator,org.springframework.transaction.annotation.AnnotationTransactionAttributeSource#0,org.springframework.transaction.interceptor.TransactionInterceptor#0,org.springframework.transaction.config.internalTransactionAdvisor,org.springframework.context.annotation.ConfigurationClassPostProcessor.importAwareProcessor,org.springframework.context.annotation.ConfigurationClassPostProcessor.enhancedConfigurationProcessor,deptDao,empDao,deptService]; root of factory hierarchy
2016-12-13 14:36:01 org.springframework.beans.factory.support.DefaultSingletonBeanRegistry.getSingleton(DefaultSingletonBeanRegistry.java:221)  Creating shared instance of singleton bean 'deptDaoImpl'
2016-12-13 14:36:01 org.springframework.beans.factory.support.AbstractAutowireCapableBeanFactory.createBean(AbstractAutowireCapableBeanFactory.java:448)  Creating instance of bean 'deptDaoImpl'
2016-12-13 14:36:01 org.springframework.beans.factory.annotation.InjectionMetadata.checkConfigMembers(InjectionMetadata.java:72)  Registered injected element on class [com.hc.dao.impl.DeptDaoImpl]: AutowiredFieldElement for private org.apache.ibatis.session.SqlSessionFactory com.hc.dao.impl.DeptDaoImpl.factory
2016-12-13 14:36:01 org.springframework.beans.factory.support.AbstractAutowireCapableBeanFactory.doCreateBean(AbstractAutowireCapableBeanFactory.java:537)  Eagerly caching bean 'deptDaoImpl' to allow for resolving potential circular references
2016-12-13 14:36:01 org.springframework.beans.factory.annotation.InjectionMetadata.inject(InjectionMetadata.java:86)  Processing injected element of bean 'deptDaoImpl': AutowiredFieldElement for private org.apache.ibatis.session.SqlSessionFactory com.hc.dao.impl.DeptDaoImpl.factory
2016-12-13 14:36:01 org.springframework.beans.factory.support.DefaultSingletonBeanRegistry.getSingleton(DefaultSingletonBeanRegistry.java:221)  Creating shared instance of singleton bean 'sqlSessionFactory'
2016-12-13 14:36:01 org.springframework.beans.factory.support.AbstractAutowireCapableBeanFactory.createBean(AbstractAutowireCapableBeanFactory.java:448)  Creating instance of bean 'sqlSessionFactory'
2016-12-13 14:36:01 org.springframework.beans.factory.support.AbstractAutowireCapableBeanFactory.doCreateBean(AbstractAutowireCapableBeanFactory.java:537)  Eagerly caching bean 'sqlSessionFactory' to allow for resolving potential circular references
2016-12-13 14:36:01 org.springframework.beans.factory.support.DefaultSingletonBeanRegistry.getSingleton(DefaultSingletonBeanRegistry.java:221)  Creating shared instance of singleton bean 'dataSource123'
2016-12-13 14:36:01 org.springframework.beans.factory.support.AbstractAutowireCapableBeanFactory.createBean(AbstractAutowireCapableBeanFactory.java:448)  Creating instance of bean 'dataSource123'
2016-12-13 14:36:01 org.springframework.beans.factory.support.AbstractAutowireCapableBeanFactory.doCreateBean(AbstractAutowireCapableBeanFactory.java:537)  Eagerly caching bean 'dataSource123' to allow for resolving potential circular references
2016-12-13 14:36:01 org.springframework.beans.factory.support.DefaultSingletonBeanRegistry.getSingleton(DefaultSingletonBeanRegistry.java:221)  Creating shared instance of singleton bean 'org.springframework.transaction.config.internalTransactionAdvisor'
2016-12-13 14:36:01 org.springframework.beans.factory.support.AbstractAutowireCapableBeanFactory.createBean(AbstractAutowireCapableBeanFactory.java:448)  Creating instance of bean 'org.springframework.transaction.config.internalTransactionAdvisor'
2016-12-13 14:36:01 org.springframework.beans.factory.support.AbstractAutowireCapableBeanFactory.doCreateBean(AbstractAutowireCapableBeanFactory.java:537)  Eagerly caching bean 'org.springframework.transaction.config.internalTransactionAdvisor' to allow for resolving potential circular references
2016-12-13 14:36:01 org.springframework.beans.factory.support.DefaultSingletonBeanRegistry.getSingleton(DefaultSingletonBeanRegistry.java:221)  Creating shared instance of singleton bean 'org.springframework.transaction.annotation.AnnotationTransactionAttributeSource#0'
2016-12-13 14:36:01 org.springframework.beans.factory.support.AbstractAutowireCapableBeanFactory.createBean(AbstractAutowireCapableBeanFactory.java:448)  Creating instance of bean 'org.springframework.transaction.annotation.AnnotationTransactionAttributeSource#0'
2016-12-13 14:36:01 org.springframework.beans.factory.support.AbstractAutowireCapableBeanFactory.doCreateBean(AbstractAutowireCapableBeanFactory.java:537)  Eagerly caching bean 'org.springframework.transaction.annotation.AnnotationTransactionAttributeSource#0' to allow for resolving potential circular references
2016-12-13 14:36:01 org.springframework.aop.framework.autoproxy.BeanFactoryAdvisorRetrievalHelper.findAdvisorBeans(BeanFactoryAdvisorRetrievalHelper.java:87)  Skipping currently created advisor 'org.springframework.transaction.config.internalTransactionAdvisor'
2016-12-13 14:36:01 org.springframework.beans.factory.support.AbstractAutowireCapableBeanFactory.createBean(AbstractAutowireCapableBeanFactory.java:484)  Finished creating instance of bean 'org.springframework.transaction.annotation.AnnotationTransactionAttributeSource#0'
2016-12-13 14:36:01 org.springframework.beans.factory.support.AbstractAutowireCapableBeanFactory.createBean(AbstractAutowireCapableBeanFactory.java:484)  Finished creating instance of bean 'org.springframework.transaction.config.internalTransactionAdvisor'
2016-12-13 14:36:01 org.springframework.beans.factory.support.AbstractAutowireCapableBeanFactory.createBean(AbstractAutowireCapableBeanFactory.java:484)  Finished creating instance of bean 'dataSource123'
2016-12-13 14:36:01 org.springframework.beans.factory.support.AbstractAutowireCapableBeanFactory.invokeInitMethods(AbstractAutowireCapableBeanFactory.java:1625)  Invoking afterPropertiesSet() on bean with name 'sqlSessionFactory'
2016-12-13 14:36:01 org.apache.ibatis.logging.commons.JakartaCommonsLoggingImpl.debug(JakartaCommonsLoggingImpl.java:54)  Parsed configuration file: 'class path resource [mybatis-config.xml]'
2016-12-13 14:36:01 org.apache.ibatis.logging.commons.JakartaCommonsLoggingImpl.debug(JakartaCommonsLoggingImpl.java:54)  Property 'mapperLocations' was not specified or no matching resources found
2016-12-13 14:36:01 org.springframework.beans.factory.support.AbstractBeanFactory.doGetBean(AbstractBeanFactory.java:251)  Returning cached instance of singleton bean 'org.springframework.transaction.config.internalTransactionAdvisor'
2016-12-13 14:36:01 org.springframework.beans.factory.support.AbstractAutowireCapableBeanFactory.createBean(AbstractAutowireCapableBeanFactory.java:484)  Finished creating instance of bean 'sqlSessionFactory'
2016-12-13 14:36:01 org.springframework.beans.factory.support.AbstractBeanFactory.doGetBean(AbstractBeanFactory.java:251)  Returning cached instance of singleton bean 'org.springframework.transaction.config.internalTransactionAdvisor'
2016-12-13 14:36:01 org.springframework.beans.factory.annotation.AutowiredAnnotationBeanPostProcessor.registerDependentBeans(AutowiredAnnotationBeanPostProcessor.java:539)  Autowiring by type from bean name 'deptDaoImpl' to bean named 'sqlSessionFactory'
2016-12-13 14:36:01 org.springframework.beans.factory.support.AbstractBeanFactory.doGetBean(AbstractBeanFactory.java:251)  Returning cached instance of singleton bean 'org.springframework.transaction.config.internalTransactionAdvisor'
2016-12-13 14:36:01 org.springframework.beans.factory.support.AbstractAutowireCapableBeanFactory.createBean(AbstractAutowireCapableBeanFactory.java:484)  Finished creating instance of bean 'deptDaoImpl'
2016-12-13 14:36:01 org.springframework.beans.factory.support.DefaultSingletonBeanRegistry.getSingleton(DefaultSingletonBeanRegistry.java:221)  Creating shared instance of singleton bean 'deptServiceImpl'
2016-12-13 14:36:01 org.springframework.beans.factory.support.AbstractAutowireCapableBeanFactory.createBean(AbstractAutowireCapableBeanFactory.java:448)  Creating instance of bean 'deptServiceImpl'
2016-12-13 14:36:01 org.springframework.beans.factory.annotation.InjectionMetadata.checkConfigMembers(InjectionMetadata.java:72)  Registered injected element on class [com.hc.service.impl.DeptServiceImpl]: AutowiredFieldElement for private com.hc.dao.DeptDao com.hc.service.impl.DeptServiceImpl.deptDao
2016-12-13 14:36:01 org.springframework.beans.factory.support.AbstractAutowireCapableBeanFactory.doCreateBean(AbstractAutowireCapableBeanFactory.java:537)  Eagerly caching bean 'deptServiceImpl' to allow for resolving potential circular references
2016-12-13 14:36:01 org.springframework.beans.factory.annotation.InjectionMetadata.inject(InjectionMetadata.java:86)  Processing injected element of bean 'deptServiceImpl': AutowiredFieldElement for private com.hc.dao.DeptDao com.hc.service.impl.DeptServiceImpl.deptDao
2016-12-13 14:36:01 org.springframework.beans.factory.support.AbstractBeanFactory.doGetBean(AbstractBeanFactory.java:251)  Returning cached instance of singleton bean 'deptDaoImpl'
2016-12-13 14:36:01 org.springframework.beans.factory.annotation.AutowiredAnnotationBeanPostProcessor.registerDependentBeans(AutowiredAnnotationBeanPostProcessor.java:539)  Autowiring by type from bean name 'deptServiceImpl' to bean named 'deptDaoImpl'
2016-12-13 14:36:01 org.springframework.beans.factory.support.AbstractBeanFactory.doGetBean(AbstractBeanFactory.java:251)  Returning cached instance of singleton bean 'org.springframework.transaction.config.internalTransactionAdvisor'
2016-12-13 14:36:01 org.springframework.beans.factory.support.AbstractAutowireCapableBeanFactory.createBean(AbstractAutowireCapableBeanFactory.java:484)  Finished creating instance of bean 'deptServiceImpl'
2016-12-13 14:36:01 org.springframework.beans.factory.support.AbstractBeanFactory.doGetBean(AbstractBeanFactory.java:251)  Returning cached instance of singleton bean 'org.springframework.context.annotation.internalConfigurationAnnotationProcessor'
2016-12-13 14:36:01 org.springframework.beans.factory.support.AbstractBeanFactory.doGetBean(AbstractBeanFactory.java:251)  Returning cached instance of singleton bean 'org.springframework.context.annotation.internalAutowiredAnnotationProcessor'
2016-12-13 14:36:01 org.springframework.beans.factory.support.AbstractBeanFactory.doGetBean(AbstractBeanFactory.java:251)  Returning cached instance of singleton bean 'org.springframework.context.annotation.internalRequiredAnnotationProcessor'
2016-12-13 14:36:01 org.springframework.beans.factory.support.AbstractBeanFactory.doGetBean(AbstractBeanFactory.java:251)  Returning cached instance of singleton bean 'org.springframework.context.annotation.internalCommonAnnotationProcessor'
2016-12-13 14:36:01 org.springframework.beans.factory.support.DefaultSingletonBeanRegistry.getSingleton(DefaultSingletonBeanRegistry.java:221)  Creating shared instance of singleton bean 'org.springframework.context.event.internalEventListenerProcessor'
2016-12-13 14:36:01 org.springframework.beans.factory.support.AbstractAutowireCapableBeanFactory.createBean(AbstractAutowireCapableBeanFactory.java:448)  Creating instance of bean 'org.springframework.context.event.internalEventListenerProcessor'
2016-12-13 14:36:01 org.springframework.beans.factory.support.AbstractAutowireCapableBeanFactory.doCreateBean(AbstractAutowireCapableBeanFactory.java:537)  Eagerly caching bean 'org.springframework.context.event.internalEventListenerProcessor' to allow for resolving potential circular references
2016-12-13 14:36:01 org.springframework.beans.factory.support.AbstractBeanFactory.doGetBean(AbstractBeanFactory.java:251)  Returning cached instance of singleton bean 'org.springframework.transaction.config.internalTransactionAdvisor'
2016-12-13 14:36:01 org.springframework.beans.factory.support.AbstractAutowireCapableBeanFactory.createBean(AbstractAutowireCapableBeanFactory.java:484)  Finished creating instance of bean 'org.springframework.context.event.internalEventListenerProcessor'
2016-12-13 14:36:01 org.springframework.beans.factory.support.DefaultSingletonBeanRegistry.getSingleton(DefaultSingletonBeanRegistry.java:221)  Creating shared instance of singleton bean 'org.springframework.context.event.internalEventListenerFactory'
2016-12-13 14:36:01 org.springframework.beans.factory.support.AbstractAutowireCapableBeanFactory.createBean(AbstractAutowireCapableBeanFactory.java:448)  Creating instance of bean 'org.springframework.context.event.internalEventListenerFactory'
2016-12-13 14:36:01 org.springframework.beans.factory.support.AbstractAutowireCapableBeanFactory.doCreateBean(AbstractAutowireCapableBeanFactory.java:537)  Eagerly caching bean 'org.springframework.context.event.internalEventListenerFactory' to allow for resolving potential circular references
2016-12-13 14:36:01 org.springframework.beans.factory.support.AbstractBeanFactory.doGetBean(AbstractBeanFactory.java:251)  Returning cached instance of singleton bean 'org.springframework.transaction.config.internalTransactionAdvisor'
2016-12-13 14:36:01 org.springframework.beans.factory.support.AbstractAutowireCapableBeanFactory.createBean(AbstractAutowireCapableBeanFactory.java:484)  Finished creating instance of bean 'org.springframework.context.event.internalEventListenerFactory'
2016-12-13 14:36:01 org.springframework.beans.factory.support.AbstractBeanFactory.doGetBean(AbstractBeanFactory.java:251)  Returning cached instance of singleton bean 'dataSource123'
2016-12-13 14:36:01 org.springframework.beans.factory.support.AbstractBeanFactory.doGetBean(AbstractBeanFactory.java:251)  Returning cached instance of singleton bean 'sqlSessionFactory'
2016-12-13 14:36:01 org.springframework.beans.factory.support.AbstractBeanFactory.doGetBean(AbstractBeanFactory.java:251)  Returning cached instance of singleton bean 'org.mybatis.spring.mapper.MapperScannerConfigurer#0'
2016-12-13 14:36:01 org.springframework.beans.factory.support.DefaultSingletonBeanRegistry.getSingleton(DefaultSingletonBeanRegistry.java:221)  Creating shared instance of singleton bean 'txManager'
2016-12-13 14:36:01 org.springframework.beans.factory.support.AbstractAutowireCapableBeanFactory.createBean(AbstractAutowireCapableBeanFactory.java:448)  Creating instance of bean 'txManager'
2016-12-13 14:36:01 org.springframework.beans.factory.support.AbstractAutowireCapableBeanFactory.doCreateBean(AbstractAutowireCapableBeanFactory.java:537)  Eagerly caching bean 'txManager' to allow for resolving potential circular references
2016-12-13 14:36:01 org.springframework.beans.factory.support.AbstractBeanFactory.doGetBean(AbstractBeanFactory.java:251)  Returning cached instance of singleton bean 'dataSource123'
2016-12-13 14:36:01 org.springframework.beans.factory.support.AbstractAutowireCapableBeanFactory.invokeInitMethods(AbstractAutowireCapableBeanFactory.java:1625)  Invoking afterPropertiesSet() on bean with name 'txManager'
2016-12-13 14:36:01 org.springframework.beans.factory.support.AbstractBeanFactory.doGetBean(AbstractBeanFactory.java:251)  Returning cached instance of singleton bean 'org.springframework.transaction.config.internalTransactionAdvisor'
2016-12-13 14:36:01 org.springframework.beans.factory.support.AbstractAutowireCapableBeanFactory.createBean(AbstractAutowireCapableBeanFactory.java:484)  Finished creating instance of bean 'txManager'
2016-12-13 14:36:01 org.springframework.beans.factory.support.DefaultSingletonBeanRegistry.getSingleton(DefaultSingletonBeanRegistry.java:221)  Creating shared instance of singleton bean 'org.springframework.transaction.config.internalTransactionalEventListenerFactory'
2016-12-13 14:36:01 org.springframework.beans.factory.support.AbstractAutowireCapableBeanFactory.createBean(AbstractAutowireCapableBeanFactory.java:448)  Creating instance of bean 'org.springframework.transaction.config.internalTransactionalEventListenerFactory'
2016-12-13 14:36:01 org.springframework.beans.factory.support.AbstractAutowireCapableBeanFactory.doCreateBean(AbstractAutowireCapableBeanFactory.java:537)  Eagerly caching bean 'org.springframework.transaction.config.internalTransactionalEventListenerFactory' to allow for resolving potential circular references
2016-12-13 14:36:01 org.springframework.beans.factory.support.AbstractBeanFactory.doGetBean(AbstractBeanFactory.java:251)  Returning cached instance of singleton bean 'org.springframework.transaction.config.internalTransactionAdvisor'
2016-12-13 14:36:01 org.springframework.beans.factory.support.AbstractAutowireCapableBeanFactory.createBean(AbstractAutowireCapableBeanFactory.java:484)  Finished creating instance of bean 'org.springframework.transaction.config.internalTransactionalEventListenerFactory'
2016-12-13 14:36:01 org.springframework.beans.factory.support.AbstractBeanFactory.doGetBean(AbstractBeanFactory.java:251)  Returning cached instance of singleton bean 'org.springframework.aop.config.internalAutoProxyCreator'
2016-12-13 14:36:01 org.springframework.beans.factory.support.AbstractBeanFactory.doGetBean(AbstractBeanFactory.java:251)  Returning cached instance of singleton bean 'org.springframework.transaction.annotation.AnnotationTransactionAttributeSource#0'
2016-12-13 14:36:01 org.springframework.beans.factory.support.DefaultSingletonBeanRegistry.getSingleton(DefaultSingletonBeanRegistry.java:221)  Creating shared instance of singleton bean 'org.springframework.transaction.interceptor.TransactionInterceptor#0'
2016-12-13 14:36:01 org.springframework.beans.factory.support.AbstractAutowireCapableBeanFactory.createBean(AbstractAutowireCapableBeanFactory.java:448)  Creating instance of bean 'org.springframework.transaction.interceptor.TransactionInterceptor#0'
2016-12-13 14:36:01 org.springframework.beans.factory.support.AbstractAutowireCapableBeanFactory.doCreateBean(AbstractAutowireCapableBeanFactory.java:537)  Eagerly caching bean 'org.springframework.transaction.interceptor.TransactionInterceptor#0' to allow for resolving potential circular references
2016-12-13 14:36:01 org.springframework.beans.factory.support.AbstractBeanFactory.doGetBean(AbstractBeanFactory.java:251)  Returning cached instance of singleton bean 'org.springframework.transaction.annotation.AnnotationTransactionAttributeSource#0'
2016-12-13 14:36:01 org.springframework.beans.factory.support.AbstractAutowireCapableBeanFactory.invokeInitMethods(AbstractAutowireCapableBeanFactory.java:1625)  Invoking afterPropertiesSet() on bean with name 'org.springframework.transaction.interceptor.TransactionInterceptor#0'
2016-12-13 14:36:01 org.springframework.beans.factory.support.AbstractAutowireCapableBeanFactory.createBean(AbstractAutowireCapableBeanFactory.java:484)  Finished creating instance of bean 'org.springframework.transaction.interceptor.TransactionInterceptor#0'
2016-12-13 14:36:01 org.springframework.beans.factory.support.AbstractBeanFactory.doGetBean(AbstractBeanFactory.java:251)  Returning cached instance of singleton bean 'org.springframework.transaction.config.internalTransactionAdvisor'
2016-12-13 14:36:01 org.springframework.beans.factory.support.AbstractBeanFactory.doGetBean(AbstractBeanFactory.java:251)  Returning cached instance of singleton bean 'org.springframework.context.annotation.ConfigurationClassPostProcessor.importAwareProcessor'
2016-12-13 14:36:01 org.springframework.beans.factory.support.AbstractBeanFactory.doGetBean(AbstractBeanFactory.java:251)  Returning cached instance of singleton bean 'org.springframework.context.annotation.ConfigurationClassPostProcessor.enhancedConfigurationProcessor'
2016-12-13 14:36:01 org.springframework.beans.factory.support.DefaultSingletonBeanRegistry.getSingleton(DefaultSingletonBeanRegistry.java:221)  Creating shared instance of singleton bean 'deptDao'
2016-12-13 14:36:01 org.springframework.beans.factory.support.AbstractAutowireCapableBeanFactory.createBean(AbstractAutowireCapableBeanFactory.java:448)  Creating instance of bean 'deptDao'
2016-12-13 14:36:01 org.springframework.beans.factory.support.AbstractAutowireCapableBeanFactory.doCreateBean(AbstractAutowireCapableBeanFactory.java:537)  Eagerly caching bean 'deptDao' to allow for resolving potential circular references
2016-12-13 14:36:01 org.springframework.beans.factory.support.AbstractBeanFactory.doGetBean(AbstractBeanFactory.java:251)  Returning cached instance of singleton bean 'sqlSessionFactory'
2016-12-13 14:36:01 org.springframework.beans.factory.support.AbstractAutowireCapableBeanFactory.invokeInitMethods(AbstractAutowireCapableBeanFactory.java:1625)  Invoking afterPropertiesSet() on bean with name 'deptDao'
2016-12-13 14:36:01 org.springframework.beans.factory.support.AbstractBeanFactory.doGetBean(AbstractBeanFactory.java:251)  Returning cached instance of singleton bean 'org.springframework.transaction.config.internalTransactionAdvisor'
2016-12-13 14:36:01 org.springframework.beans.factory.support.AbstractAutowireCapableBeanFactory.createBean(AbstractAutowireCapableBeanFactory.java:484)  Finished creating instance of bean 'deptDao'
2016-12-13 14:36:01 org.springframework.beans.factory.support.DefaultSingletonBeanRegistry.getSingleton(DefaultSingletonBeanRegistry.java:221)  Creating shared instance of singleton bean 'empDao'
2016-12-13 14:36:01 org.springframework.beans.factory.support.AbstractAutowireCapableBeanFactory.createBean(AbstractAutowireCapableBeanFactory.java:448)  Creating instance of bean 'empDao'
2016-12-13 14:36:01 org.springframework.beans.factory.support.AbstractAutowireCapableBeanFactory.doCreateBean(AbstractAutowireCapableBeanFactory.java:537)  Eagerly caching bean 'empDao' to allow for resolving potential circular references
2016-12-13 14:36:01 org.springframework.beans.factory.support.AbstractBeanFactory.doGetBean(AbstractBeanFactory.java:251)  Returning cached instance of singleton bean 'sqlSessionFactory'
2016-12-13 14:36:01 org.springframework.beans.factory.support.AbstractAutowireCapableBeanFactory.invokeInitMethods(AbstractAutowireCapableBeanFactory.java:1625)  Invoking afterPropertiesSet() on bean with name 'empDao'
2016-12-13 14:36:01 org.springframework.beans.factory.support.AbstractBeanFactory.doGetBean(AbstractBeanFactory.java:251)  Returning cached instance of singleton bean 'org.springframework.transaction.config.internalTransactionAdvisor'
2016-12-13 14:36:01 org.springframework.beans.factory.support.AbstractAutowireCapableBeanFactory.createBean(AbstractAutowireCapableBeanFactory.java:484)  Finished creating instance of bean 'empDao'
2016-12-13 14:36:01 org.springframework.beans.factory.support.DefaultSingletonBeanRegistry.getSingleton(DefaultSingletonBeanRegistry.java:221)  Creating shared instance of singleton bean 'deptService'
2016-12-13 14:36:01 org.springframework.beans.factory.support.AbstractAutowireCapableBeanFactory.createBean(AbstractAutowireCapableBeanFactory.java:448)  Creating instance of bean 'deptService'
2016-12-13 14:36:01 org.springframework.beans.factory.support.AbstractAutowireCapableBeanFactory.doCreateBean(AbstractAutowireCapableBeanFactory.java:537)  Eagerly caching bean 'deptService' to allow for resolving potential circular references
2016-12-13 14:36:01 org.springframework.beans.factory.support.AbstractBeanFactory.doGetBean(AbstractBeanFactory.java:251)  Returning cached instance of singleton bean 'sqlSessionFactory'
2016-12-13 14:36:01 org.springframework.beans.factory.support.AbstractAutowireCapableBeanFactory.invokeInitMethods(AbstractAutowireCapableBeanFactory.java:1625)  Invoking afterPropertiesSet() on bean with name 'deptService'
2016-12-13 14:36:01 org.springframework.beans.factory.support.AbstractBeanFactory.doGetBean(AbstractBeanFactory.java:251)  Returning cached instance of singleton bean 'org.springframework.transaction.config.internalTransactionAdvisor'
2016-12-13 14:36:01 org.springframework.beans.factory.support.AbstractAutowireCapableBeanFactory.createBean(AbstractAutowireCapableBeanFactory.java:484)  Finished creating instance of bean 'deptService'
2016-12-13 14:36:01 org.springframework.beans.factory.support.AbstractBeanFactory.doGetBean(AbstractBeanFactory.java:251)  Returning cached instance of singleton bean 'org.springframework.context.event.internalEventListenerFactory'
2016-12-13 14:36:01 org.springframework.beans.factory.support.AbstractBeanFactory.doGetBean(AbstractBeanFactory.java:251)  Returning cached instance of singleton bean 'org.springframework.transaction.config.internalTransactionalEventListenerFactory'
2016-12-13 14:36:01 org.springframework.context.support.AbstractApplicationContext.initLifecycleProcessor(AbstractApplicationContext.java:784)  Unable to locate LifecycleProcessor with name 'lifecycleProcessor': using default [org.springframework.context.support.DefaultLifecycleProcessor@6221a451]
2016-12-13 14:36:01 org.springframework.beans.factory.support.AbstractBeanFactory.doGetBean(AbstractBeanFactory.java:251)  Returning cached instance of singleton bean 'lifecycleProcessor'
2016-12-13 14:36:01 org.springframework.beans.factory.support.AbstractBeanFactory.doGetBean(AbstractBeanFactory.java:251)  Returning cached instance of singleton bean 'sqlSessionFactory'
2016-12-13 14:36:01 org.springframework.core.env.PropertySourcesPropertyResolver.getProperty(PropertySourcesPropertyResolver.java:91)  Could not find key 'spring.liveBeansView.mbeanDomain' in any property source
2016-12-13 14:36:01 org.springframework.beans.factory.support.AbstractBeanFactory.doGetBean(AbstractBeanFactory.java:251)  Returning cached instance of singleton bean 'empDao'
2016-12-13 14:36:01 org.springframework.beans.factory.support.AbstractBeanFactory.doGetBean(AbstractBeanFactory.java:251)  Returning cached instance of singleton bean 'org.springframework.transaction.config.internalTransactionAdvisor'
2016-12-13 14:36:01 org.apache.ibatis.logging.commons.JakartaCommonsLoggingImpl.debug(JakartaCommonsLoggingImpl.java:54)  Creating a new SqlSession
2016-12-13 14:36:01 org.apache.ibatis.logging.commons.JakartaCommonsLoggingImpl.debug(JakartaCommonsLoggingImpl.java:54)  SqlSession [org.apache.ibatis.session.defaults.DefaultSqlSession@5b1669c0] was not registered for synchronization because synchronization is not active
2016-12-13 14:36:01 org.springframework.jdbc.datasource.DataSourceUtils.doGetConnection(DataSourceUtils.java:110)  Fetching JDBC Connection from DataSource
2016-12-13 14:36:01 com.alibaba.druid.pool.DruidDataSource.init(DruidDataSource.java:715)  {dataSource-1} inited
2016-12-13 14:36:01 org.apache.ibatis.logging.commons.JakartaCommonsLoggingImpl.debug(JakartaCommonsLoggingImpl.java:54)  JDBC Connection [com.mysql.jdbc.JDBC4Connection@4b8d604b] will not be managed by Spring
2016-12-13 14:36:01 org.apache.ibatis.logging.commons.JakartaCommonsLoggingImpl.debug(JakartaCommonsLoggingImpl.java:54)  ==>  Preparing: select empno, ename, job, mgr, hiredate, sal, comm, deptno from emp where empno = ? 
2016-12-13 14:36:01 org.apache.ibatis.logging.commons.JakartaCommonsLoggingImpl.debug(JakartaCommonsLoggingImpl.java:54)  ==> Parameters: 7788(Integer)
2016-12-13 14:36:01 org.apache.ibatis.logging.commons.JakartaCommonsLoggingImpl.debug(JakartaCommonsLoggingImpl.java:54)  <==      Total: 1
2016-12-13 14:36:01 org.apache.ibatis.logging.commons.JakartaCommonsLoggingImpl.debug(JakartaCommonsLoggingImpl.java:54)  Closing non transactional SqlSession [org.apache.ibatis.session.defaults.DefaultSqlSession@5b1669c0]
2016-12-13 14:36:01 org.springframework.jdbc.datasource.DataSourceUtils.doReleaseConnection(DataSourceUtils.java:327)  Returning JDBC Connection to DataSource
2016-12-13 14:36:23 org.springframework.core.env.MutablePropertySources.addLast(MutablePropertySources.java:109)  Adding [systemProperties] PropertySource with lowest search precedence
2016-12-13 14:36:23 org.springframework.core.env.MutablePropertySources.addLast(MutablePropertySources.java:109)  Adding [systemEnvironment] PropertySource with lowest search precedence
2016-12-13 14:36:23 org.springframework.core.env.AbstractEnvironment.<init>(AbstractEnvironment.java:124)  Initialized StandardEnvironment with PropertySources [systemProperties,systemEnvironment]
2016-12-13 14:36:23 org.springframework.context.support.AbstractApplicationContext.prepareRefresh(AbstractApplicationContext.java:582)  Refreshing org.springframework.context.support.ClassPathXmlApplicationContext@71c7db30: startup date [Tue Dec 13 14:36:23 CST 2016]; root of context hierarchy
2016-12-13 14:36:23 org.springframework.core.env.MutablePropertySources.addLast(MutablePropertySources.java:109)  Adding [systemProperties] PropertySource with lowest search precedence
2016-12-13 14:36:23 org.springframework.core.env.MutablePropertySources.addLast(MutablePropertySources.java:109)  Adding [systemEnvironment] PropertySource with lowest search precedence
2016-12-13 14:36:23 org.springframework.core.env.AbstractEnvironment.<init>(AbstractEnvironment.java:124)  Initialized StandardEnvironment with PropertySources [systemProperties,systemEnvironment]
2016-12-13 14:36:23 org.springframework.beans.factory.xml.XmlBeanDefinitionReader.loadBeanDefinitions(XmlBeanDefinitionReader.java:317)  Loading XML bean definitions from class path resource [applicationContext.xml]
2016-12-13 14:36:23 org.springframework.beans.factory.xml.DefaultDocumentLoader.loadDocument(DefaultDocumentLoader.java:73)  Using JAXP provider [com.sun.org.apache.xerces.internal.jaxp.DocumentBuilderFactoryImpl]
2016-12-13 14:36:23 org.springframework.beans.factory.xml.PluggableSchemaResolver.getSchemaMappings(PluggableSchemaResolver.java:141)  Loading schema mappings from [META-INF/spring.schemas]
2016-12-13 14:36:23 org.springframework.beans.factory.xml.PluggableSchemaResolver.getSchemaMappings(PluggableSchemaResolver.java:147)  Loaded schema mappings: {http://www.springframework.org/schema/tx/spring-tx-4.3.xsd=org/springframework/transaction/config/spring-tx-4.3.xsd, http://www.springframework.org/schema/tx/spring-tx-2.5.xsd=org/springframework/transaction/config/spring-tx-2.5.xsd, http://www.springframework.org/schema/cache/spring-cache-4.2.xsd=org/springframework/cache/config/spring-cache-4.2.xsd, http://www.springframework.org/schema/aop/spring-aop-4.1.xsd=org/springframework/aop/config/spring-aop-4.1.xsd, http://www.springframework.org/schema/context/spring-context-3.1.xsd=org/springframework/context/config/spring-context-3.1.xsd, http://www.springframework.org/schema/jdbc/spring-jdbc-4.1.xsd=org/springframework/jdbc/config/spring-jdbc-4.1.xsd, http://www.springframework.org/schema/util/spring-util-3.0.xsd=org/springframework/beans/factory/xml/spring-util-3.0.xsd, http://mybatis.org/schema/mybatis-spring-1.2.xsd=org/mybatis/spring/config/mybatis-spring-1.2.xsd, http://www.springframework.org/schema/tool/spring-tool.xsd=org/springframework/beans/factory/xml/spring-tool-4.3.xsd, http://www.springframework.org/schema/aop/spring-aop-3.2.xsd=org/springframework/aop/config/spring-aop-3.2.xsd, http://www.springframework.org/schema/lang/spring-lang-4.1.xsd=org/springframework/scripting/config/spring-lang-4.1.xsd, http://www.springframework.org/schema/context/spring-context-4.0.xsd=org/springframework/context/config/spring-context-4.0.xsd, http://www.springframework.org/schema/beans/spring-beans-4.2.xsd=org/springframework/beans/factory/xml/spring-beans-4.2.xsd, http://www.springframework.org/schema/tool/spring-tool-4.1.xsd=org/springframework/beans/factory/xml/spring-tool-4.1.xsd, http://www.springframework.org/schema/lang/spring-lang-3.2.xsd=org/springframework/scripting/config/spring-lang-3.2.xsd, http://www.springframework.org/schema/cache/spring-cache-3.2.xsd=org/springframework/cache/config/spring-cache-3.2.xsd, http://www.springframework.org/schema/jee/spring-jee-4.1.xsd=org/springframework/ejb/config/spring-jee-4.1.xsd, http://www.springframework.org/schema/jdbc/spring-jdbc-3.1.xsd=org/springframework/jdbc/config/spring-jdbc-3.1.xsd, http://www.springframework.org/schema/util/spring-util-2.0.xsd=org/springframework/beans/factory/xml/spring-util-2.0.xsd, http://www.springframework.org/schema/task/spring-task-4.2.xsd=org/springframework/scheduling/config/spring-task-4.2.xsd, http://www.springframework.org/schema/tool/spring-tool-3.2.xsd=org/springframework/beans/factory/xml/spring-tool-3.2.xsd, http://www.springframework.org/schema/context/spring-context.xsd=org/springframework/context/config/spring-context-4.3.xsd, http://www.springframework.org/schema/tx/spring-tx-4.2.xsd=org/springframework/transaction/config/spring-tx-4.2.xsd, http://www.springframework.org/schema/cache/spring-cache-4.1.xsd=org/springframework/cache/config/spring-cache-4.1.xsd, http://www.springframework.org/schema/aop/spring-aop-4.0.xsd=org/springframework/aop/config/spring-aop-4.0.xsd, http://www.springframework.org/schema/jee/spring-jee-3.2.xsd=org/springframework/ejb/config/spring-jee-3.2.xsd, http://www.springframework.org/schema/context/spring-context-3.0.xsd=org/springframework/context/config/spring-context-3.0.xsd, http://www.springframework.org/schema/jdbc/spring-jdbc-4.0.xsd=org/springframework/jdbc/config/spring-jdbc-4.0.xsd, http://www.springframework.org/schema/util/spring-util-4.3.xsd=org/springframework/beans/factory/xml/spring-util-4.3.xsd, http://www.springframework.org/schema/util/spring-util-2.5.xsd=org/springframework/beans/factory/xml/spring-util-2.5.xsd, http://www.springframework.org/schema/beans/spring-beans-3.2.xsd=org/springframework/beans/factory/xml/spring-beans-3.2.xsd, http://www.springframework.org/schema/aop/spring-aop-3.1.xsd=org/springframework/aop/config/spring-aop-3.1.xsd, http://www.springframework.org/schema/lang/spring-lang-4.0.xsd=org/springframework/scripting/config/spring-lang-4.0.xsd, http://www.springframework.org/schema/beans/spring-beans-4.1.xsd=org/springframework/beans/factory/xml/spring-beans-4.1.xsd, http://www.springframework.org/schema/tool/spring-tool-4.0.xsd=org/springframework/beans/factory/xml/spring-tool-4.0.xsd, http://www.springframework.org/schema/tx/spring-tx-3.2.xsd=org/springframework/transaction/config/spring-tx-3.2.xsd, http://www.springframework.org/schema/lang/spring-lang-3.1.xsd=org/springframework/scripting/config/spring-lang-3.1.xsd, http://www.springframework.org/schema/cache/spring-cache-3.1.xsd=org/springframework/cache/config/spring-cache-3.1.xsd, http://www.springframework.org/schema/jee/spring-jee-4.0.xsd=org/springframework/ejb/config/spring-jee-4.0.xsd, http://www.springframework.org/schema/jdbc/spring-jdbc-3.0.xsd=org/springframework/jdbc/config/spring-jdbc-3.0.xsd, http://www.springframework.org/schema/task/spring-task-4.1.xsd=org/springframework/scheduling/config/spring-task-4.1.xsd, http://www.springframework.org/schema/jdbc/spring-jdbc.xsd=org/springframework/jdbc/config/spring-jdbc-4.3.xsd, http://www.springframework.org/schema/tool/spring-tool-3.1.xsd=org/springframework/beans/factory/xml/spring-tool-3.1.xsd, http://www.springframework.org/schema/tx/spring-tx-4.1.xsd=org/springframework/transaction/config/spring-tx-4.1.xsd, http://www.springframework.org/schema/cache/spring-cache-4.0.xsd=org/springframework/cache/config/spring-cache-4.0.xsd, http://www.springframework.org/schema/jee/spring-jee-3.1.xsd=org/springframework/ejb/config/spring-jee-3.1.xsd, http://www.springframework.org/schema/util/spring-util-4.2.xsd=org/springframework/beans/factory/xml/spring-util-4.2.xsd, http://www.springframework.org/schema/task/spring-task-3.2.xsd=org/springframework/scheduling/config/spring-task-3.2.xsd, http://www.springframework.org/schema/beans/spring-beans-3.1.xsd=org/springframework/beans/factory/xml/spring-beans-3.1.xsd, http://www.springframework.org/schema/util/spring-util.xsd=org/springframework/beans/factory/xml/spring-util-4.3.xsd, http://www.springframework.org/schema/aop/spring-aop-3.0.xsd=org/springframework/aop/config/spring-aop-3.0.xsd, http://www.springframework.org/schema/beans/spring-beans-4.0.xsd=org/springframework/beans/factory/xml/spring-beans-4.0.xsd, http://www.springframework.org/schema/beans/spring-beans.xsd=org/springframework/beans/factory/xml/spring-beans-4.3.xsd, http://mybatis.org/schema/mybatis-spring.xsd=org/mybatis/spring/config/mybatis-spring-1.2.xsd, http://www.springframework.org/schema/tx/spring-tx-3.1.xsd=org/springframework/transaction/config/spring-tx-3.1.xsd, http://www.springframework.org/schema/lang/spring-lang-3.0.xsd=org/springframework/scripting/config/spring-lang-3.0.xsd, http://www.springframework.org/schema/context/spring-context-2.5.xsd=org/springframework/context/config/spring-context-2.5.xsd, http://www.springframework.org/schema/context/spring-context-4.3.xsd=org/springframework/context/config/spring-context-4.3.xsd, http://www.springframework.org/schema/task/spring-task-4.0.xsd=org/springframework/scheduling/config/spring-task-4.0.xsd, http://www.springframework.org/schema/tool/spring-tool-3.0.xsd=org/springframework/beans/factory/xml/spring-tool-3.0.xsd, http://www.springframework.org/schema/tx/spring-tx-4.0.xsd=org/springframework/transaction/config/spring-tx-4.0.xsd, http://www.springframework.org/schema/aop/spring-aop-2.0.xsd=org/springframework/aop/config/spring-aop-2.0.xsd, http://www.springframework.org/schema/jee/spring-jee-3.0.xsd=org/springframework/ejb/config/spring-jee-3.0.xsd, http://www.springframework.org/schema/util/spring-util-4.1.xsd=org/springframework/beans/factory/xml/spring-util-4.1.xsd, http://www.springframework.org/schema/task/spring-task-3.1.xsd=org/springframework/scheduling/config/spring-task-3.1.xsd, http://www.springframework.org/schema/beans/spring-beans-3.0.xsd=org/springframework/beans/factory/xml/spring-beans-3.0.xsd, http://www.springframework.org/schema/jee/spring-jee.xsd=org/springframework/ejb/config/spring-jee-4.3.xsd, http://www.springframework.org/schema/aop/spring-aop-2.5.xsd=org/springframework/aop/config/spring-aop-2.5.xsd, http://www.springframework.org/schema/aop/spring-aop-4.3.xsd=org/springframework/aop/config/spring-aop-4.3.xsd, http://www.springframework.org/schema/lang/spring-lang-2.0.xsd=org/springframework/scripting/config/spring-lang-2.0.xsd, http://www.springframework.org/schema/jdbc/spring-jdbc-4.3.xsd=org/springframework/jdbc/config/spring-jdbc-4.3.xsd, http://www.springframework.org/schema/util/spring-util-3.2.xsd=org/springframework/beans/factory/xml/spring-util-3.2.xsd, http://www.springframework.org/schema/task/spring-task.xsd=org/springframework/scheduling/config/spring-task-4.3.xsd, http://www.springframework.org/schema/tool/spring-tool-2.0.xsd=org/springframework/beans/factory/xml/spring-tool-2.0.xsd, http://www.springframework.org/schema/tx/spring-tx-3.0.xsd=org/springframework/transaction/config/spring-tx-3.0.xsd, http://www.springframework.org/schema/lang/spring-lang-2.5.xsd=org/springframework/scripting/config/spring-lang-2.5.xsd, http://www.springframework.org/schema/lang/spring-lang-4.3.xsd=org/springframework/scripting/config/spring-lang-4.3.xsd, http://www.springframework.org/schema/context/spring-context-4.2.xsd=org/springframework/context/config/spring-context-4.2.xsd, http://www.springframework.org/schema/jee/spring-jee-2.0.xsd=org/springframework/ejb/config/spring-jee-2.0.xsd, http://www.springframework.org/schema/tool/spring-tool-4.3.xsd=org/springframework/beans/factory/xml/spring-tool-4.3.xsd, http://www.springframework.org/schema/tool/spring-tool-2.5.xsd=org/springframework/beans/factory/xml/spring-tool-2.5.xsd, http://www.springframework.org/schema/jee/spring-jee-4.3.xsd=org/springframework/ejb/config/spring-jee-4.3.xsd, http://www.springframework.org/schema/jee/spring-jee-2.5.xsd=org/springframework/ejb/config/spring-jee-2.5.xsd, http://www.springframework.org/schema/util/spring-util-4.0.xsd=org/springframework/beans/factory/xml/spring-util-4.0.xsd, http://www.springframework.org/schema/task/spring-task-3.0.xsd=org/springframework/scheduling/config/spring-task-3.0.xsd, http://www.springframework.org/schema/cache/spring-cache-4.3.xsd=org/springframework/cache/config/spring-cache-4.3.xsd, http://www.springframework.org/schema/aop/spring-aop-4.2.xsd=org/springframework/aop/config/spring-aop-4.2.xsd, http://www.springframework.org/schema/lang/spring-lang.xsd=org/springframework/scripting/config/spring-lang-4.3.xsd, http://www.springframework.org/schema/context/spring-context-3.2.xsd=org/springframework/context/config/spring-context-3.2.xsd, http://www.springframework.org/schema/jdbc/spring-jdbc-4.2.xsd=org/springframework/jdbc/config/spring-jdbc-4.2.xsd, http://www.springframework.org/schema/util/spring-util-3.1.xsd=org/springframework/beans/factory/xml/spring-util-3.1.xsd, http://www.springframework.org/schema/beans/spring-beans-2.0.xsd=org/springframework/beans/factory/xml/spring-beans-2.0.xsd, http://www.springframework.org/schema/cache/spring-cache.xsd=org/springframework/cache/config/spring-cache-4.3.xsd, http://www.springframework.org/schema/tx/spring-tx.xsd=org/springframework/transaction/config/spring-tx-4.3.xsd, http://www.springframework.org/schema/lang/spring-lang-4.2.xsd=org/springframework/scripting/config/spring-lang-4.2.xsd, http://www.springframework.org/schema/context/spring-context-4.1.xsd=org/springframework/context/config/spring-context-4.1.xsd, http://www.springframework.org/schema/beans/spring-beans-2.5.xsd=org/springframework/beans/factory/xml/spring-beans-2.5.xsd, http://www.springframework.org/schema/beans/spring-beans-4.3.xsd=org/springframework/beans/factory/xml/spring-beans-4.3.xsd, http://www.springframework.org/schema/tool/spring-tool-4.2.xsd=org/springframework/beans/factory/xml/spring-tool-4.2.xsd, http://www.springframework.org/schema/tx/spring-tx-2.0.xsd=org/springframework/transaction/config/spring-tx-2.0.xsd, http://www.alibaba.com/schema/stat.xsd=META-INF/stat.xsd, http://www.springframework.org/schema/jee/spring-jee-4.2.xsd=org/springframework/ejb/config/spring-jee-4.2.xsd, http://www.springframework.org/schema/jdbc/spring-jdbc-3.2.xsd=org/springframework/jdbc/config/spring-jdbc-3.2.xsd, http://www.springframework.org/schema/task/spring-task-4.3.xsd=org/springframework/scheduling/config/spring-task-4.3.xsd, http://www.springframework.org/schema/aop/spring-aop.xsd=org/springframework/aop/config/spring-aop-4.3.xsd}
2016-12-13 14:36:23 org.springframework.beans.factory.xml.PluggableSchemaResolver.resolveEntity(PluggableSchemaResolver.java:119)  Found XML schema [http://www.springframework.org/schema/beans/spring-beans.xsd] in classpath: org/springframework/beans/factory/xml/spring-beans-4.3.xsd
2016-12-13 14:36:23 org.springframework.beans.factory.xml.PluggableSchemaResolver.resolveEntity(PluggableSchemaResolver.java:119)  Found XML schema [http://www.springframework.org/schema/context/spring-context.xsd] in classpath: org/springframework/context/config/spring-context-4.3.xsd
2016-12-13 14:36:23 org.springframework.beans.factory.xml.PluggableSchemaResolver.resolveEntity(PluggableSchemaResolver.java:119)  Found XML schema [http://www.springframework.org/schema/tool/spring-tool-4.3.xsd] in classpath: org/springframework/beans/factory/xml/spring-tool-4.3.xsd
2016-12-13 14:36:23 org.springframework.beans.factory.xml.PluggableSchemaResolver.resolveEntity(PluggableSchemaResolver.java:119)  Found XML schema [http://www.springframework.org/schema/tx/spring-tx.xsd] in classpath: org/springframework/transaction/config/spring-tx-4.3.xsd
2016-12-13 14:36:23 org.springframework.beans.factory.xml.DefaultBeanDefinitionDocumentReader.registerBeanDefinitions(DefaultBeanDefinitionDocumentReader.java:92)  Loading bean definitions
2016-12-13 14:36:23 org.springframework.beans.factory.xml.DefaultNamespaceHandlerResolver.getHandlerMappings(DefaultNamespaceHandlerResolver.java:157)  Loaded NamespaceHandler mappings: {http://www.springframework.org/schema/p=org.springframework.beans.factory.xml.SimplePropertyNamespaceHandler, http://www.springframework.org/schema/util=org.springframework.beans.factory.xml.UtilNamespaceHandler, http://www.alibaba.com/schema/stat=com.alibaba.druid.support.spring.stat.config.DruidStatNamespaceHandler, http://www.springframework.org/schema/jee=org.springframework.ejb.config.JeeNamespaceHandler, http://www.springframework.org/schema/aop=org.springframework.aop.config.AopNamespaceHandler, http://www.springframework.org/schema/jdbc=org.springframework.jdbc.config.JdbcNamespaceHandler, http://www.springframework.org/schema/cache=org.springframework.cache.config.CacheNamespaceHandler, http://mybatis.org/schema/mybatis-spring=org.mybatis.spring.config.NamespaceHandler, http://www.springframework.org/schema/c=org.springframework.beans.factory.xml.SimpleConstructorNamespaceHandler, http://www.springframework.org/schema/tx=org.springframework.transaction.config.TxNamespaceHandler, http://www.springframework.org/schema/task=org.springframework.scheduling.config.TaskNamespaceHandler, http://www.springframework.org/schema/lang=org.springframework.scripting.config.LangNamespaceHandler, http://www.springframework.org/schema/context=org.springframework.context.config.ContextNamespaceHandler}
2016-12-13 14:36:23 org.springframework.core.env.MutablePropertySources.addLast(MutablePropertySources.java:109)  Adding [systemProperties] PropertySource with lowest search precedence
2016-12-13 14:36:23 org.springframework.core.env.MutablePropertySources.addLast(MutablePropertySources.java:109)  Adding [systemEnvironment] PropertySource with lowest search precedence
2016-12-13 14:36:23 org.springframework.core.env.AbstractEnvironment.<init>(AbstractEnvironment.java:124)  Initialized StandardEnvironment with PropertySources [systemProperties,systemEnvironment]
2016-12-13 14:36:23 org.springframework.core.io.support.PathMatchingResourcePatternResolver.findAllClassPathResources(PathMatchingResourcePatternResolver.java:317)  Resolved classpath location [com/hc/] to resources [URL [file:/D:/SpringMybatisWebDemo/target/classes/com/hc/]]
2016-12-13 14:36:23 org.springframework.core.io.support.PathMatchingResourcePatternResolver.doFindMatchingFileSystemResources(PathMatchingResourcePatternResolver.java:711)  Looking for matching resources in directory tree [D:\SpringMybatisWebDemo\target\classes\com\hc]
2016-12-13 14:36:23 org.springframework.core.io.support.PathMatchingResourcePatternResolver.doRetrieveMatchingFiles(PathMatchingResourcePatternResolver.java:773)  Searching directory [D:\SpringMybatisWebDemo\target\classes\com\hc] for files matching pattern [D:/SpringMybatisWebDemo/target/classes/com/hc/**/*.class]
2016-12-13 14:36:23 org.springframework.core.io.support.PathMatchingResourcePatternResolver.doRetrieveMatchingFiles(PathMatchingResourcePatternResolver.java:773)  Searching directory [D:\SpringMybatisWebDemo\target\classes\com\hc\action] for files matching pattern [D:/SpringMybatisWebDemo/target/classes/com/hc/**/*.class]
2016-12-13 14:36:23 org.springframework.core.io.support.PathMatchingResourcePatternResolver.doRetrieveMatchingFiles(PathMatchingResourcePatternResolver.java:773)  Searching directory [D:\SpringMybatisWebDemo\target\classes\com\hc\dao] for files matching pattern [D:/SpringMybatisWebDemo/target/classes/com/hc/**/*.class]
2016-12-13 14:36:23 org.springframework.core.io.support.PathMatchingResourcePatternResolver.doRetrieveMatchingFiles(PathMatchingResourcePatternResolver.java:773)  Searching directory [D:\SpringMybatisWebDemo\target\classes\com\hc\dao\impl] for files matching pattern [D:/SpringMybatisWebDemo/target/classes/com/hc/**/*.class]
2016-12-13 14:36:23 org.springframework.core.io.support.PathMatchingResourcePatternResolver.doRetrieveMatchingFiles(PathMatchingResourcePatternResolver.java:773)  Searching directory [D:\SpringMybatisWebDemo\target\classes\com\hc\domain] for files matching pattern [D:/SpringMybatisWebDemo/target/classes/com/hc/**/*.class]
2016-12-13 14:36:23 org.springframework.core.io.support.PathMatchingResourcePatternResolver.doRetrieveMatchingFiles(PathMatchingResourcePatternResolver.java:773)  Searching directory [D:\SpringMybatisWebDemo\target\classes\com\hc\listener] for files matching pattern [D:/SpringMybatisWebDemo/target/classes/com/hc/**/*.class]
2016-12-13 14:36:23 org.springframework.core.io.support.PathMatchingResourcePatternResolver.doRetrieveMatchingFiles(PathMatchingResourcePatternResolver.java:773)  Searching directory [D:\SpringMybatisWebDemo\target\classes\com\hc\mapping] for files matching pattern [D:/SpringMybatisWebDemo/target/classes/com/hc/**/*.class]
2016-12-13 14:36:23 org.springframework.core.io.support.PathMatchingResourcePatternResolver.doRetrieveMatchingFiles(PathMatchingResourcePatternResolver.java:773)  Searching directory [D:\SpringMybatisWebDemo\target\classes\com\hc\service] for files matching pattern [D:/SpringMybatisWebDemo/target/classes/com/hc/**/*.class]
2016-12-13 14:36:23 org.springframework.core.io.support.PathMatchingResourcePatternResolver.doRetrieveMatchingFiles(PathMatchingResourcePatternResolver.java:773)  Searching directory [D:\SpringMybatisWebDemo\target\classes\com\hc\service\impl] for files matching pattern [D:/SpringMybatisWebDemo/target/classes/com/hc/**/*.class]
2016-12-13 14:36:23 org.springframework.core.io.support.PathMatchingResourcePatternResolver.findPathMatchingResources(PathMatchingResourcePatternResolver.java:483)  Resolved location pattern [classpath*:com/hc/**/*.class] to resources [file [D:\SpringMybatisWebDemo\target\classes\com\hc\action\DeptServlet.class], file [D:\SpringMybatisWebDemo\target\classes\com\hc\dao\DeptDao.class], file [D:\SpringMybatisWebDemo\target\classes\com\hc\dao\EmpDao.class], file [D:\SpringMybatisWebDemo\target\classes\com\hc\dao\impl\DeptDaoImpl.class], file [D:\SpringMybatisWebDemo\target\classes\com\hc\DemoTest.class], file [D:\SpringMybatisWebDemo\target\classes\com\hc\domain\Dept.class], file [D:\SpringMybatisWebDemo\target\classes\com\hc\domain\Emp.class], file [D:\SpringMybatisWebDemo\target\classes\com\hc\listener\SessionListener.class], file [D:\SpringMybatisWebDemo\target\classes\com\hc\service\DeptService.class], file [D:\SpringMybatisWebDemo\target\classes\com\hc\service\impl\DeptServiceImpl.class]]
2016-12-13 14:36:23 org.springframework.context.annotation.ClassPathScanningCandidateComponentProvider.findCandidateComponents(ClassPathScanningCandidateComponentProvider.java:286)  Identified candidate component class: file [D:\SpringMybatisWebDemo\target\classes\com\hc\dao\impl\DeptDaoImpl.class]
2016-12-13 14:36:23 org.springframework.context.annotation.ClassPathScanningCandidateComponentProvider.findCandidateComponents(ClassPathScanningCandidateComponentProvider.java:286)  Identified candidate component class: file [D:\SpringMybatisWebDemo\target\classes\com\hc\service\impl\DeptServiceImpl.class]
2016-12-13 14:36:23 org.springframework.beans.factory.xml.BeanDefinitionParserDelegate.parseBeanDefinitionElement(BeanDefinitionParserDelegate.java:481)  Neither XML 'id' nor 'name' specified - using generated bean name [org.mybatis.spring.mapper.MapperScannerConfigurer#0]
2016-12-13 14:36:23 org.springframework.beans.factory.support.AbstractBeanDefinitionReader.loadBeanDefinitions(AbstractBeanDefinitionReader.java:224)  Loaded 17 bean definitions from location pattern [applicationContext.xml]
2016-12-13 14:36:23 org.springframework.context.support.AbstractApplicationContext.obtainFreshBeanFactory(AbstractApplicationContext.java:616)  Bean factory for org.springframework.context.support.ClassPathXmlApplicationContext@71c7db30: org.springframework.beans.factory.support.DefaultListableBeanFactory@365c30cc: defining beans [deptDaoImpl,deptServiceImpl,org.springframework.context.annotation.internalConfigurationAnnotationProcessor,org.springframework.context.annotation.internalAutowiredAnnotationProcessor,org.springframework.context.annotation.internalRequiredAnnotationProcessor,org.springframework.context.annotation.internalCommonAnnotationProcessor,org.springframework.context.event.internalEventListenerProcessor,org.springframework.context.event.internalEventListenerFactory,dataSource123,sqlSessionFactory,org.mybatis.spring.mapper.MapperScannerConfigurer#0,txManager,org.springframework.transaction.config.internalTransactionalEventListenerFactory,org.springframework.aop.config.internalAutoProxyCreator,org.springframework.transaction.annotation.AnnotationTransactionAttributeSource#0,org.springframework.transaction.interceptor.TransactionInterceptor#0,org.springframework.transaction.config.internalTransactionAdvisor]; root of factory hierarchy
2016-12-13 14:36:23 org.springframework.beans.factory.support.DefaultSingletonBeanRegistry.getSingleton(DefaultSingletonBeanRegistry.java:221)  Creating shared instance of singleton bean 'org.springframework.context.annotation.internalConfigurationAnnotationProcessor'
2016-12-13 14:36:23 org.springframework.beans.factory.support.AbstractAutowireCapableBeanFactory.createBean(AbstractAutowireCapableBeanFactory.java:448)  Creating instance of bean 'org.springframework.context.annotation.internalConfigurationAnnotationProcessor'
2016-12-13 14:36:23 org.springframework.beans.factory.support.AbstractAutowireCapableBeanFactory.doCreateBean(AbstractAutowireCapableBeanFactory.java:537)  Eagerly caching bean 'org.springframework.context.annotation.internalConfigurationAnnotationProcessor' to allow for resolving potential circular references
2016-12-13 14:36:23 org.springframework.beans.factory.support.AbstractAutowireCapableBeanFactory.createBean(AbstractAutowireCapableBeanFactory.java:484)  Finished creating instance of bean 'org.springframework.context.annotation.internalConfigurationAnnotationProcessor'
2016-12-13 14:36:23 org.springframework.beans.factory.support.DefaultSingletonBeanRegistry.getSingleton(DefaultSingletonBeanRegistry.java:221)  Creating shared instance of singleton bean 'org.mybatis.spring.mapper.MapperScannerConfigurer#0'
2016-12-13 14:36:23 org.springframework.beans.factory.support.AbstractAutowireCapableBeanFactory.createBean(AbstractAutowireCapableBeanFactory.java:448)  Creating instance of bean 'org.mybatis.spring.mapper.MapperScannerConfigurer#0'
2016-12-13 14:36:23 org.springframework.beans.factory.support.AbstractAutowireCapableBeanFactory.doCreateBean(AbstractAutowireCapableBeanFactory.java:537)  Eagerly caching bean 'org.mybatis.spring.mapper.MapperScannerConfigurer#0' to allow for resolving potential circular references
2016-12-13 14:36:23 org.springframework.beans.factory.support.AbstractAutowireCapableBeanFactory.invokeInitMethods(AbstractAutowireCapableBeanFactory.java:1625)  Invoking afterPropertiesSet() on bean with name 'org.mybatis.spring.mapper.MapperScannerConfigurer#0'
2016-12-13 14:36:23 org.springframework.beans.factory.support.AbstractAutowireCapableBeanFactory.createBean(AbstractAutowireCapableBeanFactory.java:484)  Finished creating instance of bean 'org.mybatis.spring.mapper.MapperScannerConfigurer#0'
2016-12-13 14:36:23 org.springframework.core.env.MutablePropertySources.addLast(MutablePropertySources.java:109)  Adding [systemProperties] PropertySource with lowest search precedence
2016-12-13 14:36:23 org.springframework.core.env.MutablePropertySources.addLast(MutablePropertySources.java:109)  Adding [systemEnvironment] PropertySource with lowest search precedence
2016-12-13 14:36:23 org.springframework.core.env.AbstractEnvironment.<init>(AbstractEnvironment.java:124)  Initialized StandardEnvironment with PropertySources [systemProperties,systemEnvironment]
2016-12-13 14:36:23 org.springframework.core.io.support.PathMatchingResourcePatternResolver.findAllClassPathResources(PathMatchingResourcePatternResolver.java:317)  Resolved classpath location [com/hc/] to resources [URL [file:/D:/SpringMybatisWebDemo/target/classes/com/hc/]]
2016-12-13 14:36:23 org.springframework.core.io.support.PathMatchingResourcePatternResolver.doFindMatchingFileSystemResources(PathMatchingResourcePatternResolver.java:711)  Looking for matching resources in directory tree [D:\SpringMybatisWebDemo\target\classes\com\hc]
2016-12-13 14:36:23 org.springframework.core.io.support.PathMatchingResourcePatternResolver.doRetrieveMatchingFiles(PathMatchingResourcePatternResolver.java:773)  Searching directory [D:\SpringMybatisWebDemo\target\classes\com\hc] for files matching pattern [D:/SpringMybatisWebDemo/target/classes/com/hc/*/**/*.class]
2016-12-13 14:36:23 org.springframework.core.io.support.PathMatchingResourcePatternResolver.doRetrieveMatchingFiles(PathMatchingResourcePatternResolver.java:773)  Searching directory [D:\SpringMybatisWebDemo\target\classes\com\hc\action] for files matching pattern [D:/SpringMybatisWebDemo/target/classes/com/hc/*/**/*.class]
2016-12-13 14:36:23 org.springframework.core.io.support.PathMatchingResourcePatternResolver.doRetrieveMatchingFiles(PathMatchingResourcePatternResolver.java:773)  Searching directory [D:\SpringMybatisWebDemo\target\classes\com\hc\dao] for files matching pattern [D:/SpringMybatisWebDemo/target/classes/com/hc/*/**/*.class]
2016-12-13 14:36:23 org.springframework.core.io.support.PathMatchingResourcePatternResolver.doRetrieveMatchingFiles(PathMatchingResourcePatternResolver.java:773)  Searching directory [D:\SpringMybatisWebDemo\target\classes\com\hc\dao\impl] for files matching pattern [D:/SpringMybatisWebDemo/target/classes/com/hc/*/**/*.class]
2016-12-13 14:36:23 org.springframework.core.io.support.PathMatchingResourcePatternResolver.doRetrieveMatchingFiles(PathMatchingResourcePatternResolver.java:773)  Searching directory [D:\SpringMybatisWebDemo\target\classes\com\hc\domain] for files matching pattern [D:/SpringMybatisWebDemo/target/classes/com/hc/*/**/*.class]
2016-12-13 14:36:23 org.springframework.core.io.support.PathMatchingResourcePatternResolver.doRetrieveMatchingFiles(PathMatchingResourcePatternResolver.java:773)  Searching directory [D:\SpringMybatisWebDemo\target\classes\com\hc\listener] for files matching pattern [D:/SpringMybatisWebDemo/target/classes/com/hc/*/**/*.class]
2016-12-13 14:36:23 org.springframework.core.io.support.PathMatchingResourcePatternResolver.doRetrieveMatchingFiles(PathMatchingResourcePatternResolver.java:773)  Searching directory [D:\SpringMybatisWebDemo\target\classes\com\hc\mapping] for files matching pattern [D:/SpringMybatisWebDemo/target/classes/com/hc/*/**/*.class]
2016-12-13 14:36:23 org.springframework.core.io.support.PathMatchingResourcePatternResolver.doRetrieveMatchingFiles(PathMatchingResourcePatternResolver.java:773)  Searching directory [D:\SpringMybatisWebDemo\target\classes\com\hc\service] for files matching pattern [D:/SpringMybatisWebDemo/target/classes/com/hc/*/**/*.class]
2016-12-13 14:36:23 org.springframework.core.io.support.PathMatchingResourcePatternResolver.doRetrieveMatchingFiles(PathMatchingResourcePatternResolver.java:773)  Searching directory [D:\SpringMybatisWebDemo\target\classes\com\hc\service\impl] for files matching pattern [D:/SpringMybatisWebDemo/target/classes/com/hc/*/**/*.class]
2016-12-13 14:36:23 org.springframework.core.io.support.PathMatchingResourcePatternResolver.findPathMatchingResources(PathMatchingResourcePatternResolver.java:483)  Resolved location pattern [classpath*:com/hc/*/**/*.class] to resources [file [D:\SpringMybatisWebDemo\target\classes\com\hc\action\DeptServlet.class], file [D:\SpringMybatisWebDemo\target\classes\com\hc\dao\DeptDao.class], file [D:\SpringMybatisWebDemo\target\classes\com\hc\dao\EmpDao.class], file [D:\SpringMybatisWebDemo\target\classes\com\hc\dao\impl\DeptDaoImpl.class], file [D:\SpringMybatisWebDemo\target\classes\com\hc\domain\Dept.class], file [D:\SpringMybatisWebDemo\target\classes\com\hc\domain\Emp.class], file [D:\SpringMybatisWebDemo\target\classes\com\hc\listener\SessionListener.class], file [D:\SpringMybatisWebDemo\target\classes\com\hc\service\DeptService.class], file [D:\SpringMybatisWebDemo\target\classes\com\hc\service\impl\DeptServiceImpl.class]]
2016-12-13 14:36:23 org.springframework.context.annotation.ClassPathScanningCandidateComponentProvider.findCandidateComponents(ClassPathScanningCandidateComponentProvider.java:292)  Ignored because not a concrete top-level class: file [D:\SpringMybatisWebDemo\target\classes\com\hc\action\DeptServlet.class]
2016-12-13 14:36:23 org.springframework.context.annotation.ClassPathScanningCandidateComponentProvider.findCandidateComponents(ClassPathScanningCandidateComponentProvider.java:286)  Identified candidate component class: file [D:\SpringMybatisWebDemo\target\classes\com\hc\dao\DeptDao.class]
2016-12-13 14:36:23 org.springframework.context.annotation.ClassPathScanningCandidateComponentProvider.findCandidateComponents(ClassPathScanningCandidateComponentProvider.java:286)  Identified candidate component class: file [D:\SpringMybatisWebDemo\target\classes\com\hc\dao\EmpDao.class]
2016-12-13 14:36:23 org.springframework.context.annotation.ClassPathScanningCandidateComponentProvider.findCandidateComponents(ClassPathScanningCandidateComponentProvider.java:292)  Ignored because not a concrete top-level class: file [D:\SpringMybatisWebDemo\target\classes\com\hc\dao\impl\DeptDaoImpl.class]
2016-12-13 14:36:23 org.springframework.context.annotation.ClassPathScanningCandidateComponentProvider.findCandidateComponents(ClassPathScanningCandidateComponentProvider.java:292)  Ignored because not a concrete top-level class: file [D:\SpringMybatisWebDemo\target\classes\com\hc\domain\Dept.class]
2016-12-13 14:36:23 org.springframework.context.annotation.ClassPathScanningCandidateComponentProvider.findCandidateComponents(ClassPathScanningCandidateComponentProvider.java:292)  Ignored because not a concrete top-level class: file [D:\SpringMybatisWebDemo\target\classes\com\hc\domain\Emp.class]
2016-12-13 14:36:23 org.springframework.context.annotation.ClassPathScanningCandidateComponentProvider.findCandidateComponents(ClassPathScanningCandidateComponentProvider.java:292)  Ignored because not a concrete top-level class: file [D:\SpringMybatisWebDemo\target\classes\com\hc\listener\SessionListener.class]
2016-12-13 14:36:23 org.springframework.context.annotation.ClassPathScanningCandidateComponentProvider.findCandidateComponents(ClassPathScanningCandidateComponentProvider.java:286)  Identified candidate component class: file [D:\SpringMybatisWebDemo\target\classes\com\hc\service\DeptService.class]
2016-12-13 14:36:23 org.springframework.context.annotation.ClassPathScanningCandidateComponentProvider.findCandidateComponents(ClassPathScanningCandidateComponentProvider.java:292)  Ignored because not a concrete top-level class: file [D:\SpringMybatisWebDemo\target\classes\com\hc\service\impl\DeptServiceImpl.class]
2016-12-13 14:36:23 org.mybatis.spring.mapper.ClassPathMapperScanner.processBeanDefinitions(ClassPathMapperScanner.java:181)  Creating MapperFactoryBean with name 'deptDao' and 'com.hc.dao.DeptDao' mapperInterface
2016-12-13 14:36:23 org.mybatis.spring.mapper.ClassPathMapperScanner.processBeanDefinitions(ClassPathMapperScanner.java:181)  Creating MapperFactoryBean with name 'empDao' and 'com.hc.dao.EmpDao' mapperInterface
2016-12-13 14:36:23 org.mybatis.spring.mapper.ClassPathMapperScanner.processBeanDefinitions(ClassPathMapperScanner.java:181)  Creating MapperFactoryBean with name 'deptService' and 'com.hc.service.DeptService' mapperInterface
2016-12-13 14:36:23 org.springframework.beans.factory.support.DefaultSingletonBeanRegistry.getSingleton(DefaultSingletonBeanRegistry.java:221)  Creating shared instance of singleton bean 'org.springframework.context.annotation.internalAutowiredAnnotationProcessor'
2016-12-13 14:36:23 org.springframework.beans.factory.support.AbstractAutowireCapableBeanFactory.createBean(AbstractAutowireCapableBeanFactory.java:448)  Creating instance of bean 'org.springframework.context.annotation.internalAutowiredAnnotationProcessor'
2016-12-13 14:36:23 org.springframework.beans.factory.support.AbstractAutowireCapableBeanFactory.doCreateBean(AbstractAutowireCapableBeanFactory.java:537)  Eagerly caching bean 'org.springframework.context.annotation.internalAutowiredAnnotationProcessor' to allow for resolving potential circular references
2016-12-13 14:36:23 org.springframework.beans.factory.support.AbstractAutowireCapableBeanFactory.createBean(AbstractAutowireCapableBeanFactory.java:484)  Finished creating instance of bean 'org.springframework.context.annotation.internalAutowiredAnnotationProcessor'
2016-12-13 14:36:23 org.springframework.beans.factory.support.DefaultSingletonBeanRegistry.getSingleton(DefaultSingletonBeanRegistry.java:221)  Creating shared instance of singleton bean 'org.springframework.context.annotation.internalRequiredAnnotationProcessor'
2016-12-13 14:36:23 org.springframework.beans.factory.support.AbstractAutowireCapableBeanFactory.createBean(AbstractAutowireCapableBeanFactory.java:448)  Creating instance of bean 'org.springframework.context.annotation.internalRequiredAnnotationProcessor'
2016-12-13 14:36:23 org.springframework.beans.factory.support.AbstractAutowireCapableBeanFactory.doCreateBean(AbstractAutowireCapableBeanFactory.java:537)  Eagerly caching bean 'org.springframework.context.annotation.internalRequiredAnnotationProcessor' to allow for resolving potential circular references
2016-12-13 14:36:23 org.springframework.beans.factory.support.AbstractAutowireCapableBeanFactory.createBean(AbstractAutowireCapableBeanFactory.java:484)  Finished creating instance of bean 'org.springframework.context.annotation.internalRequiredAnnotationProcessor'
2016-12-13 14:36:23 org.springframework.beans.factory.support.DefaultSingletonBeanRegistry.getSingleton(DefaultSingletonBeanRegistry.java:221)  Creating shared instance of singleton bean 'org.springframework.context.annotation.internalCommonAnnotationProcessor'
2016-12-13 14:36:23 org.springframework.beans.factory.support.AbstractAutowireCapableBeanFactory.createBean(AbstractAutowireCapableBeanFactory.java:448)  Creating instance of bean 'org.springframework.context.annotation.internalCommonAnnotationProcessor'
2016-12-13 14:36:23 org.springframework.beans.factory.support.AbstractAutowireCapableBeanFactory.doCreateBean(AbstractAutowireCapableBeanFactory.java:537)  Eagerly caching bean 'org.springframework.context.annotation.internalCommonAnnotationProcessor' to allow for resolving potential circular references
2016-12-13 14:36:23 org.springframework.beans.factory.support.AbstractAutowireCapableBeanFactory.createBean(AbstractAutowireCapableBeanFactory.java:484)  Finished creating instance of bean 'org.springframework.context.annotation.internalCommonAnnotationProcessor'
2016-12-13 14:36:23 org.springframework.beans.factory.support.DefaultSingletonBeanRegistry.getSingleton(DefaultSingletonBeanRegistry.java:221)  Creating shared instance of singleton bean 'org.springframework.context.annotation.ConfigurationClassPostProcessor.importAwareProcessor'
2016-12-13 14:36:23 org.springframework.beans.factory.support.AbstractAutowireCapableBeanFactory.createBean(AbstractAutowireCapableBeanFactory.java:448)  Creating instance of bean 'org.springframework.context.annotation.ConfigurationClassPostProcessor.importAwareProcessor'
2016-12-13 14:36:23 org.springframework.beans.factory.support.AbstractAutowireCapableBeanFactory.doCreateBean(AbstractAutowireCapableBeanFactory.java:537)  Eagerly caching bean 'org.springframework.context.annotation.ConfigurationClassPostProcessor.importAwareProcessor' to allow for resolving potential circular references
2016-12-13 14:36:23 org.springframework.beans.factory.support.AbstractAutowireCapableBeanFactory.createBean(AbstractAutowireCapableBeanFactory.java:484)  Finished creating instance of bean 'org.springframework.context.annotation.ConfigurationClassPostProcessor.importAwareProcessor'
2016-12-13 14:36:23 org.springframework.beans.factory.support.DefaultSingletonBeanRegistry.getSingleton(DefaultSingletonBeanRegistry.java:221)  Creating shared instance of singleton bean 'org.springframework.context.annotation.ConfigurationClassPostProcessor.enhancedConfigurationProcessor'
2016-12-13 14:36:23 org.springframework.beans.factory.support.AbstractAutowireCapableBeanFactory.createBean(AbstractAutowireCapableBeanFactory.java:448)  Creating instance of bean 'org.springframework.context.annotation.ConfigurationClassPostProcessor.enhancedConfigurationProcessor'
2016-12-13 14:36:23 org.springframework.beans.factory.support.AbstractAutowireCapableBeanFactory.doCreateBean(AbstractAutowireCapableBeanFactory.java:537)  Eagerly caching bean 'org.springframework.context.annotation.ConfigurationClassPostProcessor.enhancedConfigurationProcessor' to allow for resolving potential circular references
2016-12-13 14:36:23 org.springframework.beans.factory.support.AbstractAutowireCapableBeanFactory.createBean(AbstractAutowireCapableBeanFactory.java:484)  Finished creating instance of bean 'org.springframework.context.annotation.ConfigurationClassPostProcessor.enhancedConfigurationProcessor'
2016-12-13 14:36:23 org.springframework.beans.factory.support.DefaultSingletonBeanRegistry.getSingleton(DefaultSingletonBeanRegistry.java:221)  Creating shared instance of singleton bean 'org.springframework.aop.config.internalAutoProxyCreator'
2016-12-13 14:36:23 org.springframework.beans.factory.support.AbstractAutowireCapableBeanFactory.createBean(AbstractAutowireCapableBeanFactory.java:448)  Creating instance of bean 'org.springframework.aop.config.internalAutoProxyCreator'
2016-12-13 14:36:23 org.springframework.beans.factory.support.AbstractAutowireCapableBeanFactory.doCreateBean(AbstractAutowireCapableBeanFactory.java:537)  Eagerly caching bean 'org.springframework.aop.config.internalAutoProxyCreator' to allow for resolving potential circular references
2016-12-13 14:36:23 org.springframework.beans.factory.support.AbstractAutowireCapableBeanFactory.createBean(AbstractAutowireCapableBeanFactory.java:484)  Finished creating instance of bean 'org.springframework.aop.config.internalAutoProxyCreator'
2016-12-13 14:36:23 org.springframework.context.support.AbstractApplicationContext.initMessageSource(AbstractApplicationContext.java:733)  Unable to locate MessageSource with name 'messageSource': using default [org.springframework.context.support.DelegatingMessageSource@28eaa59a]
2016-12-13 14:36:23 org.springframework.context.support.AbstractApplicationContext.initApplicationEventMulticaster(AbstractApplicationContext.java:757)  Unable to locate ApplicationEventMulticaster with name 'applicationEventMulticaster': using default [org.springframework.context.event.SimpleApplicationEventMulticaster@619713e5]
2016-12-13 14:36:23 org.springframework.beans.factory.support.DefaultListableBeanFactory.preInstantiateSingletons(DefaultListableBeanFactory.java:723)  Pre-instantiating singletons in org.springframework.beans.factory.support.DefaultListableBeanFactory@365c30cc: defining beans [deptDaoImpl,deptServiceImpl,org.springframework.context.annotation.internalConfigurationAnnotationProcessor,org.springframework.context.annotation.internalAutowiredAnnotationProcessor,org.springframework.context.annotation.internalRequiredAnnotationProcessor,org.springframework.context.annotation.internalCommonAnnotationProcessor,org.springframework.context.event.internalEventListenerProcessor,org.springframework.context.event.internalEventListenerFactory,dataSource123,sqlSessionFactory,org.mybatis.spring.mapper.MapperScannerConfigurer#0,txManager,org.springframework.transaction.config.internalTransactionalEventListenerFactory,org.springframework.aop.config.internalAutoProxyCreator,org.springframework.transaction.annotation.AnnotationTransactionAttributeSource#0,org.springframework.transaction.interceptor.TransactionInterceptor#0,org.springframework.transaction.config.internalTransactionAdvisor,org.springframework.context.annotation.ConfigurationClassPostProcessor.importAwareProcessor,org.springframework.context.annotation.ConfigurationClassPostProcessor.enhancedConfigurationProcessor,deptDao,empDao,deptService]; root of factory hierarchy
2016-12-13 14:36:23 org.springframework.beans.factory.support.DefaultSingletonBeanRegistry.getSingleton(DefaultSingletonBeanRegistry.java:221)  Creating shared instance of singleton bean 'deptDaoImpl'
2016-12-13 14:36:23 org.springframework.beans.factory.support.AbstractAutowireCapableBeanFactory.createBean(AbstractAutowireCapableBeanFactory.java:448)  Creating instance of bean 'deptDaoImpl'
2016-12-13 14:36:23 org.springframework.beans.factory.annotation.InjectionMetadata.checkConfigMembers(InjectionMetadata.java:72)  Registered injected element on class [com.hc.dao.impl.DeptDaoImpl]: AutowiredFieldElement for private org.apache.ibatis.session.SqlSessionFactory com.hc.dao.impl.DeptDaoImpl.factory
2016-12-13 14:36:23 org.springframework.beans.factory.support.AbstractAutowireCapableBeanFactory.doCreateBean(AbstractAutowireCapableBeanFactory.java:537)  Eagerly caching bean 'deptDaoImpl' to allow for resolving potential circular references
2016-12-13 14:36:23 org.springframework.beans.factory.annotation.InjectionMetadata.inject(InjectionMetadata.java:86)  Processing injected element of bean 'deptDaoImpl': AutowiredFieldElement for private org.apache.ibatis.session.SqlSessionFactory com.hc.dao.impl.DeptDaoImpl.factory
2016-12-13 14:36:23 org.springframework.beans.factory.support.DefaultSingletonBeanRegistry.getSingleton(DefaultSingletonBeanRegistry.java:221)  Creating shared instance of singleton bean 'sqlSessionFactory'
2016-12-13 14:36:23 org.springframework.beans.factory.support.AbstractAutowireCapableBeanFactory.createBean(AbstractAutowireCapableBeanFactory.java:448)  Creating instance of bean 'sqlSessionFactory'
2016-12-13 14:36:23 org.springframework.beans.factory.support.AbstractAutowireCapableBeanFactory.doCreateBean(AbstractAutowireCapableBeanFactory.java:537)  Eagerly caching bean 'sqlSessionFactory' to allow for resolving potential circular references
2016-12-13 14:36:23 org.springframework.beans.factory.support.DefaultSingletonBeanRegistry.getSingleton(DefaultSingletonBeanRegistry.java:221)  Creating shared instance of singleton bean 'dataSource123'
2016-12-13 14:36:23 org.springframework.beans.factory.support.AbstractAutowireCapableBeanFactory.createBean(AbstractAutowireCapableBeanFactory.java:448)  Creating instance of bean 'dataSource123'
2016-12-13 14:36:23 org.springframework.beans.factory.support.AbstractAutowireCapableBeanFactory.doCreateBean(AbstractAutowireCapableBeanFactory.java:537)  Eagerly caching bean 'dataSource123' to allow for resolving potential circular references
2016-12-13 14:36:23 org.springframework.beans.factory.support.DefaultSingletonBeanRegistry.getSingleton(DefaultSingletonBeanRegistry.java:221)  Creating shared instance of singleton bean 'org.springframework.transaction.config.internalTransactionAdvisor'
2016-12-13 14:36:23 org.springframework.beans.factory.support.AbstractAutowireCapableBeanFactory.createBean(AbstractAutowireCapableBeanFactory.java:448)  Creating instance of bean 'org.springframework.transaction.config.internalTransactionAdvisor'
2016-12-13 14:36:23 org.springframework.beans.factory.support.AbstractAutowireCapableBeanFactory.doCreateBean(AbstractAutowireCapableBeanFactory.java:537)  Eagerly caching bean 'org.springframework.transaction.config.internalTransactionAdvisor' to allow for resolving potential circular references
2016-12-13 14:36:23 org.springframework.beans.factory.support.DefaultSingletonBeanRegistry.getSingleton(DefaultSingletonBeanRegistry.java:221)  Creating shared instance of singleton bean 'org.springframework.transaction.annotation.AnnotationTransactionAttributeSource#0'
2016-12-13 14:36:23 org.springframework.beans.factory.support.AbstractAutowireCapableBeanFactory.createBean(AbstractAutowireCapableBeanFactory.java:448)  Creating instance of bean 'org.springframework.transaction.annotation.AnnotationTransactionAttributeSource#0'
2016-12-13 14:36:23 org.springframework.beans.factory.support.AbstractAutowireCapableBeanFactory.doCreateBean(AbstractAutowireCapableBeanFactory.java:537)  Eagerly caching bean 'org.springframework.transaction.annotation.AnnotationTransactionAttributeSource#0' to allow for resolving potential circular references
2016-12-13 14:36:23 org.springframework.aop.framework.autoproxy.BeanFactoryAdvisorRetrievalHelper.findAdvisorBeans(BeanFactoryAdvisorRetrievalHelper.java:87)  Skipping currently created advisor 'org.springframework.transaction.config.internalTransactionAdvisor'
2016-12-13 14:36:23 org.springframework.beans.factory.support.AbstractAutowireCapableBeanFactory.createBean(AbstractAutowireCapableBeanFactory.java:484)  Finished creating instance of bean 'org.springframework.transaction.annotation.AnnotationTransactionAttributeSource#0'
2016-12-13 14:36:23 org.springframework.beans.factory.support.AbstractAutowireCapableBeanFactory.createBean(AbstractAutowireCapableBeanFactory.java:484)  Finished creating instance of bean 'org.springframework.transaction.config.internalTransactionAdvisor'
2016-12-13 14:36:23 org.springframework.beans.factory.support.AbstractAutowireCapableBeanFactory.createBean(AbstractAutowireCapableBeanFactory.java:484)  Finished creating instance of bean 'dataSource123'
2016-12-13 14:36:23 org.springframework.beans.factory.support.AbstractAutowireCapableBeanFactory.invokeInitMethods(AbstractAutowireCapableBeanFactory.java:1625)  Invoking afterPropertiesSet() on bean with name 'sqlSessionFactory'
2016-12-13 14:36:24 org.apache.ibatis.logging.commons.JakartaCommonsLoggingImpl.debug(JakartaCommonsLoggingImpl.java:54)  Parsed configuration file: 'class path resource [mybatis-config.xml]'
2016-12-13 14:36:24 org.apache.ibatis.logging.commons.JakartaCommonsLoggingImpl.debug(JakartaCommonsLoggingImpl.java:54)  Property 'mapperLocations' was not specified or no matching resources found
2016-12-13 14:36:24 org.springframework.beans.factory.support.AbstractBeanFactory.doGetBean(AbstractBeanFactory.java:251)  Returning cached instance of singleton bean 'org.springframework.transaction.config.internalTransactionAdvisor'
2016-12-13 14:36:24 org.springframework.beans.factory.support.AbstractAutowireCapableBeanFactory.createBean(AbstractAutowireCapableBeanFactory.java:484)  Finished creating instance of bean 'sqlSessionFactory'
2016-12-13 14:36:24 org.springframework.beans.factory.support.AbstractBeanFactory.doGetBean(AbstractBeanFactory.java:251)  Returning cached instance of singleton bean 'org.springframework.transaction.config.internalTransactionAdvisor'
2016-12-13 14:36:24 org.springframework.beans.factory.annotation.AutowiredAnnotationBeanPostProcessor.registerDependentBeans(AutowiredAnnotationBeanPostProcessor.java:539)  Autowiring by type from bean name 'deptDaoImpl' to bean named 'sqlSessionFactory'
2016-12-13 14:36:24 org.springframework.beans.factory.support.AbstractBeanFactory.doGetBean(AbstractBeanFactory.java:251)  Returning cached instance of singleton bean 'org.springframework.transaction.config.internalTransactionAdvisor'
2016-12-13 14:36:24 org.springframework.beans.factory.support.AbstractAutowireCapableBeanFactory.createBean(AbstractAutowireCapableBeanFactory.java:484)  Finished creating instance of bean 'deptDaoImpl'
2016-12-13 14:36:24 org.springframework.beans.factory.support.DefaultSingletonBeanRegistry.getSingleton(DefaultSingletonBeanRegistry.java:221)  Creating shared instance of singleton bean 'deptServiceImpl'
2016-12-13 14:36:24 org.springframework.beans.factory.support.AbstractAutowireCapableBeanFactory.createBean(AbstractAutowireCapableBeanFactory.java:448)  Creating instance of bean 'deptServiceImpl'
2016-12-13 14:36:24 org.springframework.beans.factory.annotation.InjectionMetadata.checkConfigMembers(InjectionMetadata.java:72)  Registered injected element on class [com.hc.service.impl.DeptServiceImpl]: AutowiredFieldElement for private com.hc.dao.DeptDao com.hc.service.impl.DeptServiceImpl.deptDao
2016-12-13 14:36:24 org.springframework.beans.factory.support.AbstractAutowireCapableBeanFactory.doCreateBean(AbstractAutowireCapableBeanFactory.java:537)  Eagerly caching bean 'deptServiceImpl' to allow for resolving potential circular references
2016-12-13 14:36:24 org.springframework.beans.factory.annotation.InjectionMetadata.inject(InjectionMetadata.java:86)  Processing injected element of bean 'deptServiceImpl': AutowiredFieldElement for private com.hc.dao.DeptDao com.hc.service.impl.DeptServiceImpl.deptDao
2016-12-13 14:36:24 org.springframework.beans.factory.support.AbstractBeanFactory.doGetBean(AbstractBeanFactory.java:251)  Returning cached instance of singleton bean 'deptDaoImpl'
2016-12-13 14:36:24 org.springframework.beans.factory.annotation.AutowiredAnnotationBeanPostProcessor.registerDependentBeans(AutowiredAnnotationBeanPostProcessor.java:539)  Autowiring by type from bean name 'deptServiceImpl' to bean named 'deptDaoImpl'
2016-12-13 14:36:24 org.springframework.beans.factory.support.AbstractBeanFactory.doGetBean(AbstractBeanFactory.java:251)  Returning cached instance of singleton bean 'org.springframework.transaction.config.internalTransactionAdvisor'
2016-12-13 14:36:24 org.springframework.beans.factory.support.AbstractAutowireCapableBeanFactory.createBean(AbstractAutowireCapableBeanFactory.java:484)  Finished creating instance of bean 'deptServiceImpl'
2016-12-13 14:36:24 org.springframework.beans.factory.support.AbstractBeanFactory.doGetBean(AbstractBeanFactory.java:251)  Returning cached instance of singleton bean 'org.springframework.context.annotation.internalConfigurationAnnotationProcessor'
2016-12-13 14:36:24 org.springframework.beans.factory.support.AbstractBeanFactory.doGetBean(AbstractBeanFactory.java:251)  Returning cached instance of singleton bean 'org.springframework.context.annotation.internalAutowiredAnnotationProcessor'
2016-12-13 14:36:24 org.springframework.beans.factory.support.AbstractBeanFactory.doGetBean(AbstractBeanFactory.java:251)  Returning cached instance of singleton bean 'org.springframework.context.annotation.internalRequiredAnnotationProcessor'
2016-12-13 14:36:24 org.springframework.beans.factory.support.AbstractBeanFactory.doGetBean(AbstractBeanFactory.java:251)  Returning cached instance of singleton bean 'org.springframework.context.annotation.internalCommonAnnotationProcessor'
2016-12-13 14:36:24 org.springframework.beans.factory.support.DefaultSingletonBeanRegistry.getSingleton(DefaultSingletonBeanRegistry.java:221)  Creating shared instance of singleton bean 'org.springframework.context.event.internalEventListenerProcessor'
2016-12-13 14:36:24 org.springframework.beans.factory.support.AbstractAutowireCapableBeanFactory.createBean(AbstractAutowireCapableBeanFactory.java:448)  Creating instance of bean 'org.springframework.context.event.internalEventListenerProcessor'
2016-12-13 14:36:24 org.springframework.beans.factory.support.AbstractAutowireCapableBeanFactory.doCreateBean(AbstractAutowireCapableBeanFactory.java:537)  Eagerly caching bean 'org.springframework.context.event.internalEventListenerProcessor' to allow for resolving potential circular references
2016-12-13 14:36:24 org.springframework.beans.factory.support.AbstractBeanFactory.doGetBean(AbstractBeanFactory.java:251)  Returning cached instance of singleton bean 'org.springframework.transaction.config.internalTransactionAdvisor'
2016-12-13 14:36:24 org.springframework.beans.factory.support.AbstractAutowireCapableBeanFactory.createBean(AbstractAutowireCapableBeanFactory.java:484)  Finished creating instance of bean 'org.springframework.context.event.internalEventListenerProcessor'
2016-12-13 14:36:24 org.springframework.beans.factory.support.DefaultSingletonBeanRegistry.getSingleton(DefaultSingletonBeanRegistry.java:221)  Creating shared instance of singleton bean 'org.springframework.context.event.internalEventListenerFactory'
2016-12-13 14:36:24 org.springframework.beans.factory.support.AbstractAutowireCapableBeanFactory.createBean(AbstractAutowireCapableBeanFactory.java:448)  Creating instance of bean 'org.springframework.context.event.internalEventListenerFactory'
2016-12-13 14:36:24 org.springframework.beans.factory.support.AbstractAutowireCapableBeanFactory.doCreateBean(AbstractAutowireCapableBeanFactory.java:537)  Eagerly caching bean 'org.springframework.context.event.internalEventListenerFactory' to allow for resolving potential circular references
2016-12-13 14:36:24 org.springframework.beans.factory.support.AbstractBeanFactory.doGetBean(AbstractBeanFactory.java:251)  Returning cached instance of singleton bean 'org.springframework.transaction.config.internalTransactionAdvisor'
2016-12-13 14:36:24 org.springframework.beans.factory.support.AbstractAutowireCapableBeanFactory.createBean(AbstractAutowireCapableBeanFactory.java:484)  Finished creating instance of bean 'org.springframework.context.event.internalEventListenerFactory'
2016-12-13 14:36:24 org.springframework.beans.factory.support.AbstractBeanFactory.doGetBean(AbstractBeanFactory.java:251)  Returning cached instance of singleton bean 'dataSource123'
2016-12-13 14:36:24 org.springframework.beans.factory.support.AbstractBeanFactory.doGetBean(AbstractBeanFactory.java:251)  Returning cached instance of singleton bean 'sqlSessionFactory'
2016-12-13 14:36:24 org.springframework.beans.factory.support.AbstractBeanFactory.doGetBean(AbstractBeanFactory.java:251)  Returning cached instance of singleton bean 'org.mybatis.spring.mapper.MapperScannerConfigurer#0'
2016-12-13 14:36:24 org.springframework.beans.factory.support.DefaultSingletonBeanRegistry.getSingleton(DefaultSingletonBeanRegistry.java:221)  Creating shared instance of singleton bean 'txManager'
2016-12-13 14:36:24 org.springframework.beans.factory.support.AbstractAutowireCapableBeanFactory.createBean(AbstractAutowireCapableBeanFactory.java:448)  Creating instance of bean 'txManager'
2016-12-13 14:36:24 org.springframework.beans.factory.support.AbstractAutowireCapableBeanFactory.doCreateBean(AbstractAutowireCapableBeanFactory.java:537)  Eagerly caching bean 'txManager' to allow for resolving potential circular references
2016-12-13 14:36:24 org.springframework.beans.factory.support.AbstractBeanFactory.doGetBean(AbstractBeanFactory.java:251)  Returning cached instance of singleton bean 'dataSource123'
2016-12-13 14:36:24 org.springframework.beans.factory.support.AbstractAutowireCapableBeanFactory.invokeInitMethods(AbstractAutowireCapableBeanFactory.java:1625)  Invoking afterPropertiesSet() on bean with name 'txManager'
2016-12-13 14:36:24 org.springframework.beans.factory.support.AbstractBeanFactory.doGetBean(AbstractBeanFactory.java:251)  Returning cached instance of singleton bean 'org.springframework.transaction.config.internalTransactionAdvisor'
2016-12-13 14:36:24 org.springframework.beans.factory.support.AbstractAutowireCapableBeanFactory.createBean(AbstractAutowireCapableBeanFactory.java:484)  Finished creating instance of bean 'txManager'
2016-12-13 14:36:24 org.springframework.beans.factory.support.DefaultSingletonBeanRegistry.getSingleton(DefaultSingletonBeanRegistry.java:221)  Creating shared instance of singleton bean 'org.springframework.transaction.config.internalTransactionalEventListenerFactory'
2016-12-13 14:36:24 org.springframework.beans.factory.support.AbstractAutowireCapableBeanFactory.createBean(AbstractAutowireCapableBeanFactory.java:448)  Creating instance of bean 'org.springframework.transaction.config.internalTransactionalEventListenerFactory'
2016-12-13 14:36:24 org.springframework.beans.factory.support.AbstractAutowireCapableBeanFactory.doCreateBean(AbstractAutowireCapableBeanFactory.java:537)  Eagerly caching bean 'org.springframework.transaction.config.internalTransactionalEventListenerFactory' to allow for resolving potential circular references
2016-12-13 14:36:24 org.springframework.beans.factory.support.AbstractBeanFactory.doGetBean(AbstractBeanFactory.java:251)  Returning cached instance of singleton bean 'org.springframework.transaction.config.internalTransactionAdvisor'
2016-12-13 14:36:24 org.springframework.beans.factory.support.AbstractAutowireCapableBeanFactory.createBean(AbstractAutowireCapableBeanFactory.java:484)  Finished creating instance of bean 'org.springframework.transaction.config.internalTransactionalEventListenerFactory'
2016-12-13 14:36:24 org.springframework.beans.factory.support.AbstractBeanFactory.doGetBean(AbstractBeanFactory.java:251)  Returning cached instance of singleton bean 'org.springframework.aop.config.internalAutoProxyCreator'
2016-12-13 14:36:24 org.springframework.beans.factory.support.AbstractBeanFactory.doGetBean(AbstractBeanFactory.java:251)  Returning cached instance of singleton bean 'org.springframework.transaction.annotation.AnnotationTransactionAttributeSource#0'
2016-12-13 14:36:24 org.springframework.beans.factory.support.DefaultSingletonBeanRegistry.getSingleton(DefaultSingletonBeanRegistry.java:221)  Creating shared instance of singleton bean 'org.springframework.transaction.interceptor.TransactionInterceptor#0'
2016-12-13 14:36:24 org.springframework.beans.factory.support.AbstractAutowireCapableBeanFactory.createBean(AbstractAutowireCapableBeanFactory.java:448)  Creating instance of bean 'org.springframework.transaction.interceptor.TransactionInterceptor#0'
2016-12-13 14:36:24 org.springframework.beans.factory.support.AbstractAutowireCapableBeanFactory.doCreateBean(AbstractAutowireCapableBeanFactory.java:537)  Eagerly caching bean 'org.springframework.transaction.interceptor.TransactionInterceptor#0' to allow for resolving potential circular references
2016-12-13 14:36:24 org.springframework.beans.factory.support.AbstractBeanFactory.doGetBean(AbstractBeanFactory.java:251)  Returning cached instance of singleton bean 'org.springframework.transaction.annotation.AnnotationTransactionAttributeSource#0'
2016-12-13 14:36:24 org.springframework.beans.factory.support.AbstractAutowireCapableBeanFactory.invokeInitMethods(AbstractAutowireCapableBeanFactory.java:1625)  Invoking afterPropertiesSet() on bean with name 'org.springframework.transaction.interceptor.TransactionInterceptor#0'
2016-12-13 14:36:24 org.springframework.beans.factory.support.AbstractAutowireCapableBeanFactory.createBean(AbstractAutowireCapableBeanFactory.java:484)  Finished creating instance of bean 'org.springframework.transaction.interceptor.TransactionInterceptor#0'
2016-12-13 14:36:24 org.springframework.beans.factory.support.AbstractBeanFactory.doGetBean(AbstractBeanFactory.java:251)  Returning cached instance of singleton bean 'org.springframework.transaction.config.internalTransactionAdvisor'
2016-12-13 14:36:24 org.springframework.beans.factory.support.AbstractBeanFactory.doGetBean(AbstractBeanFactory.java:251)  Returning cached instance of singleton bean 'org.springframework.context.annotation.ConfigurationClassPostProcessor.importAwareProcessor'
2016-12-13 14:36:24 org.springframework.beans.factory.support.AbstractBeanFactory.doGetBean(AbstractBeanFactory.java:251)  Returning cached instance of singleton bean 'org.springframework.context.annotation.ConfigurationClassPostProcessor.enhancedConfigurationProcessor'
2016-12-13 14:36:24 org.springframework.beans.factory.support.DefaultSingletonBeanRegistry.getSingleton(DefaultSingletonBeanRegistry.java:221)  Creating shared instance of singleton bean 'deptDao'
2016-12-13 14:36:24 org.springframework.beans.factory.support.AbstractAutowireCapableBeanFactory.createBean(AbstractAutowireCapableBeanFactory.java:448)  Creating instance of bean 'deptDao'
2016-12-13 14:36:24 org.springframework.beans.factory.support.AbstractAutowireCapableBeanFactory.doCreateBean(AbstractAutowireCapableBeanFactory.java:537)  Eagerly caching bean 'deptDao' to allow for resolving potential circular references
2016-12-13 14:36:24 org.springframework.beans.factory.support.AbstractBeanFactory.doGetBean(AbstractBeanFactory.java:251)  Returning cached instance of singleton bean 'sqlSessionFactory'
2016-12-13 14:36:24 org.springframework.beans.factory.support.AbstractAutowireCapableBeanFactory.invokeInitMethods(AbstractAutowireCapableBeanFactory.java:1625)  Invoking afterPropertiesSet() on bean with name 'deptDao'
2016-12-13 14:36:24 org.springframework.beans.factory.support.AbstractBeanFactory.doGetBean(AbstractBeanFactory.java:251)  Returning cached instance of singleton bean 'org.springframework.transaction.config.internalTransactionAdvisor'
2016-12-13 14:36:24 org.springframework.beans.factory.support.AbstractAutowireCapableBeanFactory.createBean(AbstractAutowireCapableBeanFactory.java:484)  Finished creating instance of bean 'deptDao'
2016-12-13 14:36:24 org.springframework.beans.factory.support.DefaultSingletonBeanRegistry.getSingleton(DefaultSingletonBeanRegistry.java:221)  Creating shared instance of singleton bean 'empDao'
2016-12-13 14:36:24 org.springframework.beans.factory.support.AbstractAutowireCapableBeanFactory.createBean(AbstractAutowireCapableBeanFactory.java:448)  Creating instance of bean 'empDao'
2016-12-13 14:36:24 org.springframework.beans.factory.support.AbstractAutowireCapableBeanFactory.doCreateBean(AbstractAutowireCapableBeanFactory.java:537)  Eagerly caching bean 'empDao' to allow for resolving potential circular references
2016-12-13 14:36:24 org.springframework.beans.factory.support.AbstractBeanFactory.doGetBean(AbstractBeanFactory.java:251)  Returning cached instance of singleton bean 'sqlSessionFactory'
2016-12-13 14:36:24 org.springframework.beans.factory.support.AbstractAutowireCapableBeanFactory.invokeInitMethods(AbstractAutowireCapableBeanFactory.java:1625)  Invoking afterPropertiesSet() on bean with name 'empDao'
2016-12-13 14:36:24 org.springframework.beans.factory.support.AbstractBeanFactory.doGetBean(AbstractBeanFactory.java:251)  Returning cached instance of singleton bean 'org.springframework.transaction.config.internalTransactionAdvisor'
2016-12-13 14:36:24 org.springframework.beans.factory.support.AbstractAutowireCapableBeanFactory.createBean(AbstractAutowireCapableBeanFactory.java:484)  Finished creating instance of bean 'empDao'
2016-12-13 14:36:24 org.springframework.beans.factory.support.DefaultSingletonBeanRegistry.getSingleton(DefaultSingletonBeanRegistry.java:221)  Creating shared instance of singleton bean 'deptService'
2016-12-13 14:36:24 org.springframework.beans.factory.support.AbstractAutowireCapableBeanFactory.createBean(AbstractAutowireCapableBeanFactory.java:448)  Creating instance of bean 'deptService'
2016-12-13 14:36:24 org.springframework.beans.factory.support.AbstractAutowireCapableBeanFactory.doCreateBean(AbstractAutowireCapableBeanFactory.java:537)  Eagerly caching bean 'deptService' to allow for resolving potential circular references
2016-12-13 14:36:24 org.springframework.beans.factory.support.AbstractBeanFactory.doGetBean(AbstractBeanFactory.java:251)  Returning cached instance of singleton bean 'sqlSessionFactory'
2016-12-13 14:36:24 org.springframework.beans.factory.support.AbstractAutowireCapableBeanFactory.invokeInitMethods(AbstractAutowireCapableBeanFactory.java:1625)  Invoking afterPropertiesSet() on bean with name 'deptService'
2016-12-13 14:36:24 org.springframework.beans.factory.support.AbstractBeanFactory.doGetBean(AbstractBeanFactory.java:251)  Returning cached instance of singleton bean 'org.springframework.transaction.config.internalTransactionAdvisor'
2016-12-13 14:36:24 org.springframework.beans.factory.support.AbstractAutowireCapableBeanFactory.createBean(AbstractAutowireCapableBeanFactory.java:484)  Finished creating instance of bean 'deptService'
2016-12-13 14:36:24 org.springframework.beans.factory.support.AbstractBeanFactory.doGetBean(AbstractBeanFactory.java:251)  Returning cached instance of singleton bean 'org.springframework.context.event.internalEventListenerFactory'
2016-12-13 14:36:24 org.springframework.beans.factory.support.AbstractBeanFactory.doGetBean(AbstractBeanFactory.java:251)  Returning cached instance of singleton bean 'org.springframework.transaction.config.internalTransactionalEventListenerFactory'
2016-12-13 14:36:24 org.springframework.context.support.AbstractApplicationContext.initLifecycleProcessor(AbstractApplicationContext.java:784)  Unable to locate LifecycleProcessor with name 'lifecycleProcessor': using default [org.springframework.context.support.DefaultLifecycleProcessor@6221a451]
2016-12-13 14:36:24 org.springframework.beans.factory.support.AbstractBeanFactory.doGetBean(AbstractBeanFactory.java:251)  Returning cached instance of singleton bean 'lifecycleProcessor'
2016-12-13 14:36:24 org.springframework.beans.factory.support.AbstractBeanFactory.doGetBean(AbstractBeanFactory.java:251)  Returning cached instance of singleton bean 'sqlSessionFactory'
2016-12-13 14:36:24 org.springframework.core.env.PropertySourcesPropertyResolver.getProperty(PropertySourcesPropertyResolver.java:91)  Could not find key 'spring.liveBeansView.mbeanDomain' in any property source
2016-12-13 14:36:24 org.springframework.beans.factory.support.AbstractBeanFactory.doGetBean(AbstractBeanFactory.java:251)  Returning cached instance of singleton bean 'empDao'
2016-12-13 14:36:24 org.springframework.beans.factory.support.AbstractBeanFactory.doGetBean(AbstractBeanFactory.java:251)  Returning cached instance of singleton bean 'org.springframework.transaction.config.internalTransactionAdvisor'
2016-12-13 14:36:24 org.apache.ibatis.logging.commons.JakartaCommonsLoggingImpl.debug(JakartaCommonsLoggingImpl.java:54)  Creating a new SqlSession
2016-12-13 14:36:24 org.apache.ibatis.logging.commons.JakartaCommonsLoggingImpl.debug(JakartaCommonsLoggingImpl.java:54)  SqlSession [org.apache.ibatis.session.defaults.DefaultSqlSession@5b1669c0] was not registered for synchronization because synchronization is not active
2016-12-13 14:36:24 org.springframework.jdbc.datasource.DataSourceUtils.doGetConnection(DataSourceUtils.java:110)  Fetching JDBC Connection from DataSource
2016-12-13 14:36:24 com.alibaba.druid.pool.DruidDataSource.init(DruidDataSource.java:715)  {dataSource-1} inited
2016-12-13 14:36:24 org.apache.ibatis.logging.commons.JakartaCommonsLoggingImpl.debug(JakartaCommonsLoggingImpl.java:54)  JDBC Connection [com.mysql.jdbc.JDBC4Connection@4b8d604b] will not be managed by Spring
2016-12-13 14:36:24 org.apache.ibatis.logging.commons.JakartaCommonsLoggingImpl.debug(JakartaCommonsLoggingImpl.java:54)  ==>  Preparing: select empno, ename, job, mgr, hiredate, sal, comm, deptno from emp where empno = ? 
2016-12-13 14:36:24 org.apache.ibatis.logging.commons.JakartaCommonsLoggingImpl.debug(JakartaCommonsLoggingImpl.java:54)  ==> Parameters: 7788(Integer)
2016-12-13 14:36:24 org.apache.ibatis.logging.commons.JakartaCommonsLoggingImpl.debug(JakartaCommonsLoggingImpl.java:54)  <==      Total: 1
2016-12-13 14:36:24 org.apache.ibatis.logging.commons.JakartaCommonsLoggingImpl.debug(JakartaCommonsLoggingImpl.java:54)  Closing non transactional SqlSession [org.apache.ibatis.session.defaults.DefaultSqlSession@5b1669c0]
2016-12-13 14:36:24 org.springframework.jdbc.datasource.DataSourceUtils.doReleaseConnection(DataSourceUtils.java:327)  Returning JDBC Connection to DataSource
2016-12-13 14:38:03 org.springframework.core.env.MutablePropertySources.addLast(MutablePropertySources.java:109)  Adding [systemProperties] PropertySource with lowest search precedence
2016-12-13 14:38:03 org.springframework.core.env.MutablePropertySources.addLast(MutablePropertySources.java:109)  Adding [systemEnvironment] PropertySource with lowest search precedence
2016-12-13 14:38:03 org.springframework.core.env.AbstractEnvironment.<init>(AbstractEnvironment.java:124)  Initialized StandardEnvironment with PropertySources [systemProperties,systemEnvironment]
2016-12-13 14:38:03 org.springframework.context.support.AbstractApplicationContext.prepareRefresh(AbstractApplicationContext.java:582)  Refreshing org.springframework.context.support.ClassPathXmlApplicationContext@71c7db30: startup date [Tue Dec 13 14:38:03 CST 2016]; root of context hierarchy
2016-12-13 14:38:03 org.springframework.core.env.MutablePropertySources.addLast(MutablePropertySources.java:109)  Adding [systemProperties] PropertySource with lowest search precedence
2016-12-13 14:38:03 org.springframework.core.env.MutablePropertySources.addLast(MutablePropertySources.java:109)  Adding [systemEnvironment] PropertySource with lowest search precedence
2016-12-13 14:38:03 org.springframework.core.env.AbstractEnvironment.<init>(AbstractEnvironment.java:124)  Initialized StandardEnvironment with PropertySources [systemProperties,systemEnvironment]
2016-12-13 14:38:03 org.springframework.beans.factory.xml.XmlBeanDefinitionReader.loadBeanDefinitions(XmlBeanDefinitionReader.java:317)  Loading XML bean definitions from class path resource [applicationContext.xml]
2016-12-13 14:38:03 org.springframework.beans.factory.xml.DefaultDocumentLoader.loadDocument(DefaultDocumentLoader.java:73)  Using JAXP provider [com.sun.org.apache.xerces.internal.jaxp.DocumentBuilderFactoryImpl]
2016-12-13 14:38:03 org.springframework.beans.factory.xml.PluggableSchemaResolver.getSchemaMappings(PluggableSchemaResolver.java:141)  Loading schema mappings from [META-INF/spring.schemas]
2016-12-13 14:38:03 org.springframework.beans.factory.xml.PluggableSchemaResolver.getSchemaMappings(PluggableSchemaResolver.java:147)  Loaded schema mappings: {http://www.springframework.org/schema/tx/spring-tx-4.3.xsd=org/springframework/transaction/config/spring-tx-4.3.xsd, http://www.springframework.org/schema/tx/spring-tx-2.5.xsd=org/springframework/transaction/config/spring-tx-2.5.xsd, http://www.springframework.org/schema/cache/spring-cache-4.2.xsd=org/springframework/cache/config/spring-cache-4.2.xsd, http://www.springframework.org/schema/aop/spring-aop-4.1.xsd=org/springframework/aop/config/spring-aop-4.1.xsd, http://www.springframework.org/schema/context/spring-context-3.1.xsd=org/springframework/context/config/spring-context-3.1.xsd, http://www.springframework.org/schema/jdbc/spring-jdbc-4.1.xsd=org/springframework/jdbc/config/spring-jdbc-4.1.xsd, http://www.springframework.org/schema/util/spring-util-3.0.xsd=org/springframework/beans/factory/xml/spring-util-3.0.xsd, http://mybatis.org/schema/mybatis-spring-1.2.xsd=org/mybatis/spring/config/mybatis-spring-1.2.xsd, http://www.springframework.org/schema/tool/spring-tool.xsd=org/springframework/beans/factory/xml/spring-tool-4.3.xsd, http://www.springframework.org/schema/aop/spring-aop-3.2.xsd=org/springframework/aop/config/spring-aop-3.2.xsd, http://www.springframework.org/schema/lang/spring-lang-4.1.xsd=org/springframework/scripting/config/spring-lang-4.1.xsd, http://www.springframework.org/schema/context/spring-context-4.0.xsd=org/springframework/context/config/spring-context-4.0.xsd, http://www.springframework.org/schema/beans/spring-beans-4.2.xsd=org/springframework/beans/factory/xml/spring-beans-4.2.xsd, http://www.springframework.org/schema/tool/spring-tool-4.1.xsd=org/springframework/beans/factory/xml/spring-tool-4.1.xsd, http://www.springframework.org/schema/lang/spring-lang-3.2.xsd=org/springframework/scripting/config/spring-lang-3.2.xsd, http://www.springframework.org/schema/cache/spring-cache-3.2.xsd=org/springframework/cache/config/spring-cache-3.2.xsd, http://www.springframework.org/schema/jee/spring-jee-4.1.xsd=org/springframework/ejb/config/spring-jee-4.1.xsd, http://www.springframework.org/schema/jdbc/spring-jdbc-3.1.xsd=org/springframework/jdbc/config/spring-jdbc-3.1.xsd, http://www.springframework.org/schema/util/spring-util-2.0.xsd=org/springframework/beans/factory/xml/spring-util-2.0.xsd, http://www.springframework.org/schema/task/spring-task-4.2.xsd=org/springframework/scheduling/config/spring-task-4.2.xsd, http://www.springframework.org/schema/tool/spring-tool-3.2.xsd=org/springframework/beans/factory/xml/spring-tool-3.2.xsd, http://www.springframework.org/schema/context/spring-context.xsd=org/springframework/context/config/spring-context-4.3.xsd, http://www.springframework.org/schema/tx/spring-tx-4.2.xsd=org/springframework/transaction/config/spring-tx-4.2.xsd, http://www.springframework.org/schema/cache/spring-cache-4.1.xsd=org/springframework/cache/config/spring-cache-4.1.xsd, http://www.springframework.org/schema/aop/spring-aop-4.0.xsd=org/springframework/aop/config/spring-aop-4.0.xsd, http://www.springframework.org/schema/jee/spring-jee-3.2.xsd=org/springframework/ejb/config/spring-jee-3.2.xsd, http://www.springframework.org/schema/context/spring-context-3.0.xsd=org/springframework/context/config/spring-context-3.0.xsd, http://www.springframework.org/schema/jdbc/spring-jdbc-4.0.xsd=org/springframework/jdbc/config/spring-jdbc-4.0.xsd, http://www.springframework.org/schema/util/spring-util-4.3.xsd=org/springframework/beans/factory/xml/spring-util-4.3.xsd, http://www.springframework.org/schema/util/spring-util-2.5.xsd=org/springframework/beans/factory/xml/spring-util-2.5.xsd, http://www.springframework.org/schema/beans/spring-beans-3.2.xsd=org/springframework/beans/factory/xml/spring-beans-3.2.xsd, http://www.springframework.org/schema/aop/spring-aop-3.1.xsd=org/springframework/aop/config/spring-aop-3.1.xsd, http://www.springframework.org/schema/lang/spring-lang-4.0.xsd=org/springframework/scripting/config/spring-lang-4.0.xsd, http://www.springframework.org/schema/beans/spring-beans-4.1.xsd=org/springframework/beans/factory/xml/spring-beans-4.1.xsd, http://www.springframework.org/schema/tool/spring-tool-4.0.xsd=org/springframework/beans/factory/xml/spring-tool-4.0.xsd, http://www.springframework.org/schema/tx/spring-tx-3.2.xsd=org/springframework/transaction/config/spring-tx-3.2.xsd, http://www.springframework.org/schema/lang/spring-lang-3.1.xsd=org/springframework/scripting/config/spring-lang-3.1.xsd, http://www.springframework.org/schema/cache/spring-cache-3.1.xsd=org/springframework/cache/config/spring-cache-3.1.xsd, http://www.springframework.org/schema/jee/spring-jee-4.0.xsd=org/springframework/ejb/config/spring-jee-4.0.xsd, http://www.springframework.org/schema/jdbc/spring-jdbc-3.0.xsd=org/springframework/jdbc/config/spring-jdbc-3.0.xsd, http://www.springframework.org/schema/task/spring-task-4.1.xsd=org/springframework/scheduling/config/spring-task-4.1.xsd, http://www.springframework.org/schema/jdbc/spring-jdbc.xsd=org/springframework/jdbc/config/spring-jdbc-4.3.xsd, http://www.springframework.org/schema/tool/spring-tool-3.1.xsd=org/springframework/beans/factory/xml/spring-tool-3.1.xsd, http://www.springframework.org/schema/tx/spring-tx-4.1.xsd=org/springframework/transaction/config/spring-tx-4.1.xsd, http://www.springframework.org/schema/cache/spring-cache-4.0.xsd=org/springframework/cache/config/spring-cache-4.0.xsd, http://www.springframework.org/schema/jee/spring-jee-3.1.xsd=org/springframework/ejb/config/spring-jee-3.1.xsd, http://www.springframework.org/schema/util/spring-util-4.2.xsd=org/springframework/beans/factory/xml/spring-util-4.2.xsd, http://www.springframework.org/schema/task/spring-task-3.2.xsd=org/springframework/scheduling/config/spring-task-3.2.xsd, http://www.springframework.org/schema/beans/spring-beans-3.1.xsd=org/springframework/beans/factory/xml/spring-beans-3.1.xsd, http://www.springframework.org/schema/util/spring-util.xsd=org/springframework/beans/factory/xml/spring-util-4.3.xsd, http://www.springframework.org/schema/aop/spring-aop-3.0.xsd=org/springframework/aop/config/spring-aop-3.0.xsd, http://www.springframework.org/schema/beans/spring-beans-4.0.xsd=org/springframework/beans/factory/xml/spring-beans-4.0.xsd, http://www.springframework.org/schema/beans/spring-beans.xsd=org/springframework/beans/factory/xml/spring-beans-4.3.xsd, http://mybatis.org/schema/mybatis-spring.xsd=org/mybatis/spring/config/mybatis-spring-1.2.xsd, http://www.springframework.org/schema/tx/spring-tx-3.1.xsd=org/springframework/transaction/config/spring-tx-3.1.xsd, http://www.springframework.org/schema/lang/spring-lang-3.0.xsd=org/springframework/scripting/config/spring-lang-3.0.xsd, http://www.springframework.org/schema/context/spring-context-2.5.xsd=org/springframework/context/config/spring-context-2.5.xsd, http://www.springframework.org/schema/context/spring-context-4.3.xsd=org/springframework/context/config/spring-context-4.3.xsd, http://www.springframework.org/schema/task/spring-task-4.0.xsd=org/springframework/scheduling/config/spring-task-4.0.xsd, http://www.springframework.org/schema/tool/spring-tool-3.0.xsd=org/springframework/beans/factory/xml/spring-tool-3.0.xsd, http://www.springframework.org/schema/tx/spring-tx-4.0.xsd=org/springframework/transaction/config/spring-tx-4.0.xsd, http://www.springframework.org/schema/aop/spring-aop-2.0.xsd=org/springframework/aop/config/spring-aop-2.0.xsd, http://www.springframework.org/schema/jee/spring-jee-3.0.xsd=org/springframework/ejb/config/spring-jee-3.0.xsd, http://www.springframework.org/schema/util/spring-util-4.1.xsd=org/springframework/beans/factory/xml/spring-util-4.1.xsd, http://www.springframework.org/schema/task/spring-task-3.1.xsd=org/springframework/scheduling/config/spring-task-3.1.xsd, http://www.springframework.org/schema/beans/spring-beans-3.0.xsd=org/springframework/beans/factory/xml/spring-beans-3.0.xsd, http://www.springframework.org/schema/jee/spring-jee.xsd=org/springframework/ejb/config/spring-jee-4.3.xsd, http://www.springframework.org/schema/aop/spring-aop-2.5.xsd=org/springframework/aop/config/spring-aop-2.5.xsd, http://www.springframework.org/schema/aop/spring-aop-4.3.xsd=org/springframework/aop/config/spring-aop-4.3.xsd, http://www.springframework.org/schema/lang/spring-lang-2.0.xsd=org/springframework/scripting/config/spring-lang-2.0.xsd, http://www.springframework.org/schema/jdbc/spring-jdbc-4.3.xsd=org/springframework/jdbc/config/spring-jdbc-4.3.xsd, http://www.springframework.org/schema/util/spring-util-3.2.xsd=org/springframework/beans/factory/xml/spring-util-3.2.xsd, http://www.springframework.org/schema/task/spring-task.xsd=org/springframework/scheduling/config/spring-task-4.3.xsd, http://www.springframework.org/schema/tool/spring-tool-2.0.xsd=org/springframework/beans/factory/xml/spring-tool-2.0.xsd, http://www.springframework.org/schema/tx/spring-tx-3.0.xsd=org/springframework/transaction/config/spring-tx-3.0.xsd, http://www.springframework.org/schema/lang/spring-lang-2.5.xsd=org/springframework/scripting/config/spring-lang-2.5.xsd, http://www.springframework.org/schema/lang/spring-lang-4.3.xsd=org/springframework/scripting/config/spring-lang-4.3.xsd, http://www.springframework.org/schema/context/spring-context-4.2.xsd=org/springframework/context/config/spring-context-4.2.xsd, http://www.springframework.org/schema/jee/spring-jee-2.0.xsd=org/springframework/ejb/config/spring-jee-2.0.xsd, http://www.springframework.org/schema/tool/spring-tool-4.3.xsd=org/springframework/beans/factory/xml/spring-tool-4.3.xsd, http://www.springframework.org/schema/tool/spring-tool-2.5.xsd=org/springframework/beans/factory/xml/spring-tool-2.5.xsd, http://www.springframework.org/schema/jee/spring-jee-4.3.xsd=org/springframework/ejb/config/spring-jee-4.3.xsd, http://www.springframework.org/schema/jee/spring-jee-2.5.xsd=org/springframework/ejb/config/spring-jee-2.5.xsd, http://www.springframework.org/schema/util/spring-util-4.0.xsd=org/springframework/beans/factory/xml/spring-util-4.0.xsd, http://www.springframework.org/schema/task/spring-task-3.0.xsd=org/springframework/scheduling/config/spring-task-3.0.xsd, http://www.springframework.org/schema/cache/spring-cache-4.3.xsd=org/springframework/cache/config/spring-cache-4.3.xsd, http://www.springframework.org/schema/aop/spring-aop-4.2.xsd=org/springframework/aop/config/spring-aop-4.2.xsd, http://www.springframework.org/schema/lang/spring-lang.xsd=org/springframework/scripting/config/spring-lang-4.3.xsd, http://www.springframework.org/schema/context/spring-context-3.2.xsd=org/springframework/context/config/spring-context-3.2.xsd, http://www.springframework.org/schema/jdbc/spring-jdbc-4.2.xsd=org/springframework/jdbc/config/spring-jdbc-4.2.xsd, http://www.springframework.org/schema/util/spring-util-3.1.xsd=org/springframework/beans/factory/xml/spring-util-3.1.xsd, http://www.springframework.org/schema/beans/spring-beans-2.0.xsd=org/springframework/beans/factory/xml/spring-beans-2.0.xsd, http://www.springframework.org/schema/cache/spring-cache.xsd=org/springframework/cache/config/spring-cache-4.3.xsd, http://www.springframework.org/schema/tx/spring-tx.xsd=org/springframework/transaction/config/spring-tx-4.3.xsd, http://www.springframework.org/schema/lang/spring-lang-4.2.xsd=org/springframework/scripting/config/spring-lang-4.2.xsd, http://www.springframework.org/schema/context/spring-context-4.1.xsd=org/springframework/context/config/spring-context-4.1.xsd, http://www.springframework.org/schema/beans/spring-beans-2.5.xsd=org/springframework/beans/factory/xml/spring-beans-2.5.xsd, http://www.springframework.org/schema/beans/spring-beans-4.3.xsd=org/springframework/beans/factory/xml/spring-beans-4.3.xsd, http://www.springframework.org/schema/tool/spring-tool-4.2.xsd=org/springframework/beans/factory/xml/spring-tool-4.2.xsd, http://www.springframework.org/schema/tx/spring-tx-2.0.xsd=org/springframework/transaction/config/spring-tx-2.0.xsd, http://www.alibaba.com/schema/stat.xsd=META-INF/stat.xsd, http://www.springframework.org/schema/jee/spring-jee-4.2.xsd=org/springframework/ejb/config/spring-jee-4.2.xsd, http://www.springframework.org/schema/jdbc/spring-jdbc-3.2.xsd=org/springframework/jdbc/config/spring-jdbc-3.2.xsd, http://www.springframework.org/schema/task/spring-task-4.3.xsd=org/springframework/scheduling/config/spring-task-4.3.xsd, http://www.springframework.org/schema/aop/spring-aop.xsd=org/springframework/aop/config/spring-aop-4.3.xsd}
2016-12-13 14:38:03 org.springframework.beans.factory.xml.PluggableSchemaResolver.resolveEntity(PluggableSchemaResolver.java:119)  Found XML schema [http://www.springframework.org/schema/beans/spring-beans.xsd] in classpath: org/springframework/beans/factory/xml/spring-beans-4.3.xsd
2016-12-13 14:38:03 org.springframework.beans.factory.xml.PluggableSchemaResolver.resolveEntity(PluggableSchemaResolver.java:119)  Found XML schema [http://www.springframework.org/schema/context/spring-context.xsd] in classpath: org/springframework/context/config/spring-context-4.3.xsd
2016-12-13 14:38:03 org.springframework.beans.factory.xml.PluggableSchemaResolver.resolveEntity(PluggableSchemaResolver.java:119)  Found XML schema [http://www.springframework.org/schema/tool/spring-tool-4.3.xsd] in classpath: org/springframework/beans/factory/xml/spring-tool-4.3.xsd
2016-12-13 14:38:03 org.springframework.beans.factory.xml.PluggableSchemaResolver.resolveEntity(PluggableSchemaResolver.java:119)  Found XML schema [http://www.springframework.org/schema/tx/spring-tx.xsd] in classpath: org/springframework/transaction/config/spring-tx-4.3.xsd
2016-12-13 14:38:03 org.springframework.beans.factory.xml.DefaultBeanDefinitionDocumentReader.registerBeanDefinitions(DefaultBeanDefinitionDocumentReader.java:92)  Loading bean definitions
2016-12-13 14:38:03 org.springframework.beans.factory.xml.DefaultNamespaceHandlerResolver.getHandlerMappings(DefaultNamespaceHandlerResolver.java:157)  Loaded NamespaceHandler mappings: {http://www.springframework.org/schema/p=org.springframework.beans.factory.xml.SimplePropertyNamespaceHandler, http://www.springframework.org/schema/util=org.springframework.beans.factory.xml.UtilNamespaceHandler, http://www.alibaba.com/schema/stat=com.alibaba.druid.support.spring.stat.config.DruidStatNamespaceHandler, http://www.springframework.org/schema/jee=org.springframework.ejb.config.JeeNamespaceHandler, http://www.springframework.org/schema/aop=org.springframework.aop.config.AopNamespaceHandler, http://www.springframework.org/schema/jdbc=org.springframework.jdbc.config.JdbcNamespaceHandler, http://www.springframework.org/schema/cache=org.springframework.cache.config.CacheNamespaceHandler, http://mybatis.org/schema/mybatis-spring=org.mybatis.spring.config.NamespaceHandler, http://www.springframework.org/schema/c=org.springframework.beans.factory.xml.SimpleConstructorNamespaceHandler, http://www.springframework.org/schema/tx=org.springframework.transaction.config.TxNamespaceHandler, http://www.springframework.org/schema/task=org.springframework.scheduling.config.TaskNamespaceHandler, http://www.springframework.org/schema/lang=org.springframework.scripting.config.LangNamespaceHandler, http://www.springframework.org/schema/context=org.springframework.context.config.ContextNamespaceHandler}
2016-12-13 14:38:03 org.springframework.core.env.MutablePropertySources.addLast(MutablePropertySources.java:109)  Adding [systemProperties] PropertySource with lowest search precedence
2016-12-13 14:38:03 org.springframework.core.env.MutablePropertySources.addLast(MutablePropertySources.java:109)  Adding [systemEnvironment] PropertySource with lowest search precedence
2016-12-13 14:38:03 org.springframework.core.env.AbstractEnvironment.<init>(AbstractEnvironment.java:124)  Initialized StandardEnvironment with PropertySources [systemProperties,systemEnvironment]
2016-12-13 14:38:03 org.springframework.core.io.support.PathMatchingResourcePatternResolver.findAllClassPathResources(PathMatchingResourcePatternResolver.java:317)  Resolved classpath location [com/hc/] to resources [URL [file:/D:/SpringMybatisWebDemo/target/classes/com/hc/]]
2016-12-13 14:38:03 org.springframework.core.io.support.PathMatchingResourcePatternResolver.doFindMatchingFileSystemResources(PathMatchingResourcePatternResolver.java:711)  Looking for matching resources in directory tree [D:\SpringMybatisWebDemo\target\classes\com\hc]
2016-12-13 14:38:03 org.springframework.core.io.support.PathMatchingResourcePatternResolver.doRetrieveMatchingFiles(PathMatchingResourcePatternResolver.java:773)  Searching directory [D:\SpringMybatisWebDemo\target\classes\com\hc] for files matching pattern [D:/SpringMybatisWebDemo/target/classes/com/hc/**/*.class]
2016-12-13 14:38:03 org.springframework.core.io.support.PathMatchingResourcePatternResolver.doRetrieveMatchingFiles(PathMatchingResourcePatternResolver.java:773)  Searching directory [D:\SpringMybatisWebDemo\target\classes\com\hc\action] for files matching pattern [D:/SpringMybatisWebDemo/target/classes/com/hc/**/*.class]
2016-12-13 14:38:03 org.springframework.core.io.support.PathMatchingResourcePatternResolver.doRetrieveMatchingFiles(PathMatchingResourcePatternResolver.java:773)  Searching directory [D:\SpringMybatisWebDemo\target\classes\com\hc\dao] for files matching pattern [D:/SpringMybatisWebDemo/target/classes/com/hc/**/*.class]
2016-12-13 14:38:03 org.springframework.core.io.support.PathMatchingResourcePatternResolver.doRetrieveMatchingFiles(PathMatchingResourcePatternResolver.java:773)  Searching directory [D:\SpringMybatisWebDemo\target\classes\com\hc\domain] for files matching pattern [D:/SpringMybatisWebDemo/target/classes/com/hc/**/*.class]
2016-12-13 14:38:03 org.springframework.core.io.support.PathMatchingResourcePatternResolver.doRetrieveMatchingFiles(PathMatchingResourcePatternResolver.java:773)  Searching directory [D:\SpringMybatisWebDemo\target\classes\com\hc\listener] for files matching pattern [D:/SpringMybatisWebDemo/target/classes/com/hc/**/*.class]
2016-12-13 14:38:03 org.springframework.core.io.support.PathMatchingResourcePatternResolver.doRetrieveMatchingFiles(PathMatchingResourcePatternResolver.java:773)  Searching directory [D:\SpringMybatisWebDemo\target\classes\com\hc\mapping] for files matching pattern [D:/SpringMybatisWebDemo/target/classes/com/hc/**/*.class]
2016-12-13 14:38:03 org.springframework.core.io.support.PathMatchingResourcePatternResolver.doRetrieveMatchingFiles(PathMatchingResourcePatternResolver.java:773)  Searching directory [D:\SpringMybatisWebDemo\target\classes\com\hc\service] for files matching pattern [D:/SpringMybatisWebDemo/target/classes/com/hc/**/*.class]
2016-12-13 14:38:03 org.springframework.core.io.support.PathMatchingResourcePatternResolver.doRetrieveMatchingFiles(PathMatchingResourcePatternResolver.java:773)  Searching directory [D:\SpringMybatisWebDemo\target\classes\com\hc\service\impl] for files matching pattern [D:/SpringMybatisWebDemo/target/classes/com/hc/**/*.class]
2016-12-13 14:38:03 org.springframework.core.io.support.PathMatchingResourcePatternResolver.findPathMatchingResources(PathMatchingResourcePatternResolver.java:483)  Resolved location pattern [classpath*:com/hc/**/*.class] to resources [file [D:\SpringMybatisWebDemo\target\classes\com\hc\action\DeptServlet.class], file [D:\SpringMybatisWebDemo\target\classes\com\hc\dao\DeptDao.class], file [D:\SpringMybatisWebDemo\target\classes\com\hc\dao\EmpDao.class], file [D:\SpringMybatisWebDemo\target\classes\com\hc\DemoTest.class], file [D:\SpringMybatisWebDemo\target\classes\com\hc\domain\Dept.class], file [D:\SpringMybatisWebDemo\target\classes\com\hc\domain\Emp.class], file [D:\SpringMybatisWebDemo\target\classes\com\hc\listener\SessionListener.class], file [D:\SpringMybatisWebDemo\target\classes\com\hc\service\DeptService.class], file [D:\SpringMybatisWebDemo\target\classes\com\hc\service\impl\DeptServiceImpl.class]]
2016-12-13 14:38:03 org.springframework.context.annotation.ClassPathScanningCandidateComponentProvider.findCandidateComponents(ClassPathScanningCandidateComponentProvider.java:286)  Identified candidate component class: file [D:\SpringMybatisWebDemo\target\classes\com\hc\service\impl\DeptServiceImpl.class]
2016-12-13 14:38:03 org.springframework.beans.factory.xml.BeanDefinitionParserDelegate.parseBeanDefinitionElement(BeanDefinitionParserDelegate.java:481)  Neither XML 'id' nor 'name' specified - using generated bean name [org.mybatis.spring.mapper.MapperScannerConfigurer#0]
2016-12-13 14:38:03 org.springframework.beans.factory.support.AbstractBeanDefinitionReader.loadBeanDefinitions(AbstractBeanDefinitionReader.java:224)  Loaded 16 bean definitions from location pattern [applicationContext.xml]
2016-12-13 14:38:03 org.springframework.context.support.AbstractApplicationContext.obtainFreshBeanFactory(AbstractApplicationContext.java:616)  Bean factory for org.springframework.context.support.ClassPathXmlApplicationContext@71c7db30: org.springframework.beans.factory.support.DefaultListableBeanFactory@4e41089d: defining beans [deptServiceImpl,org.springframework.context.annotation.internalConfigurationAnnotationProcessor,org.springframework.context.annotation.internalAutowiredAnnotationProcessor,org.springframework.context.annotation.internalRequiredAnnotationProcessor,org.springframework.context.annotation.internalCommonAnnotationProcessor,org.springframework.context.event.internalEventListenerProcessor,org.springframework.context.event.internalEventListenerFactory,dataSource123,sqlSessionFactory,org.mybatis.spring.mapper.MapperScannerConfigurer#0,txManager,org.springframework.transaction.config.internalTransactionalEventListenerFactory,org.springframework.aop.config.internalAutoProxyCreator,org.springframework.transaction.annotation.AnnotationTransactionAttributeSource#0,org.springframework.transaction.interceptor.TransactionInterceptor#0,org.springframework.transaction.config.internalTransactionAdvisor]; root of factory hierarchy
2016-12-13 14:38:03 org.springframework.beans.factory.support.DefaultSingletonBeanRegistry.getSingleton(DefaultSingletonBeanRegistry.java:221)  Creating shared instance of singleton bean 'org.springframework.context.annotation.internalConfigurationAnnotationProcessor'
2016-12-13 14:38:03 org.springframework.beans.factory.support.AbstractAutowireCapableBeanFactory.createBean(AbstractAutowireCapableBeanFactory.java:448)  Creating instance of bean 'org.springframework.context.annotation.internalConfigurationAnnotationProcessor'
2016-12-13 14:38:03 org.springframework.beans.factory.support.AbstractAutowireCapableBeanFactory.doCreateBean(AbstractAutowireCapableBeanFactory.java:537)  Eagerly caching bean 'org.springframework.context.annotation.internalConfigurationAnnotationProcessor' to allow for resolving potential circular references
2016-12-13 14:38:03 org.springframework.beans.factory.support.AbstractAutowireCapableBeanFactory.createBean(AbstractAutowireCapableBeanFactory.java:484)  Finished creating instance of bean 'org.springframework.context.annotation.internalConfigurationAnnotationProcessor'
2016-12-13 14:38:03 org.springframework.beans.factory.support.DefaultSingletonBeanRegistry.getSingleton(DefaultSingletonBeanRegistry.java:221)  Creating shared instance of singleton bean 'org.mybatis.spring.mapper.MapperScannerConfigurer#0'
2016-12-13 14:38:03 org.springframework.beans.factory.support.AbstractAutowireCapableBeanFactory.createBean(AbstractAutowireCapableBeanFactory.java:448)  Creating instance of bean 'org.mybatis.spring.mapper.MapperScannerConfigurer#0'
2016-12-13 14:38:03 org.springframework.beans.factory.support.AbstractAutowireCapableBeanFactory.doCreateBean(AbstractAutowireCapableBeanFactory.java:537)  Eagerly caching bean 'org.mybatis.spring.mapper.MapperScannerConfigurer#0' to allow for resolving potential circular references
2016-12-13 14:38:03 org.springframework.beans.factory.support.AbstractAutowireCapableBeanFactory.invokeInitMethods(AbstractAutowireCapableBeanFactory.java:1625)  Invoking afterPropertiesSet() on bean with name 'org.mybatis.spring.mapper.MapperScannerConfigurer#0'
2016-12-13 14:38:03 org.springframework.beans.factory.support.AbstractAutowireCapableBeanFactory.createBean(AbstractAutowireCapableBeanFactory.java:484)  Finished creating instance of bean 'org.mybatis.spring.mapper.MapperScannerConfigurer#0'
2016-12-13 14:38:03 org.springframework.core.env.MutablePropertySources.addLast(MutablePropertySources.java:109)  Adding [systemProperties] PropertySource with lowest search precedence
2016-12-13 14:38:03 org.springframework.core.env.MutablePropertySources.addLast(MutablePropertySources.java:109)  Adding [systemEnvironment] PropertySource with lowest search precedence
2016-12-13 14:38:03 org.springframework.core.env.AbstractEnvironment.<init>(AbstractEnvironment.java:124)  Initialized StandardEnvironment with PropertySources [systemProperties,systemEnvironment]
2016-12-13 14:38:03 org.springframework.core.io.support.PathMatchingResourcePatternResolver.findAllClassPathResources(PathMatchingResourcePatternResolver.java:317)  Resolved classpath location [com/hc/] to resources [URL [file:/D:/SpringMybatisWebDemo/target/classes/com/hc/]]
2016-12-13 14:38:03 org.springframework.core.io.support.PathMatchingResourcePatternResolver.doFindMatchingFileSystemResources(PathMatchingResourcePatternResolver.java:711)  Looking for matching resources in directory tree [D:\SpringMybatisWebDemo\target\classes\com\hc]
2016-12-13 14:38:03 org.springframework.core.io.support.PathMatchingResourcePatternResolver.doRetrieveMatchingFiles(PathMatchingResourcePatternResolver.java:773)  Searching directory [D:\SpringMybatisWebDemo\target\classes\com\hc] for files matching pattern [D:/SpringMybatisWebDemo/target/classes/com/hc/*/**/*.class]
2016-12-13 14:38:03 org.springframework.core.io.support.PathMatchingResourcePatternResolver.doRetrieveMatchingFiles(PathMatchingResourcePatternResolver.java:773)  Searching directory [D:\SpringMybatisWebDemo\target\classes\com\hc\action] for files matching pattern [D:/SpringMybatisWebDemo/target/classes/com/hc/*/**/*.class]
2016-12-13 14:38:03 org.springframework.core.io.support.PathMatchingResourcePatternResolver.doRetrieveMatchingFiles(PathMatchingResourcePatternResolver.java:773)  Searching directory [D:\SpringMybatisWebDemo\target\classes\com\hc\dao] for files matching pattern [D:/SpringMybatisWebDemo/target/classes/com/hc/*/**/*.class]
2016-12-13 14:38:03 org.springframework.core.io.support.PathMatchingResourcePatternResolver.doRetrieveMatchingFiles(PathMatchingResourcePatternResolver.java:773)  Searching directory [D:\SpringMybatisWebDemo\target\classes\com\hc\domain] for files matching pattern [D:/SpringMybatisWebDemo/target/classes/com/hc/*/**/*.class]
2016-12-13 14:38:03 org.springframework.core.io.support.PathMatchingResourcePatternResolver.doRetrieveMatchingFiles(PathMatchingResourcePatternResolver.java:773)  Searching directory [D:\SpringMybatisWebDemo\target\classes\com\hc\listener] for files matching pattern [D:/SpringMybatisWebDemo/target/classes/com/hc/*/**/*.class]
2016-12-13 14:38:03 org.springframework.core.io.support.PathMatchingResourcePatternResolver.doRetrieveMatchingFiles(PathMatchingResourcePatternResolver.java:773)  Searching directory [D:\SpringMybatisWebDemo\target\classes\com\hc\mapping] for files matching pattern [D:/SpringMybatisWebDemo/target/classes/com/hc/*/**/*.class]
2016-12-13 14:38:03 org.springframework.core.io.support.PathMatchingResourcePatternResolver.doRetrieveMatchingFiles(PathMatchingResourcePatternResolver.java:773)  Searching directory [D:\SpringMybatisWebDemo\target\classes\com\hc\service] for files matching pattern [D:/SpringMybatisWebDemo/target/classes/com/hc/*/**/*.class]
2016-12-13 14:38:03 org.springframework.core.io.support.PathMatchingResourcePatternResolver.doRetrieveMatchingFiles(PathMatchingResourcePatternResolver.java:773)  Searching directory [D:\SpringMybatisWebDemo\target\classes\com\hc\service\impl] for files matching pattern [D:/SpringMybatisWebDemo/target/classes/com/hc/*/**/*.class]
2016-12-13 14:38:03 org.springframework.core.io.support.PathMatchingResourcePatternResolver.findPathMatchingResources(PathMatchingResourcePatternResolver.java:483)  Resolved location pattern [classpath*:com/hc/*/**/*.class] to resources [file [D:\SpringMybatisWebDemo\target\classes\com\hc\action\DeptServlet.class], file [D:\SpringMybatisWebDemo\target\classes\com\hc\dao\DeptDao.class], file [D:\SpringMybatisWebDemo\target\classes\com\hc\dao\EmpDao.class], file [D:\SpringMybatisWebDemo\target\classes\com\hc\domain\Dept.class], file [D:\SpringMybatisWebDemo\target\classes\com\hc\domain\Emp.class], file [D:\SpringMybatisWebDemo\target\classes\com\hc\listener\SessionListener.class], file [D:\SpringMybatisWebDemo\target\classes\com\hc\service\DeptService.class], file [D:\SpringMybatisWebDemo\target\classes\com\hc\service\impl\DeptServiceImpl.class]]
2016-12-13 14:38:03 org.springframework.context.annotation.ClassPathScanningCandidateComponentProvider.findCandidateComponents(ClassPathScanningCandidateComponentProvider.java:292)  Ignored because not a concrete top-level class: file [D:\SpringMybatisWebDemo\target\classes\com\hc\action\DeptServlet.class]
2016-12-13 14:38:03 org.springframework.context.annotation.ClassPathScanningCandidateComponentProvider.findCandidateComponents(ClassPathScanningCandidateComponentProvider.java:286)  Identified candidate component class: file [D:\SpringMybatisWebDemo\target\classes\com\hc\dao\DeptDao.class]
2016-12-13 14:38:03 org.springframework.context.annotation.ClassPathScanningCandidateComponentProvider.findCandidateComponents(ClassPathScanningCandidateComponentProvider.java:286)  Identified candidate component class: file [D:\SpringMybatisWebDemo\target\classes\com\hc\dao\EmpDao.class]
2016-12-13 14:38:03 org.springframework.context.annotation.ClassPathScanningCandidateComponentProvider.findCandidateComponents(ClassPathScanningCandidateComponentProvider.java:292)  Ignored because not a concrete top-level class: file [D:\SpringMybatisWebDemo\target\classes\com\hc\domain\Dept.class]
2016-12-13 14:38:03 org.springframework.context.annotation.ClassPathScanningCandidateComponentProvider.findCandidateComponents(ClassPathScanningCandidateComponentProvider.java:292)  Ignored because not a concrete top-level class: file [D:\SpringMybatisWebDemo\target\classes\com\hc\domain\Emp.class]
2016-12-13 14:38:03 org.springframework.context.annotation.ClassPathScanningCandidateComponentProvider.findCandidateComponents(ClassPathScanningCandidateComponentProvider.java:292)  Ignored because not a concrete top-level class: file [D:\SpringMybatisWebDemo\target\classes\com\hc\listener\SessionListener.class]
2016-12-13 14:38:03 org.springframework.context.annotation.ClassPathScanningCandidateComponentProvider.findCandidateComponents(ClassPathScanningCandidateComponentProvider.java:286)  Identified candidate component class: file [D:\SpringMybatisWebDemo\target\classes\com\hc\service\DeptService.class]
2016-12-13 14:38:03 org.springframework.context.annotation.ClassPathScanningCandidateComponentProvider.findCandidateComponents(ClassPathScanningCandidateComponentProvider.java:292)  Ignored because not a concrete top-level class: file [D:\SpringMybatisWebDemo\target\classes\com\hc\service\impl\DeptServiceImpl.class]
2016-12-13 14:38:03 org.mybatis.spring.mapper.ClassPathMapperScanner.processBeanDefinitions(ClassPathMapperScanner.java:181)  Creating MapperFactoryBean with name 'deptDao' and 'com.hc.dao.DeptDao' mapperInterface
2016-12-13 14:38:03 org.mybatis.spring.mapper.ClassPathMapperScanner.processBeanDefinitions(ClassPathMapperScanner.java:181)  Creating MapperFactoryBean with name 'empDao' and 'com.hc.dao.EmpDao' mapperInterface
2016-12-13 14:38:03 org.mybatis.spring.mapper.ClassPathMapperScanner.processBeanDefinitions(ClassPathMapperScanner.java:181)  Creating MapperFactoryBean with name 'deptService' and 'com.hc.service.DeptService' mapperInterface
2016-12-13 14:38:03 org.springframework.beans.factory.support.DefaultSingletonBeanRegistry.getSingleton(DefaultSingletonBeanRegistry.java:221)  Creating shared instance of singleton bean 'org.springframework.context.annotation.internalAutowiredAnnotationProcessor'
2016-12-13 14:38:03 org.springframework.beans.factory.support.AbstractAutowireCapableBeanFactory.createBean(AbstractAutowireCapableBeanFactory.java:448)  Creating instance of bean 'org.springframework.context.annotation.internalAutowiredAnnotationProcessor'
2016-12-13 14:38:03 org.springframework.beans.factory.support.AbstractAutowireCapableBeanFactory.doCreateBean(AbstractAutowireCapableBeanFactory.java:537)  Eagerly caching bean 'org.springframework.context.annotation.internalAutowiredAnnotationProcessor' to allow for resolving potential circular references
2016-12-13 14:38:03 org.springframework.beans.factory.support.AbstractAutowireCapableBeanFactory.createBean(AbstractAutowireCapableBeanFactory.java:484)  Finished creating instance of bean 'org.springframework.context.annotation.internalAutowiredAnnotationProcessor'
2016-12-13 14:38:03 org.springframework.beans.factory.support.DefaultSingletonBeanRegistry.getSingleton(DefaultSingletonBeanRegistry.java:221)  Creating shared instance of singleton bean 'org.springframework.context.annotation.internalRequiredAnnotationProcessor'
2016-12-13 14:38:03 org.springframework.beans.factory.support.AbstractAutowireCapableBeanFactory.createBean(AbstractAutowireCapableBeanFactory.java:448)  Creating instance of bean 'org.springframework.context.annotation.internalRequiredAnnotationProcessor'
2016-12-13 14:38:03 org.springframework.beans.factory.support.AbstractAutowireCapableBeanFactory.doCreateBean(AbstractAutowireCapableBeanFactory.java:537)  Eagerly caching bean 'org.springframework.context.annotation.internalRequiredAnnotationProcessor' to allow for resolving potential circular references
2016-12-13 14:38:03 org.springframework.beans.factory.support.AbstractAutowireCapableBeanFactory.createBean(AbstractAutowireCapableBeanFactory.java:484)  Finished creating instance of bean 'org.springframework.context.annotation.internalRequiredAnnotationProcessor'
2016-12-13 14:38:03 org.springframework.beans.factory.support.DefaultSingletonBeanRegistry.getSingleton(DefaultSingletonBeanRegistry.java:221)  Creating shared instance of singleton bean 'org.springframework.context.annotation.internalCommonAnnotationProcessor'
2016-12-13 14:38:03 org.springframework.beans.factory.support.AbstractAutowireCapableBeanFactory.createBean(AbstractAutowireCapableBeanFactory.java:448)  Creating instance of bean 'org.springframework.context.annotation.internalCommonAnnotationProcessor'
2016-12-13 14:38:03 org.springframework.beans.factory.support.AbstractAutowireCapableBeanFactory.doCreateBean(AbstractAutowireCapableBeanFactory.java:537)  Eagerly caching bean 'org.springframework.context.annotation.internalCommonAnnotationProcessor' to allow for resolving potential circular references
2016-12-13 14:38:03 org.springframework.beans.factory.support.AbstractAutowireCapableBeanFactory.createBean(AbstractAutowireCapableBeanFactory.java:484)  Finished creating instance of bean 'org.springframework.context.annotation.internalCommonAnnotationProcessor'
2016-12-13 14:38:03 org.springframework.beans.factory.support.DefaultSingletonBeanRegistry.getSingleton(DefaultSingletonBeanRegistry.java:221)  Creating shared instance of singleton bean 'org.springframework.context.annotation.ConfigurationClassPostProcessor.importAwareProcessor'
2016-12-13 14:38:03 org.springframework.beans.factory.support.AbstractAutowireCapableBeanFactory.createBean(AbstractAutowireCapableBeanFactory.java:448)  Creating instance of bean 'org.springframework.context.annotation.ConfigurationClassPostProcessor.importAwareProcessor'
2016-12-13 14:38:03 org.springframework.beans.factory.support.AbstractAutowireCapableBeanFactory.doCreateBean(AbstractAutowireCapableBeanFactory.java:537)  Eagerly caching bean 'org.springframework.context.annotation.ConfigurationClassPostProcessor.importAwareProcessor' to allow for resolving potential circular references
2016-12-13 14:38:03 org.springframework.beans.factory.support.AbstractAutowireCapableBeanFactory.createBean(AbstractAutowireCapableBeanFactory.java:484)  Finished creating instance of bean 'org.springframework.context.annotation.ConfigurationClassPostProcessor.importAwareProcessor'
2016-12-13 14:38:03 org.springframework.beans.factory.support.DefaultSingletonBeanRegistry.getSingleton(DefaultSingletonBeanRegistry.java:221)  Creating shared instance of singleton bean 'org.springframework.context.annotation.ConfigurationClassPostProcessor.enhancedConfigurationProcessor'
2016-12-13 14:38:03 org.springframework.beans.factory.support.AbstractAutowireCapableBeanFactory.createBean(AbstractAutowireCapableBeanFactory.java:448)  Creating instance of bean 'org.springframework.context.annotation.ConfigurationClassPostProcessor.enhancedConfigurationProcessor'
2016-12-13 14:38:03 org.springframework.beans.factory.support.AbstractAutowireCapableBeanFactory.doCreateBean(AbstractAutowireCapableBeanFactory.java:537)  Eagerly caching bean 'org.springframework.context.annotation.ConfigurationClassPostProcessor.enhancedConfigurationProcessor' to allow for resolving potential circular references
2016-12-13 14:38:03 org.springframework.beans.factory.support.AbstractAutowireCapableBeanFactory.createBean(AbstractAutowireCapableBeanFactory.java:484)  Finished creating instance of bean 'org.springframework.context.annotation.ConfigurationClassPostProcessor.enhancedConfigurationProcessor'
2016-12-13 14:38:03 org.springframework.beans.factory.support.DefaultSingletonBeanRegistry.getSingleton(DefaultSingletonBeanRegistry.java:221)  Creating shared instance of singleton bean 'org.springframework.aop.config.internalAutoProxyCreator'
2016-12-13 14:38:03 org.springframework.beans.factory.support.AbstractAutowireCapableBeanFactory.createBean(AbstractAutowireCapableBeanFactory.java:448)  Creating instance of bean 'org.springframework.aop.config.internalAutoProxyCreator'
2016-12-13 14:38:03 org.springframework.beans.factory.support.AbstractAutowireCapableBeanFactory.doCreateBean(AbstractAutowireCapableBeanFactory.java:537)  Eagerly caching bean 'org.springframework.aop.config.internalAutoProxyCreator' to allow for resolving potential circular references
2016-12-13 14:38:03 org.springframework.beans.factory.support.AbstractAutowireCapableBeanFactory.createBean(AbstractAutowireCapableBeanFactory.java:484)  Finished creating instance of bean 'org.springframework.aop.config.internalAutoProxyCreator'
2016-12-13 14:38:03 org.springframework.context.support.AbstractApplicationContext.initMessageSource(AbstractApplicationContext.java:733)  Unable to locate MessageSource with name 'messageSource': using default [org.springframework.context.support.DelegatingMessageSource@39529185]
2016-12-13 14:38:03 org.springframework.context.support.AbstractApplicationContext.initApplicationEventMulticaster(AbstractApplicationContext.java:757)  Unable to locate ApplicationEventMulticaster with name 'applicationEventMulticaster': using default [org.springframework.context.event.SimpleApplicationEventMulticaster@28eaa59a]
2016-12-13 14:38:03 org.springframework.beans.factory.support.DefaultListableBeanFactory.preInstantiateSingletons(DefaultListableBeanFactory.java:723)  Pre-instantiating singletons in org.springframework.beans.factory.support.DefaultListableBeanFactory@4e41089d: defining beans [deptServiceImpl,org.springframework.context.annotation.internalConfigurationAnnotationProcessor,org.springframework.context.annotation.internalAutowiredAnnotationProcessor,org.springframework.context.annotation.internalRequiredAnnotationProcessor,org.springframework.context.annotation.internalCommonAnnotationProcessor,org.springframework.context.event.internalEventListenerProcessor,org.springframework.context.event.internalEventListenerFactory,dataSource123,sqlSessionFactory,org.mybatis.spring.mapper.MapperScannerConfigurer#0,txManager,org.springframework.transaction.config.internalTransactionalEventListenerFactory,org.springframework.aop.config.internalAutoProxyCreator,org.springframework.transaction.annotation.AnnotationTransactionAttributeSource#0,org.springframework.transaction.interceptor.TransactionInterceptor#0,org.springframework.transaction.config.internalTransactionAdvisor,org.springframework.context.annotation.ConfigurationClassPostProcessor.importAwareProcessor,org.springframework.context.annotation.ConfigurationClassPostProcessor.enhancedConfigurationProcessor,deptDao,empDao,deptService]; root of factory hierarchy
2016-12-13 14:38:03 org.springframework.beans.factory.support.DefaultSingletonBeanRegistry.getSingleton(DefaultSingletonBeanRegistry.java:221)  Creating shared instance of singleton bean 'deptServiceImpl'
2016-12-13 14:38:03 org.springframework.beans.factory.support.AbstractAutowireCapableBeanFactory.createBean(AbstractAutowireCapableBeanFactory.java:448)  Creating instance of bean 'deptServiceImpl'
2016-12-13 14:38:03 org.springframework.beans.factory.annotation.InjectionMetadata.checkConfigMembers(InjectionMetadata.java:72)  Registered injected element on class [com.hc.service.impl.DeptServiceImpl]: AutowiredFieldElement for private com.hc.dao.DeptDao com.hc.service.impl.DeptServiceImpl.deptDao
2016-12-13 14:38:03 org.springframework.beans.factory.support.AbstractAutowireCapableBeanFactory.doCreateBean(AbstractAutowireCapableBeanFactory.java:537)  Eagerly caching bean 'deptServiceImpl' to allow for resolving potential circular references
2016-12-13 14:38:03 org.springframework.beans.factory.annotation.InjectionMetadata.inject(InjectionMetadata.java:86)  Processing injected element of bean 'deptServiceImpl': AutowiredFieldElement for private com.hc.dao.DeptDao com.hc.service.impl.DeptServiceImpl.deptDao
2016-12-13 14:38:03 org.springframework.beans.factory.support.DefaultSingletonBeanRegistry.getSingleton(DefaultSingletonBeanRegistry.java:221)  Creating shared instance of singleton bean 'deptDao'
2016-12-13 14:38:03 org.springframework.beans.factory.support.AbstractAutowireCapableBeanFactory.createBean(AbstractAutowireCapableBeanFactory.java:448)  Creating instance of bean 'deptDao'
2016-12-13 14:38:03 org.springframework.beans.factory.support.AbstractAutowireCapableBeanFactory.doCreateBean(AbstractAutowireCapableBeanFactory.java:537)  Eagerly caching bean 'deptDao' to allow for resolving potential circular references
2016-12-13 14:38:03 org.springframework.beans.factory.support.DefaultSingletonBeanRegistry.getSingleton(DefaultSingletonBeanRegistry.java:221)  Creating shared instance of singleton bean 'sqlSessionFactory'
2016-12-13 14:38:03 org.springframework.beans.factory.support.AbstractAutowireCapableBeanFactory.createBean(AbstractAutowireCapableBeanFactory.java:448)  Creating instance of bean 'sqlSessionFactory'
2016-12-13 14:38:03 org.springframework.beans.factory.support.AbstractAutowireCapableBeanFactory.doCreateBean(AbstractAutowireCapableBeanFactory.java:537)  Eagerly caching bean 'sqlSessionFactory' to allow for resolving potential circular references
2016-12-13 14:38:03 org.springframework.beans.factory.support.DefaultSingletonBeanRegistry.getSingleton(DefaultSingletonBeanRegistry.java:221)  Creating shared instance of singleton bean 'dataSource123'
2016-12-13 14:38:03 org.springframework.beans.factory.support.AbstractAutowireCapableBeanFactory.createBean(AbstractAutowireCapableBeanFactory.java:448)  Creating instance of bean 'dataSource123'
2016-12-13 14:38:03 org.springframework.beans.factory.support.AbstractAutowireCapableBeanFactory.doCreateBean(AbstractAutowireCapableBeanFactory.java:537)  Eagerly caching bean 'dataSource123' to allow for resolving potential circular references
2016-12-13 14:38:03 org.springframework.beans.factory.support.DefaultSingletonBeanRegistry.getSingleton(DefaultSingletonBeanRegistry.java:221)  Creating shared instance of singleton bean 'org.springframework.transaction.config.internalTransactionAdvisor'
2016-12-13 14:38:03 org.springframework.beans.factory.support.AbstractAutowireCapableBeanFactory.createBean(AbstractAutowireCapableBeanFactory.java:448)  Creating instance of bean 'org.springframework.transaction.config.internalTransactionAdvisor'
2016-12-13 14:38:03 org.springframework.beans.factory.support.AbstractAutowireCapableBeanFactory.doCreateBean(AbstractAutowireCapableBeanFactory.java:537)  Eagerly caching bean 'org.springframework.transaction.config.internalTransactionAdvisor' to allow for resolving potential circular references
2016-12-13 14:38:03 org.springframework.beans.factory.support.DefaultSingletonBeanRegistry.getSingleton(DefaultSingletonBeanRegistry.java:221)  Creating shared instance of singleton bean 'org.springframework.transaction.annotation.AnnotationTransactionAttributeSource#0'
2016-12-13 14:38:03 org.springframework.beans.factory.support.AbstractAutowireCapableBeanFactory.createBean(AbstractAutowireCapableBeanFactory.java:448)  Creating instance of bean 'org.springframework.transaction.annotation.AnnotationTransactionAttributeSource#0'
2016-12-13 14:38:03 org.springframework.beans.factory.support.AbstractAutowireCapableBeanFactory.doCreateBean(AbstractAutowireCapableBeanFactory.java:537)  Eagerly caching bean 'org.springframework.transaction.annotation.AnnotationTransactionAttributeSource#0' to allow for resolving potential circular references
2016-12-13 14:38:03 org.springframework.aop.framework.autoproxy.BeanFactoryAdvisorRetrievalHelper.findAdvisorBeans(BeanFactoryAdvisorRetrievalHelper.java:87)  Skipping currently created advisor 'org.springframework.transaction.config.internalTransactionAdvisor'
2016-12-13 14:38:03 org.springframework.beans.factory.support.AbstractAutowireCapableBeanFactory.createBean(AbstractAutowireCapableBeanFactory.java:484)  Finished creating instance of bean 'org.springframework.transaction.annotation.AnnotationTransactionAttributeSource#0'
2016-12-13 14:38:03 org.springframework.beans.factory.support.AbstractAutowireCapableBeanFactory.createBean(AbstractAutowireCapableBeanFactory.java:484)  Finished creating instance of bean 'org.springframework.transaction.config.internalTransactionAdvisor'
2016-12-13 14:38:03 org.springframework.beans.factory.support.AbstractAutowireCapableBeanFactory.createBean(AbstractAutowireCapableBeanFactory.java:484)  Finished creating instance of bean 'dataSource123'
2016-12-13 14:38:03 org.springframework.beans.factory.support.AbstractAutowireCapableBeanFactory.invokeInitMethods(AbstractAutowireCapableBeanFactory.java:1625)  Invoking afterPropertiesSet() on bean with name 'sqlSessionFactory'
2016-12-13 14:38:04 org.apache.ibatis.logging.commons.JakartaCommonsLoggingImpl.debug(JakartaCommonsLoggingImpl.java:54)  Parsed configuration file: 'class path resource [mybatis-config.xml]'
2016-12-13 14:38:04 org.apache.ibatis.logging.commons.JakartaCommonsLoggingImpl.debug(JakartaCommonsLoggingImpl.java:54)  Property 'mapperLocations' was not specified or no matching resources found
2016-12-13 14:38:04 org.springframework.beans.factory.support.AbstractBeanFactory.doGetBean(AbstractBeanFactory.java:251)  Returning cached instance of singleton bean 'org.springframework.transaction.config.internalTransactionAdvisor'
2016-12-13 14:38:04 org.springframework.beans.factory.support.AbstractAutowireCapableBeanFactory.createBean(AbstractAutowireCapableBeanFactory.java:484)  Finished creating instance of bean 'sqlSessionFactory'
2016-12-13 14:38:04 org.springframework.beans.factory.support.AbstractBeanFactory.doGetBean(AbstractBeanFactory.java:251)  Returning cached instance of singleton bean 'org.springframework.transaction.config.internalTransactionAdvisor'
2016-12-13 14:38:04 org.springframework.beans.factory.support.AbstractAutowireCapableBeanFactory.invokeInitMethods(AbstractAutowireCapableBeanFactory.java:1625)  Invoking afterPropertiesSet() on bean with name 'deptDao'
2016-12-13 14:38:04 org.springframework.beans.factory.support.AbstractBeanFactory.doGetBean(AbstractBeanFactory.java:251)  Returning cached instance of singleton bean 'org.springframework.transaction.config.internalTransactionAdvisor'
2016-12-13 14:38:04 org.springframework.beans.factory.support.AbstractAutowireCapableBeanFactory.createBean(AbstractAutowireCapableBeanFactory.java:484)  Finished creating instance of bean 'deptDao'
2016-12-13 14:38:04 org.springframework.beans.factory.support.AbstractBeanFactory.doGetBean(AbstractBeanFactory.java:251)  Returning cached instance of singleton bean 'org.springframework.transaction.config.internalTransactionAdvisor'
2016-12-13 14:38:04 org.springframework.beans.factory.annotation.AutowiredAnnotationBeanPostProcessor.registerDependentBeans(AutowiredAnnotationBeanPostProcessor.java:539)  Autowiring by type from bean name 'deptServiceImpl' to bean named 'deptDao'
2016-12-13 14:38:04 org.springframework.beans.factory.support.AbstractBeanFactory.doGetBean(AbstractBeanFactory.java:251)  Returning cached instance of singleton bean 'org.springframework.transaction.config.internalTransactionAdvisor'
2016-12-13 14:38:04 org.springframework.beans.factory.support.AbstractAutowireCapableBeanFactory.createBean(AbstractAutowireCapableBeanFactory.java:484)  Finished creating instance of bean 'deptServiceImpl'
2016-12-13 14:38:04 org.springframework.beans.factory.support.AbstractBeanFactory.doGetBean(AbstractBeanFactory.java:251)  Returning cached instance of singleton bean 'org.springframework.context.annotation.internalConfigurationAnnotationProcessor'
2016-12-13 14:38:04 org.springframework.beans.factory.support.AbstractBeanFactory.doGetBean(AbstractBeanFactory.java:251)  Returning cached instance of singleton bean 'org.springframework.context.annotation.internalAutowiredAnnotationProcessor'
2016-12-13 14:38:04 org.springframework.beans.factory.support.AbstractBeanFactory.doGetBean(AbstractBeanFactory.java:251)  Returning cached instance of singleton bean 'org.springframework.context.annotation.internalRequiredAnnotationProcessor'
2016-12-13 14:38:04 org.springframework.beans.factory.support.AbstractBeanFactory.doGetBean(AbstractBeanFactory.java:251)  Returning cached instance of singleton bean 'org.springframework.context.annotation.internalCommonAnnotationProcessor'
2016-12-13 14:38:04 org.springframework.beans.factory.support.DefaultSingletonBeanRegistry.getSingleton(DefaultSingletonBeanRegistry.java:221)  Creating shared instance of singleton bean 'org.springframework.context.event.internalEventListenerProcessor'
2016-12-13 14:38:04 org.springframework.beans.factory.support.AbstractAutowireCapableBeanFactory.createBean(AbstractAutowireCapableBeanFactory.java:448)  Creating instance of bean 'org.springframework.context.event.internalEventListenerProcessor'
2016-12-13 14:38:04 org.springframework.beans.factory.support.AbstractAutowireCapableBeanFactory.doCreateBean(AbstractAutowireCapableBeanFactory.java:537)  Eagerly caching bean 'org.springframework.context.event.internalEventListenerProcessor' to allow for resolving potential circular references
2016-12-13 14:38:04 org.springframework.beans.factory.support.AbstractBeanFactory.doGetBean(AbstractBeanFactory.java:251)  Returning cached instance of singleton bean 'org.springframework.transaction.config.internalTransactionAdvisor'
2016-12-13 14:38:04 org.springframework.beans.factory.support.AbstractAutowireCapableBeanFactory.createBean(AbstractAutowireCapableBeanFactory.java:484)  Finished creating instance of bean 'org.springframework.context.event.internalEventListenerProcessor'
2016-12-13 14:38:04 org.springframework.beans.factory.support.DefaultSingletonBeanRegistry.getSingleton(DefaultSingletonBeanRegistry.java:221)  Creating shared instance of singleton bean 'org.springframework.context.event.internalEventListenerFactory'
2016-12-13 14:38:04 org.springframework.beans.factory.support.AbstractAutowireCapableBeanFactory.createBean(AbstractAutowireCapableBeanFactory.java:448)  Creating instance of bean 'org.springframework.context.event.internalEventListenerFactory'
2016-12-13 14:38:04 org.springframework.beans.factory.support.AbstractAutowireCapableBeanFactory.doCreateBean(AbstractAutowireCapableBeanFactory.java:537)  Eagerly caching bean 'org.springframework.context.event.internalEventListenerFactory' to allow for resolving potential circular references
2016-12-13 14:38:04 org.springframework.beans.factory.support.AbstractBeanFactory.doGetBean(AbstractBeanFactory.java:251)  Returning cached instance of singleton bean 'org.springframework.transaction.config.internalTransactionAdvisor'
2016-12-13 14:38:04 org.springframework.beans.factory.support.AbstractAutowireCapableBeanFactory.createBean(AbstractAutowireCapableBeanFactory.java:484)  Finished creating instance of bean 'org.springframework.context.event.internalEventListenerFactory'
2016-12-13 14:38:04 org.springframework.beans.factory.support.AbstractBeanFactory.doGetBean(AbstractBeanFactory.java:251)  Returning cached instance of singleton bean 'dataSource123'
2016-12-13 14:38:04 org.springframework.beans.factory.support.AbstractBeanFactory.doGetBean(AbstractBeanFactory.java:251)  Returning cached instance of singleton bean 'sqlSessionFactory'
2016-12-13 14:38:04 org.springframework.beans.factory.support.AbstractBeanFactory.doGetBean(AbstractBeanFactory.java:251)  Returning cached instance of singleton bean 'org.mybatis.spring.mapper.MapperScannerConfigurer#0'
2016-12-13 14:38:04 org.springframework.beans.factory.support.DefaultSingletonBeanRegistry.getSingleton(DefaultSingletonBeanRegistry.java:221)  Creating shared instance of singleton bean 'txManager'
2016-12-13 14:38:04 org.springframework.beans.factory.support.AbstractAutowireCapableBeanFactory.createBean(AbstractAutowireCapableBeanFactory.java:448)  Creating instance of bean 'txManager'
2016-12-13 14:38:04 org.springframework.beans.factory.support.AbstractAutowireCapableBeanFactory.doCreateBean(AbstractAutowireCapableBeanFactory.java:537)  Eagerly caching bean 'txManager' to allow for resolving potential circular references
2016-12-13 14:38:04 org.springframework.beans.factory.support.AbstractBeanFactory.doGetBean(AbstractBeanFactory.java:251)  Returning cached instance of singleton bean 'dataSource123'
2016-12-13 14:38:04 org.springframework.beans.factory.support.AbstractAutowireCapableBeanFactory.invokeInitMethods(AbstractAutowireCapableBeanFactory.java:1625)  Invoking afterPropertiesSet() on bean with name 'txManager'
2016-12-13 14:38:04 org.springframework.beans.factory.support.AbstractBeanFactory.doGetBean(AbstractBeanFactory.java:251)  Returning cached instance of singleton bean 'org.springframework.transaction.config.internalTransactionAdvisor'
2016-12-13 14:38:04 org.springframework.beans.factory.support.AbstractAutowireCapableBeanFactory.createBean(AbstractAutowireCapableBeanFactory.java:484)  Finished creating instance of bean 'txManager'
2016-12-13 14:38:04 org.springframework.beans.factory.support.DefaultSingletonBeanRegistry.getSingleton(DefaultSingletonBeanRegistry.java:221)  Creating shared instance of singleton bean 'org.springframework.transaction.config.internalTransactionalEventListenerFactory'
2016-12-13 14:38:04 org.springframework.beans.factory.support.AbstractAutowireCapableBeanFactory.createBean(AbstractAutowireCapableBeanFactory.java:448)  Creating instance of bean 'org.springframework.transaction.config.internalTransactionalEventListenerFactory'
2016-12-13 14:38:04 org.springframework.beans.factory.support.AbstractAutowireCapableBeanFactory.doCreateBean(AbstractAutowireCapableBeanFactory.java:537)  Eagerly caching bean 'org.springframework.transaction.config.internalTransactionalEventListenerFactory' to allow for resolving potential circular references
2016-12-13 14:38:04 org.springframework.beans.factory.support.AbstractBeanFactory.doGetBean(AbstractBeanFactory.java:251)  Returning cached instance of singleton bean 'org.springframework.transaction.config.internalTransactionAdvisor'
2016-12-13 14:38:04 org.springframework.beans.factory.support.AbstractAutowireCapableBeanFactory.createBean(AbstractAutowireCapableBeanFactory.java:484)  Finished creating instance of bean 'org.springframework.transaction.config.internalTransactionalEventListenerFactory'
2016-12-13 14:38:04 org.springframework.beans.factory.support.AbstractBeanFactory.doGetBean(AbstractBeanFactory.java:251)  Returning cached instance of singleton bean 'org.springframework.aop.config.internalAutoProxyCreator'
2016-12-13 14:38:04 org.springframework.beans.factory.support.AbstractBeanFactory.doGetBean(AbstractBeanFactory.java:251)  Returning cached instance of singleton bean 'org.springframework.transaction.annotation.AnnotationTransactionAttributeSource#0'
2016-12-13 14:38:04 org.springframework.beans.factory.support.DefaultSingletonBeanRegistry.getSingleton(DefaultSingletonBeanRegistry.java:221)  Creating shared instance of singleton bean 'org.springframework.transaction.interceptor.TransactionInterceptor#0'
2016-12-13 14:38:04 org.springframework.beans.factory.support.AbstractAutowireCapableBeanFactory.createBean(AbstractAutowireCapableBeanFactory.java:448)  Creating instance of bean 'org.springframework.transaction.interceptor.TransactionInterceptor#0'
2016-12-13 14:38:04 org.springframework.beans.factory.support.AbstractAutowireCapableBeanFactory.doCreateBean(AbstractAutowireCapableBeanFactory.java:537)  Eagerly caching bean 'org.springframework.transaction.interceptor.TransactionInterceptor#0' to allow for resolving potential circular references
2016-12-13 14:38:04 org.springframework.beans.factory.support.AbstractBeanFactory.doGetBean(AbstractBeanFactory.java:251)  Returning cached instance of singleton bean 'org.springframework.transaction.annotation.AnnotationTransactionAttributeSource#0'
2016-12-13 14:38:04 org.springframework.beans.factory.support.AbstractAutowireCapableBeanFactory.invokeInitMethods(AbstractAutowireCapableBeanFactory.java:1625)  Invoking afterPropertiesSet() on bean with name 'org.springframework.transaction.interceptor.TransactionInterceptor#0'
2016-12-13 14:38:04 org.springframework.beans.factory.support.AbstractAutowireCapableBeanFactory.createBean(AbstractAutowireCapableBeanFactory.java:484)  Finished creating instance of bean 'org.springframework.transaction.interceptor.TransactionInterceptor#0'
2016-12-13 14:38:04 org.springframework.beans.factory.support.AbstractBeanFactory.doGetBean(AbstractBeanFactory.java:251)  Returning cached instance of singleton bean 'org.springframework.transaction.config.internalTransactionAdvisor'
2016-12-13 14:38:04 org.springframework.beans.factory.support.AbstractBeanFactory.doGetBean(AbstractBeanFactory.java:251)  Returning cached instance of singleton bean 'org.springframework.context.annotation.ConfigurationClassPostProcessor.importAwareProcessor'
2016-12-13 14:38:04 org.springframework.beans.factory.support.AbstractBeanFactory.doGetBean(AbstractBeanFactory.java:251)  Returning cached instance of singleton bean 'org.springframework.context.annotation.ConfigurationClassPostProcessor.enhancedConfigurationProcessor'
2016-12-13 14:38:04 org.springframework.beans.factory.support.AbstractBeanFactory.doGetBean(AbstractBeanFactory.java:251)  Returning cached instance of singleton bean 'deptDao'
2016-12-13 14:38:04 org.springframework.beans.factory.support.DefaultSingletonBeanRegistry.getSingleton(DefaultSingletonBeanRegistry.java:221)  Creating shared instance of singleton bean 'empDao'
2016-12-13 14:38:04 org.springframework.beans.factory.support.AbstractAutowireCapableBeanFactory.createBean(AbstractAutowireCapableBeanFactory.java:448)  Creating instance of bean 'empDao'
2016-12-13 14:38:04 org.springframework.beans.factory.support.AbstractAutowireCapableBeanFactory.doCreateBean(AbstractAutowireCapableBeanFactory.java:537)  Eagerly caching bean 'empDao' to allow for resolving potential circular references
2016-12-13 14:38:04 org.springframework.beans.factory.support.AbstractBeanFactory.doGetBean(AbstractBeanFactory.java:251)  Returning cached instance of singleton bean 'sqlSessionFactory'
2016-12-13 14:38:04 org.springframework.beans.factory.support.AbstractAutowireCapableBeanFactory.invokeInitMethods(AbstractAutowireCapableBeanFactory.java:1625)  Invoking afterPropertiesSet() on bean with name 'empDao'
2016-12-13 14:38:04 org.springframework.beans.factory.support.AbstractBeanFactory.doGetBean(AbstractBeanFactory.java:251)  Returning cached instance of singleton bean 'org.springframework.transaction.config.internalTransactionAdvisor'
2016-12-13 14:38:04 org.springframework.beans.factory.support.AbstractAutowireCapableBeanFactory.createBean(AbstractAutowireCapableBeanFactory.java:484)  Finished creating instance of bean 'empDao'
2016-12-13 14:38:04 org.springframework.beans.factory.support.DefaultSingletonBeanRegistry.getSingleton(DefaultSingletonBeanRegistry.java:221)  Creating shared instance of singleton bean 'deptService'
2016-12-13 14:38:04 org.springframework.beans.factory.support.AbstractAutowireCapableBeanFactory.createBean(AbstractAutowireCapableBeanFactory.java:448)  Creating instance of bean 'deptService'
2016-12-13 14:38:04 org.springframework.beans.factory.support.AbstractAutowireCapableBeanFactory.doCreateBean(AbstractAutowireCapableBeanFactory.java:537)  Eagerly caching bean 'deptService' to allow for resolving potential circular references
2016-12-13 14:38:04 org.springframework.beans.factory.support.AbstractBeanFactory.doGetBean(AbstractBeanFactory.java:251)  Returning cached instance of singleton bean 'sqlSessionFactory'
2016-12-13 14:38:04 org.springframework.beans.factory.support.AbstractAutowireCapableBeanFactory.invokeInitMethods(AbstractAutowireCapableBeanFactory.java:1625)  Invoking afterPropertiesSet() on bean with name 'deptService'
2016-12-13 14:38:04 org.springframework.beans.factory.support.AbstractBeanFactory.doGetBean(AbstractBeanFactory.java:251)  Returning cached instance of singleton bean 'org.springframework.transaction.config.internalTransactionAdvisor'
2016-12-13 14:38:04 org.springframework.beans.factory.support.AbstractAutowireCapableBeanFactory.createBean(AbstractAutowireCapableBeanFactory.java:484)  Finished creating instance of bean 'deptService'
2016-12-13 14:38:04 org.springframework.beans.factory.support.AbstractBeanFactory.doGetBean(AbstractBeanFactory.java:251)  Returning cached instance of singleton bean 'org.springframework.context.event.internalEventListenerFactory'
2016-12-13 14:38:04 org.springframework.beans.factory.support.AbstractBeanFactory.doGetBean(AbstractBeanFactory.java:251)  Returning cached instance of singleton bean 'org.springframework.transaction.config.internalTransactionalEventListenerFactory'
2016-12-13 14:38:04 org.springframework.context.support.AbstractApplicationContext.initLifecycleProcessor(AbstractApplicationContext.java:784)  Unable to locate LifecycleProcessor with name 'lifecycleProcessor': using default [org.springframework.context.support.DefaultLifecycleProcessor@5d534f5d]
2016-12-13 14:38:04 org.springframework.beans.factory.support.AbstractBeanFactory.doGetBean(AbstractBeanFactory.java:251)  Returning cached instance of singleton bean 'lifecycleProcessor'
2016-12-13 14:38:04 org.springframework.beans.factory.support.AbstractBeanFactory.doGetBean(AbstractBeanFactory.java:251)  Returning cached instance of singleton bean 'sqlSessionFactory'
2016-12-13 14:38:04 org.springframework.core.env.PropertySourcesPropertyResolver.getProperty(PropertySourcesPropertyResolver.java:91)  Could not find key 'spring.liveBeansView.mbeanDomain' in any property source
2016-12-13 14:38:04 org.springframework.beans.factory.support.AbstractBeanFactory.doGetBean(AbstractBeanFactory.java:251)  Returning cached instance of singleton bean 'empDao'
2016-12-13 14:38:04 org.springframework.beans.factory.support.AbstractBeanFactory.doGetBean(AbstractBeanFactory.java:251)  Returning cached instance of singleton bean 'org.springframework.transaction.config.internalTransactionAdvisor'
2016-12-13 14:38:04 org.apache.ibatis.logging.commons.JakartaCommonsLoggingImpl.debug(JakartaCommonsLoggingImpl.java:54)  Creating a new SqlSession
2016-12-13 14:38:04 org.apache.ibatis.logging.commons.JakartaCommonsLoggingImpl.debug(JakartaCommonsLoggingImpl.java:54)  SqlSession [org.apache.ibatis.session.defaults.DefaultSqlSession@7526515b] was not registered for synchronization because synchronization is not active
2016-12-13 14:38:04 org.springframework.jdbc.datasource.DataSourceUtils.doGetConnection(DataSourceUtils.java:110)  Fetching JDBC Connection from DataSource
2016-12-13 14:38:04 com.alibaba.druid.pool.DruidDataSource.init(DruidDataSource.java:715)  {dataSource-1} inited
2016-12-13 14:38:04 org.apache.ibatis.logging.commons.JakartaCommonsLoggingImpl.debug(JakartaCommonsLoggingImpl.java:54)  JDBC Connection [com.mysql.jdbc.JDBC4Connection@480d3575] will not be managed by Spring
2016-12-13 14:38:04 org.apache.ibatis.logging.commons.JakartaCommonsLoggingImpl.debug(JakartaCommonsLoggingImpl.java:54)  ==>  Preparing: select empno, ename, job, mgr, hiredate, sal, comm, deptno from emp where empno = ? 
2016-12-13 14:38:04 org.apache.ibatis.logging.commons.JakartaCommonsLoggingImpl.debug(JakartaCommonsLoggingImpl.java:54)  ==> Parameters: 7788(Integer)
2016-12-13 14:38:04 org.apache.ibatis.logging.commons.JakartaCommonsLoggingImpl.debug(JakartaCommonsLoggingImpl.java:54)  <==      Total: 1
2016-12-13 14:38:04 org.apache.ibatis.logging.commons.JakartaCommonsLoggingImpl.debug(JakartaCommonsLoggingImpl.java:54)  Closing non transactional SqlSession [org.apache.ibatis.session.defaults.DefaultSqlSession@7526515b]
2016-12-13 14:38:04 org.springframework.jdbc.datasource.DataSourceUtils.doReleaseConnection(DataSourceUtils.java:327)  Returning JDBC Connection to DataSource
2016-12-15 10:39:53 org.springframework.core.env.MutablePropertySources.addLast(MutablePropertySources.java:109)  Adding [systemProperties] PropertySource with lowest search precedence
2016-12-15 10:39:54 org.springframework.core.env.MutablePropertySources.addLast(MutablePropertySources.java:109)  Adding [systemEnvironment] PropertySource with lowest search precedence
2016-12-15 10:39:54 org.springframework.core.env.AbstractEnvironment.<init>(AbstractEnvironment.java:124)  Initialized StandardEnvironment with PropertySources [systemProperties,systemEnvironment]
2016-12-15 10:39:54 org.springframework.context.support.AbstractApplicationContext.prepareRefresh(AbstractApplicationContext.java:582)  Refreshing org.springframework.context.support.ClassPathXmlApplicationContext@45c8e616: startup date [Thu Dec 15 10:39:54 CST 2016]; root of context hierarchy
2016-12-15 10:39:54 org.springframework.core.env.MutablePropertySources.addLast(MutablePropertySources.java:109)  Adding [systemProperties] PropertySource with lowest search precedence
2016-12-15 10:39:54 org.springframework.core.env.MutablePropertySources.addLast(MutablePropertySources.java:109)  Adding [systemEnvironment] PropertySource with lowest search precedence
2016-12-15 10:39:54 org.springframework.core.env.AbstractEnvironment.<init>(AbstractEnvironment.java:124)  Initialized StandardEnvironment with PropertySources [systemProperties,systemEnvironment]
2016-12-15 10:39:54 org.springframework.beans.factory.xml.XmlBeanDefinitionReader.loadBeanDefinitions(XmlBeanDefinitionReader.java:317)  Loading XML bean definitions from class path resource [applicationContext.xml]
2016-12-15 10:39:54 org.springframework.beans.factory.xml.DefaultDocumentLoader.loadDocument(DefaultDocumentLoader.java:73)  Using JAXP provider [com.sun.org.apache.xerces.internal.jaxp.DocumentBuilderFactoryImpl]
2016-12-15 10:39:54 org.springframework.beans.factory.xml.PluggableSchemaResolver.getSchemaMappings(PluggableSchemaResolver.java:141)  Loading schema mappings from [META-INF/spring.schemas]
2016-12-15 10:39:54 org.springframework.beans.factory.xml.PluggableSchemaResolver.getSchemaMappings(PluggableSchemaResolver.java:147)  Loaded schema mappings: {http://www.springframework.org/schema/tx/spring-tx-4.3.xsd=org/springframework/transaction/config/spring-tx-4.3.xsd, http://www.springframework.org/schema/tx/spring-tx-2.5.xsd=org/springframework/transaction/config/spring-tx-2.5.xsd, http://www.springframework.org/schema/cache/spring-cache-4.2.xsd=org/springframework/cache/config/spring-cache-4.2.xsd, http://www.springframework.org/schema/aop/spring-aop-4.1.xsd=org/springframework/aop/config/spring-aop-4.1.xsd, http://www.springframework.org/schema/context/spring-context-3.1.xsd=org/springframework/context/config/spring-context-3.1.xsd, http://www.springframework.org/schema/jdbc/spring-jdbc-4.1.xsd=org/springframework/jdbc/config/spring-jdbc-4.1.xsd, http://www.springframework.org/schema/mvc/spring-mvc-4.1.xsd=org/springframework/web/servlet/config/spring-mvc-4.1.xsd, http://www.springframework.org/schema/util/spring-util-3.0.xsd=org/springframework/beans/factory/xml/spring-util-3.0.xsd, http://mybatis.org/schema/mybatis-spring-1.2.xsd=org/mybatis/spring/config/mybatis-spring-1.2.xsd, http://www.springframework.org/schema/tool/spring-tool.xsd=org/springframework/beans/factory/xml/spring-tool-4.3.xsd, http://www.springframework.org/schema/aop/spring-aop-3.2.xsd=org/springframework/aop/config/spring-aop-3.2.xsd, http://www.springframework.org/schema/lang/spring-lang-4.1.xsd=org/springframework/scripting/config/spring-lang-4.1.xsd, http://www.springframework.org/schema/context/spring-context-4.0.xsd=org/springframework/context/config/spring-context-4.0.xsd, http://www.springframework.org/schema/mvc/spring-mvc-3.2.xsd=org/springframework/web/servlet/config/spring-mvc-3.2.xsd, http://www.springframework.org/schema/beans/spring-beans-4.2.xsd=org/springframework/beans/factory/xml/spring-beans-4.2.xsd, http://www.springframework.org/schema/tool/spring-tool-4.1.xsd=org/springframework/beans/factory/xml/spring-tool-4.1.xsd, http://www.springframework.org/schema/lang/spring-lang-3.2.xsd=org/springframework/scripting/config/spring-lang-3.2.xsd, http://www.springframework.org/schema/cache/spring-cache-3.2.xsd=org/springframework/cache/config/spring-cache-3.2.xsd, http://www.springframework.org/schema/jee/spring-jee-4.1.xsd=org/springframework/ejb/config/spring-jee-4.1.xsd, http://www.springframework.org/schema/jdbc/spring-jdbc-3.1.xsd=org/springframework/jdbc/config/spring-jdbc-3.1.xsd, http://www.springframework.org/schema/util/spring-util-2.0.xsd=org/springframework/beans/factory/xml/spring-util-2.0.xsd, http://www.springframework.org/schema/task/spring-task-4.2.xsd=org/springframework/scheduling/config/spring-task-4.2.xsd, http://www.springframework.org/schema/tool/spring-tool-3.2.xsd=org/springframework/beans/factory/xml/spring-tool-3.2.xsd, http://www.springframework.org/schema/context/spring-context.xsd=org/springframework/context/config/spring-context-4.3.xsd, http://www.springframework.org/schema/tx/spring-tx-4.2.xsd=org/springframework/transaction/config/spring-tx-4.2.xsd, http://www.springframework.org/schema/cache/spring-cache-4.1.xsd=org/springframework/cache/config/spring-cache-4.1.xsd, http://www.springframework.org/schema/aop/spring-aop-4.0.xsd=org/springframework/aop/config/spring-aop-4.0.xsd, http://www.springframework.org/schema/jee/spring-jee-3.2.xsd=org/springframework/ejb/config/spring-jee-3.2.xsd, http://www.springframework.org/schema/context/spring-context-3.0.xsd=org/springframework/context/config/spring-context-3.0.xsd, http://www.springframework.org/schema/jdbc/spring-jdbc-4.0.xsd=org/springframework/jdbc/config/spring-jdbc-4.0.xsd, http://www.springframework.org/schema/mvc/spring-mvc-4.0.xsd=org/springframework/web/servlet/config/spring-mvc-4.0.xsd, http://www.springframework.org/schema/util/spring-util-4.3.xsd=org/springframework/beans/factory/xml/spring-util-4.3.xsd, http://www.springframework.org/schema/util/spring-util-2.5.xsd=org/springframework/beans/factory/xml/spring-util-2.5.xsd, http://www.springframework.org/schema/beans/spring-beans-3.2.xsd=org/springframework/beans/factory/xml/spring-beans-3.2.xsd, http://www.springframework.org/schema/aop/spring-aop-3.1.xsd=org/springframework/aop/config/spring-aop-3.1.xsd, http://www.springframework.org/schema/lang/spring-lang-4.0.xsd=org/springframework/scripting/config/spring-lang-4.0.xsd, http://www.springframework.org/schema/mvc/spring-mvc.xsd=org/springframework/web/servlet/config/spring-mvc-4.3.xsd, http://www.springframework.org/schema/mvc/spring-mvc-3.1.xsd=org/springframework/web/servlet/config/spring-mvc-3.1.xsd, http://www.springframework.org/schema/beans/spring-beans-4.1.xsd=org/springframework/beans/factory/xml/spring-beans-4.1.xsd, http://www.springframework.org/schema/tool/spring-tool-4.0.xsd=org/springframework/beans/factory/xml/spring-tool-4.0.xsd, http://www.springframework.org/schema/tx/spring-tx-3.2.xsd=org/springframework/transaction/config/spring-tx-3.2.xsd, http://www.springframework.org/schema/lang/spring-lang-3.1.xsd=org/springframework/scripting/config/spring-lang-3.1.xsd, http://www.springframework.org/schema/cache/spring-cache-3.1.xsd=org/springframework/cache/config/spring-cache-3.1.xsd, http://www.springframework.org/schema/jee/spring-jee-4.0.xsd=org/springframework/ejb/config/spring-jee-4.0.xsd, http://www.springframework.org/schema/jdbc/spring-jdbc-3.0.xsd=org/springframework/jdbc/config/spring-jdbc-3.0.xsd, http://www.springframework.org/schema/task/spring-task-4.1.xsd=org/springframework/scheduling/config/spring-task-4.1.xsd, http://www.springframework.org/schema/jdbc/spring-jdbc.xsd=org/springframework/jdbc/config/spring-jdbc-4.3.xsd, http://www.springframework.org/schema/tool/spring-tool-3.1.xsd=org/springframework/beans/factory/xml/spring-tool-3.1.xsd, http://www.springframework.org/schema/tx/spring-tx-4.1.xsd=org/springframework/transaction/config/spring-tx-4.1.xsd, http://www.springframework.org/schema/cache/spring-cache-4.0.xsd=org/springframework/cache/config/spring-cache-4.0.xsd, http://www.springframework.org/schema/jee/spring-jee-3.1.xsd=org/springframework/ejb/config/spring-jee-3.1.xsd, http://www.springframework.org/schema/util/spring-util-4.2.xsd=org/springframework/beans/factory/xml/spring-util-4.2.xsd, http://www.springframework.org/schema/task/spring-task-3.2.xsd=org/springframework/scheduling/config/spring-task-3.2.xsd, http://www.springframework.org/schema/beans/spring-beans-3.1.xsd=org/springframework/beans/factory/xml/spring-beans-3.1.xsd, http://www.springframework.org/schema/util/spring-util.xsd=org/springframework/beans/factory/xml/spring-util-4.3.xsd, http://www.springframework.org/schema/aop/spring-aop-3.0.xsd=org/springframework/aop/config/spring-aop-3.0.xsd, http://www.springframework.org/schema/mvc/spring-mvc-3.0.xsd=org/springframework/web/servlet/config/spring-mvc-3.0.xsd, http://www.springframework.org/schema/beans/spring-beans-4.0.xsd=org/springframework/beans/factory/xml/spring-beans-4.0.xsd, http://www.springframework.org/schema/beans/spring-beans.xsd=org/springframework/beans/factory/xml/spring-beans-4.3.xsd, http://mybatis.org/schema/mybatis-spring.xsd=org/mybatis/spring/config/mybatis-spring-1.2.xsd, http://www.springframework.org/schema/tx/spring-tx-3.1.xsd=org/springframework/transaction/config/spring-tx-3.1.xsd, http://www.springframework.org/schema/lang/spring-lang-3.0.xsd=org/springframework/scripting/config/spring-lang-3.0.xsd, http://www.springframework.org/schema/context/spring-context-2.5.xsd=org/springframework/context/config/spring-context-2.5.xsd, http://www.springframework.org/schema/context/spring-context-4.3.xsd=org/springframework/context/config/spring-context-4.3.xsd, http://www.springframework.org/schema/task/spring-task-4.0.xsd=org/springframework/scheduling/config/spring-task-4.0.xsd, http://www.springframework.org/schema/tool/spring-tool-3.0.xsd=org/springframework/beans/factory/xml/spring-tool-3.0.xsd, http://www.springframework.org/schema/tx/spring-tx-4.0.xsd=org/springframework/transaction/config/spring-tx-4.0.xsd, http://www.springframework.org/schema/aop/spring-aop-2.0.xsd=org/springframework/aop/config/spring-aop-2.0.xsd, http://www.springframework.org/schema/jee/spring-jee-3.0.xsd=org/springframework/ejb/config/spring-jee-3.0.xsd, http://www.springframework.org/schema/util/spring-util-4.1.xsd=org/springframework/beans/factory/xml/spring-util-4.1.xsd, http://www.springframework.org/schema/task/spring-task-3.1.xsd=org/springframework/scheduling/config/spring-task-3.1.xsd, http://www.springframework.org/schema/beans/spring-beans-3.0.xsd=org/springframework/beans/factory/xml/spring-beans-3.0.xsd, http://www.springframework.org/schema/jee/spring-jee.xsd=org/springframework/ejb/config/spring-jee-4.3.xsd, http://www.springframework.org/schema/aop/spring-aop-2.5.xsd=org/springframework/aop/config/spring-aop-2.5.xsd, http://www.springframework.org/schema/aop/spring-aop-4.3.xsd=org/springframework/aop/config/spring-aop-4.3.xsd, http://www.springframework.org/schema/lang/spring-lang-2.0.xsd=org/springframework/scripting/config/spring-lang-2.0.xsd, http://www.springframework.org/schema/jdbc/spring-jdbc-4.3.xsd=org/springframework/jdbc/config/spring-jdbc-4.3.xsd, http://www.springframework.org/schema/mvc/spring-mvc-4.3.xsd=org/springframework/web/servlet/config/spring-mvc-4.3.xsd, http://www.springframework.org/schema/util/spring-util-3.2.xsd=org/springframework/beans/factory/xml/spring-util-3.2.xsd, http://www.springframework.org/schema/task/spring-task.xsd=org/springframework/scheduling/config/spring-task-4.3.xsd, http://www.springframework.org/schema/tool/spring-tool-2.0.xsd=org/springframework/beans/factory/xml/spring-tool-2.0.xsd, http://www.springframework.org/schema/tx/spring-tx-3.0.xsd=org/springframework/transaction/config/spring-tx-3.0.xsd, http://www.springframework.org/schema/lang/spring-lang-2.5.xsd=org/springframework/scripting/config/spring-lang-2.5.xsd, http://www.springframework.org/schema/lang/spring-lang-4.3.xsd=org/springframework/scripting/config/spring-lang-4.3.xsd, http://www.springframework.org/schema/context/spring-context-4.2.xsd=org/springframework/context/config/spring-context-4.2.xsd, http://www.springframework.org/schema/jee/spring-jee-2.0.xsd=org/springframework/ejb/config/spring-jee-2.0.xsd, http://www.springframework.org/schema/tool/spring-tool-4.3.xsd=org/springframework/beans/factory/xml/spring-tool-4.3.xsd, http://www.springframework.org/schema/tool/spring-tool-2.5.xsd=org/springframework/beans/factory/xml/spring-tool-2.5.xsd, http://www.springframework.org/schema/jee/spring-jee-4.3.xsd=org/springframework/ejb/config/spring-jee-4.3.xsd, http://www.springframework.org/schema/jee/spring-jee-2.5.xsd=org/springframework/ejb/config/spring-jee-2.5.xsd, http://www.springframework.org/schema/util/spring-util-4.0.xsd=org/springframework/beans/factory/xml/spring-util-4.0.xsd, http://www.springframework.org/schema/task/spring-task-3.0.xsd=org/springframework/scheduling/config/spring-task-3.0.xsd, http://www.springframework.org/schema/cache/spring-cache-4.3.xsd=org/springframework/cache/config/spring-cache-4.3.xsd, http://www.springframework.org/schema/aop/spring-aop-4.2.xsd=org/springframework/aop/config/spring-aop-4.2.xsd, http://www.springframework.org/schema/lang/spring-lang.xsd=org/springframework/scripting/config/spring-lang-4.3.xsd, http://www.springframework.org/schema/context/spring-context-3.2.xsd=org/springframework/context/config/spring-context-3.2.xsd, http://www.springframework.org/schema/jdbc/spring-jdbc-4.2.xsd=org/springframework/jdbc/config/spring-jdbc-4.2.xsd, http://www.springframework.org/schema/mvc/spring-mvc-4.2.xsd=org/springframework/web/servlet/config/spring-mvc-4.2.xsd, http://www.springframework.org/schema/util/spring-util-3.1.xsd=org/springframework/beans/factory/xml/spring-util-3.1.xsd, http://www.springframework.org/schema/beans/spring-beans-2.0.xsd=org/springframework/beans/factory/xml/spring-beans-2.0.xsd, http://www.springframework.org/schema/cache/spring-cache.xsd=org/springframework/cache/config/spring-cache-4.3.xsd, http://www.springframework.org/schema/tx/spring-tx.xsd=org/springframework/transaction/config/spring-tx-4.3.xsd, http://www.springframework.org/schema/lang/spring-lang-4.2.xsd=org/springframework/scripting/config/spring-lang-4.2.xsd, http://www.springframework.org/schema/context/spring-context-4.1.xsd=org/springframework/context/config/spring-context-4.1.xsd, http://www.springframework.org/schema/beans/spring-beans-2.5.xsd=org/springframework/beans/factory/xml/spring-beans-2.5.xsd, http://www.springframework.org/schema/beans/spring-beans-4.3.xsd=org/springframework/beans/factory/xml/spring-beans-4.3.xsd, http://www.springframework.org/schema/tool/spring-tool-4.2.xsd=org/springframework/beans/factory/xml/spring-tool-4.2.xsd, http://www.springframework.org/schema/tx/spring-tx-2.0.xsd=org/springframework/transaction/config/spring-tx-2.0.xsd, http://www.alibaba.com/schema/stat.xsd=META-INF/stat.xsd, http://www.springframework.org/schema/jee/spring-jee-4.2.xsd=org/springframework/ejb/config/spring-jee-4.2.xsd, http://www.springframework.org/schema/jdbc/spring-jdbc-3.2.xsd=org/springframework/jdbc/config/spring-jdbc-3.2.xsd, http://www.springframework.org/schema/task/spring-task-4.3.xsd=org/springframework/scheduling/config/spring-task-4.3.xsd, http://www.springframework.org/schema/aop/spring-aop.xsd=org/springframework/aop/config/spring-aop-4.3.xsd}
2016-12-15 10:39:54 org.springframework.beans.factory.xml.PluggableSchemaResolver.resolveEntity(PluggableSchemaResolver.java:119)  Found XML schema [http://www.springframework.org/schema/beans/spring-beans.xsd] in classpath: org/springframework/beans/factory/xml/spring-beans-4.3.xsd
2016-12-15 10:39:54 org.springframework.beans.factory.xml.PluggableSchemaResolver.resolveEntity(PluggableSchemaResolver.java:119)  Found XML schema [http://www.springframework.org/schema/context/spring-context.xsd] in classpath: org/springframework/context/config/spring-context-4.3.xsd
2016-12-15 10:39:54 org.springframework.beans.factory.xml.PluggableSchemaResolver.resolveEntity(PluggableSchemaResolver.java:119)  Found XML schema [http://www.springframework.org/schema/tool/spring-tool-4.3.xsd] in classpath: org/springframework/beans/factory/xml/spring-tool-4.3.xsd
2016-12-15 10:39:54 org.springframework.beans.factory.xml.PluggableSchemaResolver.resolveEntity(PluggableSchemaResolver.java:119)  Found XML schema [http://www.springframework.org/schema/tx/spring-tx.xsd] in classpath: org/springframework/transaction/config/spring-tx-4.3.xsd
2016-12-15 10:39:54 org.springframework.beans.factory.xml.DefaultBeanDefinitionDocumentReader.registerBeanDefinitions(DefaultBeanDefinitionDocumentReader.java:92)  Loading bean definitions
2016-12-15 10:39:54 org.springframework.beans.factory.xml.DefaultNamespaceHandlerResolver.getHandlerMappings(DefaultNamespaceHandlerResolver.java:157)  Loaded NamespaceHandler mappings: {http://www.springframework.org/schema/p=org.springframework.beans.factory.xml.SimplePropertyNamespaceHandler, http://www.springframework.org/schema/mvc=org.springframework.web.servlet.config.MvcNamespaceHandler, http://www.springframework.org/schema/util=org.springframework.beans.factory.xml.UtilNamespaceHandler, http://www.alibaba.com/schema/stat=com.alibaba.druid.support.spring.stat.config.DruidStatNamespaceHandler, http://www.springframework.org/schema/jee=org.springframework.ejb.config.JeeNamespaceHandler, http://www.springframework.org/schema/aop=org.springframework.aop.config.AopNamespaceHandler, http://www.springframework.org/schema/jdbc=org.springframework.jdbc.config.JdbcNamespaceHandler, http://www.springframework.org/schema/cache=org.springframework.cache.config.CacheNamespaceHandler, http://mybatis.org/schema/mybatis-spring=org.mybatis.spring.config.NamespaceHandler, http://www.springframework.org/schema/c=org.springframework.beans.factory.xml.SimpleConstructorNamespaceHandler, http://www.springframework.org/schema/tx=org.springframework.transaction.config.TxNamespaceHandler, http://www.springframework.org/schema/task=org.springframework.scheduling.config.TaskNamespaceHandler, http://www.springframework.org/schema/lang=org.springframework.scripting.config.LangNamespaceHandler, http://www.springframework.org/schema/context=org.springframework.context.config.ContextNamespaceHandler}
2016-12-15 10:39:54 org.springframework.core.env.MutablePropertySources.addLast(MutablePropertySources.java:109)  Adding [systemProperties] PropertySource with lowest search precedence
2016-12-15 10:39:54 org.springframework.core.env.MutablePropertySources.addLast(MutablePropertySources.java:109)  Adding [systemEnvironment] PropertySource with lowest search precedence
2016-12-15 10:39:54 org.springframework.core.env.AbstractEnvironment.<init>(AbstractEnvironment.java:124)  Initialized StandardEnvironment with PropertySources [systemProperties,systemEnvironment]
2016-12-15 10:39:54 org.springframework.core.io.support.PathMatchingResourcePatternResolver.findAllClassPathResources(PathMatchingResourcePatternResolver.java:317)  Resolved classpath location [com/hc/] to resources [URL [file:/D:/SpringMybatisWebDemo/target/classes/com/hc/]]
2016-12-15 10:39:54 org.springframework.core.io.support.PathMatchingResourcePatternResolver.doFindMatchingFileSystemResources(PathMatchingResourcePatternResolver.java:711)  Looking for matching resources in directory tree [D:\SpringMybatisWebDemo\target\classes\com\hc]
2016-12-15 10:39:54 org.springframework.core.io.support.PathMatchingResourcePatternResolver.doRetrieveMatchingFiles(PathMatchingResourcePatternResolver.java:773)  Searching directory [D:\SpringMybatisWebDemo\target\classes\com\hc] for files matching pattern [D:/SpringMybatisWebDemo/target/classes/com/hc/**/*.class]
2016-12-15 10:39:54 org.springframework.core.io.support.PathMatchingResourcePatternResolver.doRetrieveMatchingFiles(PathMatchingResourcePatternResolver.java:773)  Searching directory [D:\SpringMybatisWebDemo\target\classes\com\hc\action] for files matching pattern [D:/SpringMybatisWebDemo/target/classes/com/hc/**/*.class]
2016-12-15 10:39:54 org.springframework.core.io.support.PathMatchingResourcePatternResolver.doRetrieveMatchingFiles(PathMatchingResourcePatternResolver.java:773)  Searching directory [D:\SpringMybatisWebDemo\target\classes\com\hc\dao] for files matching pattern [D:/SpringMybatisWebDemo/target/classes/com/hc/**/*.class]
2016-12-15 10:39:54 org.springframework.core.io.support.PathMatchingResourcePatternResolver.doRetrieveMatchingFiles(PathMatchingResourcePatternResolver.java:773)  Searching directory [D:\SpringMybatisWebDemo\target\classes\com\hc\domain] for files matching pattern [D:/SpringMybatisWebDemo/target/classes/com/hc/**/*.class]
2016-12-15 10:39:54 org.springframework.core.io.support.PathMatchingResourcePatternResolver.doRetrieveMatchingFiles(PathMatchingResourcePatternResolver.java:773)  Searching directory [D:\SpringMybatisWebDemo\target\classes\com\hc\mapping] for files matching pattern [D:/SpringMybatisWebDemo/target/classes/com/hc/**/*.class]
2016-12-15 10:39:54 org.springframework.core.io.support.PathMatchingResourcePatternResolver.doRetrieveMatchingFiles(PathMatchingResourcePatternResolver.java:773)  Searching directory [D:\SpringMybatisWebDemo\target\classes\com\hc\service] for files matching pattern [D:/SpringMybatisWebDemo/target/classes/com/hc/**/*.class]
2016-12-15 10:39:54 org.springframework.core.io.support.PathMatchingResourcePatternResolver.doRetrieveMatchingFiles(PathMatchingResourcePatternResolver.java:773)  Searching directory [D:\SpringMybatisWebDemo\target\classes\com\hc\service\impl] for files matching pattern [D:/SpringMybatisWebDemo/target/classes/com/hc/**/*.class]
2016-12-15 10:39:54 org.springframework.core.io.support.PathMatchingResourcePatternResolver.findPathMatchingResources(PathMatchingResourcePatternResolver.java:483)  Resolved location pattern [classpath*:com/hc/**/*.class] to resources [file [D:\SpringMybatisWebDemo\target\classes\com\hc\action\DeptController.class], file [D:\SpringMybatisWebDemo\target\classes\com\hc\action\DeptServlet.class], file [D:\SpringMybatisWebDemo\target\classes\com\hc\dao\Dept2Dao.class], file [D:\SpringMybatisWebDemo\target\classes\com\hc\dao\DeptDao.class], file [D:\SpringMybatisWebDemo\target\classes\com\hc\dao\EmpDao.class], file [D:\SpringMybatisWebDemo\target\classes\com\hc\DemoTest.class], file [D:\SpringMybatisWebDemo\target\classes\com\hc\domain\Dept.class], file [D:\SpringMybatisWebDemo\target\classes\com\hc\domain\Dept2.class], file [D:\SpringMybatisWebDemo\target\classes\com\hc\domain\Emp.class], file [D:\SpringMybatisWebDemo\target\classes\com\hc\service\DeptService.class], file [D:\SpringMybatisWebDemo\target\classes\com\hc\service\impl\DeptServiceImpl.class]]
2016-12-15 10:39:54 org.springframework.context.annotation.ClassPathScanningCandidateComponentProvider.findCandidateComponents(ClassPathScanningCandidateComponentProvider.java:286)  Identified candidate component class: file [D:\SpringMybatisWebDemo\target\classes\com\hc\action\DeptController.class]
2016-12-15 10:39:54 org.springframework.context.annotation.ClassPathScanningCandidateComponentProvider.findCandidateComponents(ClassPathScanningCandidateComponentProvider.java:286)  Identified candidate component class: file [D:\SpringMybatisWebDemo\target\classes\com\hc\service\impl\DeptServiceImpl.class]
2016-12-15 10:39:54 org.springframework.beans.factory.xml.BeanDefinitionParserDelegate.parseBeanDefinitionElement(BeanDefinitionParserDelegate.java:481)  Neither XML 'id' nor 'name' specified - using generated bean name [org.mybatis.spring.mapper.MapperScannerConfigurer#0]
2016-12-15 10:39:54 org.springframework.beans.factory.support.AbstractBeanDefinitionReader.loadBeanDefinitions(AbstractBeanDefinitionReader.java:224)  Loaded 17 bean definitions from location pattern [applicationContext.xml]
2016-12-15 10:39:54 org.springframework.context.support.AbstractApplicationContext.obtainFreshBeanFactory(AbstractApplicationContext.java:616)  Bean factory for org.springframework.context.support.ClassPathXmlApplicationContext@45c8e616: org.springframework.beans.factory.support.DefaultListableBeanFactory@25359ed8: defining beans [deptController,deptServiceImpl,org.springframework.context.annotation.internalConfigurationAnnotationProcessor,org.springframework.context.annotation.internalAutowiredAnnotationProcessor,org.springframework.context.annotation.internalRequiredAnnotationProcessor,org.springframework.context.annotation.internalCommonAnnotationProcessor,org.springframework.context.event.internalEventListenerProcessor,org.springframework.context.event.internalEventListenerFactory,dataSource123,sqlSessionFactory,org.mybatis.spring.mapper.MapperScannerConfigurer#0,txManager,org.springframework.transaction.config.internalTransactionalEventListenerFactory,org.springframework.aop.config.internalAutoProxyCreator,org.springframework.transaction.annotation.AnnotationTransactionAttributeSource#0,org.springframework.transaction.interceptor.TransactionInterceptor#0,org.springframework.transaction.config.internalTransactionAdvisor]; root of factory hierarchy
2016-12-15 10:39:54 org.springframework.beans.factory.support.DefaultSingletonBeanRegistry.getSingleton(DefaultSingletonBeanRegistry.java:221)  Creating shared instance of singleton bean 'org.springframework.context.annotation.internalConfigurationAnnotationProcessor'
2016-12-15 10:39:54 org.springframework.beans.factory.support.AbstractAutowireCapableBeanFactory.createBean(AbstractAutowireCapableBeanFactory.java:448)  Creating instance of bean 'org.springframework.context.annotation.internalConfigurationAnnotationProcessor'
2016-12-15 10:39:54 org.springframework.beans.factory.support.AbstractAutowireCapableBeanFactory.doCreateBean(AbstractAutowireCapableBeanFactory.java:537)  Eagerly caching bean 'org.springframework.context.annotation.internalConfigurationAnnotationProcessor' to allow for resolving potential circular references
2016-12-15 10:39:54 org.springframework.beans.factory.support.AbstractAutowireCapableBeanFactory.createBean(AbstractAutowireCapableBeanFactory.java:484)  Finished creating instance of bean 'org.springframework.context.annotation.internalConfigurationAnnotationProcessor'
2016-12-15 10:39:54 org.springframework.beans.factory.support.DefaultSingletonBeanRegistry.getSingleton(DefaultSingletonBeanRegistry.java:221)  Creating shared instance of singleton bean 'org.mybatis.spring.mapper.MapperScannerConfigurer#0'
2016-12-15 10:39:54 org.springframework.beans.factory.support.AbstractAutowireCapableBeanFactory.createBean(AbstractAutowireCapableBeanFactory.java:448)  Creating instance of bean 'org.mybatis.spring.mapper.MapperScannerConfigurer#0'
2016-12-15 10:39:54 org.springframework.beans.factory.support.AbstractAutowireCapableBeanFactory.doCreateBean(AbstractAutowireCapableBeanFactory.java:537)  Eagerly caching bean 'org.mybatis.spring.mapper.MapperScannerConfigurer#0' to allow for resolving potential circular references
2016-12-15 10:39:54 org.springframework.beans.factory.support.AbstractAutowireCapableBeanFactory.invokeInitMethods(AbstractAutowireCapableBeanFactory.java:1625)  Invoking afterPropertiesSet() on bean with name 'org.mybatis.spring.mapper.MapperScannerConfigurer#0'
2016-12-15 10:39:54 org.springframework.beans.factory.support.AbstractAutowireCapableBeanFactory.createBean(AbstractAutowireCapableBeanFactory.java:484)  Finished creating instance of bean 'org.mybatis.spring.mapper.MapperScannerConfigurer#0'
2016-12-15 10:39:54 org.springframework.core.env.MutablePropertySources.addLast(MutablePropertySources.java:109)  Adding [systemProperties] PropertySource with lowest search precedence
2016-12-15 10:39:54 org.springframework.core.env.MutablePropertySources.addLast(MutablePropertySources.java:109)  Adding [systemEnvironment] PropertySource with lowest search precedence
2016-12-15 10:39:54 org.springframework.core.env.AbstractEnvironment.<init>(AbstractEnvironment.java:124)  Initialized StandardEnvironment with PropertySources [systemProperties,systemEnvironment]
2016-12-15 10:39:54 org.springframework.core.io.support.PathMatchingResourcePatternResolver.findAllClassPathResources(PathMatchingResourcePatternResolver.java:317)  Resolved classpath location [com/hc/dao/] to resources [URL [file:/D:/SpringMybatisWebDemo/target/classes/com/hc/dao/]]
2016-12-15 10:39:54 org.springframework.core.io.support.PathMatchingResourcePatternResolver.doFindMatchingFileSystemResources(PathMatchingResourcePatternResolver.java:711)  Looking for matching resources in directory tree [D:\SpringMybatisWebDemo\target\classes\com\hc\dao]
2016-12-15 10:39:54 org.springframework.core.io.support.PathMatchingResourcePatternResolver.doRetrieveMatchingFiles(PathMatchingResourcePatternResolver.java:773)  Searching directory [D:\SpringMybatisWebDemo\target\classes\com\hc\dao] for files matching pattern [D:/SpringMybatisWebDemo/target/classes/com/hc/dao/**/*.class]
2016-12-15 10:39:54 org.springframework.core.io.support.PathMatchingResourcePatternResolver.findPathMatchingResources(PathMatchingResourcePatternResolver.java:483)  Resolved location pattern [classpath*:com/hc/dao/**/*.class] to resources [file [D:\SpringMybatisWebDemo\target\classes\com\hc\dao\Dept2Dao.class], file [D:\SpringMybatisWebDemo\target\classes\com\hc\dao\DeptDao.class], file [D:\SpringMybatisWebDemo\target\classes\com\hc\dao\EmpDao.class]]
2016-12-15 10:39:54 org.springframework.context.annotation.ClassPathScanningCandidateComponentProvider.findCandidateComponents(ClassPathScanningCandidateComponentProvider.java:286)  Identified candidate component class: file [D:\SpringMybatisWebDemo\target\classes\com\hc\dao\Dept2Dao.class]
2016-12-15 10:39:54 org.springframework.context.annotation.ClassPathScanningCandidateComponentProvider.findCandidateComponents(ClassPathScanningCandidateComponentProvider.java:286)  Identified candidate component class: file [D:\SpringMybatisWebDemo\target\classes\com\hc\dao\DeptDao.class]
2016-12-15 10:39:54 org.springframework.context.annotation.ClassPathScanningCandidateComponentProvider.findCandidateComponents(ClassPathScanningCandidateComponentProvider.java:286)  Identified candidate component class: file [D:\SpringMybatisWebDemo\target\classes\com\hc\dao\EmpDao.class]
2016-12-15 10:39:54 org.mybatis.spring.mapper.ClassPathMapperScanner.processBeanDefinitions(ClassPathMapperScanner.java:181)  Creating MapperFactoryBean with name 'dept2Dao' and 'com.hc.dao.Dept2Dao' mapperInterface
2016-12-15 10:39:54 org.mybatis.spring.mapper.ClassPathMapperScanner.processBeanDefinitions(ClassPathMapperScanner.java:181)  Creating MapperFactoryBean with name 'deptDao' and 'com.hc.dao.DeptDao' mapperInterface
2016-12-15 10:39:54 org.mybatis.spring.mapper.ClassPathMapperScanner.processBeanDefinitions(ClassPathMapperScanner.java:181)  Creating MapperFactoryBean with name 'empDao' and 'com.hc.dao.EmpDao' mapperInterface
2016-12-15 10:39:54 org.springframework.beans.factory.support.DefaultSingletonBeanRegistry.getSingleton(DefaultSingletonBeanRegistry.java:221)  Creating shared instance of singleton bean 'org.springframework.context.annotation.internalAutowiredAnnotationProcessor'
2016-12-15 10:39:54 org.springframework.beans.factory.support.AbstractAutowireCapableBeanFactory.createBean(AbstractAutowireCapableBeanFactory.java:448)  Creating instance of bean 'org.springframework.context.annotation.internalAutowiredAnnotationProcessor'
2016-12-15 10:39:54 org.springframework.beans.factory.support.AbstractAutowireCapableBeanFactory.doCreateBean(AbstractAutowireCapableBeanFactory.java:537)  Eagerly caching bean 'org.springframework.context.annotation.internalAutowiredAnnotationProcessor' to allow for resolving potential circular references
2016-12-15 10:39:54 org.springframework.beans.factory.support.AbstractAutowireCapableBeanFactory.createBean(AbstractAutowireCapableBeanFactory.java:484)  Finished creating instance of bean 'org.springframework.context.annotation.internalAutowiredAnnotationProcessor'
2016-12-15 10:39:54 org.springframework.beans.factory.support.DefaultSingletonBeanRegistry.getSingleton(DefaultSingletonBeanRegistry.java:221)  Creating shared instance of singleton bean 'org.springframework.context.annotation.internalRequiredAnnotationProcessor'
2016-12-15 10:39:54 org.springframework.beans.factory.support.AbstractAutowireCapableBeanFactory.createBean(AbstractAutowireCapableBeanFactory.java:448)  Creating instance of bean 'org.springframework.context.annotation.internalRequiredAnnotationProcessor'
2016-12-15 10:39:54 org.springframework.beans.factory.support.AbstractAutowireCapableBeanFactory.doCreateBean(AbstractAutowireCapableBeanFactory.java:537)  Eagerly caching bean 'org.springframework.context.annotation.internalRequiredAnnotationProcessor' to allow for resolving potential circular references
2016-12-15 10:39:54 org.springframework.beans.factory.support.AbstractAutowireCapableBeanFactory.createBean(AbstractAutowireCapableBeanFactory.java:484)  Finished creating instance of bean 'org.springframework.context.annotation.internalRequiredAnnotationProcessor'
2016-12-15 10:39:54 org.springframework.beans.factory.support.DefaultSingletonBeanRegistry.getSingleton(DefaultSingletonBeanRegistry.java:221)  Creating shared instance of singleton bean 'org.springframework.context.annotation.internalCommonAnnotationProcessor'
2016-12-15 10:39:54 org.springframework.beans.factory.support.AbstractAutowireCapableBeanFactory.createBean(AbstractAutowireCapableBeanFactory.java:448)  Creating instance of bean 'org.springframework.context.annotation.internalCommonAnnotationProcessor'
2016-12-15 10:39:54 org.springframework.beans.factory.support.AbstractAutowireCapableBeanFactory.doCreateBean(AbstractAutowireCapableBeanFactory.java:537)  Eagerly caching bean 'org.springframework.context.annotation.internalCommonAnnotationProcessor' to allow for resolving potential circular references
2016-12-15 10:39:54 org.springframework.beans.factory.support.AbstractAutowireCapableBeanFactory.createBean(AbstractAutowireCapableBeanFactory.java:484)  Finished creating instance of bean 'org.springframework.context.annotation.internalCommonAnnotationProcessor'
2016-12-15 10:39:54 org.springframework.beans.factory.support.DefaultSingletonBeanRegistry.getSingleton(DefaultSingletonBeanRegistry.java:221)  Creating shared instance of singleton bean 'org.springframework.context.annotation.ConfigurationClassPostProcessor.importAwareProcessor'
2016-12-15 10:39:54 org.springframework.beans.factory.support.AbstractAutowireCapableBeanFactory.createBean(AbstractAutowireCapableBeanFactory.java:448)  Creating instance of bean 'org.springframework.context.annotation.ConfigurationClassPostProcessor.importAwareProcessor'
2016-12-15 10:39:54 org.springframework.beans.factory.support.AbstractAutowireCapableBeanFactory.doCreateBean(AbstractAutowireCapableBeanFactory.java:537)  Eagerly caching bean 'org.springframework.context.annotation.ConfigurationClassPostProcessor.importAwareProcessor' to allow for resolving potential circular references
2016-12-15 10:39:54 org.springframework.beans.factory.support.AbstractAutowireCapableBeanFactory.createBean(AbstractAutowireCapableBeanFactory.java:484)  Finished creating instance of bean 'org.springframework.context.annotation.ConfigurationClassPostProcessor.importAwareProcessor'
2016-12-15 10:39:54 org.springframework.beans.factory.support.DefaultSingletonBeanRegistry.getSingleton(DefaultSingletonBeanRegistry.java:221)  Creating shared instance of singleton bean 'org.springframework.context.annotation.ConfigurationClassPostProcessor.enhancedConfigurationProcessor'
2016-12-15 10:39:54 org.springframework.beans.factory.support.AbstractAutowireCapableBeanFactory.createBean(AbstractAutowireCapableBeanFactory.java:448)  Creating instance of bean 'org.springframework.context.annotation.ConfigurationClassPostProcessor.enhancedConfigurationProcessor'
2016-12-15 10:39:54 org.springframework.beans.factory.support.AbstractAutowireCapableBeanFactory.doCreateBean(AbstractAutowireCapableBeanFactory.java:537)  Eagerly caching bean 'org.springframework.context.annotation.ConfigurationClassPostProcessor.enhancedConfigurationProcessor' to allow for resolving potential circular references
2016-12-15 10:39:54 org.springframework.beans.factory.support.AbstractAutowireCapableBeanFactory.createBean(AbstractAutowireCapableBeanFactory.java:484)  Finished creating instance of bean 'org.springframework.context.annotation.ConfigurationClassPostProcessor.enhancedConfigurationProcessor'
2016-12-15 10:39:54 org.springframework.beans.factory.support.DefaultSingletonBeanRegistry.getSingleton(DefaultSingletonBeanRegistry.java:221)  Creating shared instance of singleton bean 'org.springframework.aop.config.internalAutoProxyCreator'
2016-12-15 10:39:54 org.springframework.beans.factory.support.AbstractAutowireCapableBeanFactory.createBean(AbstractAutowireCapableBeanFactory.java:448)  Creating instance of bean 'org.springframework.aop.config.internalAutoProxyCreator'
2016-12-15 10:39:54 org.springframework.beans.factory.support.AbstractAutowireCapableBeanFactory.doCreateBean(AbstractAutowireCapableBeanFactory.java:537)  Eagerly caching bean 'org.springframework.aop.config.internalAutoProxyCreator' to allow for resolving potential circular references
2016-12-15 10:39:54 org.springframework.beans.factory.support.AbstractAutowireCapableBeanFactory.createBean(AbstractAutowireCapableBeanFactory.java:484)  Finished creating instance of bean 'org.springframework.aop.config.internalAutoProxyCreator'
2016-12-15 10:39:54 org.springframework.context.support.AbstractApplicationContext.initMessageSource(AbstractApplicationContext.java:733)  Unable to locate MessageSource with name 'messageSource': using default [org.springframework.context.support.DelegatingMessageSource@7193666c]
2016-12-15 10:39:54 org.springframework.context.support.AbstractApplicationContext.initApplicationEventMulticaster(AbstractApplicationContext.java:757)  Unable to locate ApplicationEventMulticaster with name 'applicationEventMulticaster': using default [org.springframework.context.event.SimpleApplicationEventMulticaster@55b7a4e0]
2016-12-15 10:39:54 org.springframework.beans.factory.support.DefaultListableBeanFactory.preInstantiateSingletons(DefaultListableBeanFactory.java:723)  Pre-instantiating singletons in org.springframework.beans.factory.support.DefaultListableBeanFactory@25359ed8: defining beans [deptController,deptServiceImpl,org.springframework.context.annotation.internalConfigurationAnnotationProcessor,org.springframework.context.annotation.internalAutowiredAnnotationProcessor,org.springframework.context.annotation.internalRequiredAnnotationProcessor,org.springframework.context.annotation.internalCommonAnnotationProcessor,org.springframework.context.event.internalEventListenerProcessor,org.springframework.context.event.internalEventListenerFactory,dataSource123,sqlSessionFactory,org.mybatis.spring.mapper.MapperScannerConfigurer#0,txManager,org.springframework.transaction.config.internalTransactionalEventListenerFactory,org.springframework.aop.config.internalAutoProxyCreator,org.springframework.transaction.annotation.AnnotationTransactionAttributeSource#0,org.springframework.transaction.interceptor.TransactionInterceptor#0,org.springframework.transaction.config.internalTransactionAdvisor,org.springframework.context.annotation.ConfigurationClassPostProcessor.importAwareProcessor,org.springframework.context.annotation.ConfigurationClassPostProcessor.enhancedConfigurationProcessor,dept2Dao,deptDao,empDao]; root of factory hierarchy
2016-12-15 10:39:54 org.springframework.beans.factory.support.DefaultSingletonBeanRegistry.getSingleton(DefaultSingletonBeanRegistry.java:221)  Creating shared instance of singleton bean 'deptController'
2016-12-15 10:39:54 org.springframework.beans.factory.support.AbstractAutowireCapableBeanFactory.createBean(AbstractAutowireCapableBeanFactory.java:448)  Creating instance of bean 'deptController'
2016-12-15 10:39:54 org.springframework.beans.factory.annotation.InjectionMetadata.checkConfigMembers(InjectionMetadata.java:72)  Registered injected element on class [com.hc.action.DeptController]: AutowiredFieldElement for private com.hc.service.DeptService com.hc.action.DeptController.deptService
2016-12-15 10:39:54 org.springframework.beans.factory.support.AbstractAutowireCapableBeanFactory.doCreateBean(AbstractAutowireCapableBeanFactory.java:537)  Eagerly caching bean 'deptController' to allow for resolving potential circular references
2016-12-15 10:39:54 org.springframework.beans.factory.annotation.InjectionMetadata.inject(InjectionMetadata.java:86)  Processing injected element of bean 'deptController': AutowiredFieldElement for private com.hc.service.DeptService com.hc.action.DeptController.deptService
2016-12-15 10:39:54 org.springframework.beans.factory.support.DefaultSingletonBeanRegistry.getSingleton(DefaultSingletonBeanRegistry.java:221)  Creating shared instance of singleton bean 'deptServiceImpl'
2016-12-15 10:39:54 org.springframework.beans.factory.support.AbstractAutowireCapableBeanFactory.createBean(AbstractAutowireCapableBeanFactory.java:448)  Creating instance of bean 'deptServiceImpl'
2016-12-15 10:39:54 org.springframework.beans.factory.annotation.InjectionMetadata.checkConfigMembers(InjectionMetadata.java:72)  Registered injected element on class [com.hc.service.impl.DeptServiceImpl]: AutowiredFieldElement for private com.hc.dao.DeptDao com.hc.service.impl.DeptServiceImpl.deptDao
2016-12-15 10:39:54 org.springframework.beans.factory.support.AbstractAutowireCapableBeanFactory.doCreateBean(AbstractAutowireCapableBeanFactory.java:537)  Eagerly caching bean 'deptServiceImpl' to allow for resolving potential circular references
2016-12-15 10:39:54 org.springframework.beans.factory.annotation.InjectionMetadata.inject(InjectionMetadata.java:86)  Processing injected element of bean 'deptServiceImpl': AutowiredFieldElement for private com.hc.dao.DeptDao com.hc.service.impl.DeptServiceImpl.deptDao
2016-12-15 10:39:54 org.springframework.beans.factory.support.DefaultSingletonBeanRegistry.getSingleton(DefaultSingletonBeanRegistry.java:221)  Creating shared instance of singleton bean 'deptDao'
2016-12-15 10:39:54 org.springframework.beans.factory.support.AbstractAutowireCapableBeanFactory.createBean(AbstractAutowireCapableBeanFactory.java:448)  Creating instance of bean 'deptDao'
2016-12-15 10:39:54 org.springframework.beans.factory.support.AbstractAutowireCapableBeanFactory.doCreateBean(AbstractAutowireCapableBeanFactory.java:537)  Eagerly caching bean 'deptDao' to allow for resolving potential circular references
2016-12-15 10:39:54 org.springframework.beans.factory.support.DefaultSingletonBeanRegistry.getSingleton(DefaultSingletonBeanRegistry.java:221)  Creating shared instance of singleton bean 'sqlSessionFactory'
2016-12-15 10:39:54 org.springframework.beans.factory.support.AbstractAutowireCapableBeanFactory.createBean(AbstractAutowireCapableBeanFactory.java:448)  Creating instance of bean 'sqlSessionFactory'
2016-12-15 10:39:54 org.springframework.beans.factory.support.AbstractAutowireCapableBeanFactory.doCreateBean(AbstractAutowireCapableBeanFactory.java:537)  Eagerly caching bean 'sqlSessionFactory' to allow for resolving potential circular references
2016-12-15 10:39:54 org.springframework.beans.factory.support.DefaultSingletonBeanRegistry.getSingleton(DefaultSingletonBeanRegistry.java:221)  Creating shared instance of singleton bean 'dataSource123'
2016-12-15 10:39:54 org.springframework.beans.factory.support.AbstractAutowireCapableBeanFactory.createBean(AbstractAutowireCapableBeanFactory.java:448)  Creating instance of bean 'dataSource123'
2016-12-15 10:39:54 org.springframework.beans.factory.support.AbstractAutowireCapableBeanFactory.doCreateBean(AbstractAutowireCapableBeanFactory.java:537)  Eagerly caching bean 'dataSource123' to allow for resolving potential circular references
2016-12-15 10:39:54 org.springframework.beans.factory.support.DefaultSingletonBeanRegistry.getSingleton(DefaultSingletonBeanRegistry.java:221)  Creating shared instance of singleton bean 'org.springframework.transaction.config.internalTransactionAdvisor'
2016-12-15 10:39:54 org.springframework.beans.factory.support.AbstractAutowireCapableBeanFactory.createBean(AbstractAutowireCapableBeanFactory.java:448)  Creating instance of bean 'org.springframework.transaction.config.internalTransactionAdvisor'
2016-12-15 10:39:54 org.springframework.beans.factory.support.AbstractAutowireCapableBeanFactory.doCreateBean(AbstractAutowireCapableBeanFactory.java:537)  Eagerly caching bean 'org.springframework.transaction.config.internalTransactionAdvisor' to allow for resolving potential circular references
2016-12-15 10:39:54 org.springframework.beans.factory.support.DefaultSingletonBeanRegistry.getSingleton(DefaultSingletonBeanRegistry.java:221)  Creating shared instance of singleton bean 'org.springframework.transaction.annotation.AnnotationTransactionAttributeSource#0'
2016-12-15 10:39:54 org.springframework.beans.factory.support.AbstractAutowireCapableBeanFactory.createBean(AbstractAutowireCapableBeanFactory.java:448)  Creating instance of bean 'org.springframework.transaction.annotation.AnnotationTransactionAttributeSource#0'
2016-12-15 10:39:54 org.springframework.beans.factory.support.AbstractAutowireCapableBeanFactory.doCreateBean(AbstractAutowireCapableBeanFactory.java:537)  Eagerly caching bean 'org.springframework.transaction.annotation.AnnotationTransactionAttributeSource#0' to allow for resolving potential circular references
2016-12-15 10:39:54 org.springframework.aop.framework.autoproxy.BeanFactoryAdvisorRetrievalHelper.findAdvisorBeans(BeanFactoryAdvisorRetrievalHelper.java:87)  Skipping currently created advisor 'org.springframework.transaction.config.internalTransactionAdvisor'
2016-12-15 10:39:54 org.springframework.beans.factory.support.AbstractAutowireCapableBeanFactory.createBean(AbstractAutowireCapableBeanFactory.java:484)  Finished creating instance of bean 'org.springframework.transaction.annotation.AnnotationTransactionAttributeSource#0'
2016-12-15 10:39:54 org.springframework.beans.factory.support.AbstractAutowireCapableBeanFactory.createBean(AbstractAutowireCapableBeanFactory.java:484)  Finished creating instance of bean 'org.springframework.transaction.config.internalTransactionAdvisor'
2016-12-15 10:39:54 org.springframework.beans.factory.support.AbstractAutowireCapableBeanFactory.createBean(AbstractAutowireCapableBeanFactory.java:484)  Finished creating instance of bean 'dataSource123'
2016-12-15 10:39:54 org.springframework.beans.factory.support.AbstractAutowireCapableBeanFactory.invokeInitMethods(AbstractAutowireCapableBeanFactory.java:1625)  Invoking afterPropertiesSet() on bean with name 'sqlSessionFactory'
2016-12-15 10:39:54 org.apache.ibatis.logging.commons.JakartaCommonsLoggingImpl.debug(JakartaCommonsLoggingImpl.java:54)  Parsed configuration file: 'class path resource [mybatisMapper.xml]'
2016-12-15 10:39:54 org.apache.ibatis.logging.commons.JakartaCommonsLoggingImpl.debug(JakartaCommonsLoggingImpl.java:54)  Property 'mapperLocations' was not specified or no matching resources found
2016-12-15 10:39:54 org.springframework.beans.factory.support.AbstractBeanFactory.doGetBean(AbstractBeanFactory.java:251)  Returning cached instance of singleton bean 'org.springframework.transaction.config.internalTransactionAdvisor'
2016-12-15 10:39:54 org.springframework.beans.factory.support.AbstractAutowireCapableBeanFactory.createBean(AbstractAutowireCapableBeanFactory.java:484)  Finished creating instance of bean 'sqlSessionFactory'
2016-12-15 10:39:54 org.springframework.beans.factory.support.AbstractBeanFactory.doGetBean(AbstractBeanFactory.java:251)  Returning cached instance of singleton bean 'org.springframework.transaction.config.internalTransactionAdvisor'
2016-12-15 10:39:54 org.springframework.beans.factory.support.AbstractAutowireCapableBeanFactory.invokeInitMethods(AbstractAutowireCapableBeanFactory.java:1625)  Invoking afterPropertiesSet() on bean with name 'deptDao'
2016-12-15 10:39:54 org.springframework.beans.factory.support.AbstractBeanFactory.doGetBean(AbstractBeanFactory.java:251)  Returning cached instance of singleton bean 'org.springframework.transaction.config.internalTransactionAdvisor'
2016-12-15 10:39:54 org.springframework.beans.factory.support.AbstractAutowireCapableBeanFactory.createBean(AbstractAutowireCapableBeanFactory.java:484)  Finished creating instance of bean 'deptDao'
2016-12-15 10:39:54 org.springframework.beans.factory.support.AbstractBeanFactory.doGetBean(AbstractBeanFactory.java:251)  Returning cached instance of singleton bean 'org.springframework.transaction.config.internalTransactionAdvisor'
2016-12-15 10:39:54 org.springframework.beans.factory.annotation.AutowiredAnnotationBeanPostProcessor.registerDependentBeans(AutowiredAnnotationBeanPostProcessor.java:539)  Autowiring by type from bean name 'deptServiceImpl' to bean named 'deptDao'
2016-12-15 10:39:54 org.springframework.beans.factory.support.AbstractBeanFactory.doGetBean(AbstractBeanFactory.java:251)  Returning cached instance of singleton bean 'org.springframework.transaction.config.internalTransactionAdvisor'
2016-12-15 10:39:54 org.springframework.beans.factory.support.AbstractAutowireCapableBeanFactory.createBean(AbstractAutowireCapableBeanFactory.java:484)  Finished creating instance of bean 'deptServiceImpl'
2016-12-15 10:39:54 org.springframework.beans.factory.annotation.AutowiredAnnotationBeanPostProcessor.registerDependentBeans(AutowiredAnnotationBeanPostProcessor.java:539)  Autowiring by type from bean name 'deptController' to bean named 'deptServiceImpl'
2016-12-15 10:39:54 org.springframework.beans.factory.support.AbstractBeanFactory.doGetBean(AbstractBeanFactory.java:251)  Returning cached instance of singleton bean 'org.springframework.transaction.config.internalTransactionAdvisor'
2016-12-15 10:39:54 org.springframework.beans.factory.support.AbstractAutowireCapableBeanFactory.createBean(AbstractAutowireCapableBeanFactory.java:484)  Finished creating instance of bean 'deptController'
2016-12-15 10:39:54 org.springframework.beans.factory.support.AbstractBeanFactory.doGetBean(AbstractBeanFactory.java:251)  Returning cached instance of singleton bean 'deptServiceImpl'
2016-12-15 10:39:54 org.springframework.beans.factory.support.AbstractBeanFactory.doGetBean(AbstractBeanFactory.java:251)  Returning cached instance of singleton bean 'org.springframework.context.annotation.internalConfigurationAnnotationProcessor'
2016-12-15 10:39:54 org.springframework.beans.factory.support.AbstractBeanFactory.doGetBean(AbstractBeanFactory.java:251)  Returning cached instance of singleton bean 'org.springframework.context.annotation.internalAutowiredAnnotationProcessor'
2016-12-15 10:39:54 org.springframework.beans.factory.support.AbstractBeanFactory.doGetBean(AbstractBeanFactory.java:251)  Returning cached instance of singleton bean 'org.springframework.context.annotation.internalRequiredAnnotationProcessor'
2016-12-15 10:39:54 org.springframework.beans.factory.support.AbstractBeanFactory.doGetBean(AbstractBeanFactory.java:251)  Returning cached instance of singleton bean 'org.springframework.context.annotation.internalCommonAnnotationProcessor'
2016-12-15 10:39:54 org.springframework.beans.factory.support.DefaultSingletonBeanRegistry.getSingleton(DefaultSingletonBeanRegistry.java:221)  Creating shared instance of singleton bean 'org.springframework.context.event.internalEventListenerProcessor'
2016-12-15 10:39:54 org.springframework.beans.factory.support.AbstractAutowireCapableBeanFactory.createBean(AbstractAutowireCapableBeanFactory.java:448)  Creating instance of bean 'org.springframework.context.event.internalEventListenerProcessor'
2016-12-15 10:39:54 org.springframework.beans.factory.support.AbstractAutowireCapableBeanFactory.doCreateBean(AbstractAutowireCapableBeanFactory.java:537)  Eagerly caching bean 'org.springframework.context.event.internalEventListenerProcessor' to allow for resolving potential circular references
2016-12-15 10:39:54 org.springframework.beans.factory.support.AbstractBeanFactory.doGetBean(AbstractBeanFactory.java:251)  Returning cached instance of singleton bean 'org.springframework.transaction.config.internalTransactionAdvisor'
2016-12-15 10:39:54 org.springframework.beans.factory.support.AbstractAutowireCapableBeanFactory.createBean(AbstractAutowireCapableBeanFactory.java:484)  Finished creating instance of bean 'org.springframework.context.event.internalEventListenerProcessor'
2016-12-15 10:39:54 org.springframework.beans.factory.support.DefaultSingletonBeanRegistry.getSingleton(DefaultSingletonBeanRegistry.java:221)  Creating shared instance of singleton bean 'org.springframework.context.event.internalEventListenerFactory'
2016-12-15 10:39:54 org.springframework.beans.factory.support.AbstractAutowireCapableBeanFactory.createBean(AbstractAutowireCapableBeanFactory.java:448)  Creating instance of bean 'org.springframework.context.event.internalEventListenerFactory'
2016-12-15 10:39:55 org.springframework.beans.factory.support.AbstractAutowireCapableBeanFactory.doCreateBean(AbstractAutowireCapableBeanFactory.java:537)  Eagerly caching bean 'org.springframework.context.event.internalEventListenerFactory' to allow for resolving potential circular references
2016-12-15 10:39:55 org.springframework.beans.factory.support.AbstractBeanFactory.doGetBean(AbstractBeanFactory.java:251)  Returning cached instance of singleton bean 'org.springframework.transaction.config.internalTransactionAdvisor'
2016-12-15 10:39:55 org.springframework.beans.factory.support.AbstractAutowireCapableBeanFactory.createBean(AbstractAutowireCapableBeanFactory.java:484)  Finished creating instance of bean 'org.springframework.context.event.internalEventListenerFactory'
2016-12-15 10:39:55 org.springframework.beans.factory.support.AbstractBeanFactory.doGetBean(AbstractBeanFactory.java:251)  Returning cached instance of singleton bean 'dataSource123'
2016-12-15 10:39:55 org.springframework.beans.factory.support.AbstractBeanFactory.doGetBean(AbstractBeanFactory.java:251)  Returning cached instance of singleton bean 'sqlSessionFactory'
2016-12-15 10:39:55 org.springframework.beans.factory.support.AbstractBeanFactory.doGetBean(AbstractBeanFactory.java:251)  Returning cached instance of singleton bean 'org.mybatis.spring.mapper.MapperScannerConfigurer#0'
2016-12-15 10:39:55 org.springframework.beans.factory.support.DefaultSingletonBeanRegistry.getSingleton(DefaultSingletonBeanRegistry.java:221)  Creating shared instance of singleton bean 'txManager'
2016-12-15 10:39:55 org.springframework.beans.factory.support.AbstractAutowireCapableBeanFactory.createBean(AbstractAutowireCapableBeanFactory.java:448)  Creating instance of bean 'txManager'
2016-12-15 10:39:55 org.springframework.beans.factory.support.AbstractAutowireCapableBeanFactory.doCreateBean(AbstractAutowireCapableBeanFactory.java:537)  Eagerly caching bean 'txManager' to allow for resolving potential circular references
2016-12-15 10:39:55 org.springframework.beans.factory.support.AbstractBeanFactory.doGetBean(AbstractBeanFactory.java:251)  Returning cached instance of singleton bean 'dataSource123'
2016-12-15 10:39:55 org.springframework.beans.factory.support.AbstractAutowireCapableBeanFactory.invokeInitMethods(AbstractAutowireCapableBeanFactory.java:1625)  Invoking afterPropertiesSet() on bean with name 'txManager'
2016-12-15 10:39:55 org.springframework.beans.factory.support.AbstractBeanFactory.doGetBean(AbstractBeanFactory.java:251)  Returning cached instance of singleton bean 'org.springframework.transaction.config.internalTransactionAdvisor'
2016-12-15 10:39:55 org.springframework.beans.factory.support.AbstractAutowireCapableBeanFactory.createBean(AbstractAutowireCapableBeanFactory.java:484)  Finished creating instance of bean 'txManager'
2016-12-15 10:39:55 org.springframework.beans.factory.support.DefaultSingletonBeanRegistry.getSingleton(DefaultSingletonBeanRegistry.java:221)  Creating shared instance of singleton bean 'org.springframework.transaction.config.internalTransactionalEventListenerFactory'
2016-12-15 10:39:55 org.springframework.beans.factory.support.AbstractAutowireCapableBeanFactory.createBean(AbstractAutowireCapableBeanFactory.java:448)  Creating instance of bean 'org.springframework.transaction.config.internalTransactionalEventListenerFactory'
2016-12-15 10:39:55 org.springframework.beans.factory.support.AbstractAutowireCapableBeanFactory.doCreateBean(AbstractAutowireCapableBeanFactory.java:537)  Eagerly caching bean 'org.springframework.transaction.config.internalTransactionalEventListenerFactory' to allow for resolving potential circular references
2016-12-15 10:39:55 org.springframework.beans.factory.support.AbstractBeanFactory.doGetBean(AbstractBeanFactory.java:251)  Returning cached instance of singleton bean 'org.springframework.transaction.config.internalTransactionAdvisor'
2016-12-15 10:39:55 org.springframework.beans.factory.support.AbstractAutowireCapableBeanFactory.createBean(AbstractAutowireCapableBeanFactory.java:484)  Finished creating instance of bean 'org.springframework.transaction.config.internalTransactionalEventListenerFactory'
2016-12-15 10:39:55 org.springframework.beans.factory.support.AbstractBeanFactory.doGetBean(AbstractBeanFactory.java:251)  Returning cached instance of singleton bean 'org.springframework.aop.config.internalAutoProxyCreator'
2016-12-15 10:39:55 org.springframework.beans.factory.support.AbstractBeanFactory.doGetBean(AbstractBeanFactory.java:251)  Returning cached instance of singleton bean 'org.springframework.transaction.annotation.AnnotationTransactionAttributeSource#0'
2016-12-15 10:39:55 org.springframework.beans.factory.support.DefaultSingletonBeanRegistry.getSingleton(DefaultSingletonBeanRegistry.java:221)  Creating shared instance of singleton bean 'org.springframework.transaction.interceptor.TransactionInterceptor#0'
2016-12-15 10:39:55 org.springframework.beans.factory.support.AbstractAutowireCapableBeanFactory.createBean(AbstractAutowireCapableBeanFactory.java:448)  Creating instance of bean 'org.springframework.transaction.interceptor.TransactionInterceptor#0'
2016-12-15 10:39:55 org.springframework.beans.factory.support.AbstractAutowireCapableBeanFactory.doCreateBean(AbstractAutowireCapableBeanFactory.java:537)  Eagerly caching bean 'org.springframework.transaction.interceptor.TransactionInterceptor#0' to allow for resolving potential circular references
2016-12-15 10:39:55 org.springframework.beans.factory.support.AbstractBeanFactory.doGetBean(AbstractBeanFactory.java:251)  Returning cached instance of singleton bean 'org.springframework.transaction.annotation.AnnotationTransactionAttributeSource#0'
2016-12-15 10:39:55 org.springframework.beans.factory.support.AbstractAutowireCapableBeanFactory.invokeInitMethods(AbstractAutowireCapableBeanFactory.java:1625)  Invoking afterPropertiesSet() on bean with name 'org.springframework.transaction.interceptor.TransactionInterceptor#0'
2016-12-15 10:39:55 org.springframework.beans.factory.support.AbstractAutowireCapableBeanFactory.createBean(AbstractAutowireCapableBeanFactory.java:484)  Finished creating instance of bean 'org.springframework.transaction.interceptor.TransactionInterceptor#0'
2016-12-15 10:39:55 org.springframework.beans.factory.support.AbstractBeanFactory.doGetBean(AbstractBeanFactory.java:251)  Returning cached instance of singleton bean 'org.springframework.transaction.config.internalTransactionAdvisor'
2016-12-15 10:39:55 org.springframework.beans.factory.support.AbstractBeanFactory.doGetBean(AbstractBeanFactory.java:251)  Returning cached instance of singleton bean 'org.springframework.context.annotation.ConfigurationClassPostProcessor.importAwareProcessor'
2016-12-15 10:39:55 org.springframework.beans.factory.support.AbstractBeanFactory.doGetBean(AbstractBeanFactory.java:251)  Returning cached instance of singleton bean 'org.springframework.context.annotation.ConfigurationClassPostProcessor.enhancedConfigurationProcessor'
2016-12-15 10:39:55 org.springframework.beans.factory.support.DefaultSingletonBeanRegistry.getSingleton(DefaultSingletonBeanRegistry.java:221)  Creating shared instance of singleton bean 'dept2Dao'
2016-12-15 10:39:55 org.springframework.beans.factory.support.AbstractAutowireCapableBeanFactory.createBean(AbstractAutowireCapableBeanFactory.java:448)  Creating instance of bean 'dept2Dao'
2016-12-15 10:39:55 org.springframework.beans.factory.support.AbstractAutowireCapableBeanFactory.doCreateBean(AbstractAutowireCapableBeanFactory.java:537)  Eagerly caching bean 'dept2Dao' to allow for resolving potential circular references
2016-12-15 10:39:55 org.springframework.beans.factory.support.AbstractBeanFactory.doGetBean(AbstractBeanFactory.java:251)  Returning cached instance of singleton bean 'sqlSessionFactory'
2016-12-15 10:39:55 org.springframework.beans.factory.support.AbstractAutowireCapableBeanFactory.invokeInitMethods(AbstractAutowireCapableBeanFactory.java:1625)  Invoking afterPropertiesSet() on bean with name 'dept2Dao'
2016-12-15 10:39:55 org.springframework.beans.factory.support.AbstractBeanFactory.doGetBean(AbstractBeanFactory.java:251)  Returning cached instance of singleton bean 'org.springframework.transaction.config.internalTransactionAdvisor'
2016-12-15 10:39:55 org.springframework.beans.factory.support.AbstractAutowireCapableBeanFactory.createBean(AbstractAutowireCapableBeanFactory.java:484)  Finished creating instance of bean 'dept2Dao'
2016-12-15 10:39:55 org.springframework.beans.factory.support.AbstractBeanFactory.doGetBean(AbstractBeanFactory.java:251)  Returning cached instance of singleton bean 'deptDao'
2016-12-15 10:39:55 org.springframework.beans.factory.support.DefaultSingletonBeanRegistry.getSingleton(DefaultSingletonBeanRegistry.java:221)  Creating shared instance of singleton bean 'empDao'
2016-12-15 10:39:55 org.springframework.beans.factory.support.AbstractAutowireCapableBeanFactory.createBean(AbstractAutowireCapableBeanFactory.java:448)  Creating instance of bean 'empDao'
2016-12-15 10:39:55 org.springframework.beans.factory.support.AbstractAutowireCapableBeanFactory.doCreateBean(AbstractAutowireCapableBeanFactory.java:537)  Eagerly caching bean 'empDao' to allow for resolving potential circular references
2016-12-15 10:39:55 org.springframework.beans.factory.support.AbstractBeanFactory.doGetBean(AbstractBeanFactory.java:251)  Returning cached instance of singleton bean 'sqlSessionFactory'
2016-12-15 10:39:55 org.springframework.beans.factory.support.AbstractAutowireCapableBeanFactory.invokeInitMethods(AbstractAutowireCapableBeanFactory.java:1625)  Invoking afterPropertiesSet() on bean with name 'empDao'
2016-12-15 10:39:55 org.springframework.beans.factory.support.AbstractBeanFactory.doGetBean(AbstractBeanFactory.java:251)  Returning cached instance of singleton bean 'org.springframework.transaction.config.internalTransactionAdvisor'
2016-12-15 10:39:55 org.springframework.beans.factory.support.AbstractAutowireCapableBeanFactory.createBean(AbstractAutowireCapableBeanFactory.java:484)  Finished creating instance of bean 'empDao'
2016-12-15 10:39:55 org.springframework.beans.factory.support.AbstractBeanFactory.doGetBean(AbstractBeanFactory.java:251)  Returning cached instance of singleton bean 'org.springframework.context.event.internalEventListenerFactory'
2016-12-15 10:39:55 org.springframework.beans.factory.support.AbstractBeanFactory.doGetBean(AbstractBeanFactory.java:251)  Returning cached instance of singleton bean 'org.springframework.transaction.config.internalTransactionalEventListenerFactory'
2016-12-15 10:39:55 org.springframework.context.support.AbstractApplicationContext.initLifecycleProcessor(AbstractApplicationContext.java:784)  Unable to locate LifecycleProcessor with name 'lifecycleProcessor': using default [org.springframework.context.support.DefaultLifecycleProcessor@2892d68]
2016-12-15 10:39:55 org.springframework.beans.factory.support.AbstractBeanFactory.doGetBean(AbstractBeanFactory.java:251)  Returning cached instance of singleton bean 'lifecycleProcessor'
2016-12-15 10:39:55 org.springframework.beans.factory.support.AbstractBeanFactory.doGetBean(AbstractBeanFactory.java:251)  Returning cached instance of singleton bean 'sqlSessionFactory'
2016-12-15 10:39:55 org.springframework.core.env.PropertySourcesPropertyResolver.getProperty(PropertySourcesPropertyResolver.java:91)  Could not find key 'spring.liveBeansView.mbeanDomain' in any property source
2016-12-15 10:39:55 org.springframework.beans.factory.support.AbstractBeanFactory.doGetBean(AbstractBeanFactory.java:251)  Returning cached instance of singleton bean 'sqlSessionFactory'
2016-12-15 10:40:55 org.springframework.core.env.MutablePropertySources.addLast(MutablePropertySources.java:109)  Adding [systemProperties] PropertySource with lowest search precedence
2016-12-15 10:40:55 org.springframework.core.env.MutablePropertySources.addLast(MutablePropertySources.java:109)  Adding [systemEnvironment] PropertySource with lowest search precedence
2016-12-15 10:40:55 org.springframework.core.env.AbstractEnvironment.<init>(AbstractEnvironment.java:124)  Initialized StandardEnvironment with PropertySources [systemProperties,systemEnvironment]
2016-12-15 10:40:55 org.springframework.context.support.AbstractApplicationContext.prepareRefresh(AbstractApplicationContext.java:582)  Refreshing org.springframework.context.support.ClassPathXmlApplicationContext@45c8e616: startup date [Thu Dec 15 10:40:55 CST 2016]; root of context hierarchy
2016-12-15 10:40:55 org.springframework.core.env.MutablePropertySources.addLast(MutablePropertySources.java:109)  Adding [systemProperties] PropertySource with lowest search precedence
2016-12-15 10:40:55 org.springframework.core.env.MutablePropertySources.addLast(MutablePropertySources.java:109)  Adding [systemEnvironment] PropertySource with lowest search precedence
2016-12-15 10:40:55 org.springframework.core.env.AbstractEnvironment.<init>(AbstractEnvironment.java:124)  Initialized StandardEnvironment with PropertySources [systemProperties,systemEnvironment]
2016-12-15 10:40:55 org.springframework.beans.factory.xml.XmlBeanDefinitionReader.loadBeanDefinitions(XmlBeanDefinitionReader.java:317)  Loading XML bean definitions from class path resource [applicationContext.xml]
2016-12-15 10:40:55 org.springframework.beans.factory.xml.DefaultDocumentLoader.loadDocument(DefaultDocumentLoader.java:73)  Using JAXP provider [com.sun.org.apache.xerces.internal.jaxp.DocumentBuilderFactoryImpl]
2016-12-15 10:40:55 org.springframework.beans.factory.xml.PluggableSchemaResolver.getSchemaMappings(PluggableSchemaResolver.java:141)  Loading schema mappings from [META-INF/spring.schemas]
2016-12-15 10:40:55 org.springframework.beans.factory.xml.PluggableSchemaResolver.getSchemaMappings(PluggableSchemaResolver.java:147)  Loaded schema mappings: {http://www.springframework.org/schema/tx/spring-tx-4.3.xsd=org/springframework/transaction/config/spring-tx-4.3.xsd, http://www.springframework.org/schema/tx/spring-tx-2.5.xsd=org/springframework/transaction/config/spring-tx-2.5.xsd, http://www.springframework.org/schema/cache/spring-cache-4.2.xsd=org/springframework/cache/config/spring-cache-4.2.xsd, http://www.springframework.org/schema/aop/spring-aop-4.1.xsd=org/springframework/aop/config/spring-aop-4.1.xsd, http://www.springframework.org/schema/context/spring-context-3.1.xsd=org/springframework/context/config/spring-context-3.1.xsd, http://www.springframework.org/schema/jdbc/spring-jdbc-4.1.xsd=org/springframework/jdbc/config/spring-jdbc-4.1.xsd, http://www.springframework.org/schema/mvc/spring-mvc-4.1.xsd=org/springframework/web/servlet/config/spring-mvc-4.1.xsd, http://www.springframework.org/schema/util/spring-util-3.0.xsd=org/springframework/beans/factory/xml/spring-util-3.0.xsd, http://mybatis.org/schema/mybatis-spring-1.2.xsd=org/mybatis/spring/config/mybatis-spring-1.2.xsd, http://www.springframework.org/schema/tool/spring-tool.xsd=org/springframework/beans/factory/xml/spring-tool-4.3.xsd, http://www.springframework.org/schema/aop/spring-aop-3.2.xsd=org/springframework/aop/config/spring-aop-3.2.xsd, http://www.springframework.org/schema/lang/spring-lang-4.1.xsd=org/springframework/scripting/config/spring-lang-4.1.xsd, http://www.springframework.org/schema/context/spring-context-4.0.xsd=org/springframework/context/config/spring-context-4.0.xsd, http://www.springframework.org/schema/mvc/spring-mvc-3.2.xsd=org/springframework/web/servlet/config/spring-mvc-3.2.xsd, http://www.springframework.org/schema/beans/spring-beans-4.2.xsd=org/springframework/beans/factory/xml/spring-beans-4.2.xsd, http://www.springframework.org/schema/tool/spring-tool-4.1.xsd=org/springframework/beans/factory/xml/spring-tool-4.1.xsd, http://www.springframework.org/schema/lang/spring-lang-3.2.xsd=org/springframework/scripting/config/spring-lang-3.2.xsd, http://www.springframework.org/schema/cache/spring-cache-3.2.xsd=org/springframework/cache/config/spring-cache-3.2.xsd, http://www.springframework.org/schema/jee/spring-jee-4.1.xsd=org/springframework/ejb/config/spring-jee-4.1.xsd, http://www.springframework.org/schema/jdbc/spring-jdbc-3.1.xsd=org/springframework/jdbc/config/spring-jdbc-3.1.xsd, http://www.springframework.org/schema/util/spring-util-2.0.xsd=org/springframework/beans/factory/xml/spring-util-2.0.xsd, http://www.springframework.org/schema/task/spring-task-4.2.xsd=org/springframework/scheduling/config/spring-task-4.2.xsd, http://www.springframework.org/schema/tool/spring-tool-3.2.xsd=org/springframework/beans/factory/xml/spring-tool-3.2.xsd, http://www.springframework.org/schema/context/spring-context.xsd=org/springframework/context/config/spring-context-4.3.xsd, http://www.springframework.org/schema/tx/spring-tx-4.2.xsd=org/springframework/transaction/config/spring-tx-4.2.xsd, http://www.springframework.org/schema/cache/spring-cache-4.1.xsd=org/springframework/cache/config/spring-cache-4.1.xsd, http://www.springframework.org/schema/aop/spring-aop-4.0.xsd=org/springframework/aop/config/spring-aop-4.0.xsd, http://www.springframework.org/schema/jee/spring-jee-3.2.xsd=org/springframework/ejb/config/spring-jee-3.2.xsd, http://www.springframework.org/schema/context/spring-context-3.0.xsd=org/springframework/context/config/spring-context-3.0.xsd, http://www.springframework.org/schema/jdbc/spring-jdbc-4.0.xsd=org/springframework/jdbc/config/spring-jdbc-4.0.xsd, http://www.springframework.org/schema/mvc/spring-mvc-4.0.xsd=org/springframework/web/servlet/config/spring-mvc-4.0.xsd, http://www.springframework.org/schema/util/spring-util-4.3.xsd=org/springframework/beans/factory/xml/spring-util-4.3.xsd, http://www.springframework.org/schema/util/spring-util-2.5.xsd=org/springframework/beans/factory/xml/spring-util-2.5.xsd, http://www.springframework.org/schema/beans/spring-beans-3.2.xsd=org/springframework/beans/factory/xml/spring-beans-3.2.xsd, http://www.springframework.org/schema/aop/spring-aop-3.1.xsd=org/springframework/aop/config/spring-aop-3.1.xsd, http://www.springframework.org/schema/lang/spring-lang-4.0.xsd=org/springframework/scripting/config/spring-lang-4.0.xsd, http://www.springframework.org/schema/mvc/spring-mvc.xsd=org/springframework/web/servlet/config/spring-mvc-4.3.xsd, http://www.springframework.org/schema/mvc/spring-mvc-3.1.xsd=org/springframework/web/servlet/config/spring-mvc-3.1.xsd, http://www.springframework.org/schema/beans/spring-beans-4.1.xsd=org/springframework/beans/factory/xml/spring-beans-4.1.xsd, http://www.springframework.org/schema/tool/spring-tool-4.0.xsd=org/springframework/beans/factory/xml/spring-tool-4.0.xsd, http://www.springframework.org/schema/tx/spring-tx-3.2.xsd=org/springframework/transaction/config/spring-tx-3.2.xsd, http://www.springframework.org/schema/lang/spring-lang-3.1.xsd=org/springframework/scripting/config/spring-lang-3.1.xsd, http://www.springframework.org/schema/cache/spring-cache-3.1.xsd=org/springframework/cache/config/spring-cache-3.1.xsd, http://www.springframework.org/schema/jee/spring-jee-4.0.xsd=org/springframework/ejb/config/spring-jee-4.0.xsd, http://www.springframework.org/schema/jdbc/spring-jdbc-3.0.xsd=org/springframework/jdbc/config/spring-jdbc-3.0.xsd, http://www.springframework.org/schema/task/spring-task-4.1.xsd=org/springframework/scheduling/config/spring-task-4.1.xsd, http://www.springframework.org/schema/jdbc/spring-jdbc.xsd=org/springframework/jdbc/config/spring-jdbc-4.3.xsd, http://www.springframework.org/schema/tool/spring-tool-3.1.xsd=org/springframework/beans/factory/xml/spring-tool-3.1.xsd, http://www.springframework.org/schema/tx/spring-tx-4.1.xsd=org/springframework/transaction/config/spring-tx-4.1.xsd, http://www.springframework.org/schema/cache/spring-cache-4.0.xsd=org/springframework/cache/config/spring-cache-4.0.xsd, http://www.springframework.org/schema/jee/spring-jee-3.1.xsd=org/springframework/ejb/config/spring-jee-3.1.xsd, http://www.springframework.org/schema/util/spring-util-4.2.xsd=org/springframework/beans/factory/xml/spring-util-4.2.xsd, http://www.springframework.org/schema/task/spring-task-3.2.xsd=org/springframework/scheduling/config/spring-task-3.2.xsd, http://www.springframework.org/schema/beans/spring-beans-3.1.xsd=org/springframework/beans/factory/xml/spring-beans-3.1.xsd, http://www.springframework.org/schema/util/spring-util.xsd=org/springframework/beans/factory/xml/spring-util-4.3.xsd, http://www.springframework.org/schema/aop/spring-aop-3.0.xsd=org/springframework/aop/config/spring-aop-3.0.xsd, http://www.springframework.org/schema/mvc/spring-mvc-3.0.xsd=org/springframework/web/servlet/config/spring-mvc-3.0.xsd, http://www.springframework.org/schema/beans/spring-beans-4.0.xsd=org/springframework/beans/factory/xml/spring-beans-4.0.xsd, http://www.springframework.org/schema/beans/spring-beans.xsd=org/springframework/beans/factory/xml/spring-beans-4.3.xsd, http://mybatis.org/schema/mybatis-spring.xsd=org/mybatis/spring/config/mybatis-spring-1.2.xsd, http://www.springframework.org/schema/tx/spring-tx-3.1.xsd=org/springframework/transaction/config/spring-tx-3.1.xsd, http://www.springframework.org/schema/lang/spring-lang-3.0.xsd=org/springframework/scripting/config/spring-lang-3.0.xsd, http://www.springframework.org/schema/context/spring-context-2.5.xsd=org/springframework/context/config/spring-context-2.5.xsd, http://www.springframework.org/schema/context/spring-context-4.3.xsd=org/springframework/context/config/spring-context-4.3.xsd, http://www.springframework.org/schema/task/spring-task-4.0.xsd=org/springframework/scheduling/config/spring-task-4.0.xsd, http://www.springframework.org/schema/tool/spring-tool-3.0.xsd=org/springframework/beans/factory/xml/spring-tool-3.0.xsd, http://www.springframework.org/schema/tx/spring-tx-4.0.xsd=org/springframework/transaction/config/spring-tx-4.0.xsd, http://www.springframework.org/schema/aop/spring-aop-2.0.xsd=org/springframework/aop/config/spring-aop-2.0.xsd, http://www.springframework.org/schema/jee/spring-jee-3.0.xsd=org/springframework/ejb/config/spring-jee-3.0.xsd, http://www.springframework.org/schema/util/spring-util-4.1.xsd=org/springframework/beans/factory/xml/spring-util-4.1.xsd, http://www.springframework.org/schema/task/spring-task-3.1.xsd=org/springframework/scheduling/config/spring-task-3.1.xsd, http://www.springframework.org/schema/beans/spring-beans-3.0.xsd=org/springframework/beans/factory/xml/spring-beans-3.0.xsd, http://www.springframework.org/schema/jee/spring-jee.xsd=org/springframework/ejb/config/spring-jee-4.3.xsd, http://www.springframework.org/schema/aop/spring-aop-2.5.xsd=org/springframework/aop/config/spring-aop-2.5.xsd, http://www.springframework.org/schema/aop/spring-aop-4.3.xsd=org/springframework/aop/config/spring-aop-4.3.xsd, http://www.springframework.org/schema/lang/spring-lang-2.0.xsd=org/springframework/scripting/config/spring-lang-2.0.xsd, http://www.springframework.org/schema/jdbc/spring-jdbc-4.3.xsd=org/springframework/jdbc/config/spring-jdbc-4.3.xsd, http://www.springframework.org/schema/mvc/spring-mvc-4.3.xsd=org/springframework/web/servlet/config/spring-mvc-4.3.xsd, http://www.springframework.org/schema/util/spring-util-3.2.xsd=org/springframework/beans/factory/xml/spring-util-3.2.xsd, http://www.springframework.org/schema/task/spring-task.xsd=org/springframework/scheduling/config/spring-task-4.3.xsd, http://www.springframework.org/schema/tool/spring-tool-2.0.xsd=org/springframework/beans/factory/xml/spring-tool-2.0.xsd, http://www.springframework.org/schema/tx/spring-tx-3.0.xsd=org/springframework/transaction/config/spring-tx-3.0.xsd, http://www.springframework.org/schema/lang/spring-lang-2.5.xsd=org/springframework/scripting/config/spring-lang-2.5.xsd, http://www.springframework.org/schema/lang/spring-lang-4.3.xsd=org/springframework/scripting/config/spring-lang-4.3.xsd, http://www.springframework.org/schema/context/spring-context-4.2.xsd=org/springframework/context/config/spring-context-4.2.xsd, http://www.springframework.org/schema/jee/spring-jee-2.0.xsd=org/springframework/ejb/config/spring-jee-2.0.xsd, http://www.springframework.org/schema/tool/spring-tool-4.3.xsd=org/springframework/beans/factory/xml/spring-tool-4.3.xsd, http://www.springframework.org/schema/tool/spring-tool-2.5.xsd=org/springframework/beans/factory/xml/spring-tool-2.5.xsd, http://www.springframework.org/schema/jee/spring-jee-4.3.xsd=org/springframework/ejb/config/spring-jee-4.3.xsd, http://www.springframework.org/schema/jee/spring-jee-2.5.xsd=org/springframework/ejb/config/spring-jee-2.5.xsd, http://www.springframework.org/schema/util/spring-util-4.0.xsd=org/springframework/beans/factory/xml/spring-util-4.0.xsd, http://www.springframework.org/schema/task/spring-task-3.0.xsd=org/springframework/scheduling/config/spring-task-3.0.xsd, http://www.springframework.org/schema/cache/spring-cache-4.3.xsd=org/springframework/cache/config/spring-cache-4.3.xsd, http://www.springframework.org/schema/aop/spring-aop-4.2.xsd=org/springframework/aop/config/spring-aop-4.2.xsd, http://www.springframework.org/schema/lang/spring-lang.xsd=org/springframework/scripting/config/spring-lang-4.3.xsd, http://www.springframework.org/schema/context/spring-context-3.2.xsd=org/springframework/context/config/spring-context-3.2.xsd, http://www.springframework.org/schema/jdbc/spring-jdbc-4.2.xsd=org/springframework/jdbc/config/spring-jdbc-4.2.xsd, http://www.springframework.org/schema/mvc/spring-mvc-4.2.xsd=org/springframework/web/servlet/config/spring-mvc-4.2.xsd, http://www.springframework.org/schema/util/spring-util-3.1.xsd=org/springframework/beans/factory/xml/spring-util-3.1.xsd, http://www.springframework.org/schema/beans/spring-beans-2.0.xsd=org/springframework/beans/factory/xml/spring-beans-2.0.xsd, http://www.springframework.org/schema/cache/spring-cache.xsd=org/springframework/cache/config/spring-cache-4.3.xsd, http://www.springframework.org/schema/tx/spring-tx.xsd=org/springframework/transaction/config/spring-tx-4.3.xsd, http://www.springframework.org/schema/lang/spring-lang-4.2.xsd=org/springframework/scripting/config/spring-lang-4.2.xsd, http://www.springframework.org/schema/context/spring-context-4.1.xsd=org/springframework/context/config/spring-context-4.1.xsd, http://www.springframework.org/schema/beans/spring-beans-2.5.xsd=org/springframework/beans/factory/xml/spring-beans-2.5.xsd, http://www.springframework.org/schema/beans/spring-beans-4.3.xsd=org/springframework/beans/factory/xml/spring-beans-4.3.xsd, http://www.springframework.org/schema/tool/spring-tool-4.2.xsd=org/springframework/beans/factory/xml/spring-tool-4.2.xsd, http://www.springframework.org/schema/tx/spring-tx-2.0.xsd=org/springframework/transaction/config/spring-tx-2.0.xsd, http://www.alibaba.com/schema/stat.xsd=META-INF/stat.xsd, http://www.springframework.org/schema/jee/spring-jee-4.2.xsd=org/springframework/ejb/config/spring-jee-4.2.xsd, http://www.springframework.org/schema/jdbc/spring-jdbc-3.2.xsd=org/springframework/jdbc/config/spring-jdbc-3.2.xsd, http://www.springframework.org/schema/task/spring-task-4.3.xsd=org/springframework/scheduling/config/spring-task-4.3.xsd, http://www.springframework.org/schema/aop/spring-aop.xsd=org/springframework/aop/config/spring-aop-4.3.xsd}
2016-12-15 10:40:55 org.springframework.beans.factory.xml.PluggableSchemaResolver.resolveEntity(PluggableSchemaResolver.java:119)  Found XML schema [http://www.springframework.org/schema/beans/spring-beans.xsd] in classpath: org/springframework/beans/factory/xml/spring-beans-4.3.xsd
2016-12-15 10:40:55 org.springframework.beans.factory.xml.PluggableSchemaResolver.resolveEntity(PluggableSchemaResolver.java:119)  Found XML schema [http://www.springframework.org/schema/context/spring-context.xsd] in classpath: org/springframework/context/config/spring-context-4.3.xsd
2016-12-15 10:40:55 org.springframework.beans.factory.xml.PluggableSchemaResolver.resolveEntity(PluggableSchemaResolver.java:119)  Found XML schema [http://www.springframework.org/schema/tool/spring-tool-4.3.xsd] in classpath: org/springframework/beans/factory/xml/spring-tool-4.3.xsd
2016-12-15 10:40:55 org.springframework.beans.factory.xml.PluggableSchemaResolver.resolveEntity(PluggableSchemaResolver.java:119)  Found XML schema [http://www.springframework.org/schema/tx/spring-tx.xsd] in classpath: org/springframework/transaction/config/spring-tx-4.3.xsd
2016-12-15 10:40:55 org.springframework.beans.factory.xml.DefaultBeanDefinitionDocumentReader.registerBeanDefinitions(DefaultBeanDefinitionDocumentReader.java:92)  Loading bean definitions
2016-12-15 10:40:55 org.springframework.beans.factory.xml.DefaultNamespaceHandlerResolver.getHandlerMappings(DefaultNamespaceHandlerResolver.java:157)  Loaded NamespaceHandler mappings: {http://www.springframework.org/schema/p=org.springframework.beans.factory.xml.SimplePropertyNamespaceHandler, http://www.springframework.org/schema/mvc=org.springframework.web.servlet.config.MvcNamespaceHandler, http://www.springframework.org/schema/util=org.springframework.beans.factory.xml.UtilNamespaceHandler, http://www.alibaba.com/schema/stat=com.alibaba.druid.support.spring.stat.config.DruidStatNamespaceHandler, http://www.springframework.org/schema/jee=org.springframework.ejb.config.JeeNamespaceHandler, http://www.springframework.org/schema/aop=org.springframework.aop.config.AopNamespaceHandler, http://www.springframework.org/schema/jdbc=org.springframework.jdbc.config.JdbcNamespaceHandler, http://www.springframework.org/schema/cache=org.springframework.cache.config.CacheNamespaceHandler, http://mybatis.org/schema/mybatis-spring=org.mybatis.spring.config.NamespaceHandler, http://www.springframework.org/schema/c=org.springframework.beans.factory.xml.SimpleConstructorNamespaceHandler, http://www.springframework.org/schema/tx=org.springframework.transaction.config.TxNamespaceHandler, http://www.springframework.org/schema/task=org.springframework.scheduling.config.TaskNamespaceHandler, http://www.springframework.org/schema/lang=org.springframework.scripting.config.LangNamespaceHandler, http://www.springframework.org/schema/context=org.springframework.context.config.ContextNamespaceHandler}
2016-12-15 10:40:55 org.springframework.core.env.MutablePropertySources.addLast(MutablePropertySources.java:109)  Adding [systemProperties] PropertySource with lowest search precedence
2016-12-15 10:40:55 org.springframework.core.env.MutablePropertySources.addLast(MutablePropertySources.java:109)  Adding [systemEnvironment] PropertySource with lowest search precedence
2016-12-15 10:40:55 org.springframework.core.env.AbstractEnvironment.<init>(AbstractEnvironment.java:124)  Initialized StandardEnvironment with PropertySources [systemProperties,systemEnvironment]
2016-12-15 10:40:55 org.springframework.core.io.support.PathMatchingResourcePatternResolver.findAllClassPathResources(PathMatchingResourcePatternResolver.java:317)  Resolved classpath location [com/hc/] to resources [URL [file:/D:/SpringMybatisWebDemo/target/classes/com/hc/]]
2016-12-15 10:40:55 org.springframework.core.io.support.PathMatchingResourcePatternResolver.doFindMatchingFileSystemResources(PathMatchingResourcePatternResolver.java:711)  Looking for matching resources in directory tree [D:\SpringMybatisWebDemo\target\classes\com\hc]
2016-12-15 10:40:55 org.springframework.core.io.support.PathMatchingResourcePatternResolver.doRetrieveMatchingFiles(PathMatchingResourcePatternResolver.java:773)  Searching directory [D:\SpringMybatisWebDemo\target\classes\com\hc] for files matching pattern [D:/SpringMybatisWebDemo/target/classes/com/hc/**/*.class]
2016-12-15 10:40:55 org.springframework.core.io.support.PathMatchingResourcePatternResolver.doRetrieveMatchingFiles(PathMatchingResourcePatternResolver.java:773)  Searching directory [D:\SpringMybatisWebDemo\target\classes\com\hc\action] for files matching pattern [D:/SpringMybatisWebDemo/target/classes/com/hc/**/*.class]
2016-12-15 10:40:55 org.springframework.core.io.support.PathMatchingResourcePatternResolver.doRetrieveMatchingFiles(PathMatchingResourcePatternResolver.java:773)  Searching directory [D:\SpringMybatisWebDemo\target\classes\com\hc\dao] for files matching pattern [D:/SpringMybatisWebDemo/target/classes/com/hc/**/*.class]
2016-12-15 10:40:55 org.springframework.core.io.support.PathMatchingResourcePatternResolver.doRetrieveMatchingFiles(PathMatchingResourcePatternResolver.java:773)  Searching directory [D:\SpringMybatisWebDemo\target\classes\com\hc\domain] for files matching pattern [D:/SpringMybatisWebDemo/target/classes/com/hc/**/*.class]
2016-12-15 10:40:55 org.springframework.core.io.support.PathMatchingResourcePatternResolver.doRetrieveMatchingFiles(PathMatchingResourcePatternResolver.java:773)  Searching directory [D:\SpringMybatisWebDemo\target\classes\com\hc\mapping] for files matching pattern [D:/SpringMybatisWebDemo/target/classes/com/hc/**/*.class]
2016-12-15 10:40:55 org.springframework.core.io.support.PathMatchingResourcePatternResolver.doRetrieveMatchingFiles(PathMatchingResourcePatternResolver.java:773)  Searching directory [D:\SpringMybatisWebDemo\target\classes\com\hc\service] for files matching pattern [D:/SpringMybatisWebDemo/target/classes/com/hc/**/*.class]
2016-12-15 10:40:55 org.springframework.core.io.support.PathMatchingResourcePatternResolver.doRetrieveMatchingFiles(PathMatchingResourcePatternResolver.java:773)  Searching directory [D:\SpringMybatisWebDemo\target\classes\com\hc\service\impl] for files matching pattern [D:/SpringMybatisWebDemo/target/classes/com/hc/**/*.class]
2016-12-15 10:40:55 org.springframework.core.io.support.PathMatchingResourcePatternResolver.findPathMatchingResources(PathMatchingResourcePatternResolver.java:483)  Resolved location pattern [classpath*:com/hc/**/*.class] to resources [file [D:\SpringMybatisWebDemo\target\classes\com\hc\action\DeptController.class], file [D:\SpringMybatisWebDemo\target\classes\com\hc\action\DeptServlet.class], file [D:\SpringMybatisWebDemo\target\classes\com\hc\dao\Dept2Dao.class], file [D:\SpringMybatisWebDemo\target\classes\com\hc\dao\DeptDao.class], file [D:\SpringMybatisWebDemo\target\classes\com\hc\dao\EmpDao.class], file [D:\SpringMybatisWebDemo\target\classes\com\hc\DemoTest.class], file [D:\SpringMybatisWebDemo\target\classes\com\hc\domain\Dept.class], file [D:\SpringMybatisWebDemo\target\classes\com\hc\domain\Dept2.class], file [D:\SpringMybatisWebDemo\target\classes\com\hc\domain\Emp.class], file [D:\SpringMybatisWebDemo\target\classes\com\hc\service\DeptService.class], file [D:\SpringMybatisWebDemo\target\classes\com\hc\service\impl\DeptServiceImpl.class]]
2016-12-15 10:40:55 org.springframework.context.annotation.ClassPathScanningCandidateComponentProvider.findCandidateComponents(ClassPathScanningCandidateComponentProvider.java:286)  Identified candidate component class: file [D:\SpringMybatisWebDemo\target\classes\com\hc\action\DeptController.class]
2016-12-15 10:40:55 org.springframework.context.annotation.ClassPathScanningCandidateComponentProvider.findCandidateComponents(ClassPathScanningCandidateComponentProvider.java:286)  Identified candidate component class: file [D:\SpringMybatisWebDemo\target\classes\com\hc\service\impl\DeptServiceImpl.class]
2016-12-15 10:40:55 org.springframework.beans.factory.xml.BeanDefinitionParserDelegate.parseBeanDefinitionElement(BeanDefinitionParserDelegate.java:481)  Neither XML 'id' nor 'name' specified - using generated bean name [org.mybatis.spring.mapper.MapperScannerConfigurer#0]
2016-12-15 10:40:55 org.springframework.beans.factory.support.AbstractBeanDefinitionReader.loadBeanDefinitions(AbstractBeanDefinitionReader.java:224)  Loaded 17 bean definitions from location pattern [applicationContext.xml]
2016-12-15 10:40:55 org.springframework.context.support.AbstractApplicationContext.obtainFreshBeanFactory(AbstractApplicationContext.java:616)  Bean factory for org.springframework.context.support.ClassPathXmlApplicationContext@45c8e616: org.springframework.beans.factory.support.DefaultListableBeanFactory@25359ed8: defining beans [deptController,deptServiceImpl,org.springframework.context.annotation.internalConfigurationAnnotationProcessor,org.springframework.context.annotation.internalAutowiredAnnotationProcessor,org.springframework.context.annotation.internalRequiredAnnotationProcessor,org.springframework.context.annotation.internalCommonAnnotationProcessor,org.springframework.context.event.internalEventListenerProcessor,org.springframework.context.event.internalEventListenerFactory,dataSource123,sqlSessionFactory,org.mybatis.spring.mapper.MapperScannerConfigurer#0,txManager,org.springframework.transaction.config.internalTransactionalEventListenerFactory,org.springframework.aop.config.internalAutoProxyCreator,org.springframework.transaction.annotation.AnnotationTransactionAttributeSource#0,org.springframework.transaction.interceptor.TransactionInterceptor#0,org.springframework.transaction.config.internalTransactionAdvisor]; root of factory hierarchy
2016-12-15 10:40:55 org.springframework.beans.factory.support.DefaultSingletonBeanRegistry.getSingleton(DefaultSingletonBeanRegistry.java:221)  Creating shared instance of singleton bean 'org.springframework.context.annotation.internalConfigurationAnnotationProcessor'
2016-12-15 10:40:55 org.springframework.beans.factory.support.AbstractAutowireCapableBeanFactory.createBean(AbstractAutowireCapableBeanFactory.java:448)  Creating instance of bean 'org.springframework.context.annotation.internalConfigurationAnnotationProcessor'
2016-12-15 10:40:55 org.springframework.beans.factory.support.AbstractAutowireCapableBeanFactory.doCreateBean(AbstractAutowireCapableBeanFactory.java:537)  Eagerly caching bean 'org.springframework.context.annotation.internalConfigurationAnnotationProcessor' to allow for resolving potential circular references
2016-12-15 10:40:55 org.springframework.beans.factory.support.AbstractAutowireCapableBeanFactory.createBean(AbstractAutowireCapableBeanFactory.java:484)  Finished creating instance of bean 'org.springframework.context.annotation.internalConfigurationAnnotationProcessor'
2016-12-15 10:40:55 org.springframework.beans.factory.support.DefaultSingletonBeanRegistry.getSingleton(DefaultSingletonBeanRegistry.java:221)  Creating shared instance of singleton bean 'org.mybatis.spring.mapper.MapperScannerConfigurer#0'
2016-12-15 10:40:55 org.springframework.beans.factory.support.AbstractAutowireCapableBeanFactory.createBean(AbstractAutowireCapableBeanFactory.java:448)  Creating instance of bean 'org.mybatis.spring.mapper.MapperScannerConfigurer#0'
2016-12-15 10:40:55 org.springframework.beans.factory.support.AbstractAutowireCapableBeanFactory.doCreateBean(AbstractAutowireCapableBeanFactory.java:537)  Eagerly caching bean 'org.mybatis.spring.mapper.MapperScannerConfigurer#0' to allow for resolving potential circular references
2016-12-15 10:40:55 org.springframework.beans.factory.support.AbstractAutowireCapableBeanFactory.invokeInitMethods(AbstractAutowireCapableBeanFactory.java:1625)  Invoking afterPropertiesSet() on bean with name 'org.mybatis.spring.mapper.MapperScannerConfigurer#0'
2016-12-15 10:40:55 org.springframework.beans.factory.support.AbstractAutowireCapableBeanFactory.createBean(AbstractAutowireCapableBeanFactory.java:484)  Finished creating instance of bean 'org.mybatis.spring.mapper.MapperScannerConfigurer#0'
2016-12-15 10:40:55 org.springframework.core.env.MutablePropertySources.addLast(MutablePropertySources.java:109)  Adding [systemProperties] PropertySource with lowest search precedence
2016-12-15 10:40:55 org.springframework.core.env.MutablePropertySources.addLast(MutablePropertySources.java:109)  Adding [systemEnvironment] PropertySource with lowest search precedence
2016-12-15 10:40:55 org.springframework.core.env.AbstractEnvironment.<init>(AbstractEnvironment.java:124)  Initialized StandardEnvironment with PropertySources [systemProperties,systemEnvironment]
2016-12-15 10:40:55 org.springframework.core.io.support.PathMatchingResourcePatternResolver.findAllClassPathResources(PathMatchingResourcePatternResolver.java:317)  Resolved classpath location [com/hc/dao/] to resources [URL [file:/D:/SpringMybatisWebDemo/target/classes/com/hc/dao/]]
2016-12-15 10:40:55 org.springframework.core.io.support.PathMatchingResourcePatternResolver.doFindMatchingFileSystemResources(PathMatchingResourcePatternResolver.java:711)  Looking for matching resources in directory tree [D:\SpringMybatisWebDemo\target\classes\com\hc\dao]
2016-12-15 10:40:55 org.springframework.core.io.support.PathMatchingResourcePatternResolver.doRetrieveMatchingFiles(PathMatchingResourcePatternResolver.java:773)  Searching directory [D:\SpringMybatisWebDemo\target\classes\com\hc\dao] for files matching pattern [D:/SpringMybatisWebDemo/target/classes/com/hc/dao/**/*.class]
2016-12-15 10:40:55 org.springframework.core.io.support.PathMatchingResourcePatternResolver.findPathMatchingResources(PathMatchingResourcePatternResolver.java:483)  Resolved location pattern [classpath*:com/hc/dao/**/*.class] to resources [file [D:\SpringMybatisWebDemo\target\classes\com\hc\dao\Dept2Dao.class], file [D:\SpringMybatisWebDemo\target\classes\com\hc\dao\DeptDao.class], file [D:\SpringMybatisWebDemo\target\classes\com\hc\dao\EmpDao.class]]
2016-12-15 10:40:55 org.springframework.context.annotation.ClassPathScanningCandidateComponentProvider.findCandidateComponents(ClassPathScanningCandidateComponentProvider.java:286)  Identified candidate component class: file [D:\SpringMybatisWebDemo\target\classes\com\hc\dao\Dept2Dao.class]
2016-12-15 10:40:55 org.springframework.context.annotation.ClassPathScanningCandidateComponentProvider.findCandidateComponents(ClassPathScanningCandidateComponentProvider.java:286)  Identified candidate component class: file [D:\SpringMybatisWebDemo\target\classes\com\hc\dao\DeptDao.class]
2016-12-15 10:40:55 org.springframework.context.annotation.ClassPathScanningCandidateComponentProvider.findCandidateComponents(ClassPathScanningCandidateComponentProvider.java:286)  Identified candidate component class: file [D:\SpringMybatisWebDemo\target\classes\com\hc\dao\EmpDao.class]
2016-12-15 10:40:55 org.mybatis.spring.mapper.ClassPathMapperScanner.processBeanDefinitions(ClassPathMapperScanner.java:181)  Creating MapperFactoryBean with name 'dept2Dao' and 'com.hc.dao.Dept2Dao' mapperInterface
2016-12-15 10:40:55 org.mybatis.spring.mapper.ClassPathMapperScanner.processBeanDefinitions(ClassPathMapperScanner.java:181)  Creating MapperFactoryBean with name 'deptDao' and 'com.hc.dao.DeptDao' mapperInterface
2016-12-15 10:40:55 org.mybatis.spring.mapper.ClassPathMapperScanner.processBeanDefinitions(ClassPathMapperScanner.java:181)  Creating MapperFactoryBean with name 'empDao' and 'com.hc.dao.EmpDao' mapperInterface
2016-12-15 10:40:55 org.springframework.beans.factory.support.DefaultSingletonBeanRegistry.getSingleton(DefaultSingletonBeanRegistry.java:221)  Creating shared instance of singleton bean 'org.springframework.context.annotation.internalAutowiredAnnotationProcessor'
2016-12-15 10:40:55 org.springframework.beans.factory.support.AbstractAutowireCapableBeanFactory.createBean(AbstractAutowireCapableBeanFactory.java:448)  Creating instance of bean 'org.springframework.context.annotation.internalAutowiredAnnotationProcessor'
2016-12-15 10:40:55 org.springframework.beans.factory.support.AbstractAutowireCapableBeanFactory.doCreateBean(AbstractAutowireCapableBeanFactory.java:537)  Eagerly caching bean 'org.springframework.context.annotation.internalAutowiredAnnotationProcessor' to allow for resolving potential circular references
2016-12-15 10:40:55 org.springframework.beans.factory.support.AbstractAutowireCapableBeanFactory.createBean(AbstractAutowireCapableBeanFactory.java:484)  Finished creating instance of bean 'org.springframework.context.annotation.internalAutowiredAnnotationProcessor'
2016-12-15 10:40:55 org.springframework.beans.factory.support.DefaultSingletonBeanRegistry.getSingleton(DefaultSingletonBeanRegistry.java:221)  Creating shared instance of singleton bean 'org.springframework.context.annotation.internalRequiredAnnotationProcessor'
2016-12-15 10:40:55 org.springframework.beans.factory.support.AbstractAutowireCapableBeanFactory.createBean(AbstractAutowireCapableBeanFactory.java:448)  Creating instance of bean 'org.springframework.context.annotation.internalRequiredAnnotationProcessor'
2016-12-15 10:40:55 org.springframework.beans.factory.support.AbstractAutowireCapableBeanFactory.doCreateBean(AbstractAutowireCapableBeanFactory.java:537)  Eagerly caching bean 'org.springframework.context.annotation.internalRequiredAnnotationProcessor' to allow for resolving potential circular references
2016-12-15 10:40:55 org.springframework.beans.factory.support.AbstractAutowireCapableBeanFactory.createBean(AbstractAutowireCapableBeanFactory.java:484)  Finished creating instance of bean 'org.springframework.context.annotation.internalRequiredAnnotationProcessor'
2016-12-15 10:40:55 org.springframework.beans.factory.support.DefaultSingletonBeanRegistry.getSingleton(DefaultSingletonBeanRegistry.java:221)  Creating shared instance of singleton bean 'org.springframework.context.annotation.internalCommonAnnotationProcessor'
2016-12-15 10:40:55 org.springframework.beans.factory.support.AbstractAutowireCapableBeanFactory.createBean(AbstractAutowireCapableBeanFactory.java:448)  Creating instance of bean 'org.springframework.context.annotation.internalCommonAnnotationProcessor'
2016-12-15 10:40:55 org.springframework.beans.factory.support.AbstractAutowireCapableBeanFactory.doCreateBean(AbstractAutowireCapableBeanFactory.java:537)  Eagerly caching bean 'org.springframework.context.annotation.internalCommonAnnotationProcessor' to allow for resolving potential circular references
2016-12-15 10:40:55 org.springframework.beans.factory.support.AbstractAutowireCapableBeanFactory.createBean(AbstractAutowireCapableBeanFactory.java:484)  Finished creating instance of bean 'org.springframework.context.annotation.internalCommonAnnotationProcessor'
2016-12-15 10:40:55 org.springframework.beans.factory.support.DefaultSingletonBeanRegistry.getSingleton(DefaultSingletonBeanRegistry.java:221)  Creating shared instance of singleton bean 'org.springframework.context.annotation.ConfigurationClassPostProcessor.importAwareProcessor'
2016-12-15 10:40:55 org.springframework.beans.factory.support.AbstractAutowireCapableBeanFactory.createBean(AbstractAutowireCapableBeanFactory.java:448)  Creating instance of bean 'org.springframework.context.annotation.ConfigurationClassPostProcessor.importAwareProcessor'
2016-12-15 10:40:55 org.springframework.beans.factory.support.AbstractAutowireCapableBeanFactory.doCreateBean(AbstractAutowireCapableBeanFactory.java:537)  Eagerly caching bean 'org.springframework.context.annotation.ConfigurationClassPostProcessor.importAwareProcessor' to allow for resolving potential circular references
2016-12-15 10:40:55 org.springframework.beans.factory.support.AbstractAutowireCapableBeanFactory.createBean(AbstractAutowireCapableBeanFactory.java:484)  Finished creating instance of bean 'org.springframework.context.annotation.ConfigurationClassPostProcessor.importAwareProcessor'
2016-12-15 10:40:55 org.springframework.beans.factory.support.DefaultSingletonBeanRegistry.getSingleton(DefaultSingletonBeanRegistry.java:221)  Creating shared instance of singleton bean 'org.springframework.context.annotation.ConfigurationClassPostProcessor.enhancedConfigurationProcessor'
2016-12-15 10:40:55 org.springframework.beans.factory.support.AbstractAutowireCapableBeanFactory.createBean(AbstractAutowireCapableBeanFactory.java:448)  Creating instance of bean 'org.springframework.context.annotation.ConfigurationClassPostProcessor.enhancedConfigurationProcessor'
2016-12-15 10:40:55 org.springframework.beans.factory.support.AbstractAutowireCapableBeanFactory.doCreateBean(AbstractAutowireCapableBeanFactory.java:537)  Eagerly caching bean 'org.springframework.context.annotation.ConfigurationClassPostProcessor.enhancedConfigurationProcessor' to allow for resolving potential circular references
2016-12-15 10:40:55 org.springframework.beans.factory.support.AbstractAutowireCapableBeanFactory.createBean(AbstractAutowireCapableBeanFactory.java:484)  Finished creating instance of bean 'org.springframework.context.annotation.ConfigurationClassPostProcessor.enhancedConfigurationProcessor'
2016-12-15 10:40:55 org.springframework.beans.factory.support.DefaultSingletonBeanRegistry.getSingleton(DefaultSingletonBeanRegistry.java:221)  Creating shared instance of singleton bean 'org.springframework.aop.config.internalAutoProxyCreator'
2016-12-15 10:40:55 org.springframework.beans.factory.support.AbstractAutowireCapableBeanFactory.createBean(AbstractAutowireCapableBeanFactory.java:448)  Creating instance of bean 'org.springframework.aop.config.internalAutoProxyCreator'
2016-12-15 10:40:55 org.springframework.beans.factory.support.AbstractAutowireCapableBeanFactory.doCreateBean(AbstractAutowireCapableBeanFactory.java:537)  Eagerly caching bean 'org.springframework.aop.config.internalAutoProxyCreator' to allow for resolving potential circular references
2016-12-15 10:40:55 org.springframework.beans.factory.support.AbstractAutowireCapableBeanFactory.createBean(AbstractAutowireCapableBeanFactory.java:484)  Finished creating instance of bean 'org.springframework.aop.config.internalAutoProxyCreator'
2016-12-15 10:40:55 org.springframework.context.support.AbstractApplicationContext.initMessageSource(AbstractApplicationContext.java:733)  Unable to locate MessageSource with name 'messageSource': using default [org.springframework.context.support.DelegatingMessageSource@7193666c]
2016-12-15 10:40:55 org.springframework.context.support.AbstractApplicationContext.initApplicationEventMulticaster(AbstractApplicationContext.java:757)  Unable to locate ApplicationEventMulticaster with name 'applicationEventMulticaster': using default [org.springframework.context.event.SimpleApplicationEventMulticaster@55b7a4e0]
2016-12-15 10:40:55 org.springframework.beans.factory.support.DefaultListableBeanFactory.preInstantiateSingletons(DefaultListableBeanFactory.java:723)  Pre-instantiating singletons in org.springframework.beans.factory.support.DefaultListableBeanFactory@25359ed8: defining beans [deptController,deptServiceImpl,org.springframework.context.annotation.internalConfigurationAnnotationProcessor,org.springframework.context.annotation.internalAutowiredAnnotationProcessor,org.springframework.context.annotation.internalRequiredAnnotationProcessor,org.springframework.context.annotation.internalCommonAnnotationProcessor,org.springframework.context.event.internalEventListenerProcessor,org.springframework.context.event.internalEventListenerFactory,dataSource123,sqlSessionFactory,org.mybatis.spring.mapper.MapperScannerConfigurer#0,txManager,org.springframework.transaction.config.internalTransactionalEventListenerFactory,org.springframework.aop.config.internalAutoProxyCreator,org.springframework.transaction.annotation.AnnotationTransactionAttributeSource#0,org.springframework.transaction.interceptor.TransactionInterceptor#0,org.springframework.transaction.config.internalTransactionAdvisor,org.springframework.context.annotation.ConfigurationClassPostProcessor.importAwareProcessor,org.springframework.context.annotation.ConfigurationClassPostProcessor.enhancedConfigurationProcessor,dept2Dao,deptDao,empDao]; root of factory hierarchy
2016-12-15 10:40:55 org.springframework.beans.factory.support.DefaultSingletonBeanRegistry.getSingleton(DefaultSingletonBeanRegistry.java:221)  Creating shared instance of singleton bean 'deptController'
2016-12-15 10:40:55 org.springframework.beans.factory.support.AbstractAutowireCapableBeanFactory.createBean(AbstractAutowireCapableBeanFactory.java:448)  Creating instance of bean 'deptController'
2016-12-15 10:40:55 org.springframework.beans.factory.annotation.InjectionMetadata.checkConfigMembers(InjectionMetadata.java:72)  Registered injected element on class [com.hc.action.DeptController]: AutowiredFieldElement for private com.hc.service.DeptService com.hc.action.DeptController.deptService
2016-12-15 10:40:55 org.springframework.beans.factory.support.AbstractAutowireCapableBeanFactory.doCreateBean(AbstractAutowireCapableBeanFactory.java:537)  Eagerly caching bean 'deptController' to allow for resolving potential circular references
2016-12-15 10:40:55 org.springframework.beans.factory.annotation.InjectionMetadata.inject(InjectionMetadata.java:86)  Processing injected element of bean 'deptController': AutowiredFieldElement for private com.hc.service.DeptService com.hc.action.DeptController.deptService
2016-12-15 10:40:55 org.springframework.beans.factory.support.DefaultSingletonBeanRegistry.getSingleton(DefaultSingletonBeanRegistry.java:221)  Creating shared instance of singleton bean 'deptServiceImpl'
2016-12-15 10:40:55 org.springframework.beans.factory.support.AbstractAutowireCapableBeanFactory.createBean(AbstractAutowireCapableBeanFactory.java:448)  Creating instance of bean 'deptServiceImpl'
2016-12-15 10:40:55 org.springframework.beans.factory.annotation.InjectionMetadata.checkConfigMembers(InjectionMetadata.java:72)  Registered injected element on class [com.hc.service.impl.DeptServiceImpl]: AutowiredFieldElement for private com.hc.dao.DeptDao com.hc.service.impl.DeptServiceImpl.deptDao
2016-12-15 10:40:55 org.springframework.beans.factory.support.AbstractAutowireCapableBeanFactory.doCreateBean(AbstractAutowireCapableBeanFactory.java:537)  Eagerly caching bean 'deptServiceImpl' to allow for resolving potential circular references
2016-12-15 10:40:55 org.springframework.beans.factory.annotation.InjectionMetadata.inject(InjectionMetadata.java:86)  Processing injected element of bean 'deptServiceImpl': AutowiredFieldElement for private com.hc.dao.DeptDao com.hc.service.impl.DeptServiceImpl.deptDao
2016-12-15 10:40:55 org.springframework.beans.factory.support.DefaultSingletonBeanRegistry.getSingleton(DefaultSingletonBeanRegistry.java:221)  Creating shared instance of singleton bean 'deptDao'
2016-12-15 10:40:55 org.springframework.beans.factory.support.AbstractAutowireCapableBeanFactory.createBean(AbstractAutowireCapableBeanFactory.java:448)  Creating instance of bean 'deptDao'
2016-12-15 10:40:55 org.springframework.beans.factory.support.AbstractAutowireCapableBeanFactory.doCreateBean(AbstractAutowireCapableBeanFactory.java:537)  Eagerly caching bean 'deptDao' to allow for resolving potential circular references
2016-12-15 10:40:55 org.springframework.beans.factory.support.DefaultSingletonBeanRegistry.getSingleton(DefaultSingletonBeanRegistry.java:221)  Creating shared instance of singleton bean 'sqlSessionFactory'
2016-12-15 10:40:55 org.springframework.beans.factory.support.AbstractAutowireCapableBeanFactory.createBean(AbstractAutowireCapableBeanFactory.java:448)  Creating instance of bean 'sqlSessionFactory'
2016-12-15 10:40:55 org.springframework.beans.factory.support.AbstractAutowireCapableBeanFactory.doCreateBean(AbstractAutowireCapableBeanFactory.java:537)  Eagerly caching bean 'sqlSessionFactory' to allow for resolving potential circular references
2016-12-15 10:40:55 org.springframework.beans.factory.support.DefaultSingletonBeanRegistry.getSingleton(DefaultSingletonBeanRegistry.java:221)  Creating shared instance of singleton bean 'dataSource123'
2016-12-15 10:40:55 org.springframework.beans.factory.support.AbstractAutowireCapableBeanFactory.createBean(AbstractAutowireCapableBeanFactory.java:448)  Creating instance of bean 'dataSource123'
2016-12-15 10:40:55 org.springframework.beans.factory.support.AbstractAutowireCapableBeanFactory.doCreateBean(AbstractAutowireCapableBeanFactory.java:537)  Eagerly caching bean 'dataSource123' to allow for resolving potential circular references
2016-12-15 10:40:55 org.springframework.beans.factory.support.DefaultSingletonBeanRegistry.getSingleton(DefaultSingletonBeanRegistry.java:221)  Creating shared instance of singleton bean 'org.springframework.transaction.config.internalTransactionAdvisor'
2016-12-15 10:40:55 org.springframework.beans.factory.support.AbstractAutowireCapableBeanFactory.createBean(AbstractAutowireCapableBeanFactory.java:448)  Creating instance of bean 'org.springframework.transaction.config.internalTransactionAdvisor'
2016-12-15 10:40:55 org.springframework.beans.factory.support.AbstractAutowireCapableBeanFactory.doCreateBean(AbstractAutowireCapableBeanFactory.java:537)  Eagerly caching bean 'org.springframework.transaction.config.internalTransactionAdvisor' to allow for resolving potential circular references
2016-12-15 10:40:55 org.springframework.beans.factory.support.DefaultSingletonBeanRegistry.getSingleton(DefaultSingletonBeanRegistry.java:221)  Creating shared instance of singleton bean 'org.springframework.transaction.annotation.AnnotationTransactionAttributeSource#0'
2016-12-15 10:40:55 org.springframework.beans.factory.support.AbstractAutowireCapableBeanFactory.createBean(AbstractAutowireCapableBeanFactory.java:448)  Creating instance of bean 'org.springframework.transaction.annotation.AnnotationTransactionAttributeSource#0'
2016-12-15 10:40:55 org.springframework.beans.factory.support.AbstractAutowireCapableBeanFactory.doCreateBean(AbstractAutowireCapableBeanFactory.java:537)  Eagerly caching bean 'org.springframework.transaction.annotation.AnnotationTransactionAttributeSource#0' to allow for resolving potential circular references
2016-12-15 10:40:55 org.springframework.aop.framework.autoproxy.BeanFactoryAdvisorRetrievalHelper.findAdvisorBeans(BeanFactoryAdvisorRetrievalHelper.java:87)  Skipping currently created advisor 'org.springframework.transaction.config.internalTransactionAdvisor'
2016-12-15 10:40:55 org.springframework.beans.factory.support.AbstractAutowireCapableBeanFactory.createBean(AbstractAutowireCapableBeanFactory.java:484)  Finished creating instance of bean 'org.springframework.transaction.annotation.AnnotationTransactionAttributeSource#0'
2016-12-15 10:40:55 org.springframework.beans.factory.support.AbstractAutowireCapableBeanFactory.createBean(AbstractAutowireCapableBeanFactory.java:484)  Finished creating instance of bean 'org.springframework.transaction.config.internalTransactionAdvisor'
2016-12-15 10:40:55 org.springframework.beans.factory.support.AbstractAutowireCapableBeanFactory.createBean(AbstractAutowireCapableBeanFactory.java:484)  Finished creating instance of bean 'dataSource123'
2016-12-15 10:40:55 org.springframework.beans.factory.support.AbstractAutowireCapableBeanFactory.invokeInitMethods(AbstractAutowireCapableBeanFactory.java:1625)  Invoking afterPropertiesSet() on bean with name 'sqlSessionFactory'
2016-12-15 10:40:56 org.apache.ibatis.logging.commons.JakartaCommonsLoggingImpl.debug(JakartaCommonsLoggingImpl.java:54)  Parsed configuration file: 'class path resource [mybatisMapper.xml]'
2016-12-15 10:40:56 org.apache.ibatis.logging.commons.JakartaCommonsLoggingImpl.debug(JakartaCommonsLoggingImpl.java:54)  Property 'mapperLocations' was not specified or no matching resources found
2016-12-15 10:40:56 org.springframework.beans.factory.support.AbstractBeanFactory.doGetBean(AbstractBeanFactory.java:251)  Returning cached instance of singleton bean 'org.springframework.transaction.config.internalTransactionAdvisor'
2016-12-15 10:40:56 org.springframework.beans.factory.support.AbstractAutowireCapableBeanFactory.createBean(AbstractAutowireCapableBeanFactory.java:484)  Finished creating instance of bean 'sqlSessionFactory'
2016-12-15 10:40:56 org.springframework.beans.factory.support.AbstractBeanFactory.doGetBean(AbstractBeanFactory.java:251)  Returning cached instance of singleton bean 'org.springframework.transaction.config.internalTransactionAdvisor'
2016-12-15 10:40:56 org.springframework.beans.factory.support.AbstractAutowireCapableBeanFactory.invokeInitMethods(AbstractAutowireCapableBeanFactory.java:1625)  Invoking afterPropertiesSet() on bean with name 'deptDao'
2016-12-15 10:40:56 org.springframework.beans.factory.support.AbstractBeanFactory.doGetBean(AbstractBeanFactory.java:251)  Returning cached instance of singleton bean 'org.springframework.transaction.config.internalTransactionAdvisor'
2016-12-15 10:40:56 org.springframework.beans.factory.support.AbstractAutowireCapableBeanFactory.createBean(AbstractAutowireCapableBeanFactory.java:484)  Finished creating instance of bean 'deptDao'
2016-12-15 10:40:56 org.springframework.beans.factory.support.AbstractBeanFactory.doGetBean(AbstractBeanFactory.java:251)  Returning cached instance of singleton bean 'org.springframework.transaction.config.internalTransactionAdvisor'
2016-12-15 10:40:56 org.springframework.beans.factory.annotation.AutowiredAnnotationBeanPostProcessor.registerDependentBeans(AutowiredAnnotationBeanPostProcessor.java:539)  Autowiring by type from bean name 'deptServiceImpl' to bean named 'deptDao'
2016-12-15 10:40:56 org.springframework.beans.factory.support.AbstractBeanFactory.doGetBean(AbstractBeanFactory.java:251)  Returning cached instance of singleton bean 'org.springframework.transaction.config.internalTransactionAdvisor'
2016-12-15 10:40:56 org.springframework.beans.factory.support.AbstractAutowireCapableBeanFactory.createBean(AbstractAutowireCapableBeanFactory.java:484)  Finished creating instance of bean 'deptServiceImpl'
2016-12-15 10:40:56 org.springframework.beans.factory.annotation.AutowiredAnnotationBeanPostProcessor.registerDependentBeans(AutowiredAnnotationBeanPostProcessor.java:539)  Autowiring by type from bean name 'deptController' to bean named 'deptServiceImpl'
2016-12-15 10:40:56 org.springframework.beans.factory.support.AbstractBeanFactory.doGetBean(AbstractBeanFactory.java:251)  Returning cached instance of singleton bean 'org.springframework.transaction.config.internalTransactionAdvisor'
2016-12-15 10:40:56 org.springframework.beans.factory.support.AbstractAutowireCapableBeanFactory.createBean(AbstractAutowireCapableBeanFactory.java:484)  Finished creating instance of bean 'deptController'
2016-12-15 10:40:56 org.springframework.beans.factory.support.AbstractBeanFactory.doGetBean(AbstractBeanFactory.java:251)  Returning cached instance of singleton bean 'deptServiceImpl'
2016-12-15 10:40:56 org.springframework.beans.factory.support.AbstractBeanFactory.doGetBean(AbstractBeanFactory.java:251)  Returning cached instance of singleton bean 'org.springframework.context.annotation.internalConfigurationAnnotationProcessor'
2016-12-15 10:40:56 org.springframework.beans.factory.support.AbstractBeanFactory.doGetBean(AbstractBeanFactory.java:251)  Returning cached instance of singleton bean 'org.springframework.context.annotation.internalAutowiredAnnotationProcessor'
2016-12-15 10:40:56 org.springframework.beans.factory.support.AbstractBeanFactory.doGetBean(AbstractBeanFactory.java:251)  Returning cached instance of singleton bean 'org.springframework.context.annotation.internalRequiredAnnotationProcessor'
2016-12-15 10:40:56 org.springframework.beans.factory.support.AbstractBeanFactory.doGetBean(AbstractBeanFactory.java:251)  Returning cached instance of singleton bean 'org.springframework.context.annotation.internalCommonAnnotationProcessor'
2016-12-15 10:40:56 org.springframework.beans.factory.support.DefaultSingletonBeanRegistry.getSingleton(DefaultSingletonBeanRegistry.java:221)  Creating shared instance of singleton bean 'org.springframework.context.event.internalEventListenerProcessor'
2016-12-15 10:40:56 org.springframework.beans.factory.support.AbstractAutowireCapableBeanFactory.createBean(AbstractAutowireCapableBeanFactory.java:448)  Creating instance of bean 'org.springframework.context.event.internalEventListenerProcessor'
2016-12-15 10:40:56 org.springframework.beans.factory.support.AbstractAutowireCapableBeanFactory.doCreateBean(AbstractAutowireCapableBeanFactory.java:537)  Eagerly caching bean 'org.springframework.context.event.internalEventListenerProcessor' to allow for resolving potential circular references
2016-12-15 10:40:56 org.springframework.beans.factory.support.AbstractBeanFactory.doGetBean(AbstractBeanFactory.java:251)  Returning cached instance of singleton bean 'org.springframework.transaction.config.internalTransactionAdvisor'
2016-12-15 10:40:56 org.springframework.beans.factory.support.AbstractAutowireCapableBeanFactory.createBean(AbstractAutowireCapableBeanFactory.java:484)  Finished creating instance of bean 'org.springframework.context.event.internalEventListenerProcessor'
2016-12-15 10:40:56 org.springframework.beans.factory.support.DefaultSingletonBeanRegistry.getSingleton(DefaultSingletonBeanRegistry.java:221)  Creating shared instance of singleton bean 'org.springframework.context.event.internalEventListenerFactory'
2016-12-15 10:40:56 org.springframework.beans.factory.support.AbstractAutowireCapableBeanFactory.createBean(AbstractAutowireCapableBeanFactory.java:448)  Creating instance of bean 'org.springframework.context.event.internalEventListenerFactory'
2016-12-15 10:40:56 org.springframework.beans.factory.support.AbstractAutowireCapableBeanFactory.doCreateBean(AbstractAutowireCapableBeanFactory.java:537)  Eagerly caching bean 'org.springframework.context.event.internalEventListenerFactory' to allow for resolving potential circular references
2016-12-15 10:40:56 org.springframework.beans.factory.support.AbstractBeanFactory.doGetBean(AbstractBeanFactory.java:251)  Returning cached instance of singleton bean 'org.springframework.transaction.config.internalTransactionAdvisor'
2016-12-15 10:40:56 org.springframework.beans.factory.support.AbstractAutowireCapableBeanFactory.createBean(AbstractAutowireCapableBeanFactory.java:484)  Finished creating instance of bean 'org.springframework.context.event.internalEventListenerFactory'
2016-12-15 10:40:56 org.springframework.beans.factory.support.AbstractBeanFactory.doGetBean(AbstractBeanFactory.java:251)  Returning cached instance of singleton bean 'dataSource123'
2016-12-15 10:40:56 org.springframework.beans.factory.support.AbstractBeanFactory.doGetBean(AbstractBeanFactory.java:251)  Returning cached instance of singleton bean 'sqlSessionFactory'
2016-12-15 10:40:56 org.springframework.beans.factory.support.AbstractBeanFactory.doGetBean(AbstractBeanFactory.java:251)  Returning cached instance of singleton bean 'org.mybatis.spring.mapper.MapperScannerConfigurer#0'
2016-12-15 10:40:56 org.springframework.beans.factory.support.DefaultSingletonBeanRegistry.getSingleton(DefaultSingletonBeanRegistry.java:221)  Creating shared instance of singleton bean 'txManager'
2016-12-15 10:40:56 org.springframework.beans.factory.support.AbstractAutowireCapableBeanFactory.createBean(AbstractAutowireCapableBeanFactory.java:448)  Creating instance of bean 'txManager'
2016-12-15 10:40:56 org.springframework.beans.factory.support.AbstractAutowireCapableBeanFactory.doCreateBean(AbstractAutowireCapableBeanFactory.java:537)  Eagerly caching bean 'txManager' to allow for resolving potential circular references
2016-12-15 10:40:56 org.springframework.beans.factory.support.AbstractBeanFactory.doGetBean(AbstractBeanFactory.java:251)  Returning cached instance of singleton bean 'dataSource123'
2016-12-15 10:40:56 org.springframework.beans.factory.support.AbstractAutowireCapableBeanFactory.invokeInitMethods(AbstractAutowireCapableBeanFactory.java:1625)  Invoking afterPropertiesSet() on bean with name 'txManager'
2016-12-15 10:40:56 org.springframework.beans.factory.support.AbstractBeanFactory.doGetBean(AbstractBeanFactory.java:251)  Returning cached instance of singleton bean 'org.springframework.transaction.config.internalTransactionAdvisor'
2016-12-15 10:40:56 org.springframework.beans.factory.support.AbstractAutowireCapableBeanFactory.createBean(AbstractAutowireCapableBeanFactory.java:484)  Finished creating instance of bean 'txManager'
2016-12-15 10:40:56 org.springframework.beans.factory.support.DefaultSingletonBeanRegistry.getSingleton(DefaultSingletonBeanRegistry.java:221)  Creating shared instance of singleton bean 'org.springframework.transaction.config.internalTransactionalEventListenerFactory'
2016-12-15 10:40:56 org.springframework.beans.factory.support.AbstractAutowireCapableBeanFactory.createBean(AbstractAutowireCapableBeanFactory.java:448)  Creating instance of bean 'org.springframework.transaction.config.internalTransactionalEventListenerFactory'
2016-12-15 10:40:56 org.springframework.beans.factory.support.AbstractAutowireCapableBeanFactory.doCreateBean(AbstractAutowireCapableBeanFactory.java:537)  Eagerly caching bean 'org.springframework.transaction.config.internalTransactionalEventListenerFactory' to allow for resolving potential circular references
2016-12-15 10:40:56 org.springframework.beans.factory.support.AbstractBeanFactory.doGetBean(AbstractBeanFactory.java:251)  Returning cached instance of singleton bean 'org.springframework.transaction.config.internalTransactionAdvisor'
2016-12-15 10:40:56 org.springframework.beans.factory.support.AbstractAutowireCapableBeanFactory.createBean(AbstractAutowireCapableBeanFactory.java:484)  Finished creating instance of bean 'org.springframework.transaction.config.internalTransactionalEventListenerFactory'
2016-12-15 10:40:56 org.springframework.beans.factory.support.AbstractBeanFactory.doGetBean(AbstractBeanFactory.java:251)  Returning cached instance of singleton bean 'org.springframework.aop.config.internalAutoProxyCreator'
2016-12-15 10:40:56 org.springframework.beans.factory.support.AbstractBeanFactory.doGetBean(AbstractBeanFactory.java:251)  Returning cached instance of singleton bean 'org.springframework.transaction.annotation.AnnotationTransactionAttributeSource#0'
2016-12-15 10:40:56 org.springframework.beans.factory.support.DefaultSingletonBeanRegistry.getSingleton(DefaultSingletonBeanRegistry.java:221)  Creating shared instance of singleton bean 'org.springframework.transaction.interceptor.TransactionInterceptor#0'
2016-12-15 10:40:56 org.springframework.beans.factory.support.AbstractAutowireCapableBeanFactory.createBean(AbstractAutowireCapableBeanFactory.java:448)  Creating instance of bean 'org.springframework.transaction.interceptor.TransactionInterceptor#0'
2016-12-15 10:40:56 org.springframework.beans.factory.support.AbstractAutowireCapableBeanFactory.doCreateBean(AbstractAutowireCapableBeanFactory.java:537)  Eagerly caching bean 'org.springframework.transaction.interceptor.TransactionInterceptor#0' to allow for resolving potential circular references
2016-12-15 10:40:56 org.springframework.beans.factory.support.AbstractBeanFactory.doGetBean(AbstractBeanFactory.java:251)  Returning cached instance of singleton bean 'org.springframework.transaction.annotation.AnnotationTransactionAttributeSource#0'
2016-12-15 10:40:56 org.springframework.beans.factory.support.AbstractAutowireCapableBeanFactory.invokeInitMethods(AbstractAutowireCapableBeanFactory.java:1625)  Invoking afterPropertiesSet() on bean with name 'org.springframework.transaction.interceptor.TransactionInterceptor#0'
2016-12-15 10:40:56 org.springframework.beans.factory.support.AbstractAutowireCapableBeanFactory.createBean(AbstractAutowireCapableBeanFactory.java:484)  Finished creating instance of bean 'org.springframework.transaction.interceptor.TransactionInterceptor#0'
2016-12-15 10:40:56 org.springframework.beans.factory.support.AbstractBeanFactory.doGetBean(AbstractBeanFactory.java:251)  Returning cached instance of singleton bean 'org.springframework.transaction.config.internalTransactionAdvisor'
2016-12-15 10:40:56 org.springframework.beans.factory.support.AbstractBeanFactory.doGetBean(AbstractBeanFactory.java:251)  Returning cached instance of singleton bean 'org.springframework.context.annotation.ConfigurationClassPostProcessor.importAwareProcessor'
2016-12-15 10:40:56 org.springframework.beans.factory.support.AbstractBeanFactory.doGetBean(AbstractBeanFactory.java:251)  Returning cached instance of singleton bean 'org.springframework.context.annotation.ConfigurationClassPostProcessor.enhancedConfigurationProcessor'
2016-12-15 10:40:56 org.springframework.beans.factory.support.DefaultSingletonBeanRegistry.getSingleton(DefaultSingletonBeanRegistry.java:221)  Creating shared instance of singleton bean 'dept2Dao'
2016-12-15 10:40:56 org.springframework.beans.factory.support.AbstractAutowireCapableBeanFactory.createBean(AbstractAutowireCapableBeanFactory.java:448)  Creating instance of bean 'dept2Dao'
2016-12-15 10:40:56 org.springframework.beans.factory.support.AbstractAutowireCapableBeanFactory.doCreateBean(AbstractAutowireCapableBeanFactory.java:537)  Eagerly caching bean 'dept2Dao' to allow for resolving potential circular references
2016-12-15 10:40:56 org.springframework.beans.factory.support.AbstractBeanFactory.doGetBean(AbstractBeanFactory.java:251)  Returning cached instance of singleton bean 'sqlSessionFactory'
2016-12-15 10:40:56 org.springframework.beans.factory.support.AbstractAutowireCapableBeanFactory.invokeInitMethods(AbstractAutowireCapableBeanFactory.java:1625)  Invoking afterPropertiesSet() on bean with name 'dept2Dao'
2016-12-15 10:40:56 org.springframework.beans.factory.support.AbstractBeanFactory.doGetBean(AbstractBeanFactory.java:251)  Returning cached instance of singleton bean 'org.springframework.transaction.config.internalTransactionAdvisor'
2016-12-15 10:40:56 org.springframework.beans.factory.support.AbstractAutowireCapableBeanFactory.createBean(AbstractAutowireCapableBeanFactory.java:484)  Finished creating instance of bean 'dept2Dao'
2016-12-15 10:40:56 org.springframework.beans.factory.support.AbstractBeanFactory.doGetBean(AbstractBeanFactory.java:251)  Returning cached instance of singleton bean 'deptDao'
2016-12-15 10:40:56 org.springframework.beans.factory.support.DefaultSingletonBeanRegistry.getSingleton(DefaultSingletonBeanRegistry.java:221)  Creating shared instance of singleton bean 'empDao'
2016-12-15 10:40:56 org.springframework.beans.factory.support.AbstractAutowireCapableBeanFactory.createBean(AbstractAutowireCapableBeanFactory.java:448)  Creating instance of bean 'empDao'
2016-12-15 10:40:56 org.springframework.beans.factory.support.AbstractAutowireCapableBeanFactory.doCreateBean(AbstractAutowireCapableBeanFactory.java:537)  Eagerly caching bean 'empDao' to allow for resolving potential circular references
2016-12-15 10:40:56 org.springframework.beans.factory.support.AbstractBeanFactory.doGetBean(AbstractBeanFactory.java:251)  Returning cached instance of singleton bean 'sqlSessionFactory'
2016-12-15 10:40:56 org.springframework.beans.factory.support.AbstractAutowireCapableBeanFactory.invokeInitMethods(AbstractAutowireCapableBeanFactory.java:1625)  Invoking afterPropertiesSet() on bean with name 'empDao'
2016-12-15 10:40:56 org.springframework.beans.factory.support.AbstractBeanFactory.doGetBean(AbstractBeanFactory.java:251)  Returning cached instance of singleton bean 'org.springframework.transaction.config.internalTransactionAdvisor'
2016-12-15 10:40:56 org.springframework.beans.factory.support.AbstractAutowireCapableBeanFactory.createBean(AbstractAutowireCapableBeanFactory.java:484)  Finished creating instance of bean 'empDao'
2016-12-15 10:40:56 org.springframework.beans.factory.support.AbstractBeanFactory.doGetBean(AbstractBeanFactory.java:251)  Returning cached instance of singleton bean 'org.springframework.context.event.internalEventListenerFactory'
2016-12-15 10:40:56 org.springframework.beans.factory.support.AbstractBeanFactory.doGetBean(AbstractBeanFactory.java:251)  Returning cached instance of singleton bean 'org.springframework.transaction.config.internalTransactionalEventListenerFactory'
2016-12-15 10:40:56 org.springframework.context.support.AbstractApplicationContext.initLifecycleProcessor(AbstractApplicationContext.java:784)  Unable to locate LifecycleProcessor with name 'lifecycleProcessor': using default [org.springframework.context.support.DefaultLifecycleProcessor@2e385cce]
2016-12-15 10:40:56 org.springframework.beans.factory.support.AbstractBeanFactory.doGetBean(AbstractBeanFactory.java:251)  Returning cached instance of singleton bean 'lifecycleProcessor'
2016-12-15 10:40:56 org.springframework.beans.factory.support.AbstractBeanFactory.doGetBean(AbstractBeanFactory.java:251)  Returning cached instance of singleton bean 'sqlSessionFactory'
2016-12-15 10:40:56 org.springframework.core.env.PropertySourcesPropertyResolver.getProperty(PropertySourcesPropertyResolver.java:91)  Could not find key 'spring.liveBeansView.mbeanDomain' in any property source
2016-12-15 10:40:56 org.springframework.beans.factory.support.AbstractBeanFactory.doGetBean(AbstractBeanFactory.java:251)  Returning cached instance of singleton bean 'sqlSessionFactory'
2016-12-15 10:40:56 org.apache.ibatis.logging.commons.JakartaCommonsLoggingImpl.debug(JakartaCommonsLoggingImpl.java:54)  Cache Hit Ratio [com.hc.dao.Dept2Dao]: 0.0
2016-12-15 10:40:56 org.springframework.jdbc.datasource.DataSourceUtils.doGetConnection(DataSourceUtils.java:110)  Fetching JDBC Connection from DataSource
2016-12-15 10:40:56 com.alibaba.druid.pool.DruidDataSource.init(DruidDataSource.java:715)  {dataSource-1} inited
2016-12-15 10:40:56 org.apache.ibatis.logging.commons.JakartaCommonsLoggingImpl.debug(JakartaCommonsLoggingImpl.java:54)  JDBC Connection [com.mysql.jdbc.JDBC4Connection@782859e] will not be managed by Spring
2016-12-15 10:40:56 org.apache.ibatis.logging.commons.JakartaCommonsLoggingImpl.debug(JakartaCommonsLoggingImpl.java:54)  ==>  Preparing: select deptno, dname, loc,kouhao,yusuan from dept where deptno = ? 
2016-12-15 10:40:56 org.apache.ibatis.logging.commons.JakartaCommonsLoggingImpl.debug(JakartaCommonsLoggingImpl.java:54)  ==> Parameters: 10(Integer)
2016-12-15 10:40:56 org.apache.ibatis.logging.commons.JakartaCommonsLoggingImpl.debug(JakartaCommonsLoggingImpl.java:54)  <==      Total: 1
2016-12-15 10:41:32 org.springframework.core.env.MutablePropertySources.addLast(MutablePropertySources.java:109)  Adding [systemProperties] PropertySource with lowest search precedence
2016-12-15 10:41:32 org.springframework.core.env.MutablePropertySources.addLast(MutablePropertySources.java:109)  Adding [systemEnvironment] PropertySource with lowest search precedence
2016-12-15 10:41:32 org.springframework.core.env.AbstractEnvironment.<init>(AbstractEnvironment.java:124)  Initialized StandardEnvironment with PropertySources [systemProperties,systemEnvironment]
2016-12-15 10:41:32 org.springframework.context.support.AbstractApplicationContext.prepareRefresh(AbstractApplicationContext.java:582)  Refreshing org.springframework.context.support.ClassPathXmlApplicationContext@45c8e616: startup date [Thu Dec 15 10:41:32 CST 2016]; root of context hierarchy
2016-12-15 10:41:32 org.springframework.core.env.MutablePropertySources.addLast(MutablePropertySources.java:109)  Adding [systemProperties] PropertySource with lowest search precedence
2016-12-15 10:41:32 org.springframework.core.env.MutablePropertySources.addLast(MutablePropertySources.java:109)  Adding [systemEnvironment] PropertySource with lowest search precedence
2016-12-15 10:41:32 org.springframework.core.env.AbstractEnvironment.<init>(AbstractEnvironment.java:124)  Initialized StandardEnvironment with PropertySources [systemProperties,systemEnvironment]
2016-12-15 10:41:32 org.springframework.beans.factory.xml.XmlBeanDefinitionReader.loadBeanDefinitions(XmlBeanDefinitionReader.java:317)  Loading XML bean definitions from class path resource [applicationContext.xml]
2016-12-15 10:41:32 org.springframework.beans.factory.xml.DefaultDocumentLoader.loadDocument(DefaultDocumentLoader.java:73)  Using JAXP provider [com.sun.org.apache.xerces.internal.jaxp.DocumentBuilderFactoryImpl]
2016-12-15 10:41:32 org.springframework.beans.factory.xml.PluggableSchemaResolver.getSchemaMappings(PluggableSchemaResolver.java:141)  Loading schema mappings from [META-INF/spring.schemas]
2016-12-15 10:41:32 org.springframework.beans.factory.xml.PluggableSchemaResolver.getSchemaMappings(PluggableSchemaResolver.java:147)  Loaded schema mappings: {http://www.springframework.org/schema/tx/spring-tx-4.3.xsd=org/springframework/transaction/config/spring-tx-4.3.xsd, http://www.springframework.org/schema/tx/spring-tx-2.5.xsd=org/springframework/transaction/config/spring-tx-2.5.xsd, http://www.springframework.org/schema/cache/spring-cache-4.2.xsd=org/springframework/cache/config/spring-cache-4.2.xsd, http://www.springframework.org/schema/aop/spring-aop-4.1.xsd=org/springframework/aop/config/spring-aop-4.1.xsd, http://www.springframework.org/schema/context/spring-context-3.1.xsd=org/springframework/context/config/spring-context-3.1.xsd, http://www.springframework.org/schema/jdbc/spring-jdbc-4.1.xsd=org/springframework/jdbc/config/spring-jdbc-4.1.xsd, http://www.springframework.org/schema/mvc/spring-mvc-4.1.xsd=org/springframework/web/servlet/config/spring-mvc-4.1.xsd, http://www.springframework.org/schema/util/spring-util-3.0.xsd=org/springframework/beans/factory/xml/spring-util-3.0.xsd, http://mybatis.org/schema/mybatis-spring-1.2.xsd=org/mybatis/spring/config/mybatis-spring-1.2.xsd, http://www.springframework.org/schema/tool/spring-tool.xsd=org/springframework/beans/factory/xml/spring-tool-4.3.xsd, http://www.springframework.org/schema/aop/spring-aop-3.2.xsd=org/springframework/aop/config/spring-aop-3.2.xsd, http://www.springframework.org/schema/lang/spring-lang-4.1.xsd=org/springframework/scripting/config/spring-lang-4.1.xsd, http://www.springframework.org/schema/context/spring-context-4.0.xsd=org/springframework/context/config/spring-context-4.0.xsd, http://www.springframework.org/schema/mvc/spring-mvc-3.2.xsd=org/springframework/web/servlet/config/spring-mvc-3.2.xsd, http://www.springframework.org/schema/beans/spring-beans-4.2.xsd=org/springframework/beans/factory/xml/spring-beans-4.2.xsd, http://www.springframework.org/schema/tool/spring-tool-4.1.xsd=org/springframework/beans/factory/xml/spring-tool-4.1.xsd, http://www.springframework.org/schema/lang/spring-lang-3.2.xsd=org/springframework/scripting/config/spring-lang-3.2.xsd, http://www.springframework.org/schema/cache/spring-cache-3.2.xsd=org/springframework/cache/config/spring-cache-3.2.xsd, http://www.springframework.org/schema/jee/spring-jee-4.1.xsd=org/springframework/ejb/config/spring-jee-4.1.xsd, http://www.springframework.org/schema/jdbc/spring-jdbc-3.1.xsd=org/springframework/jdbc/config/spring-jdbc-3.1.xsd, http://www.springframework.org/schema/util/spring-util-2.0.xsd=org/springframework/beans/factory/xml/spring-util-2.0.xsd, http://www.springframework.org/schema/task/spring-task-4.2.xsd=org/springframework/scheduling/config/spring-task-4.2.xsd, http://www.springframework.org/schema/tool/spring-tool-3.2.xsd=org/springframework/beans/factory/xml/spring-tool-3.2.xsd, http://www.springframework.org/schema/context/spring-context.xsd=org/springframework/context/config/spring-context-4.3.xsd, http://www.springframework.org/schema/tx/spring-tx-4.2.xsd=org/springframework/transaction/config/spring-tx-4.2.xsd, http://www.springframework.org/schema/cache/spring-cache-4.1.xsd=org/springframework/cache/config/spring-cache-4.1.xsd, http://www.springframework.org/schema/aop/spring-aop-4.0.xsd=org/springframework/aop/config/spring-aop-4.0.xsd, http://www.springframework.org/schema/jee/spring-jee-3.2.xsd=org/springframework/ejb/config/spring-jee-3.2.xsd, http://www.springframework.org/schema/context/spring-context-3.0.xsd=org/springframework/context/config/spring-context-3.0.xsd, http://www.springframework.org/schema/jdbc/spring-jdbc-4.0.xsd=org/springframework/jdbc/config/spring-jdbc-4.0.xsd, http://www.springframework.org/schema/mvc/spring-mvc-4.0.xsd=org/springframework/web/servlet/config/spring-mvc-4.0.xsd, http://www.springframework.org/schema/util/spring-util-4.3.xsd=org/springframework/beans/factory/xml/spring-util-4.3.xsd, http://www.springframework.org/schema/util/spring-util-2.5.xsd=org/springframework/beans/factory/xml/spring-util-2.5.xsd, http://www.springframework.org/schema/beans/spring-beans-3.2.xsd=org/springframework/beans/factory/xml/spring-beans-3.2.xsd, http://www.springframework.org/schema/aop/spring-aop-3.1.xsd=org/springframework/aop/config/spring-aop-3.1.xsd, http://www.springframework.org/schema/lang/spring-lang-4.0.xsd=org/springframework/scripting/config/spring-lang-4.0.xsd, http://www.springframework.org/schema/mvc/spring-mvc.xsd=org/springframework/web/servlet/config/spring-mvc-4.3.xsd, http://www.springframework.org/schema/mvc/spring-mvc-3.1.xsd=org/springframework/web/servlet/config/spring-mvc-3.1.xsd, http://www.springframework.org/schema/beans/spring-beans-4.1.xsd=org/springframework/beans/factory/xml/spring-beans-4.1.xsd, http://www.springframework.org/schema/tool/spring-tool-4.0.xsd=org/springframework/beans/factory/xml/spring-tool-4.0.xsd, http://www.springframework.org/schema/tx/spring-tx-3.2.xsd=org/springframework/transaction/config/spring-tx-3.2.xsd, http://www.springframework.org/schema/lang/spring-lang-3.1.xsd=org/springframework/scripting/config/spring-lang-3.1.xsd, http://www.springframework.org/schema/cache/spring-cache-3.1.xsd=org/springframework/cache/config/spring-cache-3.1.xsd, http://www.springframework.org/schema/jee/spring-jee-4.0.xsd=org/springframework/ejb/config/spring-jee-4.0.xsd, http://www.springframework.org/schema/jdbc/spring-jdbc-3.0.xsd=org/springframework/jdbc/config/spring-jdbc-3.0.xsd, http://www.springframework.org/schema/task/spring-task-4.1.xsd=org/springframework/scheduling/config/spring-task-4.1.xsd, http://www.springframework.org/schema/jdbc/spring-jdbc.xsd=org/springframework/jdbc/config/spring-jdbc-4.3.xsd, http://www.springframework.org/schema/tool/spring-tool-3.1.xsd=org/springframework/beans/factory/xml/spring-tool-3.1.xsd, http://www.springframework.org/schema/tx/spring-tx-4.1.xsd=org/springframework/transaction/config/spring-tx-4.1.xsd, http://www.springframework.org/schema/cache/spring-cache-4.0.xsd=org/springframework/cache/config/spring-cache-4.0.xsd, http://www.springframework.org/schema/jee/spring-jee-3.1.xsd=org/springframework/ejb/config/spring-jee-3.1.xsd, http://www.springframework.org/schema/util/spring-util-4.2.xsd=org/springframework/beans/factory/xml/spring-util-4.2.xsd, http://www.springframework.org/schema/task/spring-task-3.2.xsd=org/springframework/scheduling/config/spring-task-3.2.xsd, http://www.springframework.org/schema/beans/spring-beans-3.1.xsd=org/springframework/beans/factory/xml/spring-beans-3.1.xsd, http://www.springframework.org/schema/util/spring-util.xsd=org/springframework/beans/factory/xml/spring-util-4.3.xsd, http://www.springframework.org/schema/aop/spring-aop-3.0.xsd=org/springframework/aop/config/spring-aop-3.0.xsd, http://www.springframework.org/schema/mvc/spring-mvc-3.0.xsd=org/springframework/web/servlet/config/spring-mvc-3.0.xsd, http://www.springframework.org/schema/beans/spring-beans-4.0.xsd=org/springframework/beans/factory/xml/spring-beans-4.0.xsd, http://www.springframework.org/schema/beans/spring-beans.xsd=org/springframework/beans/factory/xml/spring-beans-4.3.xsd, http://mybatis.org/schema/mybatis-spring.xsd=org/mybatis/spring/config/mybatis-spring-1.2.xsd, http://www.springframework.org/schema/tx/spring-tx-3.1.xsd=org/springframework/transaction/config/spring-tx-3.1.xsd, http://www.springframework.org/schema/lang/spring-lang-3.0.xsd=org/springframework/scripting/config/spring-lang-3.0.xsd, http://www.springframework.org/schema/context/spring-context-2.5.xsd=org/springframework/context/config/spring-context-2.5.xsd, http://www.springframework.org/schema/context/spring-context-4.3.xsd=org/springframework/context/config/spring-context-4.3.xsd, http://www.springframework.org/schema/task/spring-task-4.0.xsd=org/springframework/scheduling/config/spring-task-4.0.xsd, http://www.springframework.org/schema/tool/spring-tool-3.0.xsd=org/springframework/beans/factory/xml/spring-tool-3.0.xsd, http://www.springframework.org/schema/tx/spring-tx-4.0.xsd=org/springframework/transaction/config/spring-tx-4.0.xsd, http://www.springframework.org/schema/aop/spring-aop-2.0.xsd=org/springframework/aop/config/spring-aop-2.0.xsd, http://www.springframework.org/schema/jee/spring-jee-3.0.xsd=org/springframework/ejb/config/spring-jee-3.0.xsd, http://www.springframework.org/schema/util/spring-util-4.1.xsd=org/springframework/beans/factory/xml/spring-util-4.1.xsd, http://www.springframework.org/schema/task/spring-task-3.1.xsd=org/springframework/scheduling/config/spring-task-3.1.xsd, http://www.springframework.org/schema/beans/spring-beans-3.0.xsd=org/springframework/beans/factory/xml/spring-beans-3.0.xsd, http://www.springframework.org/schema/jee/spring-jee.xsd=org/springframework/ejb/config/spring-jee-4.3.xsd, http://www.springframework.org/schema/aop/spring-aop-2.5.xsd=org/springframework/aop/config/spring-aop-2.5.xsd, http://www.springframework.org/schema/aop/spring-aop-4.3.xsd=org/springframework/aop/config/spring-aop-4.3.xsd, http://www.springframework.org/schema/lang/spring-lang-2.0.xsd=org/springframework/scripting/config/spring-lang-2.0.xsd, http://www.springframework.org/schema/jdbc/spring-jdbc-4.3.xsd=org/springframework/jdbc/config/spring-jdbc-4.3.xsd, http://www.springframework.org/schema/mvc/spring-mvc-4.3.xsd=org/springframework/web/servlet/config/spring-mvc-4.3.xsd, http://www.springframework.org/schema/util/spring-util-3.2.xsd=org/springframework/beans/factory/xml/spring-util-3.2.xsd, http://www.springframework.org/schema/task/spring-task.xsd=org/springframework/scheduling/config/spring-task-4.3.xsd, http://www.springframework.org/schema/tool/spring-tool-2.0.xsd=org/springframework/beans/factory/xml/spring-tool-2.0.xsd, http://www.springframework.org/schema/tx/spring-tx-3.0.xsd=org/springframework/transaction/config/spring-tx-3.0.xsd, http://www.springframework.org/schema/lang/spring-lang-2.5.xsd=org/springframework/scripting/config/spring-lang-2.5.xsd, http://www.springframework.org/schema/lang/spring-lang-4.3.xsd=org/springframework/scripting/config/spring-lang-4.3.xsd, http://www.springframework.org/schema/context/spring-context-4.2.xsd=org/springframework/context/config/spring-context-4.2.xsd, http://www.springframework.org/schema/jee/spring-jee-2.0.xsd=org/springframework/ejb/config/spring-jee-2.0.xsd, http://www.springframework.org/schema/tool/spring-tool-4.3.xsd=org/springframework/beans/factory/xml/spring-tool-4.3.xsd, http://www.springframework.org/schema/tool/spring-tool-2.5.xsd=org/springframework/beans/factory/xml/spring-tool-2.5.xsd, http://www.springframework.org/schema/jee/spring-jee-4.3.xsd=org/springframework/ejb/config/spring-jee-4.3.xsd, http://www.springframework.org/schema/jee/spring-jee-2.5.xsd=org/springframework/ejb/config/spring-jee-2.5.xsd, http://www.springframework.org/schema/util/spring-util-4.0.xsd=org/springframework/beans/factory/xml/spring-util-4.0.xsd, http://www.springframework.org/schema/task/spring-task-3.0.xsd=org/springframework/scheduling/config/spring-task-3.0.xsd, http://www.springframework.org/schema/cache/spring-cache-4.3.xsd=org/springframework/cache/config/spring-cache-4.3.xsd, http://www.springframework.org/schema/aop/spring-aop-4.2.xsd=org/springframework/aop/config/spring-aop-4.2.xsd, http://www.springframework.org/schema/lang/spring-lang.xsd=org/springframework/scripting/config/spring-lang-4.3.xsd, http://www.springframework.org/schema/context/spring-context-3.2.xsd=org/springframework/context/config/spring-context-3.2.xsd, http://www.springframework.org/schema/jdbc/spring-jdbc-4.2.xsd=org/springframework/jdbc/config/spring-jdbc-4.2.xsd, http://www.springframework.org/schema/mvc/spring-mvc-4.2.xsd=org/springframework/web/servlet/config/spring-mvc-4.2.xsd, http://www.springframework.org/schema/util/spring-util-3.1.xsd=org/springframework/beans/factory/xml/spring-util-3.1.xsd, http://www.springframework.org/schema/beans/spring-beans-2.0.xsd=org/springframework/beans/factory/xml/spring-beans-2.0.xsd, http://www.springframework.org/schema/cache/spring-cache.xsd=org/springframework/cache/config/spring-cache-4.3.xsd, http://www.springframework.org/schema/tx/spring-tx.xsd=org/springframework/transaction/config/spring-tx-4.3.xsd, http://www.springframework.org/schema/lang/spring-lang-4.2.xsd=org/springframework/scripting/config/spring-lang-4.2.xsd, http://www.springframework.org/schema/context/spring-context-4.1.xsd=org/springframework/context/config/spring-context-4.1.xsd, http://www.springframework.org/schema/beans/spring-beans-2.5.xsd=org/springframework/beans/factory/xml/spring-beans-2.5.xsd, http://www.springframework.org/schema/beans/spring-beans-4.3.xsd=org/springframework/beans/factory/xml/spring-beans-4.3.xsd, http://www.springframework.org/schema/tool/spring-tool-4.2.xsd=org/springframework/beans/factory/xml/spring-tool-4.2.xsd, http://www.springframework.org/schema/tx/spring-tx-2.0.xsd=org/springframework/transaction/config/spring-tx-2.0.xsd, http://www.alibaba.com/schema/stat.xsd=META-INF/stat.xsd, http://www.springframework.org/schema/jee/spring-jee-4.2.xsd=org/springframework/ejb/config/spring-jee-4.2.xsd, http://www.springframework.org/schema/jdbc/spring-jdbc-3.2.xsd=org/springframework/jdbc/config/spring-jdbc-3.2.xsd, http://www.springframework.org/schema/task/spring-task-4.3.xsd=org/springframework/scheduling/config/spring-task-4.3.xsd, http://www.springframework.org/schema/aop/spring-aop.xsd=org/springframework/aop/config/spring-aop-4.3.xsd}
2016-12-15 10:41:32 org.springframework.beans.factory.xml.PluggableSchemaResolver.resolveEntity(PluggableSchemaResolver.java:119)  Found XML schema [http://www.springframework.org/schema/beans/spring-beans.xsd] in classpath: org/springframework/beans/factory/xml/spring-beans-4.3.xsd
2016-12-15 10:41:32 org.springframework.beans.factory.xml.PluggableSchemaResolver.resolveEntity(PluggableSchemaResolver.java:119)  Found XML schema [http://www.springframework.org/schema/context/spring-context.xsd] in classpath: org/springframework/context/config/spring-context-4.3.xsd
2016-12-15 10:41:32 org.springframework.beans.factory.xml.PluggableSchemaResolver.resolveEntity(PluggableSchemaResolver.java:119)  Found XML schema [http://www.springframework.org/schema/tool/spring-tool-4.3.xsd] in classpath: org/springframework/beans/factory/xml/spring-tool-4.3.xsd
2016-12-15 10:41:32 org.springframework.beans.factory.xml.PluggableSchemaResolver.resolveEntity(PluggableSchemaResolver.java:119)  Found XML schema [http://www.springframework.org/schema/tx/spring-tx.xsd] in classpath: org/springframework/transaction/config/spring-tx-4.3.xsd
2016-12-15 10:41:32 org.springframework.beans.factory.xml.DefaultBeanDefinitionDocumentReader.registerBeanDefinitions(DefaultBeanDefinitionDocumentReader.java:92)  Loading bean definitions
2016-12-15 10:41:32 org.springframework.beans.factory.xml.DefaultNamespaceHandlerResolver.getHandlerMappings(DefaultNamespaceHandlerResolver.java:157)  Loaded NamespaceHandler mappings: {http://www.springframework.org/schema/p=org.springframework.beans.factory.xml.SimplePropertyNamespaceHandler, http://www.springframework.org/schema/mvc=org.springframework.web.servlet.config.MvcNamespaceHandler, http://www.springframework.org/schema/util=org.springframework.beans.factory.xml.UtilNamespaceHandler, http://www.alibaba.com/schema/stat=com.alibaba.druid.support.spring.stat.config.DruidStatNamespaceHandler, http://www.springframework.org/schema/jee=org.springframework.ejb.config.JeeNamespaceHandler, http://www.springframework.org/schema/aop=org.springframework.aop.config.AopNamespaceHandler, http://www.springframework.org/schema/jdbc=org.springframework.jdbc.config.JdbcNamespaceHandler, http://www.springframework.org/schema/cache=org.springframework.cache.config.CacheNamespaceHandler, http://mybatis.org/schema/mybatis-spring=org.mybatis.spring.config.NamespaceHandler, http://www.springframework.org/schema/c=org.springframework.beans.factory.xml.SimpleConstructorNamespaceHandler, http://www.springframework.org/schema/tx=org.springframework.transaction.config.TxNamespaceHandler, http://www.springframework.org/schema/task=org.springframework.scheduling.config.TaskNamespaceHandler, http://www.springframework.org/schema/lang=org.springframework.scripting.config.LangNamespaceHandler, http://www.springframework.org/schema/context=org.springframework.context.config.ContextNamespaceHandler}
2016-12-15 10:41:32 org.springframework.core.env.MutablePropertySources.addLast(MutablePropertySources.java:109)  Adding [systemProperties] PropertySource with lowest search precedence
2016-12-15 10:41:32 org.springframework.core.env.MutablePropertySources.addLast(MutablePropertySources.java:109)  Adding [systemEnvironment] PropertySource with lowest search precedence
2016-12-15 10:41:32 org.springframework.core.env.AbstractEnvironment.<init>(AbstractEnvironment.java:124)  Initialized StandardEnvironment with PropertySources [systemProperties,systemEnvironment]
2016-12-15 10:41:32 org.springframework.core.io.support.PathMatchingResourcePatternResolver.findAllClassPathResources(PathMatchingResourcePatternResolver.java:317)  Resolved classpath location [com/hc/] to resources [URL [file:/D:/SpringMybatisWebDemo/target/classes/com/hc/]]
2016-12-15 10:41:32 org.springframework.core.io.support.PathMatchingResourcePatternResolver.doFindMatchingFileSystemResources(PathMatchingResourcePatternResolver.java:711)  Looking for matching resources in directory tree [D:\SpringMybatisWebDemo\target\classes\com\hc]
2016-12-15 10:41:32 org.springframework.core.io.support.PathMatchingResourcePatternResolver.doRetrieveMatchingFiles(PathMatchingResourcePatternResolver.java:773)  Searching directory [D:\SpringMybatisWebDemo\target\classes\com\hc] for files matching pattern [D:/SpringMybatisWebDemo/target/classes/com/hc/**/*.class]
2016-12-15 10:41:32 org.springframework.core.io.support.PathMatchingResourcePatternResolver.doRetrieveMatchingFiles(PathMatchingResourcePatternResolver.java:773)  Searching directory [D:\SpringMybatisWebDemo\target\classes\com\hc\action] for files matching pattern [D:/SpringMybatisWebDemo/target/classes/com/hc/**/*.class]
2016-12-15 10:41:32 org.springframework.core.io.support.PathMatchingResourcePatternResolver.doRetrieveMatchingFiles(PathMatchingResourcePatternResolver.java:773)  Searching directory [D:\SpringMybatisWebDemo\target\classes\com\hc\dao] for files matching pattern [D:/SpringMybatisWebDemo/target/classes/com/hc/**/*.class]
2016-12-15 10:41:32 org.springframework.core.io.support.PathMatchingResourcePatternResolver.doRetrieveMatchingFiles(PathMatchingResourcePatternResolver.java:773)  Searching directory [D:\SpringMybatisWebDemo\target\classes\com\hc\domain] for files matching pattern [D:/SpringMybatisWebDemo/target/classes/com/hc/**/*.class]
2016-12-15 10:41:32 org.springframework.core.io.support.PathMatchingResourcePatternResolver.doRetrieveMatchingFiles(PathMatchingResourcePatternResolver.java:773)  Searching directory [D:\SpringMybatisWebDemo\target\classes\com\hc\mapping] for files matching pattern [D:/SpringMybatisWebDemo/target/classes/com/hc/**/*.class]
2016-12-15 10:41:32 org.springframework.core.io.support.PathMatchingResourcePatternResolver.doRetrieveMatchingFiles(PathMatchingResourcePatternResolver.java:773)  Searching directory [D:\SpringMybatisWebDemo\target\classes\com\hc\service] for files matching pattern [D:/SpringMybatisWebDemo/target/classes/com/hc/**/*.class]
2016-12-15 10:41:32 org.springframework.core.io.support.PathMatchingResourcePatternResolver.doRetrieveMatchingFiles(PathMatchingResourcePatternResolver.java:773)  Searching directory [D:\SpringMybatisWebDemo\target\classes\com\hc\service\impl] for files matching pattern [D:/SpringMybatisWebDemo/target/classes/com/hc/**/*.class]
2016-12-15 10:41:32 org.springframework.core.io.support.PathMatchingResourcePatternResolver.findPathMatchingResources(PathMatchingResourcePatternResolver.java:483)  Resolved location pattern [classpath*:com/hc/**/*.class] to resources [file [D:\SpringMybatisWebDemo\target\classes\com\hc\action\DeptController.class], file [D:\SpringMybatisWebDemo\target\classes\com\hc\action\DeptServlet.class], file [D:\SpringMybatisWebDemo\target\classes\com\hc\dao\Dept2Dao.class], file [D:\SpringMybatisWebDemo\target\classes\com\hc\dao\DeptDao.class], file [D:\SpringMybatisWebDemo\target\classes\com\hc\dao\EmpDao.class], file [D:\SpringMybatisWebDemo\target\classes\com\hc\DemoTest.class], file [D:\SpringMybatisWebDemo\target\classes\com\hc\domain\Dept.class], file [D:\SpringMybatisWebDemo\target\classes\com\hc\domain\Dept2.class], file [D:\SpringMybatisWebDemo\target\classes\com\hc\domain\Emp.class], file [D:\SpringMybatisWebDemo\target\classes\com\hc\service\DeptService.class], file [D:\SpringMybatisWebDemo\target\classes\com\hc\service\impl\DeptServiceImpl.class]]
2016-12-15 10:41:32 org.springframework.context.annotation.ClassPathScanningCandidateComponentProvider.findCandidateComponents(ClassPathScanningCandidateComponentProvider.java:286)  Identified candidate component class: file [D:\SpringMybatisWebDemo\target\classes\com\hc\action\DeptController.class]
2016-12-15 10:41:32 org.springframework.context.annotation.ClassPathScanningCandidateComponentProvider.findCandidateComponents(ClassPathScanningCandidateComponentProvider.java:286)  Identified candidate component class: file [D:\SpringMybatisWebDemo\target\classes\com\hc\service\impl\DeptServiceImpl.class]
2016-12-15 10:41:32 org.springframework.beans.factory.xml.BeanDefinitionParserDelegate.parseBeanDefinitionElement(BeanDefinitionParserDelegate.java:481)  Neither XML 'id' nor 'name' specified - using generated bean name [org.mybatis.spring.mapper.MapperScannerConfigurer#0]
2016-12-15 10:41:32 org.springframework.beans.factory.support.AbstractBeanDefinitionReader.loadBeanDefinitions(AbstractBeanDefinitionReader.java:224)  Loaded 17 bean definitions from location pattern [applicationContext.xml]
2016-12-15 10:41:32 org.springframework.context.support.AbstractApplicationContext.obtainFreshBeanFactory(AbstractApplicationContext.java:616)  Bean factory for org.springframework.context.support.ClassPathXmlApplicationContext@45c8e616: org.springframework.beans.factory.support.DefaultListableBeanFactory@25359ed8: defining beans [deptController,deptServiceImpl,org.springframework.context.annotation.internalConfigurationAnnotationProcessor,org.springframework.context.annotation.internalAutowiredAnnotationProcessor,org.springframework.context.annotation.internalRequiredAnnotationProcessor,org.springframework.context.annotation.internalCommonAnnotationProcessor,org.springframework.context.event.internalEventListenerProcessor,org.springframework.context.event.internalEventListenerFactory,dataSource123,sqlSessionFactory,org.mybatis.spring.mapper.MapperScannerConfigurer#0,txManager,org.springframework.transaction.config.internalTransactionalEventListenerFactory,org.springframework.aop.config.internalAutoProxyCreator,org.springframework.transaction.annotation.AnnotationTransactionAttributeSource#0,org.springframework.transaction.interceptor.TransactionInterceptor#0,org.springframework.transaction.config.internalTransactionAdvisor]; root of factory hierarchy
2016-12-15 10:41:32 org.springframework.beans.factory.support.DefaultSingletonBeanRegistry.getSingleton(DefaultSingletonBeanRegistry.java:221)  Creating shared instance of singleton bean 'org.springframework.context.annotation.internalConfigurationAnnotationProcessor'
2016-12-15 10:41:32 org.springframework.beans.factory.support.AbstractAutowireCapableBeanFactory.createBean(AbstractAutowireCapableBeanFactory.java:448)  Creating instance of bean 'org.springframework.context.annotation.internalConfigurationAnnotationProcessor'
2016-12-15 10:41:32 org.springframework.beans.factory.support.AbstractAutowireCapableBeanFactory.doCreateBean(AbstractAutowireCapableBeanFactory.java:537)  Eagerly caching bean 'org.springframework.context.annotation.internalConfigurationAnnotationProcessor' to allow for resolving potential circular references
2016-12-15 10:41:32 org.springframework.beans.factory.support.AbstractAutowireCapableBeanFactory.createBean(AbstractAutowireCapableBeanFactory.java:484)  Finished creating instance of bean 'org.springframework.context.annotation.internalConfigurationAnnotationProcessor'
2016-12-15 10:41:32 org.springframework.beans.factory.support.DefaultSingletonBeanRegistry.getSingleton(DefaultSingletonBeanRegistry.java:221)  Creating shared instance of singleton bean 'org.mybatis.spring.mapper.MapperScannerConfigurer#0'
2016-12-15 10:41:32 org.springframework.beans.factory.support.AbstractAutowireCapableBeanFactory.createBean(AbstractAutowireCapableBeanFactory.java:448)  Creating instance of bean 'org.mybatis.spring.mapper.MapperScannerConfigurer#0'
2016-12-15 10:41:32 org.springframework.beans.factory.support.AbstractAutowireCapableBeanFactory.doCreateBean(AbstractAutowireCapableBeanFactory.java:537)  Eagerly caching bean 'org.mybatis.spring.mapper.MapperScannerConfigurer#0' to allow for resolving potential circular references
2016-12-15 10:41:32 org.springframework.beans.factory.support.AbstractAutowireCapableBeanFactory.invokeInitMethods(AbstractAutowireCapableBeanFactory.java:1625)  Invoking afterPropertiesSet() on bean with name 'org.mybatis.spring.mapper.MapperScannerConfigurer#0'
2016-12-15 10:41:32 org.springframework.beans.factory.support.AbstractAutowireCapableBeanFactory.createBean(AbstractAutowireCapableBeanFactory.java:484)  Finished creating instance of bean 'org.mybatis.spring.mapper.MapperScannerConfigurer#0'
2016-12-15 10:41:32 org.springframework.core.env.MutablePropertySources.addLast(MutablePropertySources.java:109)  Adding [systemProperties] PropertySource with lowest search precedence
2016-12-15 10:41:32 org.springframework.core.env.MutablePropertySources.addLast(MutablePropertySources.java:109)  Adding [systemEnvironment] PropertySource with lowest search precedence
2016-12-15 10:41:32 org.springframework.core.env.AbstractEnvironment.<init>(AbstractEnvironment.java:124)  Initialized StandardEnvironment with PropertySources [systemProperties,systemEnvironment]
2016-12-15 10:41:32 org.springframework.core.io.support.PathMatchingResourcePatternResolver.findAllClassPathResources(PathMatchingResourcePatternResolver.java:317)  Resolved classpath location [com/hc/dao/] to resources [URL [file:/D:/SpringMybatisWebDemo/target/classes/com/hc/dao/]]
2016-12-15 10:41:32 org.springframework.core.io.support.PathMatchingResourcePatternResolver.doFindMatchingFileSystemResources(PathMatchingResourcePatternResolver.java:711)  Looking for matching resources in directory tree [D:\SpringMybatisWebDemo\target\classes\com\hc\dao]
2016-12-15 10:41:32 org.springframework.core.io.support.PathMatchingResourcePatternResolver.doRetrieveMatchingFiles(PathMatchingResourcePatternResolver.java:773)  Searching directory [D:\SpringMybatisWebDemo\target\classes\com\hc\dao] for files matching pattern [D:/SpringMybatisWebDemo/target/classes/com/hc/dao/**/*.class]
2016-12-15 10:41:32 org.springframework.core.io.support.PathMatchingResourcePatternResolver.findPathMatchingResources(PathMatchingResourcePatternResolver.java:483)  Resolved location pattern [classpath*:com/hc/dao/**/*.class] to resources [file [D:\SpringMybatisWebDemo\target\classes\com\hc\dao\Dept2Dao.class], file [D:\SpringMybatisWebDemo\target\classes\com\hc\dao\DeptDao.class], file [D:\SpringMybatisWebDemo\target\classes\com\hc\dao\EmpDao.class]]
2016-12-15 10:41:32 org.springframework.context.annotation.ClassPathScanningCandidateComponentProvider.findCandidateComponents(ClassPathScanningCandidateComponentProvider.java:286)  Identified candidate component class: file [D:\SpringMybatisWebDemo\target\classes\com\hc\dao\Dept2Dao.class]
2016-12-15 10:41:32 org.springframework.context.annotation.ClassPathScanningCandidateComponentProvider.findCandidateComponents(ClassPathScanningCandidateComponentProvider.java:286)  Identified candidate component class: file [D:\SpringMybatisWebDemo\target\classes\com\hc\dao\DeptDao.class]
2016-12-15 10:41:32 org.springframework.context.annotation.ClassPathScanningCandidateComponentProvider.findCandidateComponents(ClassPathScanningCandidateComponentProvider.java:286)  Identified candidate component class: file [D:\SpringMybatisWebDemo\target\classes\com\hc\dao\EmpDao.class]
2016-12-15 10:41:32 org.mybatis.spring.mapper.ClassPathMapperScanner.processBeanDefinitions(ClassPathMapperScanner.java:181)  Creating MapperFactoryBean with name 'dept2Dao' and 'com.hc.dao.Dept2Dao' mapperInterface
2016-12-15 10:41:32 org.mybatis.spring.mapper.ClassPathMapperScanner.processBeanDefinitions(ClassPathMapperScanner.java:181)  Creating MapperFactoryBean with name 'deptDao' and 'com.hc.dao.DeptDao' mapperInterface
2016-12-15 10:41:32 org.mybatis.spring.mapper.ClassPathMapperScanner.processBeanDefinitions(ClassPathMapperScanner.java:181)  Creating MapperFactoryBean with name 'empDao' and 'com.hc.dao.EmpDao' mapperInterface
2016-12-15 10:41:32 org.springframework.beans.factory.support.DefaultSingletonBeanRegistry.getSingleton(DefaultSingletonBeanRegistry.java:221)  Creating shared instance of singleton bean 'org.springframework.context.annotation.internalAutowiredAnnotationProcessor'
2016-12-15 10:41:32 org.springframework.beans.factory.support.AbstractAutowireCapableBeanFactory.createBean(AbstractAutowireCapableBeanFactory.java:448)  Creating instance of bean 'org.springframework.context.annotation.internalAutowiredAnnotationProcessor'
2016-12-15 10:41:32 org.springframework.beans.factory.support.AbstractAutowireCapableBeanFactory.doCreateBean(AbstractAutowireCapableBeanFactory.java:537)  Eagerly caching bean 'org.springframework.context.annotation.internalAutowiredAnnotationProcessor' to allow for resolving potential circular references
2016-12-15 10:41:32 org.springframework.beans.factory.support.AbstractAutowireCapableBeanFactory.createBean(AbstractAutowireCapableBeanFactory.java:484)  Finished creating instance of bean 'org.springframework.context.annotation.internalAutowiredAnnotationProcessor'
2016-12-15 10:41:32 org.springframework.beans.factory.support.DefaultSingletonBeanRegistry.getSingleton(DefaultSingletonBeanRegistry.java:221)  Creating shared instance of singleton bean 'org.springframework.context.annotation.internalRequiredAnnotationProcessor'
2016-12-15 10:41:32 org.springframework.beans.factory.support.AbstractAutowireCapableBeanFactory.createBean(AbstractAutowireCapableBeanFactory.java:448)  Creating instance of bean 'org.springframework.context.annotation.internalRequiredAnnotationProcessor'
2016-12-15 10:41:32 org.springframework.beans.factory.support.AbstractAutowireCapableBeanFactory.doCreateBean(AbstractAutowireCapableBeanFactory.java:537)  Eagerly caching bean 'org.springframework.context.annotation.internalRequiredAnnotationProcessor' to allow for resolving potential circular references
2016-12-15 10:41:32 org.springframework.beans.factory.support.AbstractAutowireCapableBeanFactory.createBean(AbstractAutowireCapableBeanFactory.java:484)  Finished creating instance of bean 'org.springframework.context.annotation.internalRequiredAnnotationProcessor'
2016-12-15 10:41:32 org.springframework.beans.factory.support.DefaultSingletonBeanRegistry.getSingleton(DefaultSingletonBeanRegistry.java:221)  Creating shared instance of singleton bean 'org.springframework.context.annotation.internalCommonAnnotationProcessor'
2016-12-15 10:41:32 org.springframework.beans.factory.support.AbstractAutowireCapableBeanFactory.createBean(AbstractAutowireCapableBeanFactory.java:448)  Creating instance of bean 'org.springframework.context.annotation.internalCommonAnnotationProcessor'
2016-12-15 10:41:32 org.springframework.beans.factory.support.AbstractAutowireCapableBeanFactory.doCreateBean(AbstractAutowireCapableBeanFactory.java:537)  Eagerly caching bean 'org.springframework.context.annotation.internalCommonAnnotationProcessor' to allow for resolving potential circular references
2016-12-15 10:41:32 org.springframework.beans.factory.support.AbstractAutowireCapableBeanFactory.createBean(AbstractAutowireCapableBeanFactory.java:484)  Finished creating instance of bean 'org.springframework.context.annotation.internalCommonAnnotationProcessor'
2016-12-15 10:41:32 org.springframework.beans.factory.support.DefaultSingletonBeanRegistry.getSingleton(DefaultSingletonBeanRegistry.java:221)  Creating shared instance of singleton bean 'org.springframework.context.annotation.ConfigurationClassPostProcessor.importAwareProcessor'
2016-12-15 10:41:32 org.springframework.beans.factory.support.AbstractAutowireCapableBeanFactory.createBean(AbstractAutowireCapableBeanFactory.java:448)  Creating instance of bean 'org.springframework.context.annotation.ConfigurationClassPostProcessor.importAwareProcessor'
2016-12-15 10:41:32 org.springframework.beans.factory.support.AbstractAutowireCapableBeanFactory.doCreateBean(AbstractAutowireCapableBeanFactory.java:537)  Eagerly caching bean 'org.springframework.context.annotation.ConfigurationClassPostProcessor.importAwareProcessor' to allow for resolving potential circular references
2016-12-15 10:41:32 org.springframework.beans.factory.support.AbstractAutowireCapableBeanFactory.createBean(AbstractAutowireCapableBeanFactory.java:484)  Finished creating instance of bean 'org.springframework.context.annotation.ConfigurationClassPostProcessor.importAwareProcessor'
2016-12-15 10:41:32 org.springframework.beans.factory.support.DefaultSingletonBeanRegistry.getSingleton(DefaultSingletonBeanRegistry.java:221)  Creating shared instance of singleton bean 'org.springframework.context.annotation.ConfigurationClassPostProcessor.enhancedConfigurationProcessor'
2016-12-15 10:41:32 org.springframework.beans.factory.support.AbstractAutowireCapableBeanFactory.createBean(AbstractAutowireCapableBeanFactory.java:448)  Creating instance of bean 'org.springframework.context.annotation.ConfigurationClassPostProcessor.enhancedConfigurationProcessor'
2016-12-15 10:41:32 org.springframework.beans.factory.support.AbstractAutowireCapableBeanFactory.doCreateBean(AbstractAutowireCapableBeanFactory.java:537)  Eagerly caching bean 'org.springframework.context.annotation.ConfigurationClassPostProcessor.enhancedConfigurationProcessor' to allow for resolving potential circular references
2016-12-15 10:41:32 org.springframework.beans.factory.support.AbstractAutowireCapableBeanFactory.createBean(AbstractAutowireCapableBeanFactory.java:484)  Finished creating instance of bean 'org.springframework.context.annotation.ConfigurationClassPostProcessor.enhancedConfigurationProcessor'
2016-12-15 10:41:32 org.springframework.beans.factory.support.DefaultSingletonBeanRegistry.getSingleton(DefaultSingletonBeanRegistry.java:221)  Creating shared instance of singleton bean 'org.springframework.aop.config.internalAutoProxyCreator'
2016-12-15 10:41:32 org.springframework.beans.factory.support.AbstractAutowireCapableBeanFactory.createBean(AbstractAutowireCapableBeanFactory.java:448)  Creating instance of bean 'org.springframework.aop.config.internalAutoProxyCreator'
2016-12-15 10:41:32 org.springframework.beans.factory.support.AbstractAutowireCapableBeanFactory.doCreateBean(AbstractAutowireCapableBeanFactory.java:537)  Eagerly caching bean 'org.springframework.aop.config.internalAutoProxyCreator' to allow for resolving potential circular references
2016-12-15 10:41:32 org.springframework.beans.factory.support.AbstractAutowireCapableBeanFactory.createBean(AbstractAutowireCapableBeanFactory.java:484)  Finished creating instance of bean 'org.springframework.aop.config.internalAutoProxyCreator'
2016-12-15 10:41:32 org.springframework.context.support.AbstractApplicationContext.initMessageSource(AbstractApplicationContext.java:733)  Unable to locate MessageSource with name 'messageSource': using default [org.springframework.context.support.DelegatingMessageSource@7193666c]
2016-12-15 10:41:32 org.springframework.context.support.AbstractApplicationContext.initApplicationEventMulticaster(AbstractApplicationContext.java:757)  Unable to locate ApplicationEventMulticaster with name 'applicationEventMulticaster': using default [org.springframework.context.event.SimpleApplicationEventMulticaster@55b7a4e0]
2016-12-15 10:41:32 org.springframework.beans.factory.support.DefaultListableBeanFactory.preInstantiateSingletons(DefaultListableBeanFactory.java:723)  Pre-instantiating singletons in org.springframework.beans.factory.support.DefaultListableBeanFactory@25359ed8: defining beans [deptController,deptServiceImpl,org.springframework.context.annotation.internalConfigurationAnnotationProcessor,org.springframework.context.annotation.internalAutowiredAnnotationProcessor,org.springframework.context.annotation.internalRequiredAnnotationProcessor,org.springframework.context.annotation.internalCommonAnnotationProcessor,org.springframework.context.event.internalEventListenerProcessor,org.springframework.context.event.internalEventListenerFactory,dataSource123,sqlSessionFactory,org.mybatis.spring.mapper.MapperScannerConfigurer#0,txManager,org.springframework.transaction.config.internalTransactionalEventListenerFactory,org.springframework.aop.config.internalAutoProxyCreator,org.springframework.transaction.annotation.AnnotationTransactionAttributeSource#0,org.springframework.transaction.interceptor.TransactionInterceptor#0,org.springframework.transaction.config.internalTransactionAdvisor,org.springframework.context.annotation.ConfigurationClassPostProcessor.importAwareProcessor,org.springframework.context.annotation.ConfigurationClassPostProcessor.enhancedConfigurationProcessor,dept2Dao,deptDao,empDao]; root of factory hierarchy
2016-12-15 10:41:32 org.springframework.beans.factory.support.DefaultSingletonBeanRegistry.getSingleton(DefaultSingletonBeanRegistry.java:221)  Creating shared instance of singleton bean 'deptController'
2016-12-15 10:41:32 org.springframework.beans.factory.support.AbstractAutowireCapableBeanFactory.createBean(AbstractAutowireCapableBeanFactory.java:448)  Creating instance of bean 'deptController'
2016-12-15 10:41:32 org.springframework.beans.factory.annotation.InjectionMetadata.checkConfigMembers(InjectionMetadata.java:72)  Registered injected element on class [com.hc.action.DeptController]: AutowiredFieldElement for private com.hc.service.DeptService com.hc.action.DeptController.deptService
2016-12-15 10:41:32 org.springframework.beans.factory.support.AbstractAutowireCapableBeanFactory.doCreateBean(AbstractAutowireCapableBeanFactory.java:537)  Eagerly caching bean 'deptController' to allow for resolving potential circular references
2016-12-15 10:41:32 org.springframework.beans.factory.annotation.InjectionMetadata.inject(InjectionMetadata.java:86)  Processing injected element of bean 'deptController': AutowiredFieldElement for private com.hc.service.DeptService com.hc.action.DeptController.deptService
2016-12-15 10:41:32 org.springframework.beans.factory.support.DefaultSingletonBeanRegistry.getSingleton(DefaultSingletonBeanRegistry.java:221)  Creating shared instance of singleton bean 'deptServiceImpl'
2016-12-15 10:41:32 org.springframework.beans.factory.support.AbstractAutowireCapableBeanFactory.createBean(AbstractAutowireCapableBeanFactory.java:448)  Creating instance of bean 'deptServiceImpl'
2016-12-15 10:41:32 org.springframework.beans.factory.annotation.InjectionMetadata.checkConfigMembers(InjectionMetadata.java:72)  Registered injected element on class [com.hc.service.impl.DeptServiceImpl]: AutowiredFieldElement for private com.hc.dao.DeptDao com.hc.service.impl.DeptServiceImpl.deptDao
2016-12-15 10:41:32 org.springframework.beans.factory.support.AbstractAutowireCapableBeanFactory.doCreateBean(AbstractAutowireCapableBeanFactory.java:537)  Eagerly caching bean 'deptServiceImpl' to allow for resolving potential circular references
2016-12-15 10:41:32 org.springframework.beans.factory.annotation.InjectionMetadata.inject(InjectionMetadata.java:86)  Processing injected element of bean 'deptServiceImpl': AutowiredFieldElement for private com.hc.dao.DeptDao com.hc.service.impl.DeptServiceImpl.deptDao
2016-12-15 10:41:32 org.springframework.beans.factory.support.DefaultSingletonBeanRegistry.getSingleton(DefaultSingletonBeanRegistry.java:221)  Creating shared instance of singleton bean 'deptDao'
2016-12-15 10:41:32 org.springframework.beans.factory.support.AbstractAutowireCapableBeanFactory.createBean(AbstractAutowireCapableBeanFactory.java:448)  Creating instance of bean 'deptDao'
2016-12-15 10:41:32 org.springframework.beans.factory.support.AbstractAutowireCapableBeanFactory.doCreateBean(AbstractAutowireCapableBeanFactory.java:537)  Eagerly caching bean 'deptDao' to allow for resolving potential circular references
2016-12-15 10:41:32 org.springframework.beans.factory.support.DefaultSingletonBeanRegistry.getSingleton(DefaultSingletonBeanRegistry.java:221)  Creating shared instance of singleton bean 'sqlSessionFactory'
2016-12-15 10:41:32 org.springframework.beans.factory.support.AbstractAutowireCapableBeanFactory.createBean(AbstractAutowireCapableBeanFactory.java:448)  Creating instance of bean 'sqlSessionFactory'
2016-12-15 10:41:32 org.springframework.beans.factory.support.AbstractAutowireCapableBeanFactory.doCreateBean(AbstractAutowireCapableBeanFactory.java:537)  Eagerly caching bean 'sqlSessionFactory' to allow for resolving potential circular references
2016-12-15 10:41:32 org.springframework.beans.factory.support.DefaultSingletonBeanRegistry.getSingleton(DefaultSingletonBeanRegistry.java:221)  Creating shared instance of singleton bean 'dataSource123'
2016-12-15 10:41:32 org.springframework.beans.factory.support.AbstractAutowireCapableBeanFactory.createBean(AbstractAutowireCapableBeanFactory.java:448)  Creating instance of bean 'dataSource123'
2016-12-15 10:41:32 org.springframework.beans.factory.support.AbstractAutowireCapableBeanFactory.doCreateBean(AbstractAutowireCapableBeanFactory.java:537)  Eagerly caching bean 'dataSource123' to allow for resolving potential circular references
2016-12-15 10:41:32 org.springframework.beans.factory.support.DefaultSingletonBeanRegistry.getSingleton(DefaultSingletonBeanRegistry.java:221)  Creating shared instance of singleton bean 'org.springframework.transaction.config.internalTransactionAdvisor'
2016-12-15 10:41:32 org.springframework.beans.factory.support.AbstractAutowireCapableBeanFactory.createBean(AbstractAutowireCapableBeanFactory.java:448)  Creating instance of bean 'org.springframework.transaction.config.internalTransactionAdvisor'
2016-12-15 10:41:32 org.springframework.beans.factory.support.AbstractAutowireCapableBeanFactory.doCreateBean(AbstractAutowireCapableBeanFactory.java:537)  Eagerly caching bean 'org.springframework.transaction.config.internalTransactionAdvisor' to allow for resolving potential circular references
2016-12-15 10:41:32 org.springframework.beans.factory.support.DefaultSingletonBeanRegistry.getSingleton(DefaultSingletonBeanRegistry.java:221)  Creating shared instance of singleton bean 'org.springframework.transaction.annotation.AnnotationTransactionAttributeSource#0'
2016-12-15 10:41:32 org.springframework.beans.factory.support.AbstractAutowireCapableBeanFactory.createBean(AbstractAutowireCapableBeanFactory.java:448)  Creating instance of bean 'org.springframework.transaction.annotation.AnnotationTransactionAttributeSource#0'
2016-12-15 10:41:32 org.springframework.beans.factory.support.AbstractAutowireCapableBeanFactory.doCreateBean(AbstractAutowireCapableBeanFactory.java:537)  Eagerly caching bean 'org.springframework.transaction.annotation.AnnotationTransactionAttributeSource#0' to allow for resolving potential circular references
2016-12-15 10:41:32 org.springframework.aop.framework.autoproxy.BeanFactoryAdvisorRetrievalHelper.findAdvisorBeans(BeanFactoryAdvisorRetrievalHelper.java:87)  Skipping currently created advisor 'org.springframework.transaction.config.internalTransactionAdvisor'
2016-12-15 10:41:32 org.springframework.beans.factory.support.AbstractAutowireCapableBeanFactory.createBean(AbstractAutowireCapableBeanFactory.java:484)  Finished creating instance of bean 'org.springframework.transaction.annotation.AnnotationTransactionAttributeSource#0'
2016-12-15 10:41:32 org.springframework.beans.factory.support.AbstractAutowireCapableBeanFactory.createBean(AbstractAutowireCapableBeanFactory.java:484)  Finished creating instance of bean 'org.springframework.transaction.config.internalTransactionAdvisor'
2016-12-15 10:41:32 org.springframework.beans.factory.support.AbstractAutowireCapableBeanFactory.createBean(AbstractAutowireCapableBeanFactory.java:484)  Finished creating instance of bean 'dataSource123'
2016-12-15 10:41:32 org.springframework.beans.factory.support.AbstractAutowireCapableBeanFactory.invokeInitMethods(AbstractAutowireCapableBeanFactory.java:1625)  Invoking afterPropertiesSet() on bean with name 'sqlSessionFactory'
2016-12-15 10:41:32 org.apache.ibatis.logging.commons.JakartaCommonsLoggingImpl.debug(JakartaCommonsLoggingImpl.java:54)  Parsed configuration file: 'class path resource [mybatisMapper.xml]'
2016-12-15 10:41:32 org.apache.ibatis.logging.commons.JakartaCommonsLoggingImpl.debug(JakartaCommonsLoggingImpl.java:54)  Property 'mapperLocations' was not specified or no matching resources found
2016-12-15 10:41:32 org.springframework.beans.factory.support.AbstractBeanFactory.doGetBean(AbstractBeanFactory.java:251)  Returning cached instance of singleton bean 'org.springframework.transaction.config.internalTransactionAdvisor'
2016-12-15 10:41:32 org.springframework.beans.factory.support.AbstractAutowireCapableBeanFactory.createBean(AbstractAutowireCapableBeanFactory.java:484)  Finished creating instance of bean 'sqlSessionFactory'
2016-12-15 10:41:32 org.springframework.beans.factory.support.AbstractBeanFactory.doGetBean(AbstractBeanFactory.java:251)  Returning cached instance of singleton bean 'org.springframework.transaction.config.internalTransactionAdvisor'
2016-12-15 10:41:32 org.springframework.beans.factory.support.AbstractAutowireCapableBeanFactory.invokeInitMethods(AbstractAutowireCapableBeanFactory.java:1625)  Invoking afterPropertiesSet() on bean with name 'deptDao'
2016-12-15 10:41:32 org.springframework.beans.factory.support.AbstractBeanFactory.doGetBean(AbstractBeanFactory.java:251)  Returning cached instance of singleton bean 'org.springframework.transaction.config.internalTransactionAdvisor'
2016-12-15 10:41:32 org.springframework.beans.factory.support.AbstractAutowireCapableBeanFactory.createBean(AbstractAutowireCapableBeanFactory.java:484)  Finished creating instance of bean 'deptDao'
2016-12-15 10:41:32 org.springframework.beans.factory.support.AbstractBeanFactory.doGetBean(AbstractBeanFactory.java:251)  Returning cached instance of singleton bean 'org.springframework.transaction.config.internalTransactionAdvisor'
2016-12-15 10:41:32 org.springframework.beans.factory.annotation.AutowiredAnnotationBeanPostProcessor.registerDependentBeans(AutowiredAnnotationBeanPostProcessor.java:539)  Autowiring by type from bean name 'deptServiceImpl' to bean named 'deptDao'
2016-12-15 10:41:32 org.springframework.beans.factory.support.AbstractBeanFactory.doGetBean(AbstractBeanFactory.java:251)  Returning cached instance of singleton bean 'org.springframework.transaction.config.internalTransactionAdvisor'
2016-12-15 10:41:32 org.springframework.beans.factory.support.AbstractAutowireCapableBeanFactory.createBean(AbstractAutowireCapableBeanFactory.java:484)  Finished creating instance of bean 'deptServiceImpl'
2016-12-15 10:41:32 org.springframework.beans.factory.annotation.AutowiredAnnotationBeanPostProcessor.registerDependentBeans(AutowiredAnnotationBeanPostProcessor.java:539)  Autowiring by type from bean name 'deptController' to bean named 'deptServiceImpl'
2016-12-15 10:41:32 org.springframework.beans.factory.support.AbstractBeanFactory.doGetBean(AbstractBeanFactory.java:251)  Returning cached instance of singleton bean 'org.springframework.transaction.config.internalTransactionAdvisor'
2016-12-15 10:41:32 org.springframework.beans.factory.support.AbstractAutowireCapableBeanFactory.createBean(AbstractAutowireCapableBeanFactory.java:484)  Finished creating instance of bean 'deptController'
2016-12-15 10:41:32 org.springframework.beans.factory.support.AbstractBeanFactory.doGetBean(AbstractBeanFactory.java:251)  Returning cached instance of singleton bean 'deptServiceImpl'
2016-12-15 10:41:32 org.springframework.beans.factory.support.AbstractBeanFactory.doGetBean(AbstractBeanFactory.java:251)  Returning cached instance of singleton bean 'org.springframework.context.annotation.internalConfigurationAnnotationProcessor'
2016-12-15 10:41:32 org.springframework.beans.factory.support.AbstractBeanFactory.doGetBean(AbstractBeanFactory.java:251)  Returning cached instance of singleton bean 'org.springframework.context.annotation.internalAutowiredAnnotationProcessor'
2016-12-15 10:41:32 org.springframework.beans.factory.support.AbstractBeanFactory.doGetBean(AbstractBeanFactory.java:251)  Returning cached instance of singleton bean 'org.springframework.context.annotation.internalRequiredAnnotationProcessor'
2016-12-15 10:41:32 org.springframework.beans.factory.support.AbstractBeanFactory.doGetBean(AbstractBeanFactory.java:251)  Returning cached instance of singleton bean 'org.springframework.context.annotation.internalCommonAnnotationProcessor'
2016-12-15 10:41:32 org.springframework.beans.factory.support.DefaultSingletonBeanRegistry.getSingleton(DefaultSingletonBeanRegistry.java:221)  Creating shared instance of singleton bean 'org.springframework.context.event.internalEventListenerProcessor'
2016-12-15 10:41:32 org.springframework.beans.factory.support.AbstractAutowireCapableBeanFactory.createBean(AbstractAutowireCapableBeanFactory.java:448)  Creating instance of bean 'org.springframework.context.event.internalEventListenerProcessor'
2016-12-15 10:41:32 org.springframework.beans.factory.support.AbstractAutowireCapableBeanFactory.doCreateBean(AbstractAutowireCapableBeanFactory.java:537)  Eagerly caching bean 'org.springframework.context.event.internalEventListenerProcessor' to allow for resolving potential circular references
2016-12-15 10:41:32 org.springframework.beans.factory.support.AbstractBeanFactory.doGetBean(AbstractBeanFactory.java:251)  Returning cached instance of singleton bean 'org.springframework.transaction.config.internalTransactionAdvisor'
2016-12-15 10:41:32 org.springframework.beans.factory.support.AbstractAutowireCapableBeanFactory.createBean(AbstractAutowireCapableBeanFactory.java:484)  Finished creating instance of bean 'org.springframework.context.event.internalEventListenerProcessor'
2016-12-15 10:41:32 org.springframework.beans.factory.support.DefaultSingletonBeanRegistry.getSingleton(DefaultSingletonBeanRegistry.java:221)  Creating shared instance of singleton bean 'org.springframework.context.event.internalEventListenerFactory'
2016-12-15 10:41:32 org.springframework.beans.factory.support.AbstractAutowireCapableBeanFactory.createBean(AbstractAutowireCapableBeanFactory.java:448)  Creating instance of bean 'org.springframework.context.event.internalEventListenerFactory'
2016-12-15 10:41:32 org.springframework.beans.factory.support.AbstractAutowireCapableBeanFactory.doCreateBean(AbstractAutowireCapableBeanFactory.java:537)  Eagerly caching bean 'org.springframework.context.event.internalEventListenerFactory' to allow for resolving potential circular references
2016-12-15 10:41:32 org.springframework.beans.factory.support.AbstractBeanFactory.doGetBean(AbstractBeanFactory.java:251)  Returning cached instance of singleton bean 'org.springframework.transaction.config.internalTransactionAdvisor'
2016-12-15 10:41:32 org.springframework.beans.factory.support.AbstractAutowireCapableBeanFactory.createBean(AbstractAutowireCapableBeanFactory.java:484)  Finished creating instance of bean 'org.springframework.context.event.internalEventListenerFactory'
2016-12-15 10:41:32 org.springframework.beans.factory.support.AbstractBeanFactory.doGetBean(AbstractBeanFactory.java:251)  Returning cached instance of singleton bean 'dataSource123'
2016-12-15 10:41:32 org.springframework.beans.factory.support.AbstractBeanFactory.doGetBean(AbstractBeanFactory.java:251)  Returning cached instance of singleton bean 'sqlSessionFactory'
2016-12-15 10:41:32 org.springframework.beans.factory.support.AbstractBeanFactory.doGetBean(AbstractBeanFactory.java:251)  Returning cached instance of singleton bean 'org.mybatis.spring.mapper.MapperScannerConfigurer#0'
2016-12-15 10:41:32 org.springframework.beans.factory.support.DefaultSingletonBeanRegistry.getSingleton(DefaultSingletonBeanRegistry.java:221)  Creating shared instance of singleton bean 'txManager'
2016-12-15 10:41:32 org.springframework.beans.factory.support.AbstractAutowireCapableBeanFactory.createBean(AbstractAutowireCapableBeanFactory.java:448)  Creating instance of bean 'txManager'
2016-12-15 10:41:32 org.springframework.beans.factory.support.AbstractAutowireCapableBeanFactory.doCreateBean(AbstractAutowireCapableBeanFactory.java:537)  Eagerly caching bean 'txManager' to allow for resolving potential circular references
2016-12-15 10:41:32 org.springframework.beans.factory.support.AbstractBeanFactory.doGetBean(AbstractBeanFactory.java:251)  Returning cached instance of singleton bean 'dataSource123'
2016-12-15 10:41:32 org.springframework.beans.factory.support.AbstractAutowireCapableBeanFactory.invokeInitMethods(AbstractAutowireCapableBeanFactory.java:1625)  Invoking afterPropertiesSet() on bean with name 'txManager'
2016-12-15 10:41:32 org.springframework.beans.factory.support.AbstractBeanFactory.doGetBean(AbstractBeanFactory.java:251)  Returning cached instance of singleton bean 'org.springframework.transaction.config.internalTransactionAdvisor'
2016-12-15 10:41:32 org.springframework.beans.factory.support.AbstractAutowireCapableBeanFactory.createBean(AbstractAutowireCapableBeanFactory.java:484)  Finished creating instance of bean 'txManager'
2016-12-15 10:41:32 org.springframework.beans.factory.support.DefaultSingletonBeanRegistry.getSingleton(DefaultSingletonBeanRegistry.java:221)  Creating shared instance of singleton bean 'org.springframework.transaction.config.internalTransactionalEventListenerFactory'
2016-12-15 10:41:32 org.springframework.beans.factory.support.AbstractAutowireCapableBeanFactory.createBean(AbstractAutowireCapableBeanFactory.java:448)  Creating instance of bean 'org.springframework.transaction.config.internalTransactionalEventListenerFactory'
2016-12-15 10:41:32 org.springframework.beans.factory.support.AbstractAutowireCapableBeanFactory.doCreateBean(AbstractAutowireCapableBeanFactory.java:537)  Eagerly caching bean 'org.springframework.transaction.config.internalTransactionalEventListenerFactory' to allow for resolving potential circular references
2016-12-15 10:41:32 org.springframework.beans.factory.support.AbstractBeanFactory.doGetBean(AbstractBeanFactory.java:251)  Returning cached instance of singleton bean 'org.springframework.transaction.config.internalTransactionAdvisor'
2016-12-15 10:41:32 org.springframework.beans.factory.support.AbstractAutowireCapableBeanFactory.createBean(AbstractAutowireCapableBeanFactory.java:484)  Finished creating instance of bean 'org.springframework.transaction.config.internalTransactionalEventListenerFactory'
2016-12-15 10:41:32 org.springframework.beans.factory.support.AbstractBeanFactory.doGetBean(AbstractBeanFactory.java:251)  Returning cached instance of singleton bean 'org.springframework.aop.config.internalAutoProxyCreator'
2016-12-15 10:41:32 org.springframework.beans.factory.support.AbstractBeanFactory.doGetBean(AbstractBeanFactory.java:251)  Returning cached instance of singleton bean 'org.springframework.transaction.annotation.AnnotationTransactionAttributeSource#0'
2016-12-15 10:41:32 org.springframework.beans.factory.support.DefaultSingletonBeanRegistry.getSingleton(DefaultSingletonBeanRegistry.java:221)  Creating shared instance of singleton bean 'org.springframework.transaction.interceptor.TransactionInterceptor#0'
2016-12-15 10:41:32 org.springframework.beans.factory.support.AbstractAutowireCapableBeanFactory.createBean(AbstractAutowireCapableBeanFactory.java:448)  Creating instance of bean 'org.springframework.transaction.interceptor.TransactionInterceptor#0'
2016-12-15 10:41:32 org.springframework.beans.factory.support.AbstractAutowireCapableBeanFactory.doCreateBean(AbstractAutowireCapableBeanFactory.java:537)  Eagerly caching bean 'org.springframework.transaction.interceptor.TransactionInterceptor#0' to allow for resolving potential circular references
2016-12-15 10:41:32 org.springframework.beans.factory.support.AbstractBeanFactory.doGetBean(AbstractBeanFactory.java:251)  Returning cached instance of singleton bean 'org.springframework.transaction.annotation.AnnotationTransactionAttributeSource#0'
2016-12-15 10:41:32 org.springframework.beans.factory.support.AbstractAutowireCapableBeanFactory.invokeInitMethods(AbstractAutowireCapableBeanFactory.java:1625)  Invoking afterPropertiesSet() on bean with name 'org.springframework.transaction.interceptor.TransactionInterceptor#0'
2016-12-15 10:41:32 org.springframework.beans.factory.support.AbstractAutowireCapableBeanFactory.createBean(AbstractAutowireCapableBeanFactory.java:484)  Finished creating instance of bean 'org.springframework.transaction.interceptor.TransactionInterceptor#0'
2016-12-15 10:41:32 org.springframework.beans.factory.support.AbstractBeanFactory.doGetBean(AbstractBeanFactory.java:251)  Returning cached instance of singleton bean 'org.springframework.transaction.config.internalTransactionAdvisor'
2016-12-15 10:41:32 org.springframework.beans.factory.support.AbstractBeanFactory.doGetBean(AbstractBeanFactory.java:251)  Returning cached instance of singleton bean 'org.springframework.context.annotation.ConfigurationClassPostProcessor.importAwareProcessor'
2016-12-15 10:41:32 org.springframework.beans.factory.support.AbstractBeanFactory.doGetBean(AbstractBeanFactory.java:251)  Returning cached instance of singleton bean 'org.springframework.context.annotation.ConfigurationClassPostProcessor.enhancedConfigurationProcessor'
2016-12-15 10:41:32 org.springframework.beans.factory.support.DefaultSingletonBeanRegistry.getSingleton(DefaultSingletonBeanRegistry.java:221)  Creating shared instance of singleton bean 'dept2Dao'
2016-12-15 10:41:32 org.springframework.beans.factory.support.AbstractAutowireCapableBeanFactory.createBean(AbstractAutowireCapableBeanFactory.java:448)  Creating instance of bean 'dept2Dao'
2016-12-15 10:41:32 org.springframework.beans.factory.support.AbstractAutowireCapableBeanFactory.doCreateBean(AbstractAutowireCapableBeanFactory.java:537)  Eagerly caching bean 'dept2Dao' to allow for resolving potential circular references
2016-12-15 10:41:32 org.springframework.beans.factory.support.AbstractBeanFactory.doGetBean(AbstractBeanFactory.java:251)  Returning cached instance of singleton bean 'sqlSessionFactory'
2016-12-15 10:41:32 org.springframework.beans.factory.support.AbstractAutowireCapableBeanFactory.invokeInitMethods(AbstractAutowireCapableBeanFactory.java:1625)  Invoking afterPropertiesSet() on bean with name 'dept2Dao'
2016-12-15 10:41:32 org.springframework.beans.factory.support.AbstractBeanFactory.doGetBean(AbstractBeanFactory.java:251)  Returning cached instance of singleton bean 'org.springframework.transaction.config.internalTransactionAdvisor'
2016-12-15 10:41:32 org.springframework.beans.factory.support.AbstractAutowireCapableBeanFactory.createBean(AbstractAutowireCapableBeanFactory.java:484)  Finished creating instance of bean 'dept2Dao'
2016-12-15 10:41:32 org.springframework.beans.factory.support.AbstractBeanFactory.doGetBean(AbstractBeanFactory.java:251)  Returning cached instance of singleton bean 'deptDao'
2016-12-15 10:41:32 org.springframework.beans.factory.support.DefaultSingletonBeanRegistry.getSingleton(DefaultSingletonBeanRegistry.java:221)  Creating shared instance of singleton bean 'empDao'
2016-12-15 10:41:32 org.springframework.beans.factory.support.AbstractAutowireCapableBeanFactory.createBean(AbstractAutowireCapableBeanFactory.java:448)  Creating instance of bean 'empDao'
2016-12-15 10:41:32 org.springframework.beans.factory.support.AbstractAutowireCapableBeanFactory.doCreateBean(AbstractAutowireCapableBeanFactory.java:537)  Eagerly caching bean 'empDao' to allow for resolving potential circular references
2016-12-15 10:41:32 org.springframework.beans.factory.support.AbstractBeanFactory.doGetBean(AbstractBeanFactory.java:251)  Returning cached instance of singleton bean 'sqlSessionFactory'
2016-12-15 10:41:32 org.springframework.beans.factory.support.AbstractAutowireCapableBeanFactory.invokeInitMethods(AbstractAutowireCapableBeanFactory.java:1625)  Invoking afterPropertiesSet() on bean with name 'empDao'
2016-12-15 10:41:32 org.springframework.beans.factory.support.AbstractBeanFactory.doGetBean(AbstractBeanFactory.java:251)  Returning cached instance of singleton bean 'org.springframework.transaction.config.internalTransactionAdvisor'
2016-12-15 10:41:32 org.springframework.beans.factory.support.AbstractAutowireCapableBeanFactory.createBean(AbstractAutowireCapableBeanFactory.java:484)  Finished creating instance of bean 'empDao'
2016-12-15 10:41:32 org.springframework.beans.factory.support.AbstractBeanFactory.doGetBean(AbstractBeanFactory.java:251)  Returning cached instance of singleton bean 'org.springframework.context.event.internalEventListenerFactory'
2016-12-15 10:41:32 org.springframework.beans.factory.support.AbstractBeanFactory.doGetBean(AbstractBeanFactory.java:251)  Returning cached instance of singleton bean 'org.springframework.transaction.config.internalTransactionalEventListenerFactory'
2016-12-15 10:41:32 org.springframework.context.support.AbstractApplicationContext.initLifecycleProcessor(AbstractApplicationContext.java:784)  Unable to locate LifecycleProcessor with name 'lifecycleProcessor': using default [org.springframework.context.support.DefaultLifecycleProcessor@2e385cce]
2016-12-15 10:41:32 org.springframework.beans.factory.support.AbstractBeanFactory.doGetBean(AbstractBeanFactory.java:251)  Returning cached instance of singleton bean 'lifecycleProcessor'
2016-12-15 10:41:32 org.springframework.beans.factory.support.AbstractBeanFactory.doGetBean(AbstractBeanFactory.java:251)  Returning cached instance of singleton bean 'sqlSessionFactory'
2016-12-15 10:41:32 org.springframework.core.env.PropertySourcesPropertyResolver.getProperty(PropertySourcesPropertyResolver.java:91)  Could not find key 'spring.liveBeansView.mbeanDomain' in any property source
2016-12-15 10:41:32 org.springframework.beans.factory.support.AbstractBeanFactory.doGetBean(AbstractBeanFactory.java:251)  Returning cached instance of singleton bean 'sqlSessionFactory'
2016-12-15 10:41:33 org.apache.ibatis.logging.commons.JakartaCommonsLoggingImpl.debug(JakartaCommonsLoggingImpl.java:54)  Cache Hit Ratio [com.hc.dao.Dept2Dao]: 0.0
2016-12-15 10:41:33 org.springframework.jdbc.datasource.DataSourceUtils.doGetConnection(DataSourceUtils.java:110)  Fetching JDBC Connection from DataSource
2016-12-15 10:41:33 com.alibaba.druid.pool.DruidDataSource.init(DruidDataSource.java:715)  {dataSource-1} inited
2016-12-15 10:41:33 org.apache.ibatis.logging.commons.JakartaCommonsLoggingImpl.debug(JakartaCommonsLoggingImpl.java:54)  JDBC Connection [com.mysql.jdbc.JDBC4Connection@782859e] will not be managed by Spring
2016-12-15 10:41:33 org.apache.ibatis.logging.commons.JakartaCommonsLoggingImpl.debug(JakartaCommonsLoggingImpl.java:54)  ==>  Preparing: select deptno, dname, loc,kouhao,yusuan from dept where deptno = ? 
2016-12-15 10:41:33 org.apache.ibatis.logging.commons.JakartaCommonsLoggingImpl.debug(JakartaCommonsLoggingImpl.java:54)  ==> Parameters: 10(Integer)
2016-12-15 10:41:33 org.apache.ibatis.logging.commons.JakartaCommonsLoggingImpl.debug(JakartaCommonsLoggingImpl.java:54)  <==      Total: 1
2016-12-15 10:57:52 org.springframework.core.env.MutablePropertySources.addLast(MutablePropertySources.java:109)  Adding [systemProperties] PropertySource with lowest search precedence
2016-12-15 10:57:52 org.springframework.core.env.MutablePropertySources.addLast(MutablePropertySources.java:109)  Adding [systemEnvironment] PropertySource with lowest search precedence
2016-12-15 10:57:52 org.springframework.core.env.AbstractEnvironment.<init>(AbstractEnvironment.java:124)  Initialized StandardEnvironment with PropertySources [systemProperties,systemEnvironment]
2016-12-15 10:57:52 org.springframework.context.support.AbstractApplicationContext.prepareRefresh(AbstractApplicationContext.java:582)  Refreshing org.springframework.context.support.ClassPathXmlApplicationContext@45c8e616: startup date [Thu Dec 15 10:57:52 CST 2016]; root of context hierarchy
2016-12-15 10:57:52 org.springframework.core.env.MutablePropertySources.addLast(MutablePropertySources.java:109)  Adding [systemProperties] PropertySource with lowest search precedence
2016-12-15 10:57:52 org.springframework.core.env.MutablePropertySources.addLast(MutablePropertySources.java:109)  Adding [systemEnvironment] PropertySource with lowest search precedence
2016-12-15 10:57:52 org.springframework.core.env.AbstractEnvironment.<init>(AbstractEnvironment.java:124)  Initialized StandardEnvironment with PropertySources [systemProperties,systemEnvironment]
2016-12-15 10:57:52 org.springframework.beans.factory.xml.XmlBeanDefinitionReader.loadBeanDefinitions(XmlBeanDefinitionReader.java:317)  Loading XML bean definitions from class path resource [applicationContext.xml]
2016-12-15 10:57:52 org.springframework.beans.factory.xml.DefaultDocumentLoader.loadDocument(DefaultDocumentLoader.java:73)  Using JAXP provider [com.sun.org.apache.xerces.internal.jaxp.DocumentBuilderFactoryImpl]
2016-12-15 10:57:52 org.springframework.beans.factory.xml.PluggableSchemaResolver.getSchemaMappings(PluggableSchemaResolver.java:141)  Loading schema mappings from [META-INF/spring.schemas]
2016-12-15 10:57:52 org.springframework.beans.factory.xml.PluggableSchemaResolver.getSchemaMappings(PluggableSchemaResolver.java:147)  Loaded schema mappings: {http://www.springframework.org/schema/tx/spring-tx-4.3.xsd=org/springframework/transaction/config/spring-tx-4.3.xsd, http://www.springframework.org/schema/tx/spring-tx-2.5.xsd=org/springframework/transaction/config/spring-tx-2.5.xsd, http://www.springframework.org/schema/cache/spring-cache-4.2.xsd=org/springframework/cache/config/spring-cache-4.2.xsd, http://www.springframework.org/schema/aop/spring-aop-4.1.xsd=org/springframework/aop/config/spring-aop-4.1.xsd, http://www.springframework.org/schema/context/spring-context-3.1.xsd=org/springframework/context/config/spring-context-3.1.xsd, http://www.springframework.org/schema/jdbc/spring-jdbc-4.1.xsd=org/springframework/jdbc/config/spring-jdbc-4.1.xsd, http://www.springframework.org/schema/mvc/spring-mvc-4.1.xsd=org/springframework/web/servlet/config/spring-mvc-4.1.xsd, http://www.springframework.org/schema/util/spring-util-3.0.xsd=org/springframework/beans/factory/xml/spring-util-3.0.xsd, http://mybatis.org/schema/mybatis-spring-1.2.xsd=org/mybatis/spring/config/mybatis-spring-1.2.xsd, http://www.springframework.org/schema/tool/spring-tool.xsd=org/springframework/beans/factory/xml/spring-tool-4.3.xsd, http://www.springframework.org/schema/aop/spring-aop-3.2.xsd=org/springframework/aop/config/spring-aop-3.2.xsd, http://www.springframework.org/schema/lang/spring-lang-4.1.xsd=org/springframework/scripting/config/spring-lang-4.1.xsd, http://www.springframework.org/schema/context/spring-context-4.0.xsd=org/springframework/context/config/spring-context-4.0.xsd, http://www.springframework.org/schema/mvc/spring-mvc-3.2.xsd=org/springframework/web/servlet/config/spring-mvc-3.2.xsd, http://www.springframework.org/schema/beans/spring-beans-4.2.xsd=org/springframework/beans/factory/xml/spring-beans-4.2.xsd, http://www.springframework.org/schema/tool/spring-tool-4.1.xsd=org/springframework/beans/factory/xml/spring-tool-4.1.xsd, http://www.springframework.org/schema/lang/spring-lang-3.2.xsd=org/springframework/scripting/config/spring-lang-3.2.xsd, http://www.springframework.org/schema/cache/spring-cache-3.2.xsd=org/springframework/cache/config/spring-cache-3.2.xsd, http://www.springframework.org/schema/jee/spring-jee-4.1.xsd=org/springframework/ejb/config/spring-jee-4.1.xsd, http://www.springframework.org/schema/jdbc/spring-jdbc-3.1.xsd=org/springframework/jdbc/config/spring-jdbc-3.1.xsd, http://www.springframework.org/schema/util/spring-util-2.0.xsd=org/springframework/beans/factory/xml/spring-util-2.0.xsd, http://www.springframework.org/schema/task/spring-task-4.2.xsd=org/springframework/scheduling/config/spring-task-4.2.xsd, http://www.springframework.org/schema/tool/spring-tool-3.2.xsd=org/springframework/beans/factory/xml/spring-tool-3.2.xsd, http://www.springframework.org/schema/context/spring-context.xsd=org/springframework/context/config/spring-context-4.3.xsd, http://www.springframework.org/schema/tx/spring-tx-4.2.xsd=org/springframework/transaction/config/spring-tx-4.2.xsd, http://www.springframework.org/schema/cache/spring-cache-4.1.xsd=org/springframework/cache/config/spring-cache-4.1.xsd, http://www.springframework.org/schema/aop/spring-aop-4.0.xsd=org/springframework/aop/config/spring-aop-4.0.xsd, http://www.springframework.org/schema/jee/spring-jee-3.2.xsd=org/springframework/ejb/config/spring-jee-3.2.xsd, http://www.springframework.org/schema/context/spring-context-3.0.xsd=org/springframework/context/config/spring-context-3.0.xsd, http://www.springframework.org/schema/jdbc/spring-jdbc-4.0.xsd=org/springframework/jdbc/config/spring-jdbc-4.0.xsd, http://www.springframework.org/schema/mvc/spring-mvc-4.0.xsd=org/springframework/web/servlet/config/spring-mvc-4.0.xsd, http://www.springframework.org/schema/util/spring-util-4.3.xsd=org/springframework/beans/factory/xml/spring-util-4.3.xsd, http://www.springframework.org/schema/util/spring-util-2.5.xsd=org/springframework/beans/factory/xml/spring-util-2.5.xsd, http://www.springframework.org/schema/beans/spring-beans-3.2.xsd=org/springframework/beans/factory/xml/spring-beans-3.2.xsd, http://www.springframework.org/schema/aop/spring-aop-3.1.xsd=org/springframework/aop/config/spring-aop-3.1.xsd, http://www.springframework.org/schema/lang/spring-lang-4.0.xsd=org/springframework/scripting/config/spring-lang-4.0.xsd, http://www.springframework.org/schema/mvc/spring-mvc.xsd=org/springframework/web/servlet/config/spring-mvc-4.3.xsd, http://www.springframework.org/schema/mvc/spring-mvc-3.1.xsd=org/springframework/web/servlet/config/spring-mvc-3.1.xsd, http://www.springframework.org/schema/beans/spring-beans-4.1.xsd=org/springframework/beans/factory/xml/spring-beans-4.1.xsd, http://www.springframework.org/schema/tool/spring-tool-4.0.xsd=org/springframework/beans/factory/xml/spring-tool-4.0.xsd, http://www.springframework.org/schema/tx/spring-tx-3.2.xsd=org/springframework/transaction/config/spring-tx-3.2.xsd, http://www.springframework.org/schema/lang/spring-lang-3.1.xsd=org/springframework/scripting/config/spring-lang-3.1.xsd, http://www.springframework.org/schema/cache/spring-cache-3.1.xsd=org/springframework/cache/config/spring-cache-3.1.xsd, http://www.springframework.org/schema/jee/spring-jee-4.0.xsd=org/springframework/ejb/config/spring-jee-4.0.xsd, http://www.springframework.org/schema/jdbc/spring-jdbc-3.0.xsd=org/springframework/jdbc/config/spring-jdbc-3.0.xsd, http://www.springframework.org/schema/task/spring-task-4.1.xsd=org/springframework/scheduling/config/spring-task-4.1.xsd, http://www.springframework.org/schema/jdbc/spring-jdbc.xsd=org/springframework/jdbc/config/spring-jdbc-4.3.xsd, http://www.springframework.org/schema/tool/spring-tool-3.1.xsd=org/springframework/beans/factory/xml/spring-tool-3.1.xsd, http://www.springframework.org/schema/tx/spring-tx-4.1.xsd=org/springframework/transaction/config/spring-tx-4.1.xsd, http://www.springframework.org/schema/cache/spring-cache-4.0.xsd=org/springframework/cache/config/spring-cache-4.0.xsd, http://www.springframework.org/schema/jee/spring-jee-3.1.xsd=org/springframework/ejb/config/spring-jee-3.1.xsd, http://www.springframework.org/schema/util/spring-util-4.2.xsd=org/springframework/beans/factory/xml/spring-util-4.2.xsd, http://www.springframework.org/schema/task/spring-task-3.2.xsd=org/springframework/scheduling/config/spring-task-3.2.xsd, http://www.springframework.org/schema/beans/spring-beans-3.1.xsd=org/springframework/beans/factory/xml/spring-beans-3.1.xsd, http://www.springframework.org/schema/util/spring-util.xsd=org/springframework/beans/factory/xml/spring-util-4.3.xsd, http://www.springframework.org/schema/aop/spring-aop-3.0.xsd=org/springframework/aop/config/spring-aop-3.0.xsd, http://www.springframework.org/schema/mvc/spring-mvc-3.0.xsd=org/springframework/web/servlet/config/spring-mvc-3.0.xsd, http://www.springframework.org/schema/beans/spring-beans-4.0.xsd=org/springframework/beans/factory/xml/spring-beans-4.0.xsd, http://www.springframework.org/schema/beans/spring-beans.xsd=org/springframework/beans/factory/xml/spring-beans-4.3.xsd, http://mybatis.org/schema/mybatis-spring.xsd=org/mybatis/spring/config/mybatis-spring-1.2.xsd, http://www.springframework.org/schema/tx/spring-tx-3.1.xsd=org/springframework/transaction/config/spring-tx-3.1.xsd, http://www.springframework.org/schema/lang/spring-lang-3.0.xsd=org/springframework/scripting/config/spring-lang-3.0.xsd, http://www.springframework.org/schema/context/spring-context-2.5.xsd=org/springframework/context/config/spring-context-2.5.xsd, http://www.springframework.org/schema/context/spring-context-4.3.xsd=org/springframework/context/config/spring-context-4.3.xsd, http://www.springframework.org/schema/task/spring-task-4.0.xsd=org/springframework/scheduling/config/spring-task-4.0.xsd, http://www.springframework.org/schema/tool/spring-tool-3.0.xsd=org/springframework/beans/factory/xml/spring-tool-3.0.xsd, http://www.springframework.org/schema/tx/spring-tx-4.0.xsd=org/springframework/transaction/config/spring-tx-4.0.xsd, http://www.springframework.org/schema/aop/spring-aop-2.0.xsd=org/springframework/aop/config/spring-aop-2.0.xsd, http://www.springframework.org/schema/jee/spring-jee-3.0.xsd=org/springframework/ejb/config/spring-jee-3.0.xsd, http://www.springframework.org/schema/util/spring-util-4.1.xsd=org/springframework/beans/factory/xml/spring-util-4.1.xsd, http://www.springframework.org/schema/task/spring-task-3.1.xsd=org/springframework/scheduling/config/spring-task-3.1.xsd, http://www.springframework.org/schema/beans/spring-beans-3.0.xsd=org/springframework/beans/factory/xml/spring-beans-3.0.xsd, http://www.springframework.org/schema/jee/spring-jee.xsd=org/springframework/ejb/config/spring-jee-4.3.xsd, http://www.springframework.org/schema/aop/spring-aop-2.5.xsd=org/springframework/aop/config/spring-aop-2.5.xsd, http://www.springframework.org/schema/aop/spring-aop-4.3.xsd=org/springframework/aop/config/spring-aop-4.3.xsd, http://www.springframework.org/schema/lang/spring-lang-2.0.xsd=org/springframework/scripting/config/spring-lang-2.0.xsd, http://www.springframework.org/schema/jdbc/spring-jdbc-4.3.xsd=org/springframework/jdbc/config/spring-jdbc-4.3.xsd, http://www.springframework.org/schema/mvc/spring-mvc-4.3.xsd=org/springframework/web/servlet/config/spring-mvc-4.3.xsd, http://www.springframework.org/schema/util/spring-util-3.2.xsd=org/springframework/beans/factory/xml/spring-util-3.2.xsd, http://www.springframework.org/schema/task/spring-task.xsd=org/springframework/scheduling/config/spring-task-4.3.xsd, http://www.springframework.org/schema/tool/spring-tool-2.0.xsd=org/springframework/beans/factory/xml/spring-tool-2.0.xsd, http://www.springframework.org/schema/tx/spring-tx-3.0.xsd=org/springframework/transaction/config/spring-tx-3.0.xsd, http://www.springframework.org/schema/lang/spring-lang-2.5.xsd=org/springframework/scripting/config/spring-lang-2.5.xsd, http://www.springframework.org/schema/lang/spring-lang-4.3.xsd=org/springframework/scripting/config/spring-lang-4.3.xsd, http://www.springframework.org/schema/context/spring-context-4.2.xsd=org/springframework/context/config/spring-context-4.2.xsd, http://www.springframework.org/schema/jee/spring-jee-2.0.xsd=org/springframework/ejb/config/spring-jee-2.0.xsd, http://www.springframework.org/schema/tool/spring-tool-4.3.xsd=org/springframework/beans/factory/xml/spring-tool-4.3.xsd, http://www.springframework.org/schema/tool/spring-tool-2.5.xsd=org/springframework/beans/factory/xml/spring-tool-2.5.xsd, http://www.springframework.org/schema/jee/spring-jee-4.3.xsd=org/springframework/ejb/config/spring-jee-4.3.xsd, http://www.springframework.org/schema/jee/spring-jee-2.5.xsd=org/springframework/ejb/config/spring-jee-2.5.xsd, http://www.springframework.org/schema/util/spring-util-4.0.xsd=org/springframework/beans/factory/xml/spring-util-4.0.xsd, http://www.springframework.org/schema/task/spring-task-3.0.xsd=org/springframework/scheduling/config/spring-task-3.0.xsd, http://www.springframework.org/schema/cache/spring-cache-4.3.xsd=org/springframework/cache/config/spring-cache-4.3.xsd, http://www.springframework.org/schema/aop/spring-aop-4.2.xsd=org/springframework/aop/config/spring-aop-4.2.xsd, http://www.springframework.org/schema/lang/spring-lang.xsd=org/springframework/scripting/config/spring-lang-4.3.xsd, http://www.springframework.org/schema/context/spring-context-3.2.xsd=org/springframework/context/config/spring-context-3.2.xsd, http://www.springframework.org/schema/jdbc/spring-jdbc-4.2.xsd=org/springframework/jdbc/config/spring-jdbc-4.2.xsd, http://www.springframework.org/schema/mvc/spring-mvc-4.2.xsd=org/springframework/web/servlet/config/spring-mvc-4.2.xsd, http://www.springframework.org/schema/util/spring-util-3.1.xsd=org/springframework/beans/factory/xml/spring-util-3.1.xsd, http://www.springframework.org/schema/beans/spring-beans-2.0.xsd=org/springframework/beans/factory/xml/spring-beans-2.0.xsd, http://www.springframework.org/schema/cache/spring-cache.xsd=org/springframework/cache/config/spring-cache-4.3.xsd, http://www.springframework.org/schema/tx/spring-tx.xsd=org/springframework/transaction/config/spring-tx-4.3.xsd, http://www.springframework.org/schema/lang/spring-lang-4.2.xsd=org/springframework/scripting/config/spring-lang-4.2.xsd, http://www.springframework.org/schema/context/spring-context-4.1.xsd=org/springframework/context/config/spring-context-4.1.xsd, http://www.springframework.org/schema/beans/spring-beans-2.5.xsd=org/springframework/beans/factory/xml/spring-beans-2.5.xsd, http://www.springframework.org/schema/beans/spring-beans-4.3.xsd=org/springframework/beans/factory/xml/spring-beans-4.3.xsd, http://www.springframework.org/schema/tool/spring-tool-4.2.xsd=org/springframework/beans/factory/xml/spring-tool-4.2.xsd, http://www.springframework.org/schema/tx/spring-tx-2.0.xsd=org/springframework/transaction/config/spring-tx-2.0.xsd, http://www.alibaba.com/schema/stat.xsd=META-INF/stat.xsd, http://www.springframework.org/schema/jee/spring-jee-4.2.xsd=org/springframework/ejb/config/spring-jee-4.2.xsd, http://www.springframework.org/schema/jdbc/spring-jdbc-3.2.xsd=org/springframework/jdbc/config/spring-jdbc-3.2.xsd, http://www.springframework.org/schema/task/spring-task-4.3.xsd=org/springframework/scheduling/config/spring-task-4.3.xsd, http://www.springframework.org/schema/aop/spring-aop.xsd=org/springframework/aop/config/spring-aop-4.3.xsd}
2016-12-15 10:57:52 org.springframework.beans.factory.xml.PluggableSchemaResolver.resolveEntity(PluggableSchemaResolver.java:119)  Found XML schema [http://www.springframework.org/schema/beans/spring-beans.xsd] in classpath: org/springframework/beans/factory/xml/spring-beans-4.3.xsd
2016-12-15 10:57:52 org.springframework.beans.factory.xml.PluggableSchemaResolver.resolveEntity(PluggableSchemaResolver.java:119)  Found XML schema [http://www.springframework.org/schema/context/spring-context.xsd] in classpath: org/springframework/context/config/spring-context-4.3.xsd
2016-12-15 10:57:52 org.springframework.beans.factory.xml.PluggableSchemaResolver.resolveEntity(PluggableSchemaResolver.java:119)  Found XML schema [http://www.springframework.org/schema/tool/spring-tool-4.3.xsd] in classpath: org/springframework/beans/factory/xml/spring-tool-4.3.xsd
2016-12-15 10:57:52 org.springframework.beans.factory.xml.PluggableSchemaResolver.resolveEntity(PluggableSchemaResolver.java:119)  Found XML schema [http://www.springframework.org/schema/tx/spring-tx.xsd] in classpath: org/springframework/transaction/config/spring-tx-4.3.xsd
2016-12-15 10:57:52 org.springframework.beans.factory.xml.DefaultBeanDefinitionDocumentReader.registerBeanDefinitions(DefaultBeanDefinitionDocumentReader.java:92)  Loading bean definitions
2016-12-15 10:57:52 org.springframework.beans.factory.xml.DefaultNamespaceHandlerResolver.getHandlerMappings(DefaultNamespaceHandlerResolver.java:157)  Loaded NamespaceHandler mappings: {http://www.springframework.org/schema/p=org.springframework.beans.factory.xml.SimplePropertyNamespaceHandler, http://www.springframework.org/schema/mvc=org.springframework.web.servlet.config.MvcNamespaceHandler, http://www.springframework.org/schema/util=org.springframework.beans.factory.xml.UtilNamespaceHandler, http://www.alibaba.com/schema/stat=com.alibaba.druid.support.spring.stat.config.DruidStatNamespaceHandler, http://www.springframework.org/schema/jee=org.springframework.ejb.config.JeeNamespaceHandler, http://www.springframework.org/schema/aop=org.springframework.aop.config.AopNamespaceHandler, http://www.springframework.org/schema/jdbc=org.springframework.jdbc.config.JdbcNamespaceHandler, http://www.springframework.org/schema/cache=org.springframework.cache.config.CacheNamespaceHandler, http://mybatis.org/schema/mybatis-spring=org.mybatis.spring.config.NamespaceHandler, http://www.springframework.org/schema/c=org.springframework.beans.factory.xml.SimpleConstructorNamespaceHandler, http://www.springframework.org/schema/tx=org.springframework.transaction.config.TxNamespaceHandler, http://www.springframework.org/schema/task=org.springframework.scheduling.config.TaskNamespaceHandler, http://www.springframework.org/schema/lang=org.springframework.scripting.config.LangNamespaceHandler, http://www.springframework.org/schema/context=org.springframework.context.config.ContextNamespaceHandler}
2016-12-15 10:57:52 org.springframework.core.env.MutablePropertySources.addLast(MutablePropertySources.java:109)  Adding [systemProperties] PropertySource with lowest search precedence
2016-12-15 10:57:52 org.springframework.core.env.MutablePropertySources.addLast(MutablePropertySources.java:109)  Adding [systemEnvironment] PropertySource with lowest search precedence
2016-12-15 10:57:52 org.springframework.core.env.AbstractEnvironment.<init>(AbstractEnvironment.java:124)  Initialized StandardEnvironment with PropertySources [systemProperties,systemEnvironment]
2016-12-15 10:57:52 org.springframework.core.io.support.PathMatchingResourcePatternResolver.findAllClassPathResources(PathMatchingResourcePatternResolver.java:317)  Resolved classpath location [com/hc/] to resources [URL [file:/D:/SpringMybatisWebDemo/target/classes/com/hc/]]
2016-12-15 10:57:52 org.springframework.core.io.support.PathMatchingResourcePatternResolver.doFindMatchingFileSystemResources(PathMatchingResourcePatternResolver.java:711)  Looking for matching resources in directory tree [D:\SpringMybatisWebDemo\target\classes\com\hc]
2016-12-15 10:57:52 org.springframework.core.io.support.PathMatchingResourcePatternResolver.doRetrieveMatchingFiles(PathMatchingResourcePatternResolver.java:773)  Searching directory [D:\SpringMybatisWebDemo\target\classes\com\hc] for files matching pattern [D:/SpringMybatisWebDemo/target/classes/com/hc/**/*.class]
2016-12-15 10:57:52 org.springframework.core.io.support.PathMatchingResourcePatternResolver.doRetrieveMatchingFiles(PathMatchingResourcePatternResolver.java:773)  Searching directory [D:\SpringMybatisWebDemo\target\classes\com\hc\action] for files matching pattern [D:/SpringMybatisWebDemo/target/classes/com/hc/**/*.class]
2016-12-15 10:57:52 org.springframework.core.io.support.PathMatchingResourcePatternResolver.doRetrieveMatchingFiles(PathMatchingResourcePatternResolver.java:773)  Searching directory [D:\SpringMybatisWebDemo\target\classes\com\hc\dao] for files matching pattern [D:/SpringMybatisWebDemo/target/classes/com/hc/**/*.class]
2016-12-15 10:57:52 org.springframework.core.io.support.PathMatchingResourcePatternResolver.doRetrieveMatchingFiles(PathMatchingResourcePatternResolver.java:773)  Searching directory [D:\SpringMybatisWebDemo\target\classes\com\hc\domain] for files matching pattern [D:/SpringMybatisWebDemo/target/classes/com/hc/**/*.class]
2016-12-15 10:57:52 org.springframework.core.io.support.PathMatchingResourcePatternResolver.doRetrieveMatchingFiles(PathMatchingResourcePatternResolver.java:773)  Searching directory [D:\SpringMybatisWebDemo\target\classes\com\hc\mapping] for files matching pattern [D:/SpringMybatisWebDemo/target/classes/com/hc/**/*.class]
2016-12-15 10:57:52 org.springframework.core.io.support.PathMatchingResourcePatternResolver.doRetrieveMatchingFiles(PathMatchingResourcePatternResolver.java:773)  Searching directory [D:\SpringMybatisWebDemo\target\classes\com\hc\service] for files matching pattern [D:/SpringMybatisWebDemo/target/classes/com/hc/**/*.class]
2016-12-15 10:57:52 org.springframework.core.io.support.PathMatchingResourcePatternResolver.doRetrieveMatchingFiles(PathMatchingResourcePatternResolver.java:773)  Searching directory [D:\SpringMybatisWebDemo\target\classes\com\hc\service\impl] for files matching pattern [D:/SpringMybatisWebDemo/target/classes/com/hc/**/*.class]
2016-12-15 10:57:52 org.springframework.core.io.support.PathMatchingResourcePatternResolver.findPathMatchingResources(PathMatchingResourcePatternResolver.java:483)  Resolved location pattern [classpath*:com/hc/**/*.class] to resources [file [D:\SpringMybatisWebDemo\target\classes\com\hc\action\DeptController.class], file [D:\SpringMybatisWebDemo\target\classes\com\hc\action\DeptServlet.class], file [D:\SpringMybatisWebDemo\target\classes\com\hc\dao\Dept2Dao.class], file [D:\SpringMybatisWebDemo\target\classes\com\hc\dao\DeptDao.class], file [D:\SpringMybatisWebDemo\target\classes\com\hc\dao\EmpDao.class], file [D:\SpringMybatisWebDemo\target\classes\com\hc\DemoTest.class], file [D:\SpringMybatisWebDemo\target\classes\com\hc\domain\Dept.class], file [D:\SpringMybatisWebDemo\target\classes\com\hc\domain\Dept2.class], file [D:\SpringMybatisWebDemo\target\classes\com\hc\domain\DeptQuery.class], file [D:\SpringMybatisWebDemo\target\classes\com\hc\domain\Emp.class], file [D:\SpringMybatisWebDemo\target\classes\com\hc\service\DeptService.class], file [D:\SpringMybatisWebDemo\target\classes\com\hc\service\impl\DeptServiceImpl.class]]
2016-12-15 10:57:52 org.springframework.context.annotation.ClassPathScanningCandidateComponentProvider.findCandidateComponents(ClassPathScanningCandidateComponentProvider.java:286)  Identified candidate component class: file [D:\SpringMybatisWebDemo\target\classes\com\hc\action\DeptController.class]
2016-12-15 10:57:52 org.springframework.context.annotation.ClassPathScanningCandidateComponentProvider.findCandidateComponents(ClassPathScanningCandidateComponentProvider.java:286)  Identified candidate component class: file [D:\SpringMybatisWebDemo\target\classes\com\hc\service\impl\DeptServiceImpl.class]
2016-12-15 10:57:52 org.springframework.beans.factory.xml.BeanDefinitionParserDelegate.parseBeanDefinitionElement(BeanDefinitionParserDelegate.java:481)  Neither XML 'id' nor 'name' specified - using generated bean name [org.mybatis.spring.mapper.MapperScannerConfigurer#0]
2016-12-15 10:57:52 org.springframework.beans.factory.support.AbstractBeanDefinitionReader.loadBeanDefinitions(AbstractBeanDefinitionReader.java:224)  Loaded 17 bean definitions from location pattern [applicationContext.xml]
2016-12-15 10:57:52 org.springframework.context.support.AbstractApplicationContext.obtainFreshBeanFactory(AbstractApplicationContext.java:616)  Bean factory for org.springframework.context.support.ClassPathXmlApplicationContext@45c8e616: org.springframework.beans.factory.support.DefaultListableBeanFactory@25359ed8: defining beans [deptController,deptServiceImpl,org.springframework.context.annotation.internalConfigurationAnnotationProcessor,org.springframework.context.annotation.internalAutowiredAnnotationProcessor,org.springframework.context.annotation.internalRequiredAnnotationProcessor,org.springframework.context.annotation.internalCommonAnnotationProcessor,org.springframework.context.event.internalEventListenerProcessor,org.springframework.context.event.internalEventListenerFactory,dataSource123,sqlSessionFactory,org.mybatis.spring.mapper.MapperScannerConfigurer#0,txManager,org.springframework.transaction.config.internalTransactionalEventListenerFactory,org.springframework.aop.config.internalAutoProxyCreator,org.springframework.transaction.annotation.AnnotationTransactionAttributeSource#0,org.springframework.transaction.interceptor.TransactionInterceptor#0,org.springframework.transaction.config.internalTransactionAdvisor]; root of factory hierarchy
2016-12-15 10:57:52 org.springframework.beans.factory.support.DefaultSingletonBeanRegistry.getSingleton(DefaultSingletonBeanRegistry.java:221)  Creating shared instance of singleton bean 'org.springframework.context.annotation.internalConfigurationAnnotationProcessor'
2016-12-15 10:57:52 org.springframework.beans.factory.support.AbstractAutowireCapableBeanFactory.createBean(AbstractAutowireCapableBeanFactory.java:448)  Creating instance of bean 'org.springframework.context.annotation.internalConfigurationAnnotationProcessor'
2016-12-15 10:57:52 org.springframework.beans.factory.support.AbstractAutowireCapableBeanFactory.doCreateBean(AbstractAutowireCapableBeanFactory.java:537)  Eagerly caching bean 'org.springframework.context.annotation.internalConfigurationAnnotationProcessor' to allow for resolving potential circular references
2016-12-15 10:57:52 org.springframework.beans.factory.support.AbstractAutowireCapableBeanFactory.createBean(AbstractAutowireCapableBeanFactory.java:484)  Finished creating instance of bean 'org.springframework.context.annotation.internalConfigurationAnnotationProcessor'
2016-12-15 10:57:52 org.springframework.beans.factory.support.DefaultSingletonBeanRegistry.getSingleton(DefaultSingletonBeanRegistry.java:221)  Creating shared instance of singleton bean 'org.mybatis.spring.mapper.MapperScannerConfigurer#0'
2016-12-15 10:57:52 org.springframework.beans.factory.support.AbstractAutowireCapableBeanFactory.createBean(AbstractAutowireCapableBeanFactory.java:448)  Creating instance of bean 'org.mybatis.spring.mapper.MapperScannerConfigurer#0'
2016-12-15 10:57:52 org.springframework.beans.factory.support.AbstractAutowireCapableBeanFactory.doCreateBean(AbstractAutowireCapableBeanFactory.java:537)  Eagerly caching bean 'org.mybatis.spring.mapper.MapperScannerConfigurer#0' to allow for resolving potential circular references
2016-12-15 10:57:52 org.springframework.beans.factory.support.AbstractAutowireCapableBeanFactory.invokeInitMethods(AbstractAutowireCapableBeanFactory.java:1625)  Invoking afterPropertiesSet() on bean with name 'org.mybatis.spring.mapper.MapperScannerConfigurer#0'
2016-12-15 10:57:52 org.springframework.beans.factory.support.AbstractAutowireCapableBeanFactory.createBean(AbstractAutowireCapableBeanFactory.java:484)  Finished creating instance of bean 'org.mybatis.spring.mapper.MapperScannerConfigurer#0'
2016-12-15 10:57:52 org.springframework.core.env.MutablePropertySources.addLast(MutablePropertySources.java:109)  Adding [systemProperties] PropertySource with lowest search precedence
2016-12-15 10:57:52 org.springframework.core.env.MutablePropertySources.addLast(MutablePropertySources.java:109)  Adding [systemEnvironment] PropertySource with lowest search precedence
2016-12-15 10:57:52 org.springframework.core.env.AbstractEnvironment.<init>(AbstractEnvironment.java:124)  Initialized StandardEnvironment with PropertySources [systemProperties,systemEnvironment]
2016-12-15 10:57:52 org.springframework.core.io.support.PathMatchingResourcePatternResolver.findAllClassPathResources(PathMatchingResourcePatternResolver.java:317)  Resolved classpath location [com/hc/dao/] to resources [URL [file:/D:/SpringMybatisWebDemo/target/classes/com/hc/dao/]]
2016-12-15 10:57:52 org.springframework.core.io.support.PathMatchingResourcePatternResolver.doFindMatchingFileSystemResources(PathMatchingResourcePatternResolver.java:711)  Looking for matching resources in directory tree [D:\SpringMybatisWebDemo\target\classes\com\hc\dao]
2016-12-15 10:57:52 org.springframework.core.io.support.PathMatchingResourcePatternResolver.doRetrieveMatchingFiles(PathMatchingResourcePatternResolver.java:773)  Searching directory [D:\SpringMybatisWebDemo\target\classes\com\hc\dao] for files matching pattern [D:/SpringMybatisWebDemo/target/classes/com/hc/dao/**/*.class]
2016-12-15 10:57:52 org.springframework.core.io.support.PathMatchingResourcePatternResolver.findPathMatchingResources(PathMatchingResourcePatternResolver.java:483)  Resolved location pattern [classpath*:com/hc/dao/**/*.class] to resources [file [D:\SpringMybatisWebDemo\target\classes\com\hc\dao\Dept2Dao.class], file [D:\SpringMybatisWebDemo\target\classes\com\hc\dao\DeptDao.class], file [D:\SpringMybatisWebDemo\target\classes\com\hc\dao\EmpDao.class]]
2016-12-15 10:57:52 org.springframework.context.annotation.ClassPathScanningCandidateComponentProvider.findCandidateComponents(ClassPathScanningCandidateComponentProvider.java:286)  Identified candidate component class: file [D:\SpringMybatisWebDemo\target\classes\com\hc\dao\Dept2Dao.class]
2016-12-15 10:57:52 org.springframework.context.annotation.ClassPathScanningCandidateComponentProvider.findCandidateComponents(ClassPathScanningCandidateComponentProvider.java:286)  Identified candidate component class: file [D:\SpringMybatisWebDemo\target\classes\com\hc\dao\DeptDao.class]
2016-12-15 10:57:52 org.springframework.context.annotation.ClassPathScanningCandidateComponentProvider.findCandidateComponents(ClassPathScanningCandidateComponentProvider.java:286)  Identified candidate component class: file [D:\SpringMybatisWebDemo\target\classes\com\hc\dao\EmpDao.class]
2016-12-15 10:57:52 org.mybatis.spring.mapper.ClassPathMapperScanner.processBeanDefinitions(ClassPathMapperScanner.java:181)  Creating MapperFactoryBean with name 'dept2Dao' and 'com.hc.dao.Dept2Dao' mapperInterface
2016-12-15 10:57:52 org.mybatis.spring.mapper.ClassPathMapperScanner.processBeanDefinitions(ClassPathMapperScanner.java:181)  Creating MapperFactoryBean with name 'deptDao' and 'com.hc.dao.DeptDao' mapperInterface
2016-12-15 10:57:52 org.mybatis.spring.mapper.ClassPathMapperScanner.processBeanDefinitions(ClassPathMapperScanner.java:181)  Creating MapperFactoryBean with name 'empDao' and 'com.hc.dao.EmpDao' mapperInterface
2016-12-15 10:57:52 org.springframework.beans.factory.support.DefaultSingletonBeanRegistry.getSingleton(DefaultSingletonBeanRegistry.java:221)  Creating shared instance of singleton bean 'org.springframework.context.annotation.internalAutowiredAnnotationProcessor'
2016-12-15 10:57:52 org.springframework.beans.factory.support.AbstractAutowireCapableBeanFactory.createBean(AbstractAutowireCapableBeanFactory.java:448)  Creating instance of bean 'org.springframework.context.annotation.internalAutowiredAnnotationProcessor'
2016-12-15 10:57:52 org.springframework.beans.factory.support.AbstractAutowireCapableBeanFactory.doCreateBean(AbstractAutowireCapableBeanFactory.java:537)  Eagerly caching bean 'org.springframework.context.annotation.internalAutowiredAnnotationProcessor' to allow for resolving potential circular references
2016-12-15 10:57:52 org.springframework.beans.factory.support.AbstractAutowireCapableBeanFactory.createBean(AbstractAutowireCapableBeanFactory.java:484)  Finished creating instance of bean 'org.springframework.context.annotation.internalAutowiredAnnotationProcessor'
2016-12-15 10:57:52 org.springframework.beans.factory.support.DefaultSingletonBeanRegistry.getSingleton(DefaultSingletonBeanRegistry.java:221)  Creating shared instance of singleton bean 'org.springframework.context.annotation.internalRequiredAnnotationProcessor'
2016-12-15 10:57:52 org.springframework.beans.factory.support.AbstractAutowireCapableBeanFactory.createBean(AbstractAutowireCapableBeanFactory.java:448)  Creating instance of bean 'org.springframework.context.annotation.internalRequiredAnnotationProcessor'
2016-12-15 10:57:52 org.springframework.beans.factory.support.AbstractAutowireCapableBeanFactory.doCreateBean(AbstractAutowireCapableBeanFactory.java:537)  Eagerly caching bean 'org.springframework.context.annotation.internalRequiredAnnotationProcessor' to allow for resolving potential circular references
2016-12-15 10:57:52 org.springframework.beans.factory.support.AbstractAutowireCapableBeanFactory.createBean(AbstractAutowireCapableBeanFactory.java:484)  Finished creating instance of bean 'org.springframework.context.annotation.internalRequiredAnnotationProcessor'
2016-12-15 10:57:52 org.springframework.beans.factory.support.DefaultSingletonBeanRegistry.getSingleton(DefaultSingletonBeanRegistry.java:221)  Creating shared instance of singleton bean 'org.springframework.context.annotation.internalCommonAnnotationProcessor'
2016-12-15 10:57:52 org.springframework.beans.factory.support.AbstractAutowireCapableBeanFactory.createBean(AbstractAutowireCapableBeanFactory.java:448)  Creating instance of bean 'org.springframework.context.annotation.internalCommonAnnotationProcessor'
2016-12-15 10:57:52 org.springframework.beans.factory.support.AbstractAutowireCapableBeanFactory.doCreateBean(AbstractAutowireCapableBeanFactory.java:537)  Eagerly caching bean 'org.springframework.context.annotation.internalCommonAnnotationProcessor' to allow for resolving potential circular references
2016-12-15 10:57:52 org.springframework.beans.factory.support.AbstractAutowireCapableBeanFactory.createBean(AbstractAutowireCapableBeanFactory.java:484)  Finished creating instance of bean 'org.springframework.context.annotation.internalCommonAnnotationProcessor'
2016-12-15 10:57:52 org.springframework.beans.factory.support.DefaultSingletonBeanRegistry.getSingleton(DefaultSingletonBeanRegistry.java:221)  Creating shared instance of singleton bean 'org.springframework.context.annotation.ConfigurationClassPostProcessor.importAwareProcessor'
2016-12-15 10:57:52 org.springframework.beans.factory.support.AbstractAutowireCapableBeanFactory.createBean(AbstractAutowireCapableBeanFactory.java:448)  Creating instance of bean 'org.springframework.context.annotation.ConfigurationClassPostProcessor.importAwareProcessor'
2016-12-15 10:57:52 org.springframework.beans.factory.support.AbstractAutowireCapableBeanFactory.doCreateBean(AbstractAutowireCapableBeanFactory.java:537)  Eagerly caching bean 'org.springframework.context.annotation.ConfigurationClassPostProcessor.importAwareProcessor' to allow for resolving potential circular references
2016-12-15 10:57:52 org.springframework.beans.factory.support.AbstractAutowireCapableBeanFactory.createBean(AbstractAutowireCapableBeanFactory.java:484)  Finished creating instance of bean 'org.springframework.context.annotation.ConfigurationClassPostProcessor.importAwareProcessor'
2016-12-15 10:57:52 org.springframework.beans.factory.support.DefaultSingletonBeanRegistry.getSingleton(DefaultSingletonBeanRegistry.java:221)  Creating shared instance of singleton bean 'org.springframework.context.annotation.ConfigurationClassPostProcessor.enhancedConfigurationProcessor'
2016-12-15 10:57:52 org.springframework.beans.factory.support.AbstractAutowireCapableBeanFactory.createBean(AbstractAutowireCapableBeanFactory.java:448)  Creating instance of bean 'org.springframework.context.annotation.ConfigurationClassPostProcessor.enhancedConfigurationProcessor'
2016-12-15 10:57:52 org.springframework.beans.factory.support.AbstractAutowireCapableBeanFactory.doCreateBean(AbstractAutowireCapableBeanFactory.java:537)  Eagerly caching bean 'org.springframework.context.annotation.ConfigurationClassPostProcessor.enhancedConfigurationProcessor' to allow for resolving potential circular references
2016-12-15 10:57:52 org.springframework.beans.factory.support.AbstractAutowireCapableBeanFactory.createBean(AbstractAutowireCapableBeanFactory.java:484)  Finished creating instance of bean 'org.springframework.context.annotation.ConfigurationClassPostProcessor.enhancedConfigurationProcessor'
2016-12-15 10:57:52 org.springframework.beans.factory.support.DefaultSingletonBeanRegistry.getSingleton(DefaultSingletonBeanRegistry.java:221)  Creating shared instance of singleton bean 'org.springframework.aop.config.internalAutoProxyCreator'
2016-12-15 10:57:52 org.springframework.beans.factory.support.AbstractAutowireCapableBeanFactory.createBean(AbstractAutowireCapableBeanFactory.java:448)  Creating instance of bean 'org.springframework.aop.config.internalAutoProxyCreator'
2016-12-15 10:57:52 org.springframework.beans.factory.support.AbstractAutowireCapableBeanFactory.doCreateBean(AbstractAutowireCapableBeanFactory.java:537)  Eagerly caching bean 'org.springframework.aop.config.internalAutoProxyCreator' to allow for resolving potential circular references
2016-12-15 10:57:52 org.springframework.beans.factory.support.AbstractAutowireCapableBeanFactory.createBean(AbstractAutowireCapableBeanFactory.java:484)  Finished creating instance of bean 'org.springframework.aop.config.internalAutoProxyCreator'
2016-12-15 10:57:52 org.springframework.context.support.AbstractApplicationContext.initMessageSource(AbstractApplicationContext.java:733)  Unable to locate MessageSource with name 'messageSource': using default [org.springframework.context.support.DelegatingMessageSource@7193666c]
2016-12-15 10:57:52 org.springframework.context.support.AbstractApplicationContext.initApplicationEventMulticaster(AbstractApplicationContext.java:757)  Unable to locate ApplicationEventMulticaster with name 'applicationEventMulticaster': using default [org.springframework.context.event.SimpleApplicationEventMulticaster@55b7a4e0]
2016-12-15 10:57:52 org.springframework.beans.factory.support.DefaultListableBeanFactory.preInstantiateSingletons(DefaultListableBeanFactory.java:723)  Pre-instantiating singletons in org.springframework.beans.factory.support.DefaultListableBeanFactory@25359ed8: defining beans [deptController,deptServiceImpl,org.springframework.context.annotation.internalConfigurationAnnotationProcessor,org.springframework.context.annotation.internalAutowiredAnnotationProcessor,org.springframework.context.annotation.internalRequiredAnnotationProcessor,org.springframework.context.annotation.internalCommonAnnotationProcessor,org.springframework.context.event.internalEventListenerProcessor,org.springframework.context.event.internalEventListenerFactory,dataSource123,sqlSessionFactory,org.mybatis.spring.mapper.MapperScannerConfigurer#0,txManager,org.springframework.transaction.config.internalTransactionalEventListenerFactory,org.springframework.aop.config.internalAutoProxyCreator,org.springframework.transaction.annotation.AnnotationTransactionAttributeSource#0,org.springframework.transaction.interceptor.TransactionInterceptor#0,org.springframework.transaction.config.internalTransactionAdvisor,org.springframework.context.annotation.ConfigurationClassPostProcessor.importAwareProcessor,org.springframework.context.annotation.ConfigurationClassPostProcessor.enhancedConfigurationProcessor,dept2Dao,deptDao,empDao]; root of factory hierarchy
2016-12-15 10:57:52 org.springframework.beans.factory.support.DefaultSingletonBeanRegistry.getSingleton(DefaultSingletonBeanRegistry.java:221)  Creating shared instance of singleton bean 'deptController'
2016-12-15 10:57:52 org.springframework.beans.factory.support.AbstractAutowireCapableBeanFactory.createBean(AbstractAutowireCapableBeanFactory.java:448)  Creating instance of bean 'deptController'
2016-12-15 10:57:52 org.springframework.beans.factory.annotation.InjectionMetadata.checkConfigMembers(InjectionMetadata.java:72)  Registered injected element on class [com.hc.action.DeptController]: AutowiredFieldElement for private com.hc.service.DeptService com.hc.action.DeptController.deptService
2016-12-15 10:57:52 org.springframework.beans.factory.support.AbstractAutowireCapableBeanFactory.doCreateBean(AbstractAutowireCapableBeanFactory.java:537)  Eagerly caching bean 'deptController' to allow for resolving potential circular references
2016-12-15 10:57:52 org.springframework.beans.factory.annotation.InjectionMetadata.inject(InjectionMetadata.java:86)  Processing injected element of bean 'deptController': AutowiredFieldElement for private com.hc.service.DeptService com.hc.action.DeptController.deptService
2016-12-15 10:57:52 org.springframework.beans.factory.support.DefaultSingletonBeanRegistry.getSingleton(DefaultSingletonBeanRegistry.java:221)  Creating shared instance of singleton bean 'deptServiceImpl'
2016-12-15 10:57:52 org.springframework.beans.factory.support.AbstractAutowireCapableBeanFactory.createBean(AbstractAutowireCapableBeanFactory.java:448)  Creating instance of bean 'deptServiceImpl'
2016-12-15 10:57:52 org.springframework.beans.factory.annotation.InjectionMetadata.checkConfigMembers(InjectionMetadata.java:72)  Registered injected element on class [com.hc.service.impl.DeptServiceImpl]: AutowiredFieldElement for private com.hc.dao.DeptDao com.hc.service.impl.DeptServiceImpl.deptDao
2016-12-15 10:57:52 org.springframework.beans.factory.support.AbstractAutowireCapableBeanFactory.doCreateBean(AbstractAutowireCapableBeanFactory.java:537)  Eagerly caching bean 'deptServiceImpl' to allow for resolving potential circular references
2016-12-15 10:57:52 org.springframework.beans.factory.annotation.InjectionMetadata.inject(InjectionMetadata.java:86)  Processing injected element of bean 'deptServiceImpl': AutowiredFieldElement for private com.hc.dao.DeptDao com.hc.service.impl.DeptServiceImpl.deptDao
2016-12-15 10:57:52 org.springframework.beans.factory.support.DefaultSingletonBeanRegistry.getSingleton(DefaultSingletonBeanRegistry.java:221)  Creating shared instance of singleton bean 'deptDao'
2016-12-15 10:57:52 org.springframework.beans.factory.support.AbstractAutowireCapableBeanFactory.createBean(AbstractAutowireCapableBeanFactory.java:448)  Creating instance of bean 'deptDao'
2016-12-15 10:57:52 org.springframework.beans.factory.support.AbstractAutowireCapableBeanFactory.doCreateBean(AbstractAutowireCapableBeanFactory.java:537)  Eagerly caching bean 'deptDao' to allow for resolving potential circular references
2016-12-15 10:57:52 org.springframework.beans.factory.support.DefaultSingletonBeanRegistry.getSingleton(DefaultSingletonBeanRegistry.java:221)  Creating shared instance of singleton bean 'sqlSessionFactory'
2016-12-15 10:57:52 org.springframework.beans.factory.support.AbstractAutowireCapableBeanFactory.createBean(AbstractAutowireCapableBeanFactory.java:448)  Creating instance of bean 'sqlSessionFactory'
2016-12-15 10:57:52 org.springframework.beans.factory.support.AbstractAutowireCapableBeanFactory.doCreateBean(AbstractAutowireCapableBeanFactory.java:537)  Eagerly caching bean 'sqlSessionFactory' to allow for resolving potential circular references
2016-12-15 10:57:52 org.springframework.beans.factory.support.DefaultSingletonBeanRegistry.getSingleton(DefaultSingletonBeanRegistry.java:221)  Creating shared instance of singleton bean 'dataSource123'
2016-12-15 10:57:52 org.springframework.beans.factory.support.AbstractAutowireCapableBeanFactory.createBean(AbstractAutowireCapableBeanFactory.java:448)  Creating instance of bean 'dataSource123'
2016-12-15 10:57:52 org.springframework.beans.factory.support.AbstractAutowireCapableBeanFactory.doCreateBean(AbstractAutowireCapableBeanFactory.java:537)  Eagerly caching bean 'dataSource123' to allow for resolving potential circular references
2016-12-15 10:57:52 org.springframework.beans.factory.support.DefaultSingletonBeanRegistry.getSingleton(DefaultSingletonBeanRegistry.java:221)  Creating shared instance of singleton bean 'org.springframework.transaction.config.internalTransactionAdvisor'
2016-12-15 10:57:52 org.springframework.beans.factory.support.AbstractAutowireCapableBeanFactory.createBean(AbstractAutowireCapableBeanFactory.java:448)  Creating instance of bean 'org.springframework.transaction.config.internalTransactionAdvisor'
2016-12-15 10:57:52 org.springframework.beans.factory.support.AbstractAutowireCapableBeanFactory.doCreateBean(AbstractAutowireCapableBeanFactory.java:537)  Eagerly caching bean 'org.springframework.transaction.config.internalTransactionAdvisor' to allow for resolving potential circular references
2016-12-15 10:57:52 org.springframework.beans.factory.support.DefaultSingletonBeanRegistry.getSingleton(DefaultSingletonBeanRegistry.java:221)  Creating shared instance of singleton bean 'org.springframework.transaction.annotation.AnnotationTransactionAttributeSource#0'
2016-12-15 10:57:52 org.springframework.beans.factory.support.AbstractAutowireCapableBeanFactory.createBean(AbstractAutowireCapableBeanFactory.java:448)  Creating instance of bean 'org.springframework.transaction.annotation.AnnotationTransactionAttributeSource#0'
2016-12-15 10:57:52 org.springframework.beans.factory.support.AbstractAutowireCapableBeanFactory.doCreateBean(AbstractAutowireCapableBeanFactory.java:537)  Eagerly caching bean 'org.springframework.transaction.annotation.AnnotationTransactionAttributeSource#0' to allow for resolving potential circular references
2016-12-15 10:57:52 org.springframework.aop.framework.autoproxy.BeanFactoryAdvisorRetrievalHelper.findAdvisorBeans(BeanFactoryAdvisorRetrievalHelper.java:87)  Skipping currently created advisor 'org.springframework.transaction.config.internalTransactionAdvisor'
2016-12-15 10:57:52 org.springframework.beans.factory.support.AbstractAutowireCapableBeanFactory.createBean(AbstractAutowireCapableBeanFactory.java:484)  Finished creating instance of bean 'org.springframework.transaction.annotation.AnnotationTransactionAttributeSource#0'
2016-12-15 10:57:52 org.springframework.beans.factory.support.AbstractAutowireCapableBeanFactory.createBean(AbstractAutowireCapableBeanFactory.java:484)  Finished creating instance of bean 'org.springframework.transaction.config.internalTransactionAdvisor'
2016-12-15 10:57:52 org.springframework.beans.factory.support.AbstractAutowireCapableBeanFactory.createBean(AbstractAutowireCapableBeanFactory.java:484)  Finished creating instance of bean 'dataSource123'
2016-12-15 10:57:52 org.springframework.beans.factory.support.AbstractAutowireCapableBeanFactory.invokeInitMethods(AbstractAutowireCapableBeanFactory.java:1625)  Invoking afterPropertiesSet() on bean with name 'sqlSessionFactory'
2016-12-15 10:57:53 org.apache.ibatis.logging.commons.JakartaCommonsLoggingImpl.debug(JakartaCommonsLoggingImpl.java:54)  Parsed configuration file: 'class path resource [mybatisMapper.xml]'
2016-12-15 10:57:53 org.apache.ibatis.logging.commons.JakartaCommonsLoggingImpl.debug(JakartaCommonsLoggingImpl.java:54)  Property 'mapperLocations' was not specified or no matching resources found
2016-12-15 10:57:53 org.springframework.beans.factory.support.AbstractBeanFactory.doGetBean(AbstractBeanFactory.java:251)  Returning cached instance of singleton bean 'org.springframework.transaction.config.internalTransactionAdvisor'
2016-12-15 10:57:53 org.springframework.beans.factory.support.AbstractAutowireCapableBeanFactory.createBean(AbstractAutowireCapableBeanFactory.java:484)  Finished creating instance of bean 'sqlSessionFactory'
2016-12-15 10:57:53 org.springframework.beans.factory.support.AbstractBeanFactory.doGetBean(AbstractBeanFactory.java:251)  Returning cached instance of singleton bean 'org.springframework.transaction.config.internalTransactionAdvisor'
2016-12-15 10:57:53 org.springframework.beans.factory.support.AbstractAutowireCapableBeanFactory.invokeInitMethods(AbstractAutowireCapableBeanFactory.java:1625)  Invoking afterPropertiesSet() on bean with name 'deptDao'
2016-12-15 10:57:53 org.springframework.beans.factory.support.AbstractBeanFactory.doGetBean(AbstractBeanFactory.java:251)  Returning cached instance of singleton bean 'org.springframework.transaction.config.internalTransactionAdvisor'
2016-12-15 10:57:53 org.springframework.beans.factory.support.AbstractAutowireCapableBeanFactory.createBean(AbstractAutowireCapableBeanFactory.java:484)  Finished creating instance of bean 'deptDao'
2016-12-15 10:57:53 org.springframework.beans.factory.support.AbstractBeanFactory.doGetBean(AbstractBeanFactory.java:251)  Returning cached instance of singleton bean 'org.springframework.transaction.config.internalTransactionAdvisor'
2016-12-15 10:57:53 org.springframework.beans.factory.annotation.AutowiredAnnotationBeanPostProcessor.registerDependentBeans(AutowiredAnnotationBeanPostProcessor.java:539)  Autowiring by type from bean name 'deptServiceImpl' to bean named 'deptDao'
2016-12-15 10:57:53 org.springframework.beans.factory.support.AbstractBeanFactory.doGetBean(AbstractBeanFactory.java:251)  Returning cached instance of singleton bean 'org.springframework.transaction.config.internalTransactionAdvisor'
2016-12-15 10:57:53 org.springframework.beans.factory.support.AbstractAutowireCapableBeanFactory.createBean(AbstractAutowireCapableBeanFactory.java:484)  Finished creating instance of bean 'deptServiceImpl'
2016-12-15 10:57:53 org.springframework.beans.factory.annotation.AutowiredAnnotationBeanPostProcessor.registerDependentBeans(AutowiredAnnotationBeanPostProcessor.java:539)  Autowiring by type from bean name 'deptController' to bean named 'deptServiceImpl'
2016-12-15 10:57:53 org.springframework.beans.factory.support.AbstractBeanFactory.doGetBean(AbstractBeanFactory.java:251)  Returning cached instance of singleton bean 'org.springframework.transaction.config.internalTransactionAdvisor'
2016-12-15 10:57:53 org.springframework.beans.factory.support.AbstractAutowireCapableBeanFactory.createBean(AbstractAutowireCapableBeanFactory.java:484)  Finished creating instance of bean 'deptController'
2016-12-15 10:57:53 org.springframework.beans.factory.support.AbstractBeanFactory.doGetBean(AbstractBeanFactory.java:251)  Returning cached instance of singleton bean 'deptServiceImpl'
2016-12-15 10:57:53 org.springframework.beans.factory.support.AbstractBeanFactory.doGetBean(AbstractBeanFactory.java:251)  Returning cached instance of singleton bean 'org.springframework.context.annotation.internalConfigurationAnnotationProcessor'
2016-12-15 10:57:53 org.springframework.beans.factory.support.AbstractBeanFactory.doGetBean(AbstractBeanFactory.java:251)  Returning cached instance of singleton bean 'org.springframework.context.annotation.internalAutowiredAnnotationProcessor'
2016-12-15 10:57:53 org.springframework.beans.factory.support.AbstractBeanFactory.doGetBean(AbstractBeanFactory.java:251)  Returning cached instance of singleton bean 'org.springframework.context.annotation.internalRequiredAnnotationProcessor'
2016-12-15 10:57:53 org.springframework.beans.factory.support.AbstractBeanFactory.doGetBean(AbstractBeanFactory.java:251)  Returning cached instance of singleton bean 'org.springframework.context.annotation.internalCommonAnnotationProcessor'
2016-12-15 10:57:53 org.springframework.beans.factory.support.DefaultSingletonBeanRegistry.getSingleton(DefaultSingletonBeanRegistry.java:221)  Creating shared instance of singleton bean 'org.springframework.context.event.internalEventListenerProcessor'
2016-12-15 10:57:53 org.springframework.beans.factory.support.AbstractAutowireCapableBeanFactory.createBean(AbstractAutowireCapableBeanFactory.java:448)  Creating instance of bean 'org.springframework.context.event.internalEventListenerProcessor'
2016-12-15 10:57:53 org.springframework.beans.factory.support.AbstractAutowireCapableBeanFactory.doCreateBean(AbstractAutowireCapableBeanFactory.java:537)  Eagerly caching bean 'org.springframework.context.event.internalEventListenerProcessor' to allow for resolving potential circular references
2016-12-15 10:57:53 org.springframework.beans.factory.support.AbstractBeanFactory.doGetBean(AbstractBeanFactory.java:251)  Returning cached instance of singleton bean 'org.springframework.transaction.config.internalTransactionAdvisor'
2016-12-15 10:57:53 org.springframework.beans.factory.support.AbstractAutowireCapableBeanFactory.createBean(AbstractAutowireCapableBeanFactory.java:484)  Finished creating instance of bean 'org.springframework.context.event.internalEventListenerProcessor'
2016-12-15 10:57:53 org.springframework.beans.factory.support.DefaultSingletonBeanRegistry.getSingleton(DefaultSingletonBeanRegistry.java:221)  Creating shared instance of singleton bean 'org.springframework.context.event.internalEventListenerFactory'
2016-12-15 10:57:53 org.springframework.beans.factory.support.AbstractAutowireCapableBeanFactory.createBean(AbstractAutowireCapableBeanFactory.java:448)  Creating instance of bean 'org.springframework.context.event.internalEventListenerFactory'
2016-12-15 10:57:53 org.springframework.beans.factory.support.AbstractAutowireCapableBeanFactory.doCreateBean(AbstractAutowireCapableBeanFactory.java:537)  Eagerly caching bean 'org.springframework.context.event.internalEventListenerFactory' to allow for resolving potential circular references
2016-12-15 10:57:53 org.springframework.beans.factory.support.AbstractBeanFactory.doGetBean(AbstractBeanFactory.java:251)  Returning cached instance of singleton bean 'org.springframework.transaction.config.internalTransactionAdvisor'
2016-12-15 10:57:53 org.springframework.beans.factory.support.AbstractAutowireCapableBeanFactory.createBean(AbstractAutowireCapableBeanFactory.java:484)  Finished creating instance of bean 'org.springframework.context.event.internalEventListenerFactory'
2016-12-15 10:57:53 org.springframework.beans.factory.support.AbstractBeanFactory.doGetBean(AbstractBeanFactory.java:251)  Returning cached instance of singleton bean 'dataSource123'
2016-12-15 10:57:53 org.springframework.beans.factory.support.AbstractBeanFactory.doGetBean(AbstractBeanFactory.java:251)  Returning cached instance of singleton bean 'sqlSessionFactory'
2016-12-15 10:57:53 org.springframework.beans.factory.support.AbstractBeanFactory.doGetBean(AbstractBeanFactory.java:251)  Returning cached instance of singleton bean 'org.mybatis.spring.mapper.MapperScannerConfigurer#0'
2016-12-15 10:57:53 org.springframework.beans.factory.support.DefaultSingletonBeanRegistry.getSingleton(DefaultSingletonBeanRegistry.java:221)  Creating shared instance of singleton bean 'txManager'
2016-12-15 10:57:53 org.springframework.beans.factory.support.AbstractAutowireCapableBeanFactory.createBean(AbstractAutowireCapableBeanFactory.java:448)  Creating instance of bean 'txManager'
2016-12-15 10:57:53 org.springframework.beans.factory.support.AbstractAutowireCapableBeanFactory.doCreateBean(AbstractAutowireCapableBeanFactory.java:537)  Eagerly caching bean 'txManager' to allow for resolving potential circular references
2016-12-15 10:57:53 org.springframework.beans.factory.support.AbstractBeanFactory.doGetBean(AbstractBeanFactory.java:251)  Returning cached instance of singleton bean 'dataSource123'
2016-12-15 10:57:53 org.springframework.beans.factory.support.AbstractAutowireCapableBeanFactory.invokeInitMethods(AbstractAutowireCapableBeanFactory.java:1625)  Invoking afterPropertiesSet() on bean with name 'txManager'
2016-12-15 10:57:53 org.springframework.beans.factory.support.AbstractBeanFactory.doGetBean(AbstractBeanFactory.java:251)  Returning cached instance of singleton bean 'org.springframework.transaction.config.internalTransactionAdvisor'
2016-12-15 10:57:53 org.springframework.beans.factory.support.AbstractAutowireCapableBeanFactory.createBean(AbstractAutowireCapableBeanFactory.java:484)  Finished creating instance of bean 'txManager'
2016-12-15 10:57:53 org.springframework.beans.factory.support.DefaultSingletonBeanRegistry.getSingleton(DefaultSingletonBeanRegistry.java:221)  Creating shared instance of singleton bean 'org.springframework.transaction.config.internalTransactionalEventListenerFactory'
2016-12-15 10:57:53 org.springframework.beans.factory.support.AbstractAutowireCapableBeanFactory.createBean(AbstractAutowireCapableBeanFactory.java:448)  Creating instance of bean 'org.springframework.transaction.config.internalTransactionalEventListenerFactory'
2016-12-15 10:57:53 org.springframework.beans.factory.support.AbstractAutowireCapableBeanFactory.doCreateBean(AbstractAutowireCapableBeanFactory.java:537)  Eagerly caching bean 'org.springframework.transaction.config.internalTransactionalEventListenerFactory' to allow for resolving potential circular references
2016-12-15 10:57:53 org.springframework.beans.factory.support.AbstractBeanFactory.doGetBean(AbstractBeanFactory.java:251)  Returning cached instance of singleton bean 'org.springframework.transaction.config.internalTransactionAdvisor'
2016-12-15 10:57:53 org.springframework.beans.factory.support.AbstractAutowireCapableBeanFactory.createBean(AbstractAutowireCapableBeanFactory.java:484)  Finished creating instance of bean 'org.springframework.transaction.config.internalTransactionalEventListenerFactory'
2016-12-15 10:57:53 org.springframework.beans.factory.support.AbstractBeanFactory.doGetBean(AbstractBeanFactory.java:251)  Returning cached instance of singleton bean 'org.springframework.aop.config.internalAutoProxyCreator'
2016-12-15 10:57:53 org.springframework.beans.factory.support.AbstractBeanFactory.doGetBean(AbstractBeanFactory.java:251)  Returning cached instance of singleton bean 'org.springframework.transaction.annotation.AnnotationTransactionAttributeSource#0'
2016-12-15 10:57:53 org.springframework.beans.factory.support.DefaultSingletonBeanRegistry.getSingleton(DefaultSingletonBeanRegistry.java:221)  Creating shared instance of singleton bean 'org.springframework.transaction.interceptor.TransactionInterceptor#0'
2016-12-15 10:57:53 org.springframework.beans.factory.support.AbstractAutowireCapableBeanFactory.createBean(AbstractAutowireCapableBeanFactory.java:448)  Creating instance of bean 'org.springframework.transaction.interceptor.TransactionInterceptor#0'
2016-12-15 10:57:53 org.springframework.beans.factory.support.AbstractAutowireCapableBeanFactory.doCreateBean(AbstractAutowireCapableBeanFactory.java:537)  Eagerly caching bean 'org.springframework.transaction.interceptor.TransactionInterceptor#0' to allow for resolving potential circular references
2016-12-15 10:57:53 org.springframework.beans.factory.support.AbstractBeanFactory.doGetBean(AbstractBeanFactory.java:251)  Returning cached instance of singleton bean 'org.springframework.transaction.annotation.AnnotationTransactionAttributeSource#0'
2016-12-15 10:57:53 org.springframework.beans.factory.support.AbstractAutowireCapableBeanFactory.invokeInitMethods(AbstractAutowireCapableBeanFactory.java:1625)  Invoking afterPropertiesSet() on bean with name 'org.springframework.transaction.interceptor.TransactionInterceptor#0'
2016-12-15 10:57:53 org.springframework.beans.factory.support.AbstractAutowireCapableBeanFactory.createBean(AbstractAutowireCapableBeanFactory.java:484)  Finished creating instance of bean 'org.springframework.transaction.interceptor.TransactionInterceptor#0'
2016-12-15 10:57:53 org.springframework.beans.factory.support.AbstractBeanFactory.doGetBean(AbstractBeanFactory.java:251)  Returning cached instance of singleton bean 'org.springframework.transaction.config.internalTransactionAdvisor'
2016-12-15 10:57:53 org.springframework.beans.factory.support.AbstractBeanFactory.doGetBean(AbstractBeanFactory.java:251)  Returning cached instance of singleton bean 'org.springframework.context.annotation.ConfigurationClassPostProcessor.importAwareProcessor'
2016-12-15 10:57:53 org.springframework.beans.factory.support.AbstractBeanFactory.doGetBean(AbstractBeanFactory.java:251)  Returning cached instance of singleton bean 'org.springframework.context.annotation.ConfigurationClassPostProcessor.enhancedConfigurationProcessor'
2016-12-15 10:57:53 org.springframework.beans.factory.support.DefaultSingletonBeanRegistry.getSingleton(DefaultSingletonBeanRegistry.java:221)  Creating shared instance of singleton bean 'dept2Dao'
2016-12-15 10:57:53 org.springframework.beans.factory.support.AbstractAutowireCapableBeanFactory.createBean(AbstractAutowireCapableBeanFactory.java:448)  Creating instance of bean 'dept2Dao'
2016-12-15 10:57:53 org.springframework.beans.factory.support.AbstractAutowireCapableBeanFactory.doCreateBean(AbstractAutowireCapableBeanFactory.java:537)  Eagerly caching bean 'dept2Dao' to allow for resolving potential circular references
2016-12-15 10:57:53 org.springframework.beans.factory.support.AbstractBeanFactory.doGetBean(AbstractBeanFactory.java:251)  Returning cached instance of singleton bean 'sqlSessionFactory'
2016-12-15 10:57:53 org.springframework.beans.factory.support.AbstractAutowireCapableBeanFactory.invokeInitMethods(AbstractAutowireCapableBeanFactory.java:1625)  Invoking afterPropertiesSet() on bean with name 'dept2Dao'
2016-12-15 10:57:53 org.springframework.beans.factory.support.AbstractBeanFactory.doGetBean(AbstractBeanFactory.java:251)  Returning cached instance of singleton bean 'org.springframework.transaction.config.internalTransactionAdvisor'
2016-12-15 10:57:53 org.springframework.beans.factory.support.AbstractAutowireCapableBeanFactory.createBean(AbstractAutowireCapableBeanFactory.java:484)  Finished creating instance of bean 'dept2Dao'
2016-12-15 10:57:53 org.springframework.beans.factory.support.AbstractBeanFactory.doGetBean(AbstractBeanFactory.java:251)  Returning cached instance of singleton bean 'deptDao'
2016-12-15 10:57:53 org.springframework.beans.factory.support.DefaultSingletonBeanRegistry.getSingleton(DefaultSingletonBeanRegistry.java:221)  Creating shared instance of singleton bean 'empDao'
2016-12-15 10:57:53 org.springframework.beans.factory.support.AbstractAutowireCapableBeanFactory.createBean(AbstractAutowireCapableBeanFactory.java:448)  Creating instance of bean 'empDao'
2016-12-15 10:57:53 org.springframework.beans.factory.support.AbstractAutowireCapableBeanFactory.doCreateBean(AbstractAutowireCapableBeanFactory.java:537)  Eagerly caching bean 'empDao' to allow for resolving potential circular references
2016-12-15 10:57:53 org.springframework.beans.factory.support.AbstractBeanFactory.doGetBean(AbstractBeanFactory.java:251)  Returning cached instance of singleton bean 'sqlSessionFactory'
2016-12-15 10:57:53 org.springframework.beans.factory.support.AbstractAutowireCapableBeanFactory.invokeInitMethods(AbstractAutowireCapableBeanFactory.java:1625)  Invoking afterPropertiesSet() on bean with name 'empDao'
2016-12-15 10:57:53 org.springframework.beans.factory.support.AbstractBeanFactory.doGetBean(AbstractBeanFactory.java:251)  Returning cached instance of singleton bean 'org.springframework.transaction.config.internalTransactionAdvisor'
2016-12-15 10:57:53 org.springframework.beans.factory.support.AbstractAutowireCapableBeanFactory.createBean(AbstractAutowireCapableBeanFactory.java:484)  Finished creating instance of bean 'empDao'
2016-12-15 10:57:53 org.springframework.beans.factory.support.AbstractBeanFactory.doGetBean(AbstractBeanFactory.java:251)  Returning cached instance of singleton bean 'org.springframework.context.event.internalEventListenerFactory'
2016-12-15 10:57:53 org.springframework.beans.factory.support.AbstractBeanFactory.doGetBean(AbstractBeanFactory.java:251)  Returning cached instance of singleton bean 'org.springframework.transaction.config.internalTransactionalEventListenerFactory'
2016-12-15 10:57:53 org.springframework.context.support.AbstractApplicationContext.initLifecycleProcessor(AbstractApplicationContext.java:784)  Unable to locate LifecycleProcessor with name 'lifecycleProcessor': using default [org.springframework.context.support.DefaultLifecycleProcessor@2ddc9a9f]
2016-12-15 10:57:53 org.springframework.beans.factory.support.AbstractBeanFactory.doGetBean(AbstractBeanFactory.java:251)  Returning cached instance of singleton bean 'lifecycleProcessor'
2016-12-15 10:57:53 org.springframework.beans.factory.support.AbstractBeanFactory.doGetBean(AbstractBeanFactory.java:251)  Returning cached instance of singleton bean 'sqlSessionFactory'
2016-12-15 10:57:53 org.springframework.core.env.PropertySourcesPropertyResolver.getProperty(PropertySourcesPropertyResolver.java:91)  Could not find key 'spring.liveBeansView.mbeanDomain' in any property source
2016-12-15 10:57:53 org.springframework.beans.factory.support.AbstractBeanFactory.doGetBean(AbstractBeanFactory.java:251)  Returning cached instance of singleton bean 'sqlSessionFactory'
2016-12-15 11:00:07 org.springframework.core.env.MutablePropertySources.addLast(MutablePropertySources.java:109)  Adding [systemProperties] PropertySource with lowest search precedence
2016-12-15 11:00:07 org.springframework.core.env.MutablePropertySources.addLast(MutablePropertySources.java:109)  Adding [systemEnvironment] PropertySource with lowest search precedence
2016-12-15 11:00:07 org.springframework.core.env.AbstractEnvironment.<init>(AbstractEnvironment.java:124)  Initialized StandardEnvironment with PropertySources [systemProperties,systemEnvironment]
2016-12-15 11:00:07 org.springframework.context.support.AbstractApplicationContext.prepareRefresh(AbstractApplicationContext.java:582)  Refreshing org.springframework.context.support.ClassPathXmlApplicationContext@45c8e616: startup date [Thu Dec 15 11:00:07 CST 2016]; root of context hierarchy
2016-12-15 11:00:07 org.springframework.core.env.MutablePropertySources.addLast(MutablePropertySources.java:109)  Adding [systemProperties] PropertySource with lowest search precedence
2016-12-15 11:00:07 org.springframework.core.env.MutablePropertySources.addLast(MutablePropertySources.java:109)  Adding [systemEnvironment] PropertySource with lowest search precedence
2016-12-15 11:00:07 org.springframework.core.env.AbstractEnvironment.<init>(AbstractEnvironment.java:124)  Initialized StandardEnvironment with PropertySources [systemProperties,systemEnvironment]
2016-12-15 11:00:07 org.springframework.beans.factory.xml.XmlBeanDefinitionReader.loadBeanDefinitions(XmlBeanDefinitionReader.java:317)  Loading XML bean definitions from class path resource [applicationContext.xml]
2016-12-15 11:00:07 org.springframework.beans.factory.xml.DefaultDocumentLoader.loadDocument(DefaultDocumentLoader.java:73)  Using JAXP provider [com.sun.org.apache.xerces.internal.jaxp.DocumentBuilderFactoryImpl]
2016-12-15 11:00:07 org.springframework.beans.factory.xml.PluggableSchemaResolver.getSchemaMappings(PluggableSchemaResolver.java:141)  Loading schema mappings from [META-INF/spring.schemas]
2016-12-15 11:00:07 org.springframework.beans.factory.xml.PluggableSchemaResolver.getSchemaMappings(PluggableSchemaResolver.java:147)  Loaded schema mappings: {http://www.springframework.org/schema/tx/spring-tx-4.3.xsd=org/springframework/transaction/config/spring-tx-4.3.xsd, http://www.springframework.org/schema/tx/spring-tx-2.5.xsd=org/springframework/transaction/config/spring-tx-2.5.xsd, http://www.springframework.org/schema/cache/spring-cache-4.2.xsd=org/springframework/cache/config/spring-cache-4.2.xsd, http://www.springframework.org/schema/aop/spring-aop-4.1.xsd=org/springframework/aop/config/spring-aop-4.1.xsd, http://www.springframework.org/schema/context/spring-context-3.1.xsd=org/springframework/context/config/spring-context-3.1.xsd, http://www.springframework.org/schema/jdbc/spring-jdbc-4.1.xsd=org/springframework/jdbc/config/spring-jdbc-4.1.xsd, http://www.springframework.org/schema/mvc/spring-mvc-4.1.xsd=org/springframework/web/servlet/config/spring-mvc-4.1.xsd, http://www.springframework.org/schema/util/spring-util-3.0.xsd=org/springframework/beans/factory/xml/spring-util-3.0.xsd, http://mybatis.org/schema/mybatis-spring-1.2.xsd=org/mybatis/spring/config/mybatis-spring-1.2.xsd, http://www.springframework.org/schema/tool/spring-tool.xsd=org/springframework/beans/factory/xml/spring-tool-4.3.xsd, http://www.springframework.org/schema/aop/spring-aop-3.2.xsd=org/springframework/aop/config/spring-aop-3.2.xsd, http://www.springframework.org/schema/lang/spring-lang-4.1.xsd=org/springframework/scripting/config/spring-lang-4.1.xsd, http://www.springframework.org/schema/context/spring-context-4.0.xsd=org/springframework/context/config/spring-context-4.0.xsd, http://www.springframework.org/schema/mvc/spring-mvc-3.2.xsd=org/springframework/web/servlet/config/spring-mvc-3.2.xsd, http://www.springframework.org/schema/beans/spring-beans-4.2.xsd=org/springframework/beans/factory/xml/spring-beans-4.2.xsd, http://www.springframework.org/schema/tool/spring-tool-4.1.xsd=org/springframework/beans/factory/xml/spring-tool-4.1.xsd, http://www.springframework.org/schema/lang/spring-lang-3.2.xsd=org/springframework/scripting/config/spring-lang-3.2.xsd, http://www.springframework.org/schema/cache/spring-cache-3.2.xsd=org/springframework/cache/config/spring-cache-3.2.xsd, http://www.springframework.org/schema/jee/spring-jee-4.1.xsd=org/springframework/ejb/config/spring-jee-4.1.xsd, http://www.springframework.org/schema/jdbc/spring-jdbc-3.1.xsd=org/springframework/jdbc/config/spring-jdbc-3.1.xsd, http://www.springframework.org/schema/util/spring-util-2.0.xsd=org/springframework/beans/factory/xml/spring-util-2.0.xsd, http://www.springframework.org/schema/task/spring-task-4.2.xsd=org/springframework/scheduling/config/spring-task-4.2.xsd, http://www.springframework.org/schema/tool/spring-tool-3.2.xsd=org/springframework/beans/factory/xml/spring-tool-3.2.xsd, http://www.springframework.org/schema/context/spring-context.xsd=org/springframework/context/config/spring-context-4.3.xsd, http://www.springframework.org/schema/tx/spring-tx-4.2.xsd=org/springframework/transaction/config/spring-tx-4.2.xsd, http://www.springframework.org/schema/cache/spring-cache-4.1.xsd=org/springframework/cache/config/spring-cache-4.1.xsd, http://www.springframework.org/schema/aop/spring-aop-4.0.xsd=org/springframework/aop/config/spring-aop-4.0.xsd, http://www.springframework.org/schema/jee/spring-jee-3.2.xsd=org/springframework/ejb/config/spring-jee-3.2.xsd, http://www.springframework.org/schema/context/spring-context-3.0.xsd=org/springframework/context/config/spring-context-3.0.xsd, http://www.springframework.org/schema/jdbc/spring-jdbc-4.0.xsd=org/springframework/jdbc/config/spring-jdbc-4.0.xsd, http://www.springframework.org/schema/mvc/spring-mvc-4.0.xsd=org/springframework/web/servlet/config/spring-mvc-4.0.xsd, http://www.springframework.org/schema/util/spring-util-4.3.xsd=org/springframework/beans/factory/xml/spring-util-4.3.xsd, http://www.springframework.org/schema/util/spring-util-2.5.xsd=org/springframework/beans/factory/xml/spring-util-2.5.xsd, http://www.springframework.org/schema/beans/spring-beans-3.2.xsd=org/springframework/beans/factory/xml/spring-beans-3.2.xsd, http://www.springframework.org/schema/aop/spring-aop-3.1.xsd=org/springframework/aop/config/spring-aop-3.1.xsd, http://www.springframework.org/schema/lang/spring-lang-4.0.xsd=org/springframework/scripting/config/spring-lang-4.0.xsd, http://www.springframework.org/schema/mvc/spring-mvc.xsd=org/springframework/web/servlet/config/spring-mvc-4.3.xsd, http://www.springframework.org/schema/mvc/spring-mvc-3.1.xsd=org/springframework/web/servlet/config/spring-mvc-3.1.xsd, http://www.springframework.org/schema/beans/spring-beans-4.1.xsd=org/springframework/beans/factory/xml/spring-beans-4.1.xsd, http://www.springframework.org/schema/tool/spring-tool-4.0.xsd=org/springframework/beans/factory/xml/spring-tool-4.0.xsd, http://www.springframework.org/schema/tx/spring-tx-3.2.xsd=org/springframework/transaction/config/spring-tx-3.2.xsd, http://www.springframework.org/schema/lang/spring-lang-3.1.xsd=org/springframework/scripting/config/spring-lang-3.1.xsd, http://www.springframework.org/schema/cache/spring-cache-3.1.xsd=org/springframework/cache/config/spring-cache-3.1.xsd, http://www.springframework.org/schema/jee/spring-jee-4.0.xsd=org/springframework/ejb/config/spring-jee-4.0.xsd, http://www.springframework.org/schema/jdbc/spring-jdbc-3.0.xsd=org/springframework/jdbc/config/spring-jdbc-3.0.xsd, http://www.springframework.org/schema/task/spring-task-4.1.xsd=org/springframework/scheduling/config/spring-task-4.1.xsd, http://www.springframework.org/schema/jdbc/spring-jdbc.xsd=org/springframework/jdbc/config/spring-jdbc-4.3.xsd, http://www.springframework.org/schema/tool/spring-tool-3.1.xsd=org/springframework/beans/factory/xml/spring-tool-3.1.xsd, http://www.springframework.org/schema/tx/spring-tx-4.1.xsd=org/springframework/transaction/config/spring-tx-4.1.xsd, http://www.springframework.org/schema/cache/spring-cache-4.0.xsd=org/springframework/cache/config/spring-cache-4.0.xsd, http://www.springframework.org/schema/jee/spring-jee-3.1.xsd=org/springframework/ejb/config/spring-jee-3.1.xsd, http://www.springframework.org/schema/util/spring-util-4.2.xsd=org/springframework/beans/factory/xml/spring-util-4.2.xsd, http://www.springframework.org/schema/task/spring-task-3.2.xsd=org/springframework/scheduling/config/spring-task-3.2.xsd, http://www.springframework.org/schema/beans/spring-beans-3.1.xsd=org/springframework/beans/factory/xml/spring-beans-3.1.xsd, http://www.springframework.org/schema/util/spring-util.xsd=org/springframework/beans/factory/xml/spring-util-4.3.xsd, http://www.springframework.org/schema/aop/spring-aop-3.0.xsd=org/springframework/aop/config/spring-aop-3.0.xsd, http://www.springframework.org/schema/mvc/spring-mvc-3.0.xsd=org/springframework/web/servlet/config/spring-mvc-3.0.xsd, http://www.springframework.org/schema/beans/spring-beans-4.0.xsd=org/springframework/beans/factory/xml/spring-beans-4.0.xsd, http://www.springframework.org/schema/beans/spring-beans.xsd=org/springframework/beans/factory/xml/spring-beans-4.3.xsd, http://mybatis.org/schema/mybatis-spring.xsd=org/mybatis/spring/config/mybatis-spring-1.2.xsd, http://www.springframework.org/schema/tx/spring-tx-3.1.xsd=org/springframework/transaction/config/spring-tx-3.1.xsd, http://www.springframework.org/schema/lang/spring-lang-3.0.xsd=org/springframework/scripting/config/spring-lang-3.0.xsd, http://www.springframework.org/schema/context/spring-context-2.5.xsd=org/springframework/context/config/spring-context-2.5.xsd, http://www.springframework.org/schema/context/spring-context-4.3.xsd=org/springframework/context/config/spring-context-4.3.xsd, http://www.springframework.org/schema/task/spring-task-4.0.xsd=org/springframework/scheduling/config/spring-task-4.0.xsd, http://www.springframework.org/schema/tool/spring-tool-3.0.xsd=org/springframework/beans/factory/xml/spring-tool-3.0.xsd, http://www.springframework.org/schema/tx/spring-tx-4.0.xsd=org/springframework/transaction/config/spring-tx-4.0.xsd, http://www.springframework.org/schema/aop/spring-aop-2.0.xsd=org/springframework/aop/config/spring-aop-2.0.xsd, http://www.springframework.org/schema/jee/spring-jee-3.0.xsd=org/springframework/ejb/config/spring-jee-3.0.xsd, http://www.springframework.org/schema/util/spring-util-4.1.xsd=org/springframework/beans/factory/xml/spring-util-4.1.xsd, http://www.springframework.org/schema/task/spring-task-3.1.xsd=org/springframework/scheduling/config/spring-task-3.1.xsd, http://www.springframework.org/schema/beans/spring-beans-3.0.xsd=org/springframework/beans/factory/xml/spring-beans-3.0.xsd, http://www.springframework.org/schema/jee/spring-jee.xsd=org/springframework/ejb/config/spring-jee-4.3.xsd, http://www.springframework.org/schema/aop/spring-aop-2.5.xsd=org/springframework/aop/config/spring-aop-2.5.xsd, http://www.springframework.org/schema/aop/spring-aop-4.3.xsd=org/springframework/aop/config/spring-aop-4.3.xsd, http://www.springframework.org/schema/lang/spring-lang-2.0.xsd=org/springframework/scripting/config/spring-lang-2.0.xsd, http://www.springframework.org/schema/jdbc/spring-jdbc-4.3.xsd=org/springframework/jdbc/config/spring-jdbc-4.3.xsd, http://www.springframework.org/schema/mvc/spring-mvc-4.3.xsd=org/springframework/web/servlet/config/spring-mvc-4.3.xsd, http://www.springframework.org/schema/util/spring-util-3.2.xsd=org/springframework/beans/factory/xml/spring-util-3.2.xsd, http://www.springframework.org/schema/task/spring-task.xsd=org/springframework/scheduling/config/spring-task-4.3.xsd, http://www.springframework.org/schema/tool/spring-tool-2.0.xsd=org/springframework/beans/factory/xml/spring-tool-2.0.xsd, http://www.springframework.org/schema/tx/spring-tx-3.0.xsd=org/springframework/transaction/config/spring-tx-3.0.xsd, http://www.springframework.org/schema/lang/spring-lang-2.5.xsd=org/springframework/scripting/config/spring-lang-2.5.xsd, http://www.springframework.org/schema/lang/spring-lang-4.3.xsd=org/springframework/scripting/config/spring-lang-4.3.xsd, http://www.springframework.org/schema/context/spring-context-4.2.xsd=org/springframework/context/config/spring-context-4.2.xsd, http://www.springframework.org/schema/jee/spring-jee-2.0.xsd=org/springframework/ejb/config/spring-jee-2.0.xsd, http://www.springframework.org/schema/tool/spring-tool-4.3.xsd=org/springframework/beans/factory/xml/spring-tool-4.3.xsd, http://www.springframework.org/schema/tool/spring-tool-2.5.xsd=org/springframework/beans/factory/xml/spring-tool-2.5.xsd, http://www.springframework.org/schema/jee/spring-jee-4.3.xsd=org/springframework/ejb/config/spring-jee-4.3.xsd, http://www.springframework.org/schema/jee/spring-jee-2.5.xsd=org/springframework/ejb/config/spring-jee-2.5.xsd, http://www.springframework.org/schema/util/spring-util-4.0.xsd=org/springframework/beans/factory/xml/spring-util-4.0.xsd, http://www.springframework.org/schema/task/spring-task-3.0.xsd=org/springframework/scheduling/config/spring-task-3.0.xsd, http://www.springframework.org/schema/cache/spring-cache-4.3.xsd=org/springframework/cache/config/spring-cache-4.3.xsd, http://www.springframework.org/schema/aop/spring-aop-4.2.xsd=org/springframework/aop/config/spring-aop-4.2.xsd, http://www.springframework.org/schema/lang/spring-lang.xsd=org/springframework/scripting/config/spring-lang-4.3.xsd, http://www.springframework.org/schema/context/spring-context-3.2.xsd=org/springframework/context/config/spring-context-3.2.xsd, http://www.springframework.org/schema/jdbc/spring-jdbc-4.2.xsd=org/springframework/jdbc/config/spring-jdbc-4.2.xsd, http://www.springframework.org/schema/mvc/spring-mvc-4.2.xsd=org/springframework/web/servlet/config/spring-mvc-4.2.xsd, http://www.springframework.org/schema/util/spring-util-3.1.xsd=org/springframework/beans/factory/xml/spring-util-3.1.xsd, http://www.springframework.org/schema/beans/spring-beans-2.0.xsd=org/springframework/beans/factory/xml/spring-beans-2.0.xsd, http://www.springframework.org/schema/cache/spring-cache.xsd=org/springframework/cache/config/spring-cache-4.3.xsd, http://www.springframework.org/schema/tx/spring-tx.xsd=org/springframework/transaction/config/spring-tx-4.3.xsd, http://www.springframework.org/schema/lang/spring-lang-4.2.xsd=org/springframework/scripting/config/spring-lang-4.2.xsd, http://www.springframework.org/schema/context/spring-context-4.1.xsd=org/springframework/context/config/spring-context-4.1.xsd, http://www.springframework.org/schema/beans/spring-beans-2.5.xsd=org/springframework/beans/factory/xml/spring-beans-2.5.xsd, http://www.springframework.org/schema/beans/spring-beans-4.3.xsd=org/springframework/beans/factory/xml/spring-beans-4.3.xsd, http://www.springframework.org/schema/tool/spring-tool-4.2.xsd=org/springframework/beans/factory/xml/spring-tool-4.2.xsd, http://www.springframework.org/schema/tx/spring-tx-2.0.xsd=org/springframework/transaction/config/spring-tx-2.0.xsd, http://www.alibaba.com/schema/stat.xsd=META-INF/stat.xsd, http://www.springframework.org/schema/jee/spring-jee-4.2.xsd=org/springframework/ejb/config/spring-jee-4.2.xsd, http://www.springframework.org/schema/jdbc/spring-jdbc-3.2.xsd=org/springframework/jdbc/config/spring-jdbc-3.2.xsd, http://www.springframework.org/schema/task/spring-task-4.3.xsd=org/springframework/scheduling/config/spring-task-4.3.xsd, http://www.springframework.org/schema/aop/spring-aop.xsd=org/springframework/aop/config/spring-aop-4.3.xsd}
2016-12-15 11:00:07 org.springframework.beans.factory.xml.PluggableSchemaResolver.resolveEntity(PluggableSchemaResolver.java:119)  Found XML schema [http://www.springframework.org/schema/beans/spring-beans.xsd] in classpath: org/springframework/beans/factory/xml/spring-beans-4.3.xsd
2016-12-15 11:00:07 org.springframework.beans.factory.xml.PluggableSchemaResolver.resolveEntity(PluggableSchemaResolver.java:119)  Found XML schema [http://www.springframework.org/schema/context/spring-context.xsd] in classpath: org/springframework/context/config/spring-context-4.3.xsd
2016-12-15 11:00:07 org.springframework.beans.factory.xml.PluggableSchemaResolver.resolveEntity(PluggableSchemaResolver.java:119)  Found XML schema [http://www.springframework.org/schema/tool/spring-tool-4.3.xsd] in classpath: org/springframework/beans/factory/xml/spring-tool-4.3.xsd
2016-12-15 11:00:07 org.springframework.beans.factory.xml.PluggableSchemaResolver.resolveEntity(PluggableSchemaResolver.java:119)  Found XML schema [http://www.springframework.org/schema/tx/spring-tx.xsd] in classpath: org/springframework/transaction/config/spring-tx-4.3.xsd
2016-12-15 11:00:07 org.springframework.beans.factory.xml.DefaultBeanDefinitionDocumentReader.registerBeanDefinitions(DefaultBeanDefinitionDocumentReader.java:92)  Loading bean definitions
2016-12-15 11:00:07 org.springframework.beans.factory.xml.DefaultNamespaceHandlerResolver.getHandlerMappings(DefaultNamespaceHandlerResolver.java:157)  Loaded NamespaceHandler mappings: {http://www.springframework.org/schema/p=org.springframework.beans.factory.xml.SimplePropertyNamespaceHandler, http://www.springframework.org/schema/mvc=org.springframework.web.servlet.config.MvcNamespaceHandler, http://www.springframework.org/schema/util=org.springframework.beans.factory.xml.UtilNamespaceHandler, http://www.alibaba.com/schema/stat=com.alibaba.druid.support.spring.stat.config.DruidStatNamespaceHandler, http://www.springframework.org/schema/jee=org.springframework.ejb.config.JeeNamespaceHandler, http://www.springframework.org/schema/aop=org.springframework.aop.config.AopNamespaceHandler, http://www.springframework.org/schema/jdbc=org.springframework.jdbc.config.JdbcNamespaceHandler, http://www.springframework.org/schema/cache=org.springframework.cache.config.CacheNamespaceHandler, http://mybatis.org/schema/mybatis-spring=org.mybatis.spring.config.NamespaceHandler, http://www.springframework.org/schema/c=org.springframework.beans.factory.xml.SimpleConstructorNamespaceHandler, http://www.springframework.org/schema/tx=org.springframework.transaction.config.TxNamespaceHandler, http://www.springframework.org/schema/task=org.springframework.scheduling.config.TaskNamespaceHandler, http://www.springframework.org/schema/lang=org.springframework.scripting.config.LangNamespaceHandler, http://www.springframework.org/schema/context=org.springframework.context.config.ContextNamespaceHandler}
2016-12-15 11:00:07 org.springframework.core.env.MutablePropertySources.addLast(MutablePropertySources.java:109)  Adding [systemProperties] PropertySource with lowest search precedence
2016-12-15 11:00:07 org.springframework.core.env.MutablePropertySources.addLast(MutablePropertySources.java:109)  Adding [systemEnvironment] PropertySource with lowest search precedence
2016-12-15 11:00:07 org.springframework.core.env.AbstractEnvironment.<init>(AbstractEnvironment.java:124)  Initialized StandardEnvironment with PropertySources [systemProperties,systemEnvironment]
2016-12-15 11:00:07 org.springframework.core.io.support.PathMatchingResourcePatternResolver.findAllClassPathResources(PathMatchingResourcePatternResolver.java:317)  Resolved classpath location [com/hc/] to resources [URL [file:/D:/SpringMybatisWebDemo/target/classes/com/hc/]]
2016-12-15 11:00:07 org.springframework.core.io.support.PathMatchingResourcePatternResolver.doFindMatchingFileSystemResources(PathMatchingResourcePatternResolver.java:711)  Looking for matching resources in directory tree [D:\SpringMybatisWebDemo\target\classes\com\hc]
2016-12-15 11:00:07 org.springframework.core.io.support.PathMatchingResourcePatternResolver.doRetrieveMatchingFiles(PathMatchingResourcePatternResolver.java:773)  Searching directory [D:\SpringMybatisWebDemo\target\classes\com\hc] for files matching pattern [D:/SpringMybatisWebDemo/target/classes/com/hc/**/*.class]
2016-12-15 11:00:07 org.springframework.core.io.support.PathMatchingResourcePatternResolver.doRetrieveMatchingFiles(PathMatchingResourcePatternResolver.java:773)  Searching directory [D:\SpringMybatisWebDemo\target\classes\com\hc\action] for files matching pattern [D:/SpringMybatisWebDemo/target/classes/com/hc/**/*.class]
2016-12-15 11:00:07 org.springframework.core.io.support.PathMatchingResourcePatternResolver.doRetrieveMatchingFiles(PathMatchingResourcePatternResolver.java:773)  Searching directory [D:\SpringMybatisWebDemo\target\classes\com\hc\dao] for files matching pattern [D:/SpringMybatisWebDemo/target/classes/com/hc/**/*.class]
2016-12-15 11:00:07 org.springframework.core.io.support.PathMatchingResourcePatternResolver.doRetrieveMatchingFiles(PathMatchingResourcePatternResolver.java:773)  Searching directory [D:\SpringMybatisWebDemo\target\classes\com\hc\domain] for files matching pattern [D:/SpringMybatisWebDemo/target/classes/com/hc/**/*.class]
2016-12-15 11:00:07 org.springframework.core.io.support.PathMatchingResourcePatternResolver.doRetrieveMatchingFiles(PathMatchingResourcePatternResolver.java:773)  Searching directory [D:\SpringMybatisWebDemo\target\classes\com\hc\mapping] for files matching pattern [D:/SpringMybatisWebDemo/target/classes/com/hc/**/*.class]
2016-12-15 11:00:07 org.springframework.core.io.support.PathMatchingResourcePatternResolver.doRetrieveMatchingFiles(PathMatchingResourcePatternResolver.java:773)  Searching directory [D:\SpringMybatisWebDemo\target\classes\com\hc\service] for files matching pattern [D:/SpringMybatisWebDemo/target/classes/com/hc/**/*.class]
2016-12-15 11:00:07 org.springframework.core.io.support.PathMatchingResourcePatternResolver.doRetrieveMatchingFiles(PathMatchingResourcePatternResolver.java:773)  Searching directory [D:\SpringMybatisWebDemo\target\classes\com\hc\service\impl] for files matching pattern [D:/SpringMybatisWebDemo/target/classes/com/hc/**/*.class]
2016-12-15 11:00:07 org.springframework.core.io.support.PathMatchingResourcePatternResolver.findPathMatchingResources(PathMatchingResourcePatternResolver.java:483)  Resolved location pattern [classpath*:com/hc/**/*.class] to resources [file [D:\SpringMybatisWebDemo\target\classes\com\hc\action\DeptController.class], file [D:\SpringMybatisWebDemo\target\classes\com\hc\action\DeptServlet.class], file [D:\SpringMybatisWebDemo\target\classes\com\hc\dao\Dept2Dao.class], file [D:\SpringMybatisWebDemo\target\classes\com\hc\dao\DeptDao.class], file [D:\SpringMybatisWebDemo\target\classes\com\hc\dao\EmpDao.class], file [D:\SpringMybatisWebDemo\target\classes\com\hc\DemoTest.class], file [D:\SpringMybatisWebDemo\target\classes\com\hc\domain\Dept.class], file [D:\SpringMybatisWebDemo\target\classes\com\hc\domain\Dept2.class], file [D:\SpringMybatisWebDemo\target\classes\com\hc\domain\DeptQuery.class], file [D:\SpringMybatisWebDemo\target\classes\com\hc\domain\Emp.class], file [D:\SpringMybatisWebDemo\target\classes\com\hc\service\DeptService.class], file [D:\SpringMybatisWebDemo\target\classes\com\hc\service\impl\DeptServiceImpl.class]]
2016-12-15 11:00:07 org.springframework.context.annotation.ClassPathScanningCandidateComponentProvider.findCandidateComponents(ClassPathScanningCandidateComponentProvider.java:286)  Identified candidate component class: file [D:\SpringMybatisWebDemo\target\classes\com\hc\action\DeptController.class]
2016-12-15 11:00:07 org.springframework.context.annotation.ClassPathScanningCandidateComponentProvider.findCandidateComponents(ClassPathScanningCandidateComponentProvider.java:286)  Identified candidate component class: file [D:\SpringMybatisWebDemo\target\classes\com\hc\service\impl\DeptServiceImpl.class]
2016-12-15 11:00:07 org.springframework.beans.factory.xml.BeanDefinitionParserDelegate.parseBeanDefinitionElement(BeanDefinitionParserDelegate.java:481)  Neither XML 'id' nor 'name' specified - using generated bean name [org.mybatis.spring.mapper.MapperScannerConfigurer#0]
2016-12-15 11:00:07 org.springframework.beans.factory.support.AbstractBeanDefinitionReader.loadBeanDefinitions(AbstractBeanDefinitionReader.java:224)  Loaded 17 bean definitions from location pattern [applicationContext.xml]
2016-12-15 11:00:07 org.springframework.context.support.AbstractApplicationContext.obtainFreshBeanFactory(AbstractApplicationContext.java:616)  Bean factory for org.springframework.context.support.ClassPathXmlApplicationContext@45c8e616: org.springframework.beans.factory.support.DefaultListableBeanFactory@25359ed8: defining beans [deptController,deptServiceImpl,org.springframework.context.annotation.internalConfigurationAnnotationProcessor,org.springframework.context.annotation.internalAutowiredAnnotationProcessor,org.springframework.context.annotation.internalRequiredAnnotationProcessor,org.springframework.context.annotation.internalCommonAnnotationProcessor,org.springframework.context.event.internalEventListenerProcessor,org.springframework.context.event.internalEventListenerFactory,dataSource123,sqlSessionFactory,org.mybatis.spring.mapper.MapperScannerConfigurer#0,txManager,org.springframework.transaction.config.internalTransactionalEventListenerFactory,org.springframework.aop.config.internalAutoProxyCreator,org.springframework.transaction.annotation.AnnotationTransactionAttributeSource#0,org.springframework.transaction.interceptor.TransactionInterceptor#0,org.springframework.transaction.config.internalTransactionAdvisor]; root of factory hierarchy
2016-12-15 11:00:07 org.springframework.beans.factory.support.DefaultSingletonBeanRegistry.getSingleton(DefaultSingletonBeanRegistry.java:221)  Creating shared instance of singleton bean 'org.springframework.context.annotation.internalConfigurationAnnotationProcessor'
2016-12-15 11:00:07 org.springframework.beans.factory.support.AbstractAutowireCapableBeanFactory.createBean(AbstractAutowireCapableBeanFactory.java:448)  Creating instance of bean 'org.springframework.context.annotation.internalConfigurationAnnotationProcessor'
2016-12-15 11:00:07 org.springframework.beans.factory.support.AbstractAutowireCapableBeanFactory.doCreateBean(AbstractAutowireCapableBeanFactory.java:537)  Eagerly caching bean 'org.springframework.context.annotation.internalConfigurationAnnotationProcessor' to allow for resolving potential circular references
2016-12-15 11:00:07 org.springframework.beans.factory.support.AbstractAutowireCapableBeanFactory.createBean(AbstractAutowireCapableBeanFactory.java:484)  Finished creating instance of bean 'org.springframework.context.annotation.internalConfigurationAnnotationProcessor'
2016-12-15 11:00:07 org.springframework.beans.factory.support.DefaultSingletonBeanRegistry.getSingleton(DefaultSingletonBeanRegistry.java:221)  Creating shared instance of singleton bean 'org.mybatis.spring.mapper.MapperScannerConfigurer#0'
2016-12-15 11:00:07 org.springframework.beans.factory.support.AbstractAutowireCapableBeanFactory.createBean(AbstractAutowireCapableBeanFactory.java:448)  Creating instance of bean 'org.mybatis.spring.mapper.MapperScannerConfigurer#0'
2016-12-15 11:00:07 org.springframework.beans.factory.support.AbstractAutowireCapableBeanFactory.doCreateBean(AbstractAutowireCapableBeanFactory.java:537)  Eagerly caching bean 'org.mybatis.spring.mapper.MapperScannerConfigurer#0' to allow for resolving potential circular references
2016-12-15 11:00:07 org.springframework.beans.factory.support.AbstractAutowireCapableBeanFactory.invokeInitMethods(AbstractAutowireCapableBeanFactory.java:1625)  Invoking afterPropertiesSet() on bean with name 'org.mybatis.spring.mapper.MapperScannerConfigurer#0'
2016-12-15 11:00:07 org.springframework.beans.factory.support.AbstractAutowireCapableBeanFactory.createBean(AbstractAutowireCapableBeanFactory.java:484)  Finished creating instance of bean 'org.mybatis.spring.mapper.MapperScannerConfigurer#0'
2016-12-15 11:00:07 org.springframework.core.env.MutablePropertySources.addLast(MutablePropertySources.java:109)  Adding [systemProperties] PropertySource with lowest search precedence
2016-12-15 11:00:07 org.springframework.core.env.MutablePropertySources.addLast(MutablePropertySources.java:109)  Adding [systemEnvironment] PropertySource with lowest search precedence
2016-12-15 11:00:07 org.springframework.core.env.AbstractEnvironment.<init>(AbstractEnvironment.java:124)  Initialized StandardEnvironment with PropertySources [systemProperties,systemEnvironment]
2016-12-15 11:00:07 org.springframework.core.io.support.PathMatchingResourcePatternResolver.findAllClassPathResources(PathMatchingResourcePatternResolver.java:317)  Resolved classpath location [com/hc/dao/] to resources [URL [file:/D:/SpringMybatisWebDemo/target/classes/com/hc/dao/]]
2016-12-15 11:00:07 org.springframework.core.io.support.PathMatchingResourcePatternResolver.doFindMatchingFileSystemResources(PathMatchingResourcePatternResolver.java:711)  Looking for matching resources in directory tree [D:\SpringMybatisWebDemo\target\classes\com\hc\dao]
2016-12-15 11:00:07 org.springframework.core.io.support.PathMatchingResourcePatternResolver.doRetrieveMatchingFiles(PathMatchingResourcePatternResolver.java:773)  Searching directory [D:\SpringMybatisWebDemo\target\classes\com\hc\dao] for files matching pattern [D:/SpringMybatisWebDemo/target/classes/com/hc/dao/**/*.class]
2016-12-15 11:00:07 org.springframework.core.io.support.PathMatchingResourcePatternResolver.findPathMatchingResources(PathMatchingResourcePatternResolver.java:483)  Resolved location pattern [classpath*:com/hc/dao/**/*.class] to resources [file [D:\SpringMybatisWebDemo\target\classes\com\hc\dao\Dept2Dao.class], file [D:\SpringMybatisWebDemo\target\classes\com\hc\dao\DeptDao.class], file [D:\SpringMybatisWebDemo\target\classes\com\hc\dao\EmpDao.class]]
2016-12-15 11:00:07 org.springframework.context.annotation.ClassPathScanningCandidateComponentProvider.findCandidateComponents(ClassPathScanningCandidateComponentProvider.java:286)  Identified candidate component class: file [D:\SpringMybatisWebDemo\target\classes\com\hc\dao\Dept2Dao.class]
2016-12-15 11:00:07 org.springframework.context.annotation.ClassPathScanningCandidateComponentProvider.findCandidateComponents(ClassPathScanningCandidateComponentProvider.java:286)  Identified candidate component class: file [D:\SpringMybatisWebDemo\target\classes\com\hc\dao\DeptDao.class]
2016-12-15 11:00:07 org.springframework.context.annotation.ClassPathScanningCandidateComponentProvider.findCandidateComponents(ClassPathScanningCandidateComponentProvider.java:286)  Identified candidate component class: file [D:\SpringMybatisWebDemo\target\classes\com\hc\dao\EmpDao.class]
2016-12-15 11:00:07 org.mybatis.spring.mapper.ClassPathMapperScanner.processBeanDefinitions(ClassPathMapperScanner.java:181)  Creating MapperFactoryBean with name 'dept2Dao' and 'com.hc.dao.Dept2Dao' mapperInterface
2016-12-15 11:00:07 org.mybatis.spring.mapper.ClassPathMapperScanner.processBeanDefinitions(ClassPathMapperScanner.java:181)  Creating MapperFactoryBean with name 'deptDao' and 'com.hc.dao.DeptDao' mapperInterface
2016-12-15 11:00:07 org.mybatis.spring.mapper.ClassPathMapperScanner.processBeanDefinitions(ClassPathMapperScanner.java:181)  Creating MapperFactoryBean with name 'empDao' and 'com.hc.dao.EmpDao' mapperInterface
2016-12-15 11:00:07 org.springframework.beans.factory.support.DefaultSingletonBeanRegistry.getSingleton(DefaultSingletonBeanRegistry.java:221)  Creating shared instance of singleton bean 'org.springframework.context.annotation.internalAutowiredAnnotationProcessor'
2016-12-15 11:00:07 org.springframework.beans.factory.support.AbstractAutowireCapableBeanFactory.createBean(AbstractAutowireCapableBeanFactory.java:448)  Creating instance of bean 'org.springframework.context.annotation.internalAutowiredAnnotationProcessor'
2016-12-15 11:00:07 org.springframework.beans.factory.support.AbstractAutowireCapableBeanFactory.doCreateBean(AbstractAutowireCapableBeanFactory.java:537)  Eagerly caching bean 'org.springframework.context.annotation.internalAutowiredAnnotationProcessor' to allow for resolving potential circular references
2016-12-15 11:00:07 org.springframework.beans.factory.support.AbstractAutowireCapableBeanFactory.createBean(AbstractAutowireCapableBeanFactory.java:484)  Finished creating instance of bean 'org.springframework.context.annotation.internalAutowiredAnnotationProcessor'
2016-12-15 11:00:07 org.springframework.beans.factory.support.DefaultSingletonBeanRegistry.getSingleton(DefaultSingletonBeanRegistry.java:221)  Creating shared instance of singleton bean 'org.springframework.context.annotation.internalRequiredAnnotationProcessor'
2016-12-15 11:00:07 org.springframework.beans.factory.support.AbstractAutowireCapableBeanFactory.createBean(AbstractAutowireCapableBeanFactory.java:448)  Creating instance of bean 'org.springframework.context.annotation.internalRequiredAnnotationProcessor'
2016-12-15 11:00:07 org.springframework.beans.factory.support.AbstractAutowireCapableBeanFactory.doCreateBean(AbstractAutowireCapableBeanFactory.java:537)  Eagerly caching bean 'org.springframework.context.annotation.internalRequiredAnnotationProcessor' to allow for resolving potential circular references
2016-12-15 11:00:07 org.springframework.beans.factory.support.AbstractAutowireCapableBeanFactory.createBean(AbstractAutowireCapableBeanFactory.java:484)  Finished creating instance of bean 'org.springframework.context.annotation.internalRequiredAnnotationProcessor'
2016-12-15 11:00:07 org.springframework.beans.factory.support.DefaultSingletonBeanRegistry.getSingleton(DefaultSingletonBeanRegistry.java:221)  Creating shared instance of singleton bean 'org.springframework.context.annotation.internalCommonAnnotationProcessor'
2016-12-15 11:00:07 org.springframework.beans.factory.support.AbstractAutowireCapableBeanFactory.createBean(AbstractAutowireCapableBeanFactory.java:448)  Creating instance of bean 'org.springframework.context.annotation.internalCommonAnnotationProcessor'
2016-12-15 11:00:07 org.springframework.beans.factory.support.AbstractAutowireCapableBeanFactory.doCreateBean(AbstractAutowireCapableBeanFactory.java:537)  Eagerly caching bean 'org.springframework.context.annotation.internalCommonAnnotationProcessor' to allow for resolving potential circular references
2016-12-15 11:00:07 org.springframework.beans.factory.support.AbstractAutowireCapableBeanFactory.createBean(AbstractAutowireCapableBeanFactory.java:484)  Finished creating instance of bean 'org.springframework.context.annotation.internalCommonAnnotationProcessor'
2016-12-15 11:00:07 org.springframework.beans.factory.support.DefaultSingletonBeanRegistry.getSingleton(DefaultSingletonBeanRegistry.java:221)  Creating shared instance of singleton bean 'org.springframework.context.annotation.ConfigurationClassPostProcessor.importAwareProcessor'
2016-12-15 11:00:07 org.springframework.beans.factory.support.AbstractAutowireCapableBeanFactory.createBean(AbstractAutowireCapableBeanFactory.java:448)  Creating instance of bean 'org.springframework.context.annotation.ConfigurationClassPostProcessor.importAwareProcessor'
2016-12-15 11:00:07 org.springframework.beans.factory.support.AbstractAutowireCapableBeanFactory.doCreateBean(AbstractAutowireCapableBeanFactory.java:537)  Eagerly caching bean 'org.springframework.context.annotation.ConfigurationClassPostProcessor.importAwareProcessor' to allow for resolving potential circular references
2016-12-15 11:00:07 org.springframework.beans.factory.support.AbstractAutowireCapableBeanFactory.createBean(AbstractAutowireCapableBeanFactory.java:484)  Finished creating instance of bean 'org.springframework.context.annotation.ConfigurationClassPostProcessor.importAwareProcessor'
2016-12-15 11:00:07 org.springframework.beans.factory.support.DefaultSingletonBeanRegistry.getSingleton(DefaultSingletonBeanRegistry.java:221)  Creating shared instance of singleton bean 'org.springframework.context.annotation.ConfigurationClassPostProcessor.enhancedConfigurationProcessor'
2016-12-15 11:00:07 org.springframework.beans.factory.support.AbstractAutowireCapableBeanFactory.createBean(AbstractAutowireCapableBeanFactory.java:448)  Creating instance of bean 'org.springframework.context.annotation.ConfigurationClassPostProcessor.enhancedConfigurationProcessor'
2016-12-15 11:00:07 org.springframework.beans.factory.support.AbstractAutowireCapableBeanFactory.doCreateBean(AbstractAutowireCapableBeanFactory.java:537)  Eagerly caching bean 'org.springframework.context.annotation.ConfigurationClassPostProcessor.enhancedConfigurationProcessor' to allow for resolving potential circular references
2016-12-15 11:00:07 org.springframework.beans.factory.support.AbstractAutowireCapableBeanFactory.createBean(AbstractAutowireCapableBeanFactory.java:484)  Finished creating instance of bean 'org.springframework.context.annotation.ConfigurationClassPostProcessor.enhancedConfigurationProcessor'
2016-12-15 11:00:07 org.springframework.beans.factory.support.DefaultSingletonBeanRegistry.getSingleton(DefaultSingletonBeanRegistry.java:221)  Creating shared instance of singleton bean 'org.springframework.aop.config.internalAutoProxyCreator'
2016-12-15 11:00:07 org.springframework.beans.factory.support.AbstractAutowireCapableBeanFactory.createBean(AbstractAutowireCapableBeanFactory.java:448)  Creating instance of bean 'org.springframework.aop.config.internalAutoProxyCreator'
2016-12-15 11:00:07 org.springframework.beans.factory.support.AbstractAutowireCapableBeanFactory.doCreateBean(AbstractAutowireCapableBeanFactory.java:537)  Eagerly caching bean 'org.springframework.aop.config.internalAutoProxyCreator' to allow for resolving potential circular references
2016-12-15 11:00:07 org.springframework.beans.factory.support.AbstractAutowireCapableBeanFactory.createBean(AbstractAutowireCapableBeanFactory.java:484)  Finished creating instance of bean 'org.springframework.aop.config.internalAutoProxyCreator'
2016-12-15 11:00:07 org.springframework.context.support.AbstractApplicationContext.initMessageSource(AbstractApplicationContext.java:733)  Unable to locate MessageSource with name 'messageSource': using default [org.springframework.context.support.DelegatingMessageSource@7193666c]
2016-12-15 11:00:07 org.springframework.context.support.AbstractApplicationContext.initApplicationEventMulticaster(AbstractApplicationContext.java:757)  Unable to locate ApplicationEventMulticaster with name 'applicationEventMulticaster': using default [org.springframework.context.event.SimpleApplicationEventMulticaster@55b7a4e0]
2016-12-15 11:00:07 org.springframework.beans.factory.support.DefaultListableBeanFactory.preInstantiateSingletons(DefaultListableBeanFactory.java:723)  Pre-instantiating singletons in org.springframework.beans.factory.support.DefaultListableBeanFactory@25359ed8: defining beans [deptController,deptServiceImpl,org.springframework.context.annotation.internalConfigurationAnnotationProcessor,org.springframework.context.annotation.internalAutowiredAnnotationProcessor,org.springframework.context.annotation.internalRequiredAnnotationProcessor,org.springframework.context.annotation.internalCommonAnnotationProcessor,org.springframework.context.event.internalEventListenerProcessor,org.springframework.context.event.internalEventListenerFactory,dataSource123,sqlSessionFactory,org.mybatis.spring.mapper.MapperScannerConfigurer#0,txManager,org.springframework.transaction.config.internalTransactionalEventListenerFactory,org.springframework.aop.config.internalAutoProxyCreator,org.springframework.transaction.annotation.AnnotationTransactionAttributeSource#0,org.springframework.transaction.interceptor.TransactionInterceptor#0,org.springframework.transaction.config.internalTransactionAdvisor,org.springframework.context.annotation.ConfigurationClassPostProcessor.importAwareProcessor,org.springframework.context.annotation.ConfigurationClassPostProcessor.enhancedConfigurationProcessor,dept2Dao,deptDao,empDao]; root of factory hierarchy
2016-12-15 11:00:07 org.springframework.beans.factory.support.DefaultSingletonBeanRegistry.getSingleton(DefaultSingletonBeanRegistry.java:221)  Creating shared instance of singleton bean 'deptController'
2016-12-15 11:00:07 org.springframework.beans.factory.support.AbstractAutowireCapableBeanFactory.createBean(AbstractAutowireCapableBeanFactory.java:448)  Creating instance of bean 'deptController'
2016-12-15 11:00:07 org.springframework.beans.factory.annotation.InjectionMetadata.checkConfigMembers(InjectionMetadata.java:72)  Registered injected element on class [com.hc.action.DeptController]: AutowiredFieldElement for private com.hc.service.DeptService com.hc.action.DeptController.deptService
2016-12-15 11:00:07 org.springframework.beans.factory.support.AbstractAutowireCapableBeanFactory.doCreateBean(AbstractAutowireCapableBeanFactory.java:537)  Eagerly caching bean 'deptController' to allow for resolving potential circular references
2016-12-15 11:00:07 org.springframework.beans.factory.annotation.InjectionMetadata.inject(InjectionMetadata.java:86)  Processing injected element of bean 'deptController': AutowiredFieldElement for private com.hc.service.DeptService com.hc.action.DeptController.deptService
2016-12-15 11:00:07 org.springframework.beans.factory.support.DefaultSingletonBeanRegistry.getSingleton(DefaultSingletonBeanRegistry.java:221)  Creating shared instance of singleton bean 'deptServiceImpl'
2016-12-15 11:00:07 org.springframework.beans.factory.support.AbstractAutowireCapableBeanFactory.createBean(AbstractAutowireCapableBeanFactory.java:448)  Creating instance of bean 'deptServiceImpl'
2016-12-15 11:00:07 org.springframework.beans.factory.annotation.InjectionMetadata.checkConfigMembers(InjectionMetadata.java:72)  Registered injected element on class [com.hc.service.impl.DeptServiceImpl]: AutowiredFieldElement for private com.hc.dao.DeptDao com.hc.service.impl.DeptServiceImpl.deptDao
2016-12-15 11:00:07 org.springframework.beans.factory.support.AbstractAutowireCapableBeanFactory.doCreateBean(AbstractAutowireCapableBeanFactory.java:537)  Eagerly caching bean 'deptServiceImpl' to allow for resolving potential circular references
2016-12-15 11:00:07 org.springframework.beans.factory.annotation.InjectionMetadata.inject(InjectionMetadata.java:86)  Processing injected element of bean 'deptServiceImpl': AutowiredFieldElement for private com.hc.dao.DeptDao com.hc.service.impl.DeptServiceImpl.deptDao
2016-12-15 11:00:07 org.springframework.beans.factory.support.DefaultSingletonBeanRegistry.getSingleton(DefaultSingletonBeanRegistry.java:221)  Creating shared instance of singleton bean 'deptDao'
2016-12-15 11:00:07 org.springframework.beans.factory.support.AbstractAutowireCapableBeanFactory.createBean(AbstractAutowireCapableBeanFactory.java:448)  Creating instance of bean 'deptDao'
2016-12-15 11:00:07 org.springframework.beans.factory.support.AbstractAutowireCapableBeanFactory.doCreateBean(AbstractAutowireCapableBeanFactory.java:537)  Eagerly caching bean 'deptDao' to allow for resolving potential circular references
2016-12-15 11:00:07 org.springframework.beans.factory.support.DefaultSingletonBeanRegistry.getSingleton(DefaultSingletonBeanRegistry.java:221)  Creating shared instance of singleton bean 'sqlSessionFactory'
2016-12-15 11:00:07 org.springframework.beans.factory.support.AbstractAutowireCapableBeanFactory.createBean(AbstractAutowireCapableBeanFactory.java:448)  Creating instance of bean 'sqlSessionFactory'
2016-12-15 11:00:07 org.springframework.beans.factory.support.AbstractAutowireCapableBeanFactory.doCreateBean(AbstractAutowireCapableBeanFactory.java:537)  Eagerly caching bean 'sqlSessionFactory' to allow for resolving potential circular references
2016-12-15 11:00:07 org.springframework.beans.factory.support.DefaultSingletonBeanRegistry.getSingleton(DefaultSingletonBeanRegistry.java:221)  Creating shared instance of singleton bean 'dataSource123'
2016-12-15 11:00:07 org.springframework.beans.factory.support.AbstractAutowireCapableBeanFactory.createBean(AbstractAutowireCapableBeanFactory.java:448)  Creating instance of bean 'dataSource123'
2016-12-15 11:00:07 org.springframework.beans.factory.support.AbstractAutowireCapableBeanFactory.doCreateBean(AbstractAutowireCapableBeanFactory.java:537)  Eagerly caching bean 'dataSource123' to allow for resolving potential circular references
2016-12-15 11:00:07 org.springframework.beans.factory.support.DefaultSingletonBeanRegistry.getSingleton(DefaultSingletonBeanRegistry.java:221)  Creating shared instance of singleton bean 'org.springframework.transaction.config.internalTransactionAdvisor'
2016-12-15 11:00:07 org.springframework.beans.factory.support.AbstractAutowireCapableBeanFactory.createBean(AbstractAutowireCapableBeanFactory.java:448)  Creating instance of bean 'org.springframework.transaction.config.internalTransactionAdvisor'
2016-12-15 11:00:07 org.springframework.beans.factory.support.AbstractAutowireCapableBeanFactory.doCreateBean(AbstractAutowireCapableBeanFactory.java:537)  Eagerly caching bean 'org.springframework.transaction.config.internalTransactionAdvisor' to allow for resolving potential circular references
2016-12-15 11:00:07 org.springframework.beans.factory.support.DefaultSingletonBeanRegistry.getSingleton(DefaultSingletonBeanRegistry.java:221)  Creating shared instance of singleton bean 'org.springframework.transaction.annotation.AnnotationTransactionAttributeSource#0'
2016-12-15 11:00:07 org.springframework.beans.factory.support.AbstractAutowireCapableBeanFactory.createBean(AbstractAutowireCapableBeanFactory.java:448)  Creating instance of bean 'org.springframework.transaction.annotation.AnnotationTransactionAttributeSource#0'
2016-12-15 11:00:07 org.springframework.beans.factory.support.AbstractAutowireCapableBeanFactory.doCreateBean(AbstractAutowireCapableBeanFactory.java:537)  Eagerly caching bean 'org.springframework.transaction.annotation.AnnotationTransactionAttributeSource#0' to allow for resolving potential circular references
2016-12-15 11:00:07 org.springframework.aop.framework.autoproxy.BeanFactoryAdvisorRetrievalHelper.findAdvisorBeans(BeanFactoryAdvisorRetrievalHelper.java:87)  Skipping currently created advisor 'org.springframework.transaction.config.internalTransactionAdvisor'
2016-12-15 11:00:07 org.springframework.beans.factory.support.AbstractAutowireCapableBeanFactory.createBean(AbstractAutowireCapableBeanFactory.java:484)  Finished creating instance of bean 'org.springframework.transaction.annotation.AnnotationTransactionAttributeSource#0'
2016-12-15 11:00:07 org.springframework.beans.factory.support.AbstractAutowireCapableBeanFactory.createBean(AbstractAutowireCapableBeanFactory.java:484)  Finished creating instance of bean 'org.springframework.transaction.config.internalTransactionAdvisor'
2016-12-15 11:00:07 org.springframework.beans.factory.support.AbstractAutowireCapableBeanFactory.createBean(AbstractAutowireCapableBeanFactory.java:484)  Finished creating instance of bean 'dataSource123'
2016-12-15 11:00:07 org.springframework.beans.factory.support.AbstractAutowireCapableBeanFactory.invokeInitMethods(AbstractAutowireCapableBeanFactory.java:1625)  Invoking afterPropertiesSet() on bean with name 'sqlSessionFactory'
2016-12-15 11:00:08 org.apache.ibatis.logging.commons.JakartaCommonsLoggingImpl.debug(JakartaCommonsLoggingImpl.java:54)  Parsed configuration file: 'class path resource [mybatisMapper.xml]'
2016-12-15 11:00:08 org.apache.ibatis.logging.commons.JakartaCommonsLoggingImpl.debug(JakartaCommonsLoggingImpl.java:54)  Property 'mapperLocations' was not specified or no matching resources found
2016-12-15 11:00:08 org.springframework.beans.factory.support.AbstractBeanFactory.doGetBean(AbstractBeanFactory.java:251)  Returning cached instance of singleton bean 'org.springframework.transaction.config.internalTransactionAdvisor'
2016-12-15 11:00:08 org.springframework.beans.factory.support.AbstractAutowireCapableBeanFactory.createBean(AbstractAutowireCapableBeanFactory.java:484)  Finished creating instance of bean 'sqlSessionFactory'
2016-12-15 11:00:08 org.springframework.beans.factory.support.AbstractBeanFactory.doGetBean(AbstractBeanFactory.java:251)  Returning cached instance of singleton bean 'org.springframework.transaction.config.internalTransactionAdvisor'
2016-12-15 11:00:08 org.springframework.beans.factory.support.AbstractAutowireCapableBeanFactory.invokeInitMethods(AbstractAutowireCapableBeanFactory.java:1625)  Invoking afterPropertiesSet() on bean with name 'deptDao'
2016-12-15 11:00:08 org.springframework.beans.factory.support.AbstractBeanFactory.doGetBean(AbstractBeanFactory.java:251)  Returning cached instance of singleton bean 'org.springframework.transaction.config.internalTransactionAdvisor'
2016-12-15 11:00:08 org.springframework.beans.factory.support.AbstractAutowireCapableBeanFactory.createBean(AbstractAutowireCapableBeanFactory.java:484)  Finished creating instance of bean 'deptDao'
2016-12-15 11:00:08 org.springframework.beans.factory.support.AbstractBeanFactory.doGetBean(AbstractBeanFactory.java:251)  Returning cached instance of singleton bean 'org.springframework.transaction.config.internalTransactionAdvisor'
2016-12-15 11:00:08 org.springframework.beans.factory.annotation.AutowiredAnnotationBeanPostProcessor.registerDependentBeans(AutowiredAnnotationBeanPostProcessor.java:539)  Autowiring by type from bean name 'deptServiceImpl' to bean named 'deptDao'
2016-12-15 11:00:08 org.springframework.beans.factory.support.AbstractBeanFactory.doGetBean(AbstractBeanFactory.java:251)  Returning cached instance of singleton bean 'org.springframework.transaction.config.internalTransactionAdvisor'
2016-12-15 11:00:08 org.springframework.beans.factory.support.AbstractAutowireCapableBeanFactory.createBean(AbstractAutowireCapableBeanFactory.java:484)  Finished creating instance of bean 'deptServiceImpl'
2016-12-15 11:00:08 org.springframework.beans.factory.annotation.AutowiredAnnotationBeanPostProcessor.registerDependentBeans(AutowiredAnnotationBeanPostProcessor.java:539)  Autowiring by type from bean name 'deptController' to bean named 'deptServiceImpl'
2016-12-15 11:00:08 org.springframework.beans.factory.support.AbstractBeanFactory.doGetBean(AbstractBeanFactory.java:251)  Returning cached instance of singleton bean 'org.springframework.transaction.config.internalTransactionAdvisor'
2016-12-15 11:00:08 org.springframework.beans.factory.support.AbstractAutowireCapableBeanFactory.createBean(AbstractAutowireCapableBeanFactory.java:484)  Finished creating instance of bean 'deptController'
2016-12-15 11:00:08 org.springframework.beans.factory.support.AbstractBeanFactory.doGetBean(AbstractBeanFactory.java:251)  Returning cached instance of singleton bean 'deptServiceImpl'
2016-12-15 11:00:08 org.springframework.beans.factory.support.AbstractBeanFactory.doGetBean(AbstractBeanFactory.java:251)  Returning cached instance of singleton bean 'org.springframework.context.annotation.internalConfigurationAnnotationProcessor'
2016-12-15 11:00:08 org.springframework.beans.factory.support.AbstractBeanFactory.doGetBean(AbstractBeanFactory.java:251)  Returning cached instance of singleton bean 'org.springframework.context.annotation.internalAutowiredAnnotationProcessor'
2016-12-15 11:00:08 org.springframework.beans.factory.support.AbstractBeanFactory.doGetBean(AbstractBeanFactory.java:251)  Returning cached instance of singleton bean 'org.springframework.context.annotation.internalRequiredAnnotationProcessor'
2016-12-15 11:00:08 org.springframework.beans.factory.support.AbstractBeanFactory.doGetBean(AbstractBeanFactory.java:251)  Returning cached instance of singleton bean 'org.springframework.context.annotation.internalCommonAnnotationProcessor'
2016-12-15 11:00:08 org.springframework.beans.factory.support.DefaultSingletonBeanRegistry.getSingleton(DefaultSingletonBeanRegistry.java:221)  Creating shared instance of singleton bean 'org.springframework.context.event.internalEventListenerProcessor'
2016-12-15 11:00:08 org.springframework.beans.factory.support.AbstractAutowireCapableBeanFactory.createBean(AbstractAutowireCapableBeanFactory.java:448)  Creating instance of bean 'org.springframework.context.event.internalEventListenerProcessor'
2016-12-15 11:00:08 org.springframework.beans.factory.support.AbstractAutowireCapableBeanFactory.doCreateBean(AbstractAutowireCapableBeanFactory.java:537)  Eagerly caching bean 'org.springframework.context.event.internalEventListenerProcessor' to allow for resolving potential circular references
2016-12-15 11:00:08 org.springframework.beans.factory.support.AbstractBeanFactory.doGetBean(AbstractBeanFactory.java:251)  Returning cached instance of singleton bean 'org.springframework.transaction.config.internalTransactionAdvisor'
2016-12-15 11:00:08 org.springframework.beans.factory.support.AbstractAutowireCapableBeanFactory.createBean(AbstractAutowireCapableBeanFactory.java:484)  Finished creating instance of bean 'org.springframework.context.event.internalEventListenerProcessor'
2016-12-15 11:00:08 org.springframework.beans.factory.support.DefaultSingletonBeanRegistry.getSingleton(DefaultSingletonBeanRegistry.java:221)  Creating shared instance of singleton bean 'org.springframework.context.event.internalEventListenerFactory'
2016-12-15 11:00:08 org.springframework.beans.factory.support.AbstractAutowireCapableBeanFactory.createBean(AbstractAutowireCapableBeanFactory.java:448)  Creating instance of bean 'org.springframework.context.event.internalEventListenerFactory'
2016-12-15 11:00:08 org.springframework.beans.factory.support.AbstractAutowireCapableBeanFactory.doCreateBean(AbstractAutowireCapableBeanFactory.java:537)  Eagerly caching bean 'org.springframework.context.event.internalEventListenerFactory' to allow for resolving potential circular references
2016-12-15 11:00:08 org.springframework.beans.factory.support.AbstractBeanFactory.doGetBean(AbstractBeanFactory.java:251)  Returning cached instance of singleton bean 'org.springframework.transaction.config.internalTransactionAdvisor'
2016-12-15 11:00:08 org.springframework.beans.factory.support.AbstractAutowireCapableBeanFactory.createBean(AbstractAutowireCapableBeanFactory.java:484)  Finished creating instance of bean 'org.springframework.context.event.internalEventListenerFactory'
2016-12-15 11:00:08 org.springframework.beans.factory.support.AbstractBeanFactory.doGetBean(AbstractBeanFactory.java:251)  Returning cached instance of singleton bean 'dataSource123'
2016-12-15 11:00:08 org.springframework.beans.factory.support.AbstractBeanFactory.doGetBean(AbstractBeanFactory.java:251)  Returning cached instance of singleton bean 'sqlSessionFactory'
2016-12-15 11:00:08 org.springframework.beans.factory.support.AbstractBeanFactory.doGetBean(AbstractBeanFactory.java:251)  Returning cached instance of singleton bean 'org.mybatis.spring.mapper.MapperScannerConfigurer#0'
2016-12-15 11:00:08 org.springframework.beans.factory.support.DefaultSingletonBeanRegistry.getSingleton(DefaultSingletonBeanRegistry.java:221)  Creating shared instance of singleton bean 'txManager'
2016-12-15 11:00:08 org.springframework.beans.factory.support.AbstractAutowireCapableBeanFactory.createBean(AbstractAutowireCapableBeanFactory.java:448)  Creating instance of bean 'txManager'
2016-12-15 11:00:08 org.springframework.beans.factory.support.AbstractAutowireCapableBeanFactory.doCreateBean(AbstractAutowireCapableBeanFactory.java:537)  Eagerly caching bean 'txManager' to allow for resolving potential circular references
2016-12-15 11:00:08 org.springframework.beans.factory.support.AbstractBeanFactory.doGetBean(AbstractBeanFactory.java:251)  Returning cached instance of singleton bean 'dataSource123'
2016-12-15 11:00:08 org.springframework.beans.factory.support.AbstractAutowireCapableBeanFactory.invokeInitMethods(AbstractAutowireCapableBeanFactory.java:1625)  Invoking afterPropertiesSet() on bean with name 'txManager'
2016-12-15 11:00:08 org.springframework.beans.factory.support.AbstractBeanFactory.doGetBean(AbstractBeanFactory.java:251)  Returning cached instance of singleton bean 'org.springframework.transaction.config.internalTransactionAdvisor'
2016-12-15 11:00:08 org.springframework.beans.factory.support.AbstractAutowireCapableBeanFactory.createBean(AbstractAutowireCapableBeanFactory.java:484)  Finished creating instance of bean 'txManager'
2016-12-15 11:00:08 org.springframework.beans.factory.support.DefaultSingletonBeanRegistry.getSingleton(DefaultSingletonBeanRegistry.java:221)  Creating shared instance of singleton bean 'org.springframework.transaction.config.internalTransactionalEventListenerFactory'
2016-12-15 11:00:08 org.springframework.beans.factory.support.AbstractAutowireCapableBeanFactory.createBean(AbstractAutowireCapableBeanFactory.java:448)  Creating instance of bean 'org.springframework.transaction.config.internalTransactionalEventListenerFactory'
2016-12-15 11:00:08 org.springframework.beans.factory.support.AbstractAutowireCapableBeanFactory.doCreateBean(AbstractAutowireCapableBeanFactory.java:537)  Eagerly caching bean 'org.springframework.transaction.config.internalTransactionalEventListenerFactory' to allow for resolving potential circular references
2016-12-15 11:00:08 org.springframework.beans.factory.support.AbstractBeanFactory.doGetBean(AbstractBeanFactory.java:251)  Returning cached instance of singleton bean 'org.springframework.transaction.config.internalTransactionAdvisor'
2016-12-15 11:00:08 org.springframework.beans.factory.support.AbstractAutowireCapableBeanFactory.createBean(AbstractAutowireCapableBeanFactory.java:484)  Finished creating instance of bean 'org.springframework.transaction.config.internalTransactionalEventListenerFactory'
2016-12-15 11:00:08 org.springframework.beans.factory.support.AbstractBeanFactory.doGetBean(AbstractBeanFactory.java:251)  Returning cached instance of singleton bean 'org.springframework.aop.config.internalAutoProxyCreator'
2016-12-15 11:00:08 org.springframework.beans.factory.support.AbstractBeanFactory.doGetBean(AbstractBeanFactory.java:251)  Returning cached instance of singleton bean 'org.springframework.transaction.annotation.AnnotationTransactionAttributeSource#0'
2016-12-15 11:00:08 org.springframework.beans.factory.support.DefaultSingletonBeanRegistry.getSingleton(DefaultSingletonBeanRegistry.java:221)  Creating shared instance of singleton bean 'org.springframework.transaction.interceptor.TransactionInterceptor#0'
2016-12-15 11:00:08 org.springframework.beans.factory.support.AbstractAutowireCapableBeanFactory.createBean(AbstractAutowireCapableBeanFactory.java:448)  Creating instance of bean 'org.springframework.transaction.interceptor.TransactionInterceptor#0'
2016-12-15 11:00:08 org.springframework.beans.factory.support.AbstractAutowireCapableBeanFactory.doCreateBean(AbstractAutowireCapableBeanFactory.java:537)  Eagerly caching bean 'org.springframework.transaction.interceptor.TransactionInterceptor#0' to allow for resolving potential circular references
2016-12-15 11:00:08 org.springframework.beans.factory.support.AbstractBeanFactory.doGetBean(AbstractBeanFactory.java:251)  Returning cached instance of singleton bean 'org.springframework.transaction.annotation.AnnotationTransactionAttributeSource#0'
2016-12-15 11:00:08 org.springframework.beans.factory.support.AbstractAutowireCapableBeanFactory.invokeInitMethods(AbstractAutowireCapableBeanFactory.java:1625)  Invoking afterPropertiesSet() on bean with name 'org.springframework.transaction.interceptor.TransactionInterceptor#0'
2016-12-15 11:00:08 org.springframework.beans.factory.support.AbstractAutowireCapableBeanFactory.createBean(AbstractAutowireCapableBeanFactory.java:484)  Finished creating instance of bean 'org.springframework.transaction.interceptor.TransactionInterceptor#0'
2016-12-15 11:00:08 org.springframework.beans.factory.support.AbstractBeanFactory.doGetBean(AbstractBeanFactory.java:251)  Returning cached instance of singleton bean 'org.springframework.transaction.config.internalTransactionAdvisor'
2016-12-15 11:00:08 org.springframework.beans.factory.support.AbstractBeanFactory.doGetBean(AbstractBeanFactory.java:251)  Returning cached instance of singleton bean 'org.springframework.context.annotation.ConfigurationClassPostProcessor.importAwareProcessor'
2016-12-15 11:00:08 org.springframework.beans.factory.support.AbstractBeanFactory.doGetBean(AbstractBeanFactory.java:251)  Returning cached instance of singleton bean 'org.springframework.context.annotation.ConfigurationClassPostProcessor.enhancedConfigurationProcessor'
2016-12-15 11:00:08 org.springframework.beans.factory.support.DefaultSingletonBeanRegistry.getSingleton(DefaultSingletonBeanRegistry.java:221)  Creating shared instance of singleton bean 'dept2Dao'
2016-12-15 11:00:08 org.springframework.beans.factory.support.AbstractAutowireCapableBeanFactory.createBean(AbstractAutowireCapableBeanFactory.java:448)  Creating instance of bean 'dept2Dao'
2016-12-15 11:00:08 org.springframework.beans.factory.support.AbstractAutowireCapableBeanFactory.doCreateBean(AbstractAutowireCapableBeanFactory.java:537)  Eagerly caching bean 'dept2Dao' to allow for resolving potential circular references
2016-12-15 11:00:08 org.springframework.beans.factory.support.AbstractBeanFactory.doGetBean(AbstractBeanFactory.java:251)  Returning cached instance of singleton bean 'sqlSessionFactory'
2016-12-15 11:00:08 org.springframework.beans.factory.support.AbstractAutowireCapableBeanFactory.invokeInitMethods(AbstractAutowireCapableBeanFactory.java:1625)  Invoking afterPropertiesSet() on bean with name 'dept2Dao'
2016-12-15 11:00:08 org.springframework.beans.factory.support.AbstractBeanFactory.doGetBean(AbstractBeanFactory.java:251)  Returning cached instance of singleton bean 'org.springframework.transaction.config.internalTransactionAdvisor'
2016-12-15 11:00:08 org.springframework.beans.factory.support.AbstractAutowireCapableBeanFactory.createBean(AbstractAutowireCapableBeanFactory.java:484)  Finished creating instance of bean 'dept2Dao'
2016-12-15 11:00:08 org.springframework.beans.factory.support.AbstractBeanFactory.doGetBean(AbstractBeanFactory.java:251)  Returning cached instance of singleton bean 'deptDao'
2016-12-15 11:00:08 org.springframework.beans.factory.support.DefaultSingletonBeanRegistry.getSingleton(DefaultSingletonBeanRegistry.java:221)  Creating shared instance of singleton bean 'empDao'
2016-12-15 11:00:08 org.springframework.beans.factory.support.AbstractAutowireCapableBeanFactory.createBean(AbstractAutowireCapableBeanFactory.java:448)  Creating instance of bean 'empDao'
2016-12-15 11:00:08 org.springframework.beans.factory.support.AbstractAutowireCapableBeanFactory.doCreateBean(AbstractAutowireCapableBeanFactory.java:537)  Eagerly caching bean 'empDao' to allow for resolving potential circular references
2016-12-15 11:00:08 org.springframework.beans.factory.support.AbstractBeanFactory.doGetBean(AbstractBeanFactory.java:251)  Returning cached instance of singleton bean 'sqlSessionFactory'
2016-12-15 11:00:08 org.springframework.beans.factory.support.AbstractAutowireCapableBeanFactory.invokeInitMethods(AbstractAutowireCapableBeanFactory.java:1625)  Invoking afterPropertiesSet() on bean with name 'empDao'
2016-12-15 11:00:08 org.springframework.beans.factory.support.AbstractBeanFactory.doGetBean(AbstractBeanFactory.java:251)  Returning cached instance of singleton bean 'org.springframework.transaction.config.internalTransactionAdvisor'
2016-12-15 11:00:08 org.springframework.beans.factory.support.AbstractAutowireCapableBeanFactory.createBean(AbstractAutowireCapableBeanFactory.java:484)  Finished creating instance of bean 'empDao'
2016-12-15 11:00:08 org.springframework.beans.factory.support.AbstractBeanFactory.doGetBean(AbstractBeanFactory.java:251)  Returning cached instance of singleton bean 'org.springframework.context.event.internalEventListenerFactory'
2016-12-15 11:00:08 org.springframework.beans.factory.support.AbstractBeanFactory.doGetBean(AbstractBeanFactory.java:251)  Returning cached instance of singleton bean 'org.springframework.transaction.config.internalTransactionalEventListenerFactory'
2016-12-15 11:00:08 org.springframework.context.support.AbstractApplicationContext.initLifecycleProcessor(AbstractApplicationContext.java:784)  Unable to locate LifecycleProcessor with name 'lifecycleProcessor': using default [org.springframework.context.support.DefaultLifecycleProcessor@2ddc9a9f]
2016-12-15 11:00:08 org.springframework.beans.factory.support.AbstractBeanFactory.doGetBean(AbstractBeanFactory.java:251)  Returning cached instance of singleton bean 'lifecycleProcessor'
2016-12-15 11:00:08 org.springframework.beans.factory.support.AbstractBeanFactory.doGetBean(AbstractBeanFactory.java:251)  Returning cached instance of singleton bean 'sqlSessionFactory'
2016-12-15 11:00:08 org.springframework.core.env.PropertySourcesPropertyResolver.getProperty(PropertySourcesPropertyResolver.java:91)  Could not find key 'spring.liveBeansView.mbeanDomain' in any property source
2016-12-15 11:00:08 org.springframework.beans.factory.support.AbstractBeanFactory.doGetBean(AbstractBeanFactory.java:251)  Returning cached instance of singleton bean 'sqlSessionFactory'
2016-12-15 11:00:08 org.apache.ibatis.logging.commons.JakartaCommonsLoggingImpl.debug(JakartaCommonsLoggingImpl.java:54)  Cache Hit Ratio [com.hc.dao.Dept2Dao]: 0.0
2016-12-15 11:00:08 org.springframework.jdbc.datasource.DataSourceUtils.doGetConnection(DataSourceUtils.java:110)  Fetching JDBC Connection from DataSource
2016-12-15 11:00:08 com.alibaba.druid.pool.DruidDataSource.init(DruidDataSource.java:715)  {dataSource-1} inited
2016-12-15 11:00:08 org.apache.ibatis.logging.commons.JakartaCommonsLoggingImpl.debug(JakartaCommonsLoggingImpl.java:54)  JDBC Connection [com.mysql.jdbc.JDBC4Connection@49c90a9c] will not be managed by Spring
2016-12-15 11:00:08 org.apache.ibatis.logging.commons.JakartaCommonsLoggingImpl.debug(JakartaCommonsLoggingImpl.java:54)  ==>  Preparing: SELECT deptno, dname, loc,kouhao,yusuan from dept 
2016-12-15 11:00:08 org.apache.ibatis.logging.commons.JakartaCommonsLoggingImpl.debug(JakartaCommonsLoggingImpl.java:54)  ==> Parameters: 
2016-12-15 11:00:08 org.apache.ibatis.logging.commons.JakartaCommonsLoggingImpl.debug(JakartaCommonsLoggingImpl.java:54)  <==      Total: 7
2016-12-15 11:01:39 org.springframework.core.env.MutablePropertySources.addLast(MutablePropertySources.java:109)  Adding [systemProperties] PropertySource with lowest search precedence
2016-12-15 11:01:39 org.springframework.core.env.MutablePropertySources.addLast(MutablePropertySources.java:109)  Adding [systemEnvironment] PropertySource with lowest search precedence
2016-12-15 11:01:39 org.springframework.core.env.AbstractEnvironment.<init>(AbstractEnvironment.java:124)  Initialized StandardEnvironment with PropertySources [systemProperties,systemEnvironment]
2016-12-15 11:01:39 org.springframework.context.support.AbstractApplicationContext.prepareRefresh(AbstractApplicationContext.java:582)  Refreshing org.springframework.context.support.ClassPathXmlApplicationContext@45c8e616: startup date [Thu Dec 15 11:01:39 CST 2016]; root of context hierarchy
2016-12-15 11:01:39 org.springframework.core.env.MutablePropertySources.addLast(MutablePropertySources.java:109)  Adding [systemProperties] PropertySource with lowest search precedence
2016-12-15 11:01:39 org.springframework.core.env.MutablePropertySources.addLast(MutablePropertySources.java:109)  Adding [systemEnvironment] PropertySource with lowest search precedence
2016-12-15 11:01:39 org.springframework.core.env.AbstractEnvironment.<init>(AbstractEnvironment.java:124)  Initialized StandardEnvironment with PropertySources [systemProperties,systemEnvironment]
2016-12-15 11:01:39 org.springframework.beans.factory.xml.XmlBeanDefinitionReader.loadBeanDefinitions(XmlBeanDefinitionReader.java:317)  Loading XML bean definitions from class path resource [applicationContext.xml]
2016-12-15 11:01:39 org.springframework.beans.factory.xml.DefaultDocumentLoader.loadDocument(DefaultDocumentLoader.java:73)  Using JAXP provider [com.sun.org.apache.xerces.internal.jaxp.DocumentBuilderFactoryImpl]
2016-12-15 11:01:39 org.springframework.beans.factory.xml.PluggableSchemaResolver.getSchemaMappings(PluggableSchemaResolver.java:141)  Loading schema mappings from [META-INF/spring.schemas]
2016-12-15 11:01:39 org.springframework.beans.factory.xml.PluggableSchemaResolver.getSchemaMappings(PluggableSchemaResolver.java:147)  Loaded schema mappings: {http://www.springframework.org/schema/tx/spring-tx-4.3.xsd=org/springframework/transaction/config/spring-tx-4.3.xsd, http://www.springframework.org/schema/tx/spring-tx-2.5.xsd=org/springframework/transaction/config/spring-tx-2.5.xsd, http://www.springframework.org/schema/cache/spring-cache-4.2.xsd=org/springframework/cache/config/spring-cache-4.2.xsd, http://www.springframework.org/schema/aop/spring-aop-4.1.xsd=org/springframework/aop/config/spring-aop-4.1.xsd, http://www.springframework.org/schema/context/spring-context-3.1.xsd=org/springframework/context/config/spring-context-3.1.xsd, http://www.springframework.org/schema/jdbc/spring-jdbc-4.1.xsd=org/springframework/jdbc/config/spring-jdbc-4.1.xsd, http://www.springframework.org/schema/mvc/spring-mvc-4.1.xsd=org/springframework/web/servlet/config/spring-mvc-4.1.xsd, http://www.springframework.org/schema/util/spring-util-3.0.xsd=org/springframework/beans/factory/xml/spring-util-3.0.xsd, http://mybatis.org/schema/mybatis-spring-1.2.xsd=org/mybatis/spring/config/mybatis-spring-1.2.xsd, http://www.springframework.org/schema/tool/spring-tool.xsd=org/springframework/beans/factory/xml/spring-tool-4.3.xsd, http://www.springframework.org/schema/aop/spring-aop-3.2.xsd=org/springframework/aop/config/spring-aop-3.2.xsd, http://www.springframework.org/schema/lang/spring-lang-4.1.xsd=org/springframework/scripting/config/spring-lang-4.1.xsd, http://www.springframework.org/schema/context/spring-context-4.0.xsd=org/springframework/context/config/spring-context-4.0.xsd, http://www.springframework.org/schema/mvc/spring-mvc-3.2.xsd=org/springframework/web/servlet/config/spring-mvc-3.2.xsd, http://www.springframework.org/schema/beans/spring-beans-4.2.xsd=org/springframework/beans/factory/xml/spring-beans-4.2.xsd, http://www.springframework.org/schema/tool/spring-tool-4.1.xsd=org/springframework/beans/factory/xml/spring-tool-4.1.xsd, http://www.springframework.org/schema/lang/spring-lang-3.2.xsd=org/springframework/scripting/config/spring-lang-3.2.xsd, http://www.springframework.org/schema/cache/spring-cache-3.2.xsd=org/springframework/cache/config/spring-cache-3.2.xsd, http://www.springframework.org/schema/jee/spring-jee-4.1.xsd=org/springframework/ejb/config/spring-jee-4.1.xsd, http://www.springframework.org/schema/jdbc/spring-jdbc-3.1.xsd=org/springframework/jdbc/config/spring-jdbc-3.1.xsd, http://www.springframework.org/schema/util/spring-util-2.0.xsd=org/springframework/beans/factory/xml/spring-util-2.0.xsd, http://www.springframework.org/schema/task/spring-task-4.2.xsd=org/springframework/scheduling/config/spring-task-4.2.xsd, http://www.springframework.org/schema/tool/spring-tool-3.2.xsd=org/springframework/beans/factory/xml/spring-tool-3.2.xsd, http://www.springframework.org/schema/context/spring-context.xsd=org/springframework/context/config/spring-context-4.3.xsd, http://www.springframework.org/schema/tx/spring-tx-4.2.xsd=org/springframework/transaction/config/spring-tx-4.2.xsd, http://www.springframework.org/schema/cache/spring-cache-4.1.xsd=org/springframework/cache/config/spring-cache-4.1.xsd, http://www.springframework.org/schema/aop/spring-aop-4.0.xsd=org/springframework/aop/config/spring-aop-4.0.xsd, http://www.springframework.org/schema/jee/spring-jee-3.2.xsd=org/springframework/ejb/config/spring-jee-3.2.xsd, http://www.springframework.org/schema/context/spring-context-3.0.xsd=org/springframework/context/config/spring-context-3.0.xsd, http://www.springframework.org/schema/jdbc/spring-jdbc-4.0.xsd=org/springframework/jdbc/config/spring-jdbc-4.0.xsd, http://www.springframework.org/schema/mvc/spring-mvc-4.0.xsd=org/springframework/web/servlet/config/spring-mvc-4.0.xsd, http://www.springframework.org/schema/util/spring-util-4.3.xsd=org/springframework/beans/factory/xml/spring-util-4.3.xsd, http://www.springframework.org/schema/util/spring-util-2.5.xsd=org/springframework/beans/factory/xml/spring-util-2.5.xsd, http://www.springframework.org/schema/beans/spring-beans-3.2.xsd=org/springframework/beans/factory/xml/spring-beans-3.2.xsd, http://www.springframework.org/schema/aop/spring-aop-3.1.xsd=org/springframework/aop/config/spring-aop-3.1.xsd, http://www.springframework.org/schema/lang/spring-lang-4.0.xsd=org/springframework/scripting/config/spring-lang-4.0.xsd, http://www.springframework.org/schema/mvc/spring-mvc.xsd=org/springframework/web/servlet/config/spring-mvc-4.3.xsd, http://www.springframework.org/schema/mvc/spring-mvc-3.1.xsd=org/springframework/web/servlet/config/spring-mvc-3.1.xsd, http://www.springframework.org/schema/beans/spring-beans-4.1.xsd=org/springframework/beans/factory/xml/spring-beans-4.1.xsd, http://www.springframework.org/schema/tool/spring-tool-4.0.xsd=org/springframework/beans/factory/xml/spring-tool-4.0.xsd, http://www.springframework.org/schema/tx/spring-tx-3.2.xsd=org/springframework/transaction/config/spring-tx-3.2.xsd, http://www.springframework.org/schema/lang/spring-lang-3.1.xsd=org/springframework/scripting/config/spring-lang-3.1.xsd, http://www.springframework.org/schema/cache/spring-cache-3.1.xsd=org/springframework/cache/config/spring-cache-3.1.xsd, http://www.springframework.org/schema/jee/spring-jee-4.0.xsd=org/springframework/ejb/config/spring-jee-4.0.xsd, http://www.springframework.org/schema/jdbc/spring-jdbc-3.0.xsd=org/springframework/jdbc/config/spring-jdbc-3.0.xsd, http://www.springframework.org/schema/task/spring-task-4.1.xsd=org/springframework/scheduling/config/spring-task-4.1.xsd, http://www.springframework.org/schema/jdbc/spring-jdbc.xsd=org/springframework/jdbc/config/spring-jdbc-4.3.xsd, http://www.springframework.org/schema/tool/spring-tool-3.1.xsd=org/springframework/beans/factory/xml/spring-tool-3.1.xsd, http://www.springframework.org/schema/tx/spring-tx-4.1.xsd=org/springframework/transaction/config/spring-tx-4.1.xsd, http://www.springframework.org/schema/cache/spring-cache-4.0.xsd=org/springframework/cache/config/spring-cache-4.0.xsd, http://www.springframework.org/schema/jee/spring-jee-3.1.xsd=org/springframework/ejb/config/spring-jee-3.1.xsd, http://www.springframework.org/schema/util/spring-util-4.2.xsd=org/springframework/beans/factory/xml/spring-util-4.2.xsd, http://www.springframework.org/schema/task/spring-task-3.2.xsd=org/springframework/scheduling/config/spring-task-3.2.xsd, http://www.springframework.org/schema/beans/spring-beans-3.1.xsd=org/springframework/beans/factory/xml/spring-beans-3.1.xsd, http://www.springframework.org/schema/util/spring-util.xsd=org/springframework/beans/factory/xml/spring-util-4.3.xsd, http://www.springframework.org/schema/aop/spring-aop-3.0.xsd=org/springframework/aop/config/spring-aop-3.0.xsd, http://www.springframework.org/schema/mvc/spring-mvc-3.0.xsd=org/springframework/web/servlet/config/spring-mvc-3.0.xsd, http://www.springframework.org/schema/beans/spring-beans-4.0.xsd=org/springframework/beans/factory/xml/spring-beans-4.0.xsd, http://www.springframework.org/schema/beans/spring-beans.xsd=org/springframework/beans/factory/xml/spring-beans-4.3.xsd, http://mybatis.org/schema/mybatis-spring.xsd=org/mybatis/spring/config/mybatis-spring-1.2.xsd, http://www.springframework.org/schema/tx/spring-tx-3.1.xsd=org/springframework/transaction/config/spring-tx-3.1.xsd, http://www.springframework.org/schema/lang/spring-lang-3.0.xsd=org/springframework/scripting/config/spring-lang-3.0.xsd, http://www.springframework.org/schema/context/spring-context-2.5.xsd=org/springframework/context/config/spring-context-2.5.xsd, http://www.springframework.org/schema/context/spring-context-4.3.xsd=org/springframework/context/config/spring-context-4.3.xsd, http://www.springframework.org/schema/task/spring-task-4.0.xsd=org/springframework/scheduling/config/spring-task-4.0.xsd, http://www.springframework.org/schema/tool/spring-tool-3.0.xsd=org/springframework/beans/factory/xml/spring-tool-3.0.xsd, http://www.springframework.org/schema/tx/spring-tx-4.0.xsd=org/springframework/transaction/config/spring-tx-4.0.xsd, http://www.springframework.org/schema/aop/spring-aop-2.0.xsd=org/springframework/aop/config/spring-aop-2.0.xsd, http://www.springframework.org/schema/jee/spring-jee-3.0.xsd=org/springframework/ejb/config/spring-jee-3.0.xsd, http://www.springframework.org/schema/util/spring-util-4.1.xsd=org/springframework/beans/factory/xml/spring-util-4.1.xsd, http://www.springframework.org/schema/task/spring-task-3.1.xsd=org/springframework/scheduling/config/spring-task-3.1.xsd, http://www.springframework.org/schema/beans/spring-beans-3.0.xsd=org/springframework/beans/factory/xml/spring-beans-3.0.xsd, http://www.springframework.org/schema/jee/spring-jee.xsd=org/springframework/ejb/config/spring-jee-4.3.xsd, http://www.springframework.org/schema/aop/spring-aop-2.5.xsd=org/springframework/aop/config/spring-aop-2.5.xsd, http://www.springframework.org/schema/aop/spring-aop-4.3.xsd=org/springframework/aop/config/spring-aop-4.3.xsd, http://www.springframework.org/schema/lang/spring-lang-2.0.xsd=org/springframework/scripting/config/spring-lang-2.0.xsd, http://www.springframework.org/schema/jdbc/spring-jdbc-4.3.xsd=org/springframework/jdbc/config/spring-jdbc-4.3.xsd, http://www.springframework.org/schema/mvc/spring-mvc-4.3.xsd=org/springframework/web/servlet/config/spring-mvc-4.3.xsd, http://www.springframework.org/schema/util/spring-util-3.2.xsd=org/springframework/beans/factory/xml/spring-util-3.2.xsd, http://www.springframework.org/schema/task/spring-task.xsd=org/springframework/scheduling/config/spring-task-4.3.xsd, http://www.springframework.org/schema/tool/spring-tool-2.0.xsd=org/springframework/beans/factory/xml/spring-tool-2.0.xsd, http://www.springframework.org/schema/tx/spring-tx-3.0.xsd=org/springframework/transaction/config/spring-tx-3.0.xsd, http://www.springframework.org/schema/lang/spring-lang-2.5.xsd=org/springframework/scripting/config/spring-lang-2.5.xsd, http://www.springframework.org/schema/lang/spring-lang-4.3.xsd=org/springframework/scripting/config/spring-lang-4.3.xsd, http://www.springframework.org/schema/context/spring-context-4.2.xsd=org/springframework/context/config/spring-context-4.2.xsd, http://www.springframework.org/schema/jee/spring-jee-2.0.xsd=org/springframework/ejb/config/spring-jee-2.0.xsd, http://www.springframework.org/schema/tool/spring-tool-4.3.xsd=org/springframework/beans/factory/xml/spring-tool-4.3.xsd, http://www.springframework.org/schema/tool/spring-tool-2.5.xsd=org/springframework/beans/factory/xml/spring-tool-2.5.xsd, http://www.springframework.org/schema/jee/spring-jee-4.3.xsd=org/springframework/ejb/config/spring-jee-4.3.xsd, http://www.springframework.org/schema/jee/spring-jee-2.5.xsd=org/springframework/ejb/config/spring-jee-2.5.xsd, http://www.springframework.org/schema/util/spring-util-4.0.xsd=org/springframework/beans/factory/xml/spring-util-4.0.xsd, http://www.springframework.org/schema/task/spring-task-3.0.xsd=org/springframework/scheduling/config/spring-task-3.0.xsd, http://www.springframework.org/schema/cache/spring-cache-4.3.xsd=org/springframework/cache/config/spring-cache-4.3.xsd, http://www.springframework.org/schema/aop/spring-aop-4.2.xsd=org/springframework/aop/config/spring-aop-4.2.xsd, http://www.springframework.org/schema/lang/spring-lang.xsd=org/springframework/scripting/config/spring-lang-4.3.xsd, http://www.springframework.org/schema/context/spring-context-3.2.xsd=org/springframework/context/config/spring-context-3.2.xsd, http://www.springframework.org/schema/jdbc/spring-jdbc-4.2.xsd=org/springframework/jdbc/config/spring-jdbc-4.2.xsd, http://www.springframework.org/schema/mvc/spring-mvc-4.2.xsd=org/springframework/web/servlet/config/spring-mvc-4.2.xsd, http://www.springframework.org/schema/util/spring-util-3.1.xsd=org/springframework/beans/factory/xml/spring-util-3.1.xsd, http://www.springframework.org/schema/beans/spring-beans-2.0.xsd=org/springframework/beans/factory/xml/spring-beans-2.0.xsd, http://www.springframework.org/schema/cache/spring-cache.xsd=org/springframework/cache/config/spring-cache-4.3.xsd, http://www.springframework.org/schema/tx/spring-tx.xsd=org/springframework/transaction/config/spring-tx-4.3.xsd, http://www.springframework.org/schema/lang/spring-lang-4.2.xsd=org/springframework/scripting/config/spring-lang-4.2.xsd, http://www.springframework.org/schema/context/spring-context-4.1.xsd=org/springframework/context/config/spring-context-4.1.xsd, http://www.springframework.org/schema/beans/spring-beans-2.5.xsd=org/springframework/beans/factory/xml/spring-beans-2.5.xsd, http://www.springframework.org/schema/beans/spring-beans-4.3.xsd=org/springframework/beans/factory/xml/spring-beans-4.3.xsd, http://www.springframework.org/schema/tool/spring-tool-4.2.xsd=org/springframework/beans/factory/xml/spring-tool-4.2.xsd, http://www.springframework.org/schema/tx/spring-tx-2.0.xsd=org/springframework/transaction/config/spring-tx-2.0.xsd, http://www.alibaba.com/schema/stat.xsd=META-INF/stat.xsd, http://www.springframework.org/schema/jee/spring-jee-4.2.xsd=org/springframework/ejb/config/spring-jee-4.2.xsd, http://www.springframework.org/schema/jdbc/spring-jdbc-3.2.xsd=org/springframework/jdbc/config/spring-jdbc-3.2.xsd, http://www.springframework.org/schema/task/spring-task-4.3.xsd=org/springframework/scheduling/config/spring-task-4.3.xsd, http://www.springframework.org/schema/aop/spring-aop.xsd=org/springframework/aop/config/spring-aop-4.3.xsd}
2016-12-15 11:01:39 org.springframework.beans.factory.xml.PluggableSchemaResolver.resolveEntity(PluggableSchemaResolver.java:119)  Found XML schema [http://www.springframework.org/schema/beans/spring-beans.xsd] in classpath: org/springframework/beans/factory/xml/spring-beans-4.3.xsd
2016-12-15 11:01:39 org.springframework.beans.factory.xml.PluggableSchemaResolver.resolveEntity(PluggableSchemaResolver.java:119)  Found XML schema [http://www.springframework.org/schema/context/spring-context.xsd] in classpath: org/springframework/context/config/spring-context-4.3.xsd
2016-12-15 11:01:39 org.springframework.beans.factory.xml.PluggableSchemaResolver.resolveEntity(PluggableSchemaResolver.java:119)  Found XML schema [http://www.springframework.org/schema/tool/spring-tool-4.3.xsd] in classpath: org/springframework/beans/factory/xml/spring-tool-4.3.xsd
2016-12-15 11:01:39 org.springframework.beans.factory.xml.PluggableSchemaResolver.resolveEntity(PluggableSchemaResolver.java:119)  Found XML schema [http://www.springframework.org/schema/tx/spring-tx.xsd] in classpath: org/springframework/transaction/config/spring-tx-4.3.xsd
2016-12-15 11:01:39 org.springframework.beans.factory.xml.DefaultBeanDefinitionDocumentReader.registerBeanDefinitions(DefaultBeanDefinitionDocumentReader.java:92)  Loading bean definitions
2016-12-15 11:01:39 org.springframework.beans.factory.xml.DefaultNamespaceHandlerResolver.getHandlerMappings(DefaultNamespaceHandlerResolver.java:157)  Loaded NamespaceHandler mappings: {http://www.springframework.org/schema/p=org.springframework.beans.factory.xml.SimplePropertyNamespaceHandler, http://www.springframework.org/schema/mvc=org.springframework.web.servlet.config.MvcNamespaceHandler, http://www.springframework.org/schema/util=org.springframework.beans.factory.xml.UtilNamespaceHandler, http://www.alibaba.com/schema/stat=com.alibaba.druid.support.spring.stat.config.DruidStatNamespaceHandler, http://www.springframework.org/schema/jee=org.springframework.ejb.config.JeeNamespaceHandler, http://www.springframework.org/schema/aop=org.springframework.aop.config.AopNamespaceHandler, http://www.springframework.org/schema/jdbc=org.springframework.jdbc.config.JdbcNamespaceHandler, http://www.springframework.org/schema/cache=org.springframework.cache.config.CacheNamespaceHandler, http://mybatis.org/schema/mybatis-spring=org.mybatis.spring.config.NamespaceHandler, http://www.springframework.org/schema/c=org.springframework.beans.factory.xml.SimpleConstructorNamespaceHandler, http://www.springframework.org/schema/tx=org.springframework.transaction.config.TxNamespaceHandler, http://www.springframework.org/schema/task=org.springframework.scheduling.config.TaskNamespaceHandler, http://www.springframework.org/schema/lang=org.springframework.scripting.config.LangNamespaceHandler, http://www.springframework.org/schema/context=org.springframework.context.config.ContextNamespaceHandler}
2016-12-15 11:01:39 org.springframework.core.env.MutablePropertySources.addLast(MutablePropertySources.java:109)  Adding [systemProperties] PropertySource with lowest search precedence
2016-12-15 11:01:39 org.springframework.core.env.MutablePropertySources.addLast(MutablePropertySources.java:109)  Adding [systemEnvironment] PropertySource with lowest search precedence
2016-12-15 11:01:39 org.springframework.core.env.AbstractEnvironment.<init>(AbstractEnvironment.java:124)  Initialized StandardEnvironment with PropertySources [systemProperties,systemEnvironment]
2016-12-15 11:01:39 org.springframework.core.io.support.PathMatchingResourcePatternResolver.findAllClassPathResources(PathMatchingResourcePatternResolver.java:317)  Resolved classpath location [com/hc/] to resources [URL [file:/D:/SpringMybatisWebDemo/target/classes/com/hc/]]
2016-12-15 11:01:39 org.springframework.core.io.support.PathMatchingResourcePatternResolver.doFindMatchingFileSystemResources(PathMatchingResourcePatternResolver.java:711)  Looking for matching resources in directory tree [D:\SpringMybatisWebDemo\target\classes\com\hc]
2016-12-15 11:01:39 org.springframework.core.io.support.PathMatchingResourcePatternResolver.doRetrieveMatchingFiles(PathMatchingResourcePatternResolver.java:773)  Searching directory [D:\SpringMybatisWebDemo\target\classes\com\hc] for files matching pattern [D:/SpringMybatisWebDemo/target/classes/com/hc/**/*.class]
2016-12-15 11:01:39 org.springframework.core.io.support.PathMatchingResourcePatternResolver.doRetrieveMatchingFiles(PathMatchingResourcePatternResolver.java:773)  Searching directory [D:\SpringMybatisWebDemo\target\classes\com\hc\action] for files matching pattern [D:/SpringMybatisWebDemo/target/classes/com/hc/**/*.class]
2016-12-15 11:01:39 org.springframework.core.io.support.PathMatchingResourcePatternResolver.doRetrieveMatchingFiles(PathMatchingResourcePatternResolver.java:773)  Searching directory [D:\SpringMybatisWebDemo\target\classes\com\hc\dao] for files matching pattern [D:/SpringMybatisWebDemo/target/classes/com/hc/**/*.class]
2016-12-15 11:01:39 org.springframework.core.io.support.PathMatchingResourcePatternResolver.doRetrieveMatchingFiles(PathMatchingResourcePatternResolver.java:773)  Searching directory [D:\SpringMybatisWebDemo\target\classes\com\hc\domain] for files matching pattern [D:/SpringMybatisWebDemo/target/classes/com/hc/**/*.class]
2016-12-15 11:01:39 org.springframework.core.io.support.PathMatchingResourcePatternResolver.doRetrieveMatchingFiles(PathMatchingResourcePatternResolver.java:773)  Searching directory [D:\SpringMybatisWebDemo\target\classes\com\hc\mapping] for files matching pattern [D:/SpringMybatisWebDemo/target/classes/com/hc/**/*.class]
2016-12-15 11:01:39 org.springframework.core.io.support.PathMatchingResourcePatternResolver.doRetrieveMatchingFiles(PathMatchingResourcePatternResolver.java:773)  Searching directory [D:\SpringMybatisWebDemo\target\classes\com\hc\service] for files matching pattern [D:/SpringMybatisWebDemo/target/classes/com/hc/**/*.class]
2016-12-15 11:01:39 org.springframework.core.io.support.PathMatchingResourcePatternResolver.doRetrieveMatchingFiles(PathMatchingResourcePatternResolver.java:773)  Searching directory [D:\SpringMybatisWebDemo\target\classes\com\hc\service\impl] for files matching pattern [D:/SpringMybatisWebDemo/target/classes/com/hc/**/*.class]
2016-12-15 11:01:39 org.springframework.core.io.support.PathMatchingResourcePatternResolver.findPathMatchingResources(PathMatchingResourcePatternResolver.java:483)  Resolved location pattern [classpath*:com/hc/**/*.class] to resources [file [D:\SpringMybatisWebDemo\target\classes\com\hc\action\DeptController.class], file [D:\SpringMybatisWebDemo\target\classes\com\hc\action\DeptServlet.class], file [D:\SpringMybatisWebDemo\target\classes\com\hc\dao\Dept2Dao.class], file [D:\SpringMybatisWebDemo\target\classes\com\hc\dao\DeptDao.class], file [D:\SpringMybatisWebDemo\target\classes\com\hc\dao\EmpDao.class], file [D:\SpringMybatisWebDemo\target\classes\com\hc\DemoTest.class], file [D:\SpringMybatisWebDemo\target\classes\com\hc\domain\Dept.class], file [D:\SpringMybatisWebDemo\target\classes\com\hc\domain\Dept2.class], file [D:\SpringMybatisWebDemo\target\classes\com\hc\domain\DeptQuery.class], file [D:\SpringMybatisWebDemo\target\classes\com\hc\domain\Emp.class], file [D:\SpringMybatisWebDemo\target\classes\com\hc\service\DeptService.class], file [D:\SpringMybatisWebDemo\target\classes\com\hc\service\impl\DeptServiceImpl.class]]
2016-12-15 11:01:39 org.springframework.context.annotation.ClassPathScanningCandidateComponentProvider.findCandidateComponents(ClassPathScanningCandidateComponentProvider.java:286)  Identified candidate component class: file [D:\SpringMybatisWebDemo\target\classes\com\hc\action\DeptController.class]
2016-12-15 11:01:39 org.springframework.context.annotation.ClassPathScanningCandidateComponentProvider.findCandidateComponents(ClassPathScanningCandidateComponentProvider.java:286)  Identified candidate component class: file [D:\SpringMybatisWebDemo\target\classes\com\hc\service\impl\DeptServiceImpl.class]
2016-12-15 11:01:39 org.springframework.beans.factory.xml.BeanDefinitionParserDelegate.parseBeanDefinitionElement(BeanDefinitionParserDelegate.java:481)  Neither XML 'id' nor 'name' specified - using generated bean name [org.mybatis.spring.mapper.MapperScannerConfigurer#0]
2016-12-15 11:01:39 org.springframework.beans.factory.support.AbstractBeanDefinitionReader.loadBeanDefinitions(AbstractBeanDefinitionReader.java:224)  Loaded 17 bean definitions from location pattern [applicationContext.xml]
2016-12-15 11:01:39 org.springframework.context.support.AbstractApplicationContext.obtainFreshBeanFactory(AbstractApplicationContext.java:616)  Bean factory for org.springframework.context.support.ClassPathXmlApplicationContext@45c8e616: org.springframework.beans.factory.support.DefaultListableBeanFactory@25359ed8: defining beans [deptController,deptServiceImpl,org.springframework.context.annotation.internalConfigurationAnnotationProcessor,org.springframework.context.annotation.internalAutowiredAnnotationProcessor,org.springframework.context.annotation.internalRequiredAnnotationProcessor,org.springframework.context.annotation.internalCommonAnnotationProcessor,org.springframework.context.event.internalEventListenerProcessor,org.springframework.context.event.internalEventListenerFactory,dataSource123,sqlSessionFactory,org.mybatis.spring.mapper.MapperScannerConfigurer#0,txManager,org.springframework.transaction.config.internalTransactionalEventListenerFactory,org.springframework.aop.config.internalAutoProxyCreator,org.springframework.transaction.annotation.AnnotationTransactionAttributeSource#0,org.springframework.transaction.interceptor.TransactionInterceptor#0,org.springframework.transaction.config.internalTransactionAdvisor]; root of factory hierarchy
2016-12-15 11:01:39 org.springframework.beans.factory.support.DefaultSingletonBeanRegistry.getSingleton(DefaultSingletonBeanRegistry.java:221)  Creating shared instance of singleton bean 'org.springframework.context.annotation.internalConfigurationAnnotationProcessor'
2016-12-15 11:01:39 org.springframework.beans.factory.support.AbstractAutowireCapableBeanFactory.createBean(AbstractAutowireCapableBeanFactory.java:448)  Creating instance of bean 'org.springframework.context.annotation.internalConfigurationAnnotationProcessor'
2016-12-15 11:01:39 org.springframework.beans.factory.support.AbstractAutowireCapableBeanFactory.doCreateBean(AbstractAutowireCapableBeanFactory.java:537)  Eagerly caching bean 'org.springframework.context.annotation.internalConfigurationAnnotationProcessor' to allow for resolving potential circular references
2016-12-15 11:01:39 org.springframework.beans.factory.support.AbstractAutowireCapableBeanFactory.createBean(AbstractAutowireCapableBeanFactory.java:484)  Finished creating instance of bean 'org.springframework.context.annotation.internalConfigurationAnnotationProcessor'
2016-12-15 11:01:39 org.springframework.beans.factory.support.DefaultSingletonBeanRegistry.getSingleton(DefaultSingletonBeanRegistry.java:221)  Creating shared instance of singleton bean 'org.mybatis.spring.mapper.MapperScannerConfigurer#0'
2016-12-15 11:01:39 org.springframework.beans.factory.support.AbstractAutowireCapableBeanFactory.createBean(AbstractAutowireCapableBeanFactory.java:448)  Creating instance of bean 'org.mybatis.spring.mapper.MapperScannerConfigurer#0'
2016-12-15 11:01:39 org.springframework.beans.factory.support.AbstractAutowireCapableBeanFactory.doCreateBean(AbstractAutowireCapableBeanFactory.java:537)  Eagerly caching bean 'org.mybatis.spring.mapper.MapperScannerConfigurer#0' to allow for resolving potential circular references
2016-12-15 11:01:39 org.springframework.beans.factory.support.AbstractAutowireCapableBeanFactory.invokeInitMethods(AbstractAutowireCapableBeanFactory.java:1625)  Invoking afterPropertiesSet() on bean with name 'org.mybatis.spring.mapper.MapperScannerConfigurer#0'
2016-12-15 11:01:39 org.springframework.beans.factory.support.AbstractAutowireCapableBeanFactory.createBean(AbstractAutowireCapableBeanFactory.java:484)  Finished creating instance of bean 'org.mybatis.spring.mapper.MapperScannerConfigurer#0'
2016-12-15 11:01:39 org.springframework.core.env.MutablePropertySources.addLast(MutablePropertySources.java:109)  Adding [systemProperties] PropertySource with lowest search precedence
2016-12-15 11:01:39 org.springframework.core.env.MutablePropertySources.addLast(MutablePropertySources.java:109)  Adding [systemEnvironment] PropertySource with lowest search precedence
2016-12-15 11:01:39 org.springframework.core.env.AbstractEnvironment.<init>(AbstractEnvironment.java:124)  Initialized StandardEnvironment with PropertySources [systemProperties,systemEnvironment]
2016-12-15 11:01:39 org.springframework.core.io.support.PathMatchingResourcePatternResolver.findAllClassPathResources(PathMatchingResourcePatternResolver.java:317)  Resolved classpath location [com/hc/dao/] to resources [URL [file:/D:/SpringMybatisWebDemo/target/classes/com/hc/dao/]]
2016-12-15 11:01:39 org.springframework.core.io.support.PathMatchingResourcePatternResolver.doFindMatchingFileSystemResources(PathMatchingResourcePatternResolver.java:711)  Looking for matching resources in directory tree [D:\SpringMybatisWebDemo\target\classes\com\hc\dao]
2016-12-15 11:01:39 org.springframework.core.io.support.PathMatchingResourcePatternResolver.doRetrieveMatchingFiles(PathMatchingResourcePatternResolver.java:773)  Searching directory [D:\SpringMybatisWebDemo\target\classes\com\hc\dao] for files matching pattern [D:/SpringMybatisWebDemo/target/classes/com/hc/dao/**/*.class]
2016-12-15 11:01:39 org.springframework.core.io.support.PathMatchingResourcePatternResolver.findPathMatchingResources(PathMatchingResourcePatternResolver.java:483)  Resolved location pattern [classpath*:com/hc/dao/**/*.class] to resources [file [D:\SpringMybatisWebDemo\target\classes\com\hc\dao\Dept2Dao.class], file [D:\SpringMybatisWebDemo\target\classes\com\hc\dao\DeptDao.class], file [D:\SpringMybatisWebDemo\target\classes\com\hc\dao\EmpDao.class]]
2016-12-15 11:01:39 org.springframework.context.annotation.ClassPathScanningCandidateComponentProvider.findCandidateComponents(ClassPathScanningCandidateComponentProvider.java:286)  Identified candidate component class: file [D:\SpringMybatisWebDemo\target\classes\com\hc\dao\Dept2Dao.class]
2016-12-15 11:01:39 org.springframework.context.annotation.ClassPathScanningCandidateComponentProvider.findCandidateComponents(ClassPathScanningCandidateComponentProvider.java:286)  Identified candidate component class: file [D:\SpringMybatisWebDemo\target\classes\com\hc\dao\DeptDao.class]
2016-12-15 11:01:39 org.springframework.context.annotation.ClassPathScanningCandidateComponentProvider.findCandidateComponents(ClassPathScanningCandidateComponentProvider.java:286)  Identified candidate component class: file [D:\SpringMybatisWebDemo\target\classes\com\hc\dao\EmpDao.class]
2016-12-15 11:01:39 org.mybatis.spring.mapper.ClassPathMapperScanner.processBeanDefinitions(ClassPathMapperScanner.java:181)  Creating MapperFactoryBean with name 'dept2Dao' and 'com.hc.dao.Dept2Dao' mapperInterface
2016-12-15 11:01:39 org.mybatis.spring.mapper.ClassPathMapperScanner.processBeanDefinitions(ClassPathMapperScanner.java:181)  Creating MapperFactoryBean with name 'deptDao' and 'com.hc.dao.DeptDao' mapperInterface
2016-12-15 11:01:39 org.mybatis.spring.mapper.ClassPathMapperScanner.processBeanDefinitions(ClassPathMapperScanner.java:181)  Creating MapperFactoryBean with name 'empDao' and 'com.hc.dao.EmpDao' mapperInterface
2016-12-15 11:01:39 org.springframework.beans.factory.support.DefaultSingletonBeanRegistry.getSingleton(DefaultSingletonBeanRegistry.java:221)  Creating shared instance of singleton bean 'org.springframework.context.annotation.internalAutowiredAnnotationProcessor'
2016-12-15 11:01:39 org.springframework.beans.factory.support.AbstractAutowireCapableBeanFactory.createBean(AbstractAutowireCapableBeanFactory.java:448)  Creating instance of bean 'org.springframework.context.annotation.internalAutowiredAnnotationProcessor'
2016-12-15 11:01:39 org.springframework.beans.factory.support.AbstractAutowireCapableBeanFactory.doCreateBean(AbstractAutowireCapableBeanFactory.java:537)  Eagerly caching bean 'org.springframework.context.annotation.internalAutowiredAnnotationProcessor' to allow for resolving potential circular references
2016-12-15 11:01:39 org.springframework.beans.factory.support.AbstractAutowireCapableBeanFactory.createBean(AbstractAutowireCapableBeanFactory.java:484)  Finished creating instance of bean 'org.springframework.context.annotation.internalAutowiredAnnotationProcessor'
2016-12-15 11:01:39 org.springframework.beans.factory.support.DefaultSingletonBeanRegistry.getSingleton(DefaultSingletonBeanRegistry.java:221)  Creating shared instance of singleton bean 'org.springframework.context.annotation.internalRequiredAnnotationProcessor'
2016-12-15 11:01:39 org.springframework.beans.factory.support.AbstractAutowireCapableBeanFactory.createBean(AbstractAutowireCapableBeanFactory.java:448)  Creating instance of bean 'org.springframework.context.annotation.internalRequiredAnnotationProcessor'
2016-12-15 11:01:39 org.springframework.beans.factory.support.AbstractAutowireCapableBeanFactory.doCreateBean(AbstractAutowireCapableBeanFactory.java:537)  Eagerly caching bean 'org.springframework.context.annotation.internalRequiredAnnotationProcessor' to allow for resolving potential circular references
2016-12-15 11:01:39 org.springframework.beans.factory.support.AbstractAutowireCapableBeanFactory.createBean(AbstractAutowireCapableBeanFactory.java:484)  Finished creating instance of bean 'org.springframework.context.annotation.internalRequiredAnnotationProcessor'
2016-12-15 11:01:39 org.springframework.beans.factory.support.DefaultSingletonBeanRegistry.getSingleton(DefaultSingletonBeanRegistry.java:221)  Creating shared instance of singleton bean 'org.springframework.context.annotation.internalCommonAnnotationProcessor'
2016-12-15 11:01:39 org.springframework.beans.factory.support.AbstractAutowireCapableBeanFactory.createBean(AbstractAutowireCapableBeanFactory.java:448)  Creating instance of bean 'org.springframework.context.annotation.internalCommonAnnotationProcessor'
2016-12-15 11:01:39 org.springframework.beans.factory.support.AbstractAutowireCapableBeanFactory.doCreateBean(AbstractAutowireCapableBeanFactory.java:537)  Eagerly caching bean 'org.springframework.context.annotation.internalCommonAnnotationProcessor' to allow for resolving potential circular references
2016-12-15 11:01:39 org.springframework.beans.factory.support.AbstractAutowireCapableBeanFactory.createBean(AbstractAutowireCapableBeanFactory.java:484)  Finished creating instance of bean 'org.springframework.context.annotation.internalCommonAnnotationProcessor'
2016-12-15 11:01:39 org.springframework.beans.factory.support.DefaultSingletonBeanRegistry.getSingleton(DefaultSingletonBeanRegistry.java:221)  Creating shared instance of singleton bean 'org.springframework.context.annotation.ConfigurationClassPostProcessor.importAwareProcessor'
2016-12-15 11:01:39 org.springframework.beans.factory.support.AbstractAutowireCapableBeanFactory.createBean(AbstractAutowireCapableBeanFactory.java:448)  Creating instance of bean 'org.springframework.context.annotation.ConfigurationClassPostProcessor.importAwareProcessor'
2016-12-15 11:01:39 org.springframework.beans.factory.support.AbstractAutowireCapableBeanFactory.doCreateBean(AbstractAutowireCapableBeanFactory.java:537)  Eagerly caching bean 'org.springframework.context.annotation.ConfigurationClassPostProcessor.importAwareProcessor' to allow for resolving potential circular references
2016-12-15 11:01:39 org.springframework.beans.factory.support.AbstractAutowireCapableBeanFactory.createBean(AbstractAutowireCapableBeanFactory.java:484)  Finished creating instance of bean 'org.springframework.context.annotation.ConfigurationClassPostProcessor.importAwareProcessor'
2016-12-15 11:01:39 org.springframework.beans.factory.support.DefaultSingletonBeanRegistry.getSingleton(DefaultSingletonBeanRegistry.java:221)  Creating shared instance of singleton bean 'org.springframework.context.annotation.ConfigurationClassPostProcessor.enhancedConfigurationProcessor'
2016-12-15 11:01:39 org.springframework.beans.factory.support.AbstractAutowireCapableBeanFactory.createBean(AbstractAutowireCapableBeanFactory.java:448)  Creating instance of bean 'org.springframework.context.annotation.ConfigurationClassPostProcessor.enhancedConfigurationProcessor'
2016-12-15 11:01:39 org.springframework.beans.factory.support.AbstractAutowireCapableBeanFactory.doCreateBean(AbstractAutowireCapableBeanFactory.java:537)  Eagerly caching bean 'org.springframework.context.annotation.ConfigurationClassPostProcessor.enhancedConfigurationProcessor' to allow for resolving potential circular references
2016-12-15 11:01:39 org.springframework.beans.factory.support.AbstractAutowireCapableBeanFactory.createBean(AbstractAutowireCapableBeanFactory.java:484)  Finished creating instance of bean 'org.springframework.context.annotation.ConfigurationClassPostProcessor.enhancedConfigurationProcessor'
2016-12-15 11:01:39 org.springframework.beans.factory.support.DefaultSingletonBeanRegistry.getSingleton(DefaultSingletonBeanRegistry.java:221)  Creating shared instance of singleton bean 'org.springframework.aop.config.internalAutoProxyCreator'
2016-12-15 11:01:39 org.springframework.beans.factory.support.AbstractAutowireCapableBeanFactory.createBean(AbstractAutowireCapableBeanFactory.java:448)  Creating instance of bean 'org.springframework.aop.config.internalAutoProxyCreator'
2016-12-15 11:01:39 org.springframework.beans.factory.support.AbstractAutowireCapableBeanFactory.doCreateBean(AbstractAutowireCapableBeanFactory.java:537)  Eagerly caching bean 'org.springframework.aop.config.internalAutoProxyCreator' to allow for resolving potential circular references
2016-12-15 11:01:39 org.springframework.beans.factory.support.AbstractAutowireCapableBeanFactory.createBean(AbstractAutowireCapableBeanFactory.java:484)  Finished creating instance of bean 'org.springframework.aop.config.internalAutoProxyCreator'
2016-12-15 11:01:39 org.springframework.context.support.AbstractApplicationContext.initMessageSource(AbstractApplicationContext.java:733)  Unable to locate MessageSource with name 'messageSource': using default [org.springframework.context.support.DelegatingMessageSource@7193666c]
2016-12-15 11:01:40 org.springframework.context.support.AbstractApplicationContext.initApplicationEventMulticaster(AbstractApplicationContext.java:757)  Unable to locate ApplicationEventMulticaster with name 'applicationEventMulticaster': using default [org.springframework.context.event.SimpleApplicationEventMulticaster@55b7a4e0]
2016-12-15 11:01:40 org.springframework.beans.factory.support.DefaultListableBeanFactory.preInstantiateSingletons(DefaultListableBeanFactory.java:723)  Pre-instantiating singletons in org.springframework.beans.factory.support.DefaultListableBeanFactory@25359ed8: defining beans [deptController,deptServiceImpl,org.springframework.context.annotation.internalConfigurationAnnotationProcessor,org.springframework.context.annotation.internalAutowiredAnnotationProcessor,org.springframework.context.annotation.internalRequiredAnnotationProcessor,org.springframework.context.annotation.internalCommonAnnotationProcessor,org.springframework.context.event.internalEventListenerProcessor,org.springframework.context.event.internalEventListenerFactory,dataSource123,sqlSessionFactory,org.mybatis.spring.mapper.MapperScannerConfigurer#0,txManager,org.springframework.transaction.config.internalTransactionalEventListenerFactory,org.springframework.aop.config.internalAutoProxyCreator,org.springframework.transaction.annotation.AnnotationTransactionAttributeSource#0,org.springframework.transaction.interceptor.TransactionInterceptor#0,org.springframework.transaction.config.internalTransactionAdvisor,org.springframework.context.annotation.ConfigurationClassPostProcessor.importAwareProcessor,org.springframework.context.annotation.ConfigurationClassPostProcessor.enhancedConfigurationProcessor,dept2Dao,deptDao,empDao]; root of factory hierarchy
2016-12-15 11:01:40 org.springframework.beans.factory.support.DefaultSingletonBeanRegistry.getSingleton(DefaultSingletonBeanRegistry.java:221)  Creating shared instance of singleton bean 'deptController'
2016-12-15 11:01:40 org.springframework.beans.factory.support.AbstractAutowireCapableBeanFactory.createBean(AbstractAutowireCapableBeanFactory.java:448)  Creating instance of bean 'deptController'
2016-12-15 11:01:40 org.springframework.beans.factory.annotation.InjectionMetadata.checkConfigMembers(InjectionMetadata.java:72)  Registered injected element on class [com.hc.action.DeptController]: AutowiredFieldElement for private com.hc.service.DeptService com.hc.action.DeptController.deptService
2016-12-15 11:01:40 org.springframework.beans.factory.support.AbstractAutowireCapableBeanFactory.doCreateBean(AbstractAutowireCapableBeanFactory.java:537)  Eagerly caching bean 'deptController' to allow for resolving potential circular references
2016-12-15 11:01:40 org.springframework.beans.factory.annotation.InjectionMetadata.inject(InjectionMetadata.java:86)  Processing injected element of bean 'deptController': AutowiredFieldElement for private com.hc.service.DeptService com.hc.action.DeptController.deptService
2016-12-15 11:01:40 org.springframework.beans.factory.support.DefaultSingletonBeanRegistry.getSingleton(DefaultSingletonBeanRegistry.java:221)  Creating shared instance of singleton bean 'deptServiceImpl'
2016-12-15 11:01:40 org.springframework.beans.factory.support.AbstractAutowireCapableBeanFactory.createBean(AbstractAutowireCapableBeanFactory.java:448)  Creating instance of bean 'deptServiceImpl'
2016-12-15 11:01:40 org.springframework.beans.factory.annotation.InjectionMetadata.checkConfigMembers(InjectionMetadata.java:72)  Registered injected element on class [com.hc.service.impl.DeptServiceImpl]: AutowiredFieldElement for private com.hc.dao.DeptDao com.hc.service.impl.DeptServiceImpl.deptDao
2016-12-15 11:01:40 org.springframework.beans.factory.support.AbstractAutowireCapableBeanFactory.doCreateBean(AbstractAutowireCapableBeanFactory.java:537)  Eagerly caching bean 'deptServiceImpl' to allow for resolving potential circular references
2016-12-15 11:01:40 org.springframework.beans.factory.annotation.InjectionMetadata.inject(InjectionMetadata.java:86)  Processing injected element of bean 'deptServiceImpl': AutowiredFieldElement for private com.hc.dao.DeptDao com.hc.service.impl.DeptServiceImpl.deptDao
2016-12-15 11:01:40 org.springframework.beans.factory.support.DefaultSingletonBeanRegistry.getSingleton(DefaultSingletonBeanRegistry.java:221)  Creating shared instance of singleton bean 'deptDao'
2016-12-15 11:01:40 org.springframework.beans.factory.support.AbstractAutowireCapableBeanFactory.createBean(AbstractAutowireCapableBeanFactory.java:448)  Creating instance of bean 'deptDao'
2016-12-15 11:01:40 org.springframework.beans.factory.support.AbstractAutowireCapableBeanFactory.doCreateBean(AbstractAutowireCapableBeanFactory.java:537)  Eagerly caching bean 'deptDao' to allow for resolving potential circular references
2016-12-15 11:01:40 org.springframework.beans.factory.support.DefaultSingletonBeanRegistry.getSingleton(DefaultSingletonBeanRegistry.java:221)  Creating shared instance of singleton bean 'sqlSessionFactory'
2016-12-15 11:01:40 org.springframework.beans.factory.support.AbstractAutowireCapableBeanFactory.createBean(AbstractAutowireCapableBeanFactory.java:448)  Creating instance of bean 'sqlSessionFactory'
2016-12-15 11:01:40 org.springframework.beans.factory.support.AbstractAutowireCapableBeanFactory.doCreateBean(AbstractAutowireCapableBeanFactory.java:537)  Eagerly caching bean 'sqlSessionFactory' to allow for resolving potential circular references
2016-12-15 11:01:40 org.springframework.beans.factory.support.DefaultSingletonBeanRegistry.getSingleton(DefaultSingletonBeanRegistry.java:221)  Creating shared instance of singleton bean 'dataSource123'
2016-12-15 11:01:40 org.springframework.beans.factory.support.AbstractAutowireCapableBeanFactory.createBean(AbstractAutowireCapableBeanFactory.java:448)  Creating instance of bean 'dataSource123'
2016-12-15 11:01:40 org.springframework.beans.factory.support.AbstractAutowireCapableBeanFactory.doCreateBean(AbstractAutowireCapableBeanFactory.java:537)  Eagerly caching bean 'dataSource123' to allow for resolving potential circular references
2016-12-15 11:01:40 org.springframework.beans.factory.support.DefaultSingletonBeanRegistry.getSingleton(DefaultSingletonBeanRegistry.java:221)  Creating shared instance of singleton bean 'org.springframework.transaction.config.internalTransactionAdvisor'
2016-12-15 11:01:40 org.springframework.beans.factory.support.AbstractAutowireCapableBeanFactory.createBean(AbstractAutowireCapableBeanFactory.java:448)  Creating instance of bean 'org.springframework.transaction.config.internalTransactionAdvisor'
2016-12-15 11:01:40 org.springframework.beans.factory.support.AbstractAutowireCapableBeanFactory.doCreateBean(AbstractAutowireCapableBeanFactory.java:537)  Eagerly caching bean 'org.springframework.transaction.config.internalTransactionAdvisor' to allow for resolving potential circular references
2016-12-15 11:01:40 org.springframework.beans.factory.support.DefaultSingletonBeanRegistry.getSingleton(DefaultSingletonBeanRegistry.java:221)  Creating shared instance of singleton bean 'org.springframework.transaction.annotation.AnnotationTransactionAttributeSource#0'
2016-12-15 11:01:40 org.springframework.beans.factory.support.AbstractAutowireCapableBeanFactory.createBean(AbstractAutowireCapableBeanFactory.java:448)  Creating instance of bean 'org.springframework.transaction.annotation.AnnotationTransactionAttributeSource#0'
2016-12-15 11:01:40 org.springframework.beans.factory.support.AbstractAutowireCapableBeanFactory.doCreateBean(AbstractAutowireCapableBeanFactory.java:537)  Eagerly caching bean 'org.springframework.transaction.annotation.AnnotationTransactionAttributeSource#0' to allow for resolving potential circular references
2016-12-15 11:01:40 org.springframework.aop.framework.autoproxy.BeanFactoryAdvisorRetrievalHelper.findAdvisorBeans(BeanFactoryAdvisorRetrievalHelper.java:87)  Skipping currently created advisor 'org.springframework.transaction.config.internalTransactionAdvisor'
2016-12-15 11:01:40 org.springframework.beans.factory.support.AbstractAutowireCapableBeanFactory.createBean(AbstractAutowireCapableBeanFactory.java:484)  Finished creating instance of bean 'org.springframework.transaction.annotation.AnnotationTransactionAttributeSource#0'
2016-12-15 11:01:40 org.springframework.beans.factory.support.AbstractAutowireCapableBeanFactory.createBean(AbstractAutowireCapableBeanFactory.java:484)  Finished creating instance of bean 'org.springframework.transaction.config.internalTransactionAdvisor'
2016-12-15 11:01:40 org.springframework.beans.factory.support.AbstractAutowireCapableBeanFactory.createBean(AbstractAutowireCapableBeanFactory.java:484)  Finished creating instance of bean 'dataSource123'
2016-12-15 11:01:40 org.springframework.beans.factory.support.AbstractAutowireCapableBeanFactory.invokeInitMethods(AbstractAutowireCapableBeanFactory.java:1625)  Invoking afterPropertiesSet() on bean with name 'sqlSessionFactory'
2016-12-15 11:01:40 org.apache.ibatis.logging.commons.JakartaCommonsLoggingImpl.debug(JakartaCommonsLoggingImpl.java:54)  Parsed configuration file: 'class path resource [mybatisMapper.xml]'
2016-12-15 11:01:40 org.apache.ibatis.logging.commons.JakartaCommonsLoggingImpl.debug(JakartaCommonsLoggingImpl.java:54)  Property 'mapperLocations' was not specified or no matching resources found
2016-12-15 11:01:40 org.springframework.beans.factory.support.AbstractBeanFactory.doGetBean(AbstractBeanFactory.java:251)  Returning cached instance of singleton bean 'org.springframework.transaction.config.internalTransactionAdvisor'
2016-12-15 11:01:40 org.springframework.beans.factory.support.AbstractAutowireCapableBeanFactory.createBean(AbstractAutowireCapableBeanFactory.java:484)  Finished creating instance of bean 'sqlSessionFactory'
2016-12-15 11:01:40 org.springframework.beans.factory.support.AbstractBeanFactory.doGetBean(AbstractBeanFactory.java:251)  Returning cached instance of singleton bean 'org.springframework.transaction.config.internalTransactionAdvisor'
2016-12-15 11:01:40 org.springframework.beans.factory.support.AbstractAutowireCapableBeanFactory.invokeInitMethods(AbstractAutowireCapableBeanFactory.java:1625)  Invoking afterPropertiesSet() on bean with name 'deptDao'
2016-12-15 11:01:40 org.springframework.beans.factory.support.AbstractBeanFactory.doGetBean(AbstractBeanFactory.java:251)  Returning cached instance of singleton bean 'org.springframework.transaction.config.internalTransactionAdvisor'
2016-12-15 11:01:40 org.springframework.beans.factory.support.AbstractAutowireCapableBeanFactory.createBean(AbstractAutowireCapableBeanFactory.java:484)  Finished creating instance of bean 'deptDao'
2016-12-15 11:01:40 org.springframework.beans.factory.support.AbstractBeanFactory.doGetBean(AbstractBeanFactory.java:251)  Returning cached instance of singleton bean 'org.springframework.transaction.config.internalTransactionAdvisor'
2016-12-15 11:01:40 org.springframework.beans.factory.annotation.AutowiredAnnotationBeanPostProcessor.registerDependentBeans(AutowiredAnnotationBeanPostProcessor.java:539)  Autowiring by type from bean name 'deptServiceImpl' to bean named 'deptDao'
2016-12-15 11:01:40 org.springframework.beans.factory.support.AbstractBeanFactory.doGetBean(AbstractBeanFactory.java:251)  Returning cached instance of singleton bean 'org.springframework.transaction.config.internalTransactionAdvisor'
2016-12-15 11:01:40 org.springframework.beans.factory.support.AbstractAutowireCapableBeanFactory.createBean(AbstractAutowireCapableBeanFactory.java:484)  Finished creating instance of bean 'deptServiceImpl'
2016-12-15 11:01:40 org.springframework.beans.factory.annotation.AutowiredAnnotationBeanPostProcessor.registerDependentBeans(AutowiredAnnotationBeanPostProcessor.java:539)  Autowiring by type from bean name 'deptController' to bean named 'deptServiceImpl'
2016-12-15 11:01:40 org.springframework.beans.factory.support.AbstractBeanFactory.doGetBean(AbstractBeanFactory.java:251)  Returning cached instance of singleton bean 'org.springframework.transaction.config.internalTransactionAdvisor'
2016-12-15 11:01:40 org.springframework.beans.factory.support.AbstractAutowireCapableBeanFactory.createBean(AbstractAutowireCapableBeanFactory.java:484)  Finished creating instance of bean 'deptController'
2016-12-15 11:01:40 org.springframework.beans.factory.support.AbstractBeanFactory.doGetBean(AbstractBeanFactory.java:251)  Returning cached instance of singleton bean 'deptServiceImpl'
2016-12-15 11:01:40 org.springframework.beans.factory.support.AbstractBeanFactory.doGetBean(AbstractBeanFactory.java:251)  Returning cached instance of singleton bean 'org.springframework.context.annotation.internalConfigurationAnnotationProcessor'
2016-12-15 11:01:40 org.springframework.beans.factory.support.AbstractBeanFactory.doGetBean(AbstractBeanFactory.java:251)  Returning cached instance of singleton bean 'org.springframework.context.annotation.internalAutowiredAnnotationProcessor'
2016-12-15 11:01:40 org.springframework.beans.factory.support.AbstractBeanFactory.doGetBean(AbstractBeanFactory.java:251)  Returning cached instance of singleton bean 'org.springframework.context.annotation.internalRequiredAnnotationProcessor'
2016-12-15 11:01:40 org.springframework.beans.factory.support.AbstractBeanFactory.doGetBean(AbstractBeanFactory.java:251)  Returning cached instance of singleton bean 'org.springframework.context.annotation.internalCommonAnnotationProcessor'
2016-12-15 11:01:40 org.springframework.beans.factory.support.DefaultSingletonBeanRegistry.getSingleton(DefaultSingletonBeanRegistry.java:221)  Creating shared instance of singleton bean 'org.springframework.context.event.internalEventListenerProcessor'
2016-12-15 11:01:40 org.springframework.beans.factory.support.AbstractAutowireCapableBeanFactory.createBean(AbstractAutowireCapableBeanFactory.java:448)  Creating instance of bean 'org.springframework.context.event.internalEventListenerProcessor'
2016-12-15 11:01:40 org.springframework.beans.factory.support.AbstractAutowireCapableBeanFactory.doCreateBean(AbstractAutowireCapableBeanFactory.java:537)  Eagerly caching bean 'org.springframework.context.event.internalEventListenerProcessor' to allow for resolving potential circular references
2016-12-15 11:01:40 org.springframework.beans.factory.support.AbstractBeanFactory.doGetBean(AbstractBeanFactory.java:251)  Returning cached instance of singleton bean 'org.springframework.transaction.config.internalTransactionAdvisor'
2016-12-15 11:01:40 org.springframework.beans.factory.support.AbstractAutowireCapableBeanFactory.createBean(AbstractAutowireCapableBeanFactory.java:484)  Finished creating instance of bean 'org.springframework.context.event.internalEventListenerProcessor'
2016-12-15 11:01:40 org.springframework.beans.factory.support.DefaultSingletonBeanRegistry.getSingleton(DefaultSingletonBeanRegistry.java:221)  Creating shared instance of singleton bean 'org.springframework.context.event.internalEventListenerFactory'
2016-12-15 11:01:40 org.springframework.beans.factory.support.AbstractAutowireCapableBeanFactory.createBean(AbstractAutowireCapableBeanFactory.java:448)  Creating instance of bean 'org.springframework.context.event.internalEventListenerFactory'
2016-12-15 11:01:40 org.springframework.beans.factory.support.AbstractAutowireCapableBeanFactory.doCreateBean(AbstractAutowireCapableBeanFactory.java:537)  Eagerly caching bean 'org.springframework.context.event.internalEventListenerFactory' to allow for resolving potential circular references
2016-12-15 11:01:40 org.springframework.beans.factory.support.AbstractBeanFactory.doGetBean(AbstractBeanFactory.java:251)  Returning cached instance of singleton bean 'org.springframework.transaction.config.internalTransactionAdvisor'
2016-12-15 11:01:40 org.springframework.beans.factory.support.AbstractAutowireCapableBeanFactory.createBean(AbstractAutowireCapableBeanFactory.java:484)  Finished creating instance of bean 'org.springframework.context.event.internalEventListenerFactory'
2016-12-15 11:01:40 org.springframework.beans.factory.support.AbstractBeanFactory.doGetBean(AbstractBeanFactory.java:251)  Returning cached instance of singleton bean 'dataSource123'
2016-12-15 11:01:40 org.springframework.beans.factory.support.AbstractBeanFactory.doGetBean(AbstractBeanFactory.java:251)  Returning cached instance of singleton bean 'sqlSessionFactory'
2016-12-15 11:01:40 org.springframework.beans.factory.support.AbstractBeanFactory.doGetBean(AbstractBeanFactory.java:251)  Returning cached instance of singleton bean 'org.mybatis.spring.mapper.MapperScannerConfigurer#0'
2016-12-15 11:01:40 org.springframework.beans.factory.support.DefaultSingletonBeanRegistry.getSingleton(DefaultSingletonBeanRegistry.java:221)  Creating shared instance of singleton bean 'txManager'
2016-12-15 11:01:40 org.springframework.beans.factory.support.AbstractAutowireCapableBeanFactory.createBean(AbstractAutowireCapableBeanFactory.java:448)  Creating instance of bean 'txManager'
2016-12-15 11:01:40 org.springframework.beans.factory.support.AbstractAutowireCapableBeanFactory.doCreateBean(AbstractAutowireCapableBeanFactory.java:537)  Eagerly caching bean 'txManager' to allow for resolving potential circular references
2016-12-15 11:01:40 org.springframework.beans.factory.support.AbstractBeanFactory.doGetBean(AbstractBeanFactory.java:251)  Returning cached instance of singleton bean 'dataSource123'
2016-12-15 11:01:40 org.springframework.beans.factory.support.AbstractAutowireCapableBeanFactory.invokeInitMethods(AbstractAutowireCapableBeanFactory.java:1625)  Invoking afterPropertiesSet() on bean with name 'txManager'
2016-12-15 11:01:40 org.springframework.beans.factory.support.AbstractBeanFactory.doGetBean(AbstractBeanFactory.java:251)  Returning cached instance of singleton bean 'org.springframework.transaction.config.internalTransactionAdvisor'
2016-12-15 11:01:40 org.springframework.beans.factory.support.AbstractAutowireCapableBeanFactory.createBean(AbstractAutowireCapableBeanFactory.java:484)  Finished creating instance of bean 'txManager'
2016-12-15 11:01:40 org.springframework.beans.factory.support.DefaultSingletonBeanRegistry.getSingleton(DefaultSingletonBeanRegistry.java:221)  Creating shared instance of singleton bean 'org.springframework.transaction.config.internalTransactionalEventListenerFactory'
2016-12-15 11:01:40 org.springframework.beans.factory.support.AbstractAutowireCapableBeanFactory.createBean(AbstractAutowireCapableBeanFactory.java:448)  Creating instance of bean 'org.springframework.transaction.config.internalTransactionalEventListenerFactory'
2016-12-15 11:01:40 org.springframework.beans.factory.support.AbstractAutowireCapableBeanFactory.doCreateBean(AbstractAutowireCapableBeanFactory.java:537)  Eagerly caching bean 'org.springframework.transaction.config.internalTransactionalEventListenerFactory' to allow for resolving potential circular references
2016-12-15 11:01:40 org.springframework.beans.factory.support.AbstractBeanFactory.doGetBean(AbstractBeanFactory.java:251)  Returning cached instance of singleton bean 'org.springframework.transaction.config.internalTransactionAdvisor'
2016-12-15 11:01:40 org.springframework.beans.factory.support.AbstractAutowireCapableBeanFactory.createBean(AbstractAutowireCapableBeanFactory.java:484)  Finished creating instance of bean 'org.springframework.transaction.config.internalTransactionalEventListenerFactory'
2016-12-15 11:01:40 org.springframework.beans.factory.support.AbstractBeanFactory.doGetBean(AbstractBeanFactory.java:251)  Returning cached instance of singleton bean 'org.springframework.aop.config.internalAutoProxyCreator'
2016-12-15 11:01:40 org.springframework.beans.factory.support.AbstractBeanFactory.doGetBean(AbstractBeanFactory.java:251)  Returning cached instance of singleton bean 'org.springframework.transaction.annotation.AnnotationTransactionAttributeSource#0'
2016-12-15 11:01:40 org.springframework.beans.factory.support.DefaultSingletonBeanRegistry.getSingleton(DefaultSingletonBeanRegistry.java:221)  Creating shared instance of singleton bean 'org.springframework.transaction.interceptor.TransactionInterceptor#0'
2016-12-15 11:01:40 org.springframework.beans.factory.support.AbstractAutowireCapableBeanFactory.createBean(AbstractAutowireCapableBeanFactory.java:448)  Creating instance of bean 'org.springframework.transaction.interceptor.TransactionInterceptor#0'
2016-12-15 11:01:40 org.springframework.beans.factory.support.AbstractAutowireCapableBeanFactory.doCreateBean(AbstractAutowireCapableBeanFactory.java:537)  Eagerly caching bean 'org.springframework.transaction.interceptor.TransactionInterceptor#0' to allow for resolving potential circular references
2016-12-15 11:01:40 org.springframework.beans.factory.support.AbstractBeanFactory.doGetBean(AbstractBeanFactory.java:251)  Returning cached instance of singleton bean 'org.springframework.transaction.annotation.AnnotationTransactionAttributeSource#0'
2016-12-15 11:01:40 org.springframework.beans.factory.support.AbstractAutowireCapableBeanFactory.invokeInitMethods(AbstractAutowireCapableBeanFactory.java:1625)  Invoking afterPropertiesSet() on bean with name 'org.springframework.transaction.interceptor.TransactionInterceptor#0'
2016-12-15 11:01:40 org.springframework.beans.factory.support.AbstractAutowireCapableBeanFactory.createBean(AbstractAutowireCapableBeanFactory.java:484)  Finished creating instance of bean 'org.springframework.transaction.interceptor.TransactionInterceptor#0'
2016-12-15 11:01:40 org.springframework.beans.factory.support.AbstractBeanFactory.doGetBean(AbstractBeanFactory.java:251)  Returning cached instance of singleton bean 'org.springframework.transaction.config.internalTransactionAdvisor'
2016-12-15 11:01:40 org.springframework.beans.factory.support.AbstractBeanFactory.doGetBean(AbstractBeanFactory.java:251)  Returning cached instance of singleton bean 'org.springframework.context.annotation.ConfigurationClassPostProcessor.importAwareProcessor'
2016-12-15 11:01:40 org.springframework.beans.factory.support.AbstractBeanFactory.doGetBean(AbstractBeanFactory.java:251)  Returning cached instance of singleton bean 'org.springframework.context.annotation.ConfigurationClassPostProcessor.enhancedConfigurationProcessor'
2016-12-15 11:01:40 org.springframework.beans.factory.support.DefaultSingletonBeanRegistry.getSingleton(DefaultSingletonBeanRegistry.java:221)  Creating shared instance of singleton bean 'dept2Dao'
2016-12-15 11:01:40 org.springframework.beans.factory.support.AbstractAutowireCapableBeanFactory.createBean(AbstractAutowireCapableBeanFactory.java:448)  Creating instance of bean 'dept2Dao'
2016-12-15 11:01:40 org.springframework.beans.factory.support.AbstractAutowireCapableBeanFactory.doCreateBean(AbstractAutowireCapableBeanFactory.java:537)  Eagerly caching bean 'dept2Dao' to allow for resolving potential circular references
2016-12-15 11:01:40 org.springframework.beans.factory.support.AbstractBeanFactory.doGetBean(AbstractBeanFactory.java:251)  Returning cached instance of singleton bean 'sqlSessionFactory'
2016-12-15 11:01:40 org.springframework.beans.factory.support.AbstractAutowireCapableBeanFactory.invokeInitMethods(AbstractAutowireCapableBeanFactory.java:1625)  Invoking afterPropertiesSet() on bean with name 'dept2Dao'
2016-12-15 11:01:40 org.springframework.beans.factory.support.AbstractBeanFactory.doGetBean(AbstractBeanFactory.java:251)  Returning cached instance of singleton bean 'org.springframework.transaction.config.internalTransactionAdvisor'
2016-12-15 11:01:40 org.springframework.beans.factory.support.AbstractAutowireCapableBeanFactory.createBean(AbstractAutowireCapableBeanFactory.java:484)  Finished creating instance of bean 'dept2Dao'
2016-12-15 11:01:40 org.springframework.beans.factory.support.AbstractBeanFactory.doGetBean(AbstractBeanFactory.java:251)  Returning cached instance of singleton bean 'deptDao'
2016-12-15 11:01:40 org.springframework.beans.factory.support.DefaultSingletonBeanRegistry.getSingleton(DefaultSingletonBeanRegistry.java:221)  Creating shared instance of singleton bean 'empDao'
2016-12-15 11:01:40 org.springframework.beans.factory.support.AbstractAutowireCapableBeanFactory.createBean(AbstractAutowireCapableBeanFactory.java:448)  Creating instance of bean 'empDao'
2016-12-15 11:01:40 org.springframework.beans.factory.support.AbstractAutowireCapableBeanFactory.doCreateBean(AbstractAutowireCapableBeanFactory.java:537)  Eagerly caching bean 'empDao' to allow for resolving potential circular references
2016-12-15 11:01:40 org.springframework.beans.factory.support.AbstractBeanFactory.doGetBean(AbstractBeanFactory.java:251)  Returning cached instance of singleton bean 'sqlSessionFactory'
2016-12-15 11:01:40 org.springframework.beans.factory.support.AbstractAutowireCapableBeanFactory.invokeInitMethods(AbstractAutowireCapableBeanFactory.java:1625)  Invoking afterPropertiesSet() on bean with name 'empDao'
2016-12-15 11:01:40 org.springframework.beans.factory.support.AbstractBeanFactory.doGetBean(AbstractBeanFactory.java:251)  Returning cached instance of singleton bean 'org.springframework.transaction.config.internalTransactionAdvisor'
2016-12-15 11:01:40 org.springframework.beans.factory.support.AbstractAutowireCapableBeanFactory.createBean(AbstractAutowireCapableBeanFactory.java:484)  Finished creating instance of bean 'empDao'
2016-12-15 11:01:40 org.springframework.beans.factory.support.AbstractBeanFactory.doGetBean(AbstractBeanFactory.java:251)  Returning cached instance of singleton bean 'org.springframework.context.event.internalEventListenerFactory'
2016-12-15 11:01:40 org.springframework.beans.factory.support.AbstractBeanFactory.doGetBean(AbstractBeanFactory.java:251)  Returning cached instance of singleton bean 'org.springframework.transaction.config.internalTransactionalEventListenerFactory'
2016-12-15 11:01:40 org.springframework.context.support.AbstractApplicationContext.initLifecycleProcessor(AbstractApplicationContext.java:784)  Unable to locate LifecycleProcessor with name 'lifecycleProcessor': using default [org.springframework.context.support.DefaultLifecycleProcessor@2ddc9a9f]
2016-12-15 11:01:40 org.springframework.beans.factory.support.AbstractBeanFactory.doGetBean(AbstractBeanFactory.java:251)  Returning cached instance of singleton bean 'lifecycleProcessor'
2016-12-15 11:01:40 org.springframework.beans.factory.support.AbstractBeanFactory.doGetBean(AbstractBeanFactory.java:251)  Returning cached instance of singleton bean 'sqlSessionFactory'
2016-12-15 11:01:40 org.springframework.core.env.PropertySourcesPropertyResolver.getProperty(PropertySourcesPropertyResolver.java:91)  Could not find key 'spring.liveBeansView.mbeanDomain' in any property source
2016-12-15 11:01:40 org.springframework.beans.factory.support.AbstractBeanFactory.doGetBean(AbstractBeanFactory.java:251)  Returning cached instance of singleton bean 'sqlSessionFactory'
2016-12-15 11:02:51 org.springframework.core.env.MutablePropertySources.addLast(MutablePropertySources.java:109)  Adding [systemProperties] PropertySource with lowest search precedence
2016-12-15 11:02:51 org.springframework.core.env.MutablePropertySources.addLast(MutablePropertySources.java:109)  Adding [systemEnvironment] PropertySource with lowest search precedence
2016-12-15 11:02:51 org.springframework.core.env.AbstractEnvironment.<init>(AbstractEnvironment.java:124)  Initialized StandardEnvironment with PropertySources [systemProperties,systemEnvironment]
2016-12-15 11:02:51 org.springframework.context.support.AbstractApplicationContext.prepareRefresh(AbstractApplicationContext.java:582)  Refreshing org.springframework.context.support.ClassPathXmlApplicationContext@45c8e616: startup date [Thu Dec 15 11:02:51 CST 2016]; root of context hierarchy
2016-12-15 11:02:51 org.springframework.core.env.MutablePropertySources.addLast(MutablePropertySources.java:109)  Adding [systemProperties] PropertySource with lowest search precedence
2016-12-15 11:02:51 org.springframework.core.env.MutablePropertySources.addLast(MutablePropertySources.java:109)  Adding [systemEnvironment] PropertySource with lowest search precedence
2016-12-15 11:02:51 org.springframework.core.env.AbstractEnvironment.<init>(AbstractEnvironment.java:124)  Initialized StandardEnvironment with PropertySources [systemProperties,systemEnvironment]
2016-12-15 11:02:51 org.springframework.beans.factory.xml.XmlBeanDefinitionReader.loadBeanDefinitions(XmlBeanDefinitionReader.java:317)  Loading XML bean definitions from class path resource [applicationContext.xml]
2016-12-15 11:02:51 org.springframework.beans.factory.xml.DefaultDocumentLoader.loadDocument(DefaultDocumentLoader.java:73)  Using JAXP provider [com.sun.org.apache.xerces.internal.jaxp.DocumentBuilderFactoryImpl]
2016-12-15 11:02:51 org.springframework.beans.factory.xml.PluggableSchemaResolver.getSchemaMappings(PluggableSchemaResolver.java:141)  Loading schema mappings from [META-INF/spring.schemas]
2016-12-15 11:02:51 org.springframework.beans.factory.xml.PluggableSchemaResolver.getSchemaMappings(PluggableSchemaResolver.java:147)  Loaded schema mappings: {http://www.springframework.org/schema/tx/spring-tx-4.3.xsd=org/springframework/transaction/config/spring-tx-4.3.xsd, http://www.springframework.org/schema/tx/spring-tx-2.5.xsd=org/springframework/transaction/config/spring-tx-2.5.xsd, http://www.springframework.org/schema/cache/spring-cache-4.2.xsd=org/springframework/cache/config/spring-cache-4.2.xsd, http://www.springframework.org/schema/aop/spring-aop-4.1.xsd=org/springframework/aop/config/spring-aop-4.1.xsd, http://www.springframework.org/schema/context/spring-context-3.1.xsd=org/springframework/context/config/spring-context-3.1.xsd, http://www.springframework.org/schema/jdbc/spring-jdbc-4.1.xsd=org/springframework/jdbc/config/spring-jdbc-4.1.xsd, http://www.springframework.org/schema/mvc/spring-mvc-4.1.xsd=org/springframework/web/servlet/config/spring-mvc-4.1.xsd, http://www.springframework.org/schema/util/spring-util-3.0.xsd=org/springframework/beans/factory/xml/spring-util-3.0.xsd, http://mybatis.org/schema/mybatis-spring-1.2.xsd=org/mybatis/spring/config/mybatis-spring-1.2.xsd, http://www.springframework.org/schema/tool/spring-tool.xsd=org/springframework/beans/factory/xml/spring-tool-4.3.xsd, http://www.springframework.org/schema/aop/spring-aop-3.2.xsd=org/springframework/aop/config/spring-aop-3.2.xsd, http://www.springframework.org/schema/lang/spring-lang-4.1.xsd=org/springframework/scripting/config/spring-lang-4.1.xsd, http://www.springframework.org/schema/context/spring-context-4.0.xsd=org/springframework/context/config/spring-context-4.0.xsd, http://www.springframework.org/schema/mvc/spring-mvc-3.2.xsd=org/springframework/web/servlet/config/spring-mvc-3.2.xsd, http://www.springframework.org/schema/beans/spring-beans-4.2.xsd=org/springframework/beans/factory/xml/spring-beans-4.2.xsd, http://www.springframework.org/schema/tool/spring-tool-4.1.xsd=org/springframework/beans/factory/xml/spring-tool-4.1.xsd, http://www.springframework.org/schema/lang/spring-lang-3.2.xsd=org/springframework/scripting/config/spring-lang-3.2.xsd, http://www.springframework.org/schema/cache/spring-cache-3.2.xsd=org/springframework/cache/config/spring-cache-3.2.xsd, http://www.springframework.org/schema/jee/spring-jee-4.1.xsd=org/springframework/ejb/config/spring-jee-4.1.xsd, http://www.springframework.org/schema/jdbc/spring-jdbc-3.1.xsd=org/springframework/jdbc/config/spring-jdbc-3.1.xsd, http://www.springframework.org/schema/util/spring-util-2.0.xsd=org/springframework/beans/factory/xml/spring-util-2.0.xsd, http://www.springframework.org/schema/task/spring-task-4.2.xsd=org/springframework/scheduling/config/spring-task-4.2.xsd, http://www.springframework.org/schema/tool/spring-tool-3.2.xsd=org/springframework/beans/factory/xml/spring-tool-3.2.xsd, http://www.springframework.org/schema/context/spring-context.xsd=org/springframework/context/config/spring-context-4.3.xsd, http://www.springframework.org/schema/tx/spring-tx-4.2.xsd=org/springframework/transaction/config/spring-tx-4.2.xsd, http://www.springframework.org/schema/cache/spring-cache-4.1.xsd=org/springframework/cache/config/spring-cache-4.1.xsd, http://www.springframework.org/schema/aop/spring-aop-4.0.xsd=org/springframework/aop/config/spring-aop-4.0.xsd, http://www.springframework.org/schema/jee/spring-jee-3.2.xsd=org/springframework/ejb/config/spring-jee-3.2.xsd, http://www.springframework.org/schema/context/spring-context-3.0.xsd=org/springframework/context/config/spring-context-3.0.xsd, http://www.springframework.org/schema/jdbc/spring-jdbc-4.0.xsd=org/springframework/jdbc/config/spring-jdbc-4.0.xsd, http://www.springframework.org/schema/mvc/spring-mvc-4.0.xsd=org/springframework/web/servlet/config/spring-mvc-4.0.xsd, http://www.springframework.org/schema/util/spring-util-4.3.xsd=org/springframework/beans/factory/xml/spring-util-4.3.xsd, http://www.springframework.org/schema/util/spring-util-2.5.xsd=org/springframework/beans/factory/xml/spring-util-2.5.xsd, http://www.springframework.org/schema/beans/spring-beans-3.2.xsd=org/springframework/beans/factory/xml/spring-beans-3.2.xsd, http://www.springframework.org/schema/aop/spring-aop-3.1.xsd=org/springframework/aop/config/spring-aop-3.1.xsd, http://www.springframework.org/schema/lang/spring-lang-4.0.xsd=org/springframework/scripting/config/spring-lang-4.0.xsd, http://www.springframework.org/schema/mvc/spring-mvc.xsd=org/springframework/web/servlet/config/spring-mvc-4.3.xsd, http://www.springframework.org/schema/mvc/spring-mvc-3.1.xsd=org/springframework/web/servlet/config/spring-mvc-3.1.xsd, http://www.springframework.org/schema/beans/spring-beans-4.1.xsd=org/springframework/beans/factory/xml/spring-beans-4.1.xsd, http://www.springframework.org/schema/tool/spring-tool-4.0.xsd=org/springframework/beans/factory/xml/spring-tool-4.0.xsd, http://www.springframework.org/schema/tx/spring-tx-3.2.xsd=org/springframework/transaction/config/spring-tx-3.2.xsd, http://www.springframework.org/schema/lang/spring-lang-3.1.xsd=org/springframework/scripting/config/spring-lang-3.1.xsd, http://www.springframework.org/schema/cache/spring-cache-3.1.xsd=org/springframework/cache/config/spring-cache-3.1.xsd, http://www.springframework.org/schema/jee/spring-jee-4.0.xsd=org/springframework/ejb/config/spring-jee-4.0.xsd, http://www.springframework.org/schema/jdbc/spring-jdbc-3.0.xsd=org/springframework/jdbc/config/spring-jdbc-3.0.xsd, http://www.springframework.org/schema/task/spring-task-4.1.xsd=org/springframework/scheduling/config/spring-task-4.1.xsd, http://www.springframework.org/schema/jdbc/spring-jdbc.xsd=org/springframework/jdbc/config/spring-jdbc-4.3.xsd, http://www.springframework.org/schema/tool/spring-tool-3.1.xsd=org/springframework/beans/factory/xml/spring-tool-3.1.xsd, http://www.springframework.org/schema/tx/spring-tx-4.1.xsd=org/springframework/transaction/config/spring-tx-4.1.xsd, http://www.springframework.org/schema/cache/spring-cache-4.0.xsd=org/springframework/cache/config/spring-cache-4.0.xsd, http://www.springframework.org/schema/jee/spring-jee-3.1.xsd=org/springframework/ejb/config/spring-jee-3.1.xsd, http://www.springframework.org/schema/util/spring-util-4.2.xsd=org/springframework/beans/factory/xml/spring-util-4.2.xsd, http://www.springframework.org/schema/task/spring-task-3.2.xsd=org/springframework/scheduling/config/spring-task-3.2.xsd, http://www.springframework.org/schema/beans/spring-beans-3.1.xsd=org/springframework/beans/factory/xml/spring-beans-3.1.xsd, http://www.springframework.org/schema/util/spring-util.xsd=org/springframework/beans/factory/xml/spring-util-4.3.xsd, http://www.springframework.org/schema/aop/spring-aop-3.0.xsd=org/springframework/aop/config/spring-aop-3.0.xsd, http://www.springframework.org/schema/mvc/spring-mvc-3.0.xsd=org/springframework/web/servlet/config/spring-mvc-3.0.xsd, http://www.springframework.org/schema/beans/spring-beans-4.0.xsd=org/springframework/beans/factory/xml/spring-beans-4.0.xsd, http://www.springframework.org/schema/beans/spring-beans.xsd=org/springframework/beans/factory/xml/spring-beans-4.3.xsd, http://mybatis.org/schema/mybatis-spring.xsd=org/mybatis/spring/config/mybatis-spring-1.2.xsd, http://www.springframework.org/schema/tx/spring-tx-3.1.xsd=org/springframework/transaction/config/spring-tx-3.1.xsd, http://www.springframework.org/schema/lang/spring-lang-3.0.xsd=org/springframework/scripting/config/spring-lang-3.0.xsd, http://www.springframework.org/schema/context/spring-context-2.5.xsd=org/springframework/context/config/spring-context-2.5.xsd, http://www.springframework.org/schema/context/spring-context-4.3.xsd=org/springframework/context/config/spring-context-4.3.xsd, http://www.springframework.org/schema/task/spring-task-4.0.xsd=org/springframework/scheduling/config/spring-task-4.0.xsd, http://www.springframework.org/schema/tool/spring-tool-3.0.xsd=org/springframework/beans/factory/xml/spring-tool-3.0.xsd, http://www.springframework.org/schema/tx/spring-tx-4.0.xsd=org/springframework/transaction/config/spring-tx-4.0.xsd, http://www.springframework.org/schema/aop/spring-aop-2.0.xsd=org/springframework/aop/config/spring-aop-2.0.xsd, http://www.springframework.org/schema/jee/spring-jee-3.0.xsd=org/springframework/ejb/config/spring-jee-3.0.xsd, http://www.springframework.org/schema/util/spring-util-4.1.xsd=org/springframework/beans/factory/xml/spring-util-4.1.xsd, http://www.springframework.org/schema/task/spring-task-3.1.xsd=org/springframework/scheduling/config/spring-task-3.1.xsd, http://www.springframework.org/schema/beans/spring-beans-3.0.xsd=org/springframework/beans/factory/xml/spring-beans-3.0.xsd, http://www.springframework.org/schema/jee/spring-jee.xsd=org/springframework/ejb/config/spring-jee-4.3.xsd, http://www.springframework.org/schema/aop/spring-aop-2.5.xsd=org/springframework/aop/config/spring-aop-2.5.xsd, http://www.springframework.org/schema/aop/spring-aop-4.3.xsd=org/springframework/aop/config/spring-aop-4.3.xsd, http://www.springframework.org/schema/lang/spring-lang-2.0.xsd=org/springframework/scripting/config/spring-lang-2.0.xsd, http://www.springframework.org/schema/jdbc/spring-jdbc-4.3.xsd=org/springframework/jdbc/config/spring-jdbc-4.3.xsd, http://www.springframework.org/schema/mvc/spring-mvc-4.3.xsd=org/springframework/web/servlet/config/spring-mvc-4.3.xsd, http://www.springframework.org/schema/util/spring-util-3.2.xsd=org/springframework/beans/factory/xml/spring-util-3.2.xsd, http://www.springframework.org/schema/task/spring-task.xsd=org/springframework/scheduling/config/spring-task-4.3.xsd, http://www.springframework.org/schema/tool/spring-tool-2.0.xsd=org/springframework/beans/factory/xml/spring-tool-2.0.xsd, http://www.springframework.org/schema/tx/spring-tx-3.0.xsd=org/springframework/transaction/config/spring-tx-3.0.xsd, http://www.springframework.org/schema/lang/spring-lang-2.5.xsd=org/springframework/scripting/config/spring-lang-2.5.xsd, http://www.springframework.org/schema/lang/spring-lang-4.3.xsd=org/springframework/scripting/config/spring-lang-4.3.xsd, http://www.springframework.org/schema/context/spring-context-4.2.xsd=org/springframework/context/config/spring-context-4.2.xsd, http://www.springframework.org/schema/jee/spring-jee-2.0.xsd=org/springframework/ejb/config/spring-jee-2.0.xsd, http://www.springframework.org/schema/tool/spring-tool-4.3.xsd=org/springframework/beans/factory/xml/spring-tool-4.3.xsd, http://www.springframework.org/schema/tool/spring-tool-2.5.xsd=org/springframework/beans/factory/xml/spring-tool-2.5.xsd, http://www.springframework.org/schema/jee/spring-jee-4.3.xsd=org/springframework/ejb/config/spring-jee-4.3.xsd, http://www.springframework.org/schema/jee/spring-jee-2.5.xsd=org/springframework/ejb/config/spring-jee-2.5.xsd, http://www.springframework.org/schema/util/spring-util-4.0.xsd=org/springframework/beans/factory/xml/spring-util-4.0.xsd, http://www.springframework.org/schema/task/spring-task-3.0.xsd=org/springframework/scheduling/config/spring-task-3.0.xsd, http://www.springframework.org/schema/cache/spring-cache-4.3.xsd=org/springframework/cache/config/spring-cache-4.3.xsd, http://www.springframework.org/schema/aop/spring-aop-4.2.xsd=org/springframework/aop/config/spring-aop-4.2.xsd, http://www.springframework.org/schema/lang/spring-lang.xsd=org/springframework/scripting/config/spring-lang-4.3.xsd, http://www.springframework.org/schema/context/spring-context-3.2.xsd=org/springframework/context/config/spring-context-3.2.xsd, http://www.springframework.org/schema/jdbc/spring-jdbc-4.2.xsd=org/springframework/jdbc/config/spring-jdbc-4.2.xsd, http://www.springframework.org/schema/mvc/spring-mvc-4.2.xsd=org/springframework/web/servlet/config/spring-mvc-4.2.xsd, http://www.springframework.org/schema/util/spring-util-3.1.xsd=org/springframework/beans/factory/xml/spring-util-3.1.xsd, http://www.springframework.org/schema/beans/spring-beans-2.0.xsd=org/springframework/beans/factory/xml/spring-beans-2.0.xsd, http://www.springframework.org/schema/cache/spring-cache.xsd=org/springframework/cache/config/spring-cache-4.3.xsd, http://www.springframework.org/schema/tx/spring-tx.xsd=org/springframework/transaction/config/spring-tx-4.3.xsd, http://www.springframework.org/schema/lang/spring-lang-4.2.xsd=org/springframework/scripting/config/spring-lang-4.2.xsd, http://www.springframework.org/schema/context/spring-context-4.1.xsd=org/springframework/context/config/spring-context-4.1.xsd, http://www.springframework.org/schema/beans/spring-beans-2.5.xsd=org/springframework/beans/factory/xml/spring-beans-2.5.xsd, http://www.springframework.org/schema/beans/spring-beans-4.3.xsd=org/springframework/beans/factory/xml/spring-beans-4.3.xsd, http://www.springframework.org/schema/tool/spring-tool-4.2.xsd=org/springframework/beans/factory/xml/spring-tool-4.2.xsd, http://www.springframework.org/schema/tx/spring-tx-2.0.xsd=org/springframework/transaction/config/spring-tx-2.0.xsd, http://www.alibaba.com/schema/stat.xsd=META-INF/stat.xsd, http://www.springframework.org/schema/jee/spring-jee-4.2.xsd=org/springframework/ejb/config/spring-jee-4.2.xsd, http://www.springframework.org/schema/jdbc/spring-jdbc-3.2.xsd=org/springframework/jdbc/config/spring-jdbc-3.2.xsd, http://www.springframework.org/schema/task/spring-task-4.3.xsd=org/springframework/scheduling/config/spring-task-4.3.xsd, http://www.springframework.org/schema/aop/spring-aop.xsd=org/springframework/aop/config/spring-aop-4.3.xsd}
2016-12-15 11:02:51 org.springframework.beans.factory.xml.PluggableSchemaResolver.resolveEntity(PluggableSchemaResolver.java:119)  Found XML schema [http://www.springframework.org/schema/beans/spring-beans.xsd] in classpath: org/springframework/beans/factory/xml/spring-beans-4.3.xsd
2016-12-15 11:02:51 org.springframework.beans.factory.xml.PluggableSchemaResolver.resolveEntity(PluggableSchemaResolver.java:119)  Found XML schema [http://www.springframework.org/schema/context/spring-context.xsd] in classpath: org/springframework/context/config/spring-context-4.3.xsd
2016-12-15 11:02:51 org.springframework.beans.factory.xml.PluggableSchemaResolver.resolveEntity(PluggableSchemaResolver.java:119)  Found XML schema [http://www.springframework.org/schema/tool/spring-tool-4.3.xsd] in classpath: org/springframework/beans/factory/xml/spring-tool-4.3.xsd
2016-12-15 11:02:51 org.springframework.beans.factory.xml.PluggableSchemaResolver.resolveEntity(PluggableSchemaResolver.java:119)  Found XML schema [http://www.springframework.org/schema/tx/spring-tx.xsd] in classpath: org/springframework/transaction/config/spring-tx-4.3.xsd
2016-12-15 11:02:51 org.springframework.beans.factory.xml.DefaultBeanDefinitionDocumentReader.registerBeanDefinitions(DefaultBeanDefinitionDocumentReader.java:92)  Loading bean definitions
2016-12-15 11:02:51 org.springframework.beans.factory.xml.DefaultNamespaceHandlerResolver.getHandlerMappings(DefaultNamespaceHandlerResolver.java:157)  Loaded NamespaceHandler mappings: {http://www.springframework.org/schema/p=org.springframework.beans.factory.xml.SimplePropertyNamespaceHandler, http://www.springframework.org/schema/mvc=org.springframework.web.servlet.config.MvcNamespaceHandler, http://www.springframework.org/schema/util=org.springframework.beans.factory.xml.UtilNamespaceHandler, http://www.alibaba.com/schema/stat=com.alibaba.druid.support.spring.stat.config.DruidStatNamespaceHandler, http://www.springframework.org/schema/jee=org.springframework.ejb.config.JeeNamespaceHandler, http://www.springframework.org/schema/aop=org.springframework.aop.config.AopNamespaceHandler, http://www.springframework.org/schema/jdbc=org.springframework.jdbc.config.JdbcNamespaceHandler, http://www.springframework.org/schema/cache=org.springframework.cache.config.CacheNamespaceHandler, http://mybatis.org/schema/mybatis-spring=org.mybatis.spring.config.NamespaceHandler, http://www.springframework.org/schema/c=org.springframework.beans.factory.xml.SimpleConstructorNamespaceHandler, http://www.springframework.org/schema/tx=org.springframework.transaction.config.TxNamespaceHandler, http://www.springframework.org/schema/task=org.springframework.scheduling.config.TaskNamespaceHandler, http://www.springframework.org/schema/lang=org.springframework.scripting.config.LangNamespaceHandler, http://www.springframework.org/schema/context=org.springframework.context.config.ContextNamespaceHandler}
2016-12-15 11:02:51 org.springframework.core.env.MutablePropertySources.addLast(MutablePropertySources.java:109)  Adding [systemProperties] PropertySource with lowest search precedence
2016-12-15 11:02:51 org.springframework.core.env.MutablePropertySources.addLast(MutablePropertySources.java:109)  Adding [systemEnvironment] PropertySource with lowest search precedence
2016-12-15 11:02:51 org.springframework.core.env.AbstractEnvironment.<init>(AbstractEnvironment.java:124)  Initialized StandardEnvironment with PropertySources [systemProperties,systemEnvironment]
2016-12-15 11:02:51 org.springframework.core.io.support.PathMatchingResourcePatternResolver.findAllClassPathResources(PathMatchingResourcePatternResolver.java:317)  Resolved classpath location [com/hc/] to resources [URL [file:/D:/SpringMybatisWebDemo/target/classes/com/hc/]]
2016-12-15 11:02:51 org.springframework.core.io.support.PathMatchingResourcePatternResolver.doFindMatchingFileSystemResources(PathMatchingResourcePatternResolver.java:711)  Looking for matching resources in directory tree [D:\SpringMybatisWebDemo\target\classes\com\hc]
2016-12-15 11:02:51 org.springframework.core.io.support.PathMatchingResourcePatternResolver.doRetrieveMatchingFiles(PathMatchingResourcePatternResolver.java:773)  Searching directory [D:\SpringMybatisWebDemo\target\classes\com\hc] for files matching pattern [D:/SpringMybatisWebDemo/target/classes/com/hc/**/*.class]
2016-12-15 11:02:51 org.springframework.core.io.support.PathMatchingResourcePatternResolver.doRetrieveMatchingFiles(PathMatchingResourcePatternResolver.java:773)  Searching directory [D:\SpringMybatisWebDemo\target\classes\com\hc\action] for files matching pattern [D:/SpringMybatisWebDemo/target/classes/com/hc/**/*.class]
2016-12-15 11:02:51 org.springframework.core.io.support.PathMatchingResourcePatternResolver.doRetrieveMatchingFiles(PathMatchingResourcePatternResolver.java:773)  Searching directory [D:\SpringMybatisWebDemo\target\classes\com\hc\dao] for files matching pattern [D:/SpringMybatisWebDemo/target/classes/com/hc/**/*.class]
2016-12-15 11:02:51 org.springframework.core.io.support.PathMatchingResourcePatternResolver.doRetrieveMatchingFiles(PathMatchingResourcePatternResolver.java:773)  Searching directory [D:\SpringMybatisWebDemo\target\classes\com\hc\domain] for files matching pattern [D:/SpringMybatisWebDemo/target/classes/com/hc/**/*.class]
2016-12-15 11:02:51 org.springframework.core.io.support.PathMatchingResourcePatternResolver.doRetrieveMatchingFiles(PathMatchingResourcePatternResolver.java:773)  Searching directory [D:\SpringMybatisWebDemo\target\classes\com\hc\mapping] for files matching pattern [D:/SpringMybatisWebDemo/target/classes/com/hc/**/*.class]
2016-12-15 11:02:51 org.springframework.core.io.support.PathMatchingResourcePatternResolver.doRetrieveMatchingFiles(PathMatchingResourcePatternResolver.java:773)  Searching directory [D:\SpringMybatisWebDemo\target\classes\com\hc\service] for files matching pattern [D:/SpringMybatisWebDemo/target/classes/com/hc/**/*.class]
2016-12-15 11:02:51 org.springframework.core.io.support.PathMatchingResourcePatternResolver.doRetrieveMatchingFiles(PathMatchingResourcePatternResolver.java:773)  Searching directory [D:\SpringMybatisWebDemo\target\classes\com\hc\service\impl] for files matching pattern [D:/SpringMybatisWebDemo/target/classes/com/hc/**/*.class]
2016-12-15 11:02:51 org.springframework.core.io.support.PathMatchingResourcePatternResolver.findPathMatchingResources(PathMatchingResourcePatternResolver.java:483)  Resolved location pattern [classpath*:com/hc/**/*.class] to resources [file [D:\SpringMybatisWebDemo\target\classes\com\hc\action\DeptController.class], file [D:\SpringMybatisWebDemo\target\classes\com\hc\action\DeptServlet.class], file [D:\SpringMybatisWebDemo\target\classes\com\hc\dao\Dept2Dao.class], file [D:\SpringMybatisWebDemo\target\classes\com\hc\dao\DeptDao.class], file [D:\SpringMybatisWebDemo\target\classes\com\hc\dao\EmpDao.class], file [D:\SpringMybatisWebDemo\target\classes\com\hc\DemoTest.class], file [D:\SpringMybatisWebDemo\target\classes\com\hc\domain\Dept.class], file [D:\SpringMybatisWebDemo\target\classes\com\hc\domain\Dept2.class], file [D:\SpringMybatisWebDemo\target\classes\com\hc\domain\DeptQuery.class], file [D:\SpringMybatisWebDemo\target\classes\com\hc\domain\Emp.class], file [D:\SpringMybatisWebDemo\target\classes\com\hc\service\DeptService.class], file [D:\SpringMybatisWebDemo\target\classes\com\hc\service\impl\DeptServiceImpl.class]]
2016-12-15 11:02:51 org.springframework.context.annotation.ClassPathScanningCandidateComponentProvider.findCandidateComponents(ClassPathScanningCandidateComponentProvider.java:286)  Identified candidate component class: file [D:\SpringMybatisWebDemo\target\classes\com\hc\action\DeptController.class]
2016-12-15 11:02:51 org.springframework.context.annotation.ClassPathScanningCandidateComponentProvider.findCandidateComponents(ClassPathScanningCandidateComponentProvider.java:286)  Identified candidate component class: file [D:\SpringMybatisWebDemo\target\classes\com\hc\service\impl\DeptServiceImpl.class]
2016-12-15 11:02:51 org.springframework.beans.factory.xml.BeanDefinitionParserDelegate.parseBeanDefinitionElement(BeanDefinitionParserDelegate.java:481)  Neither XML 'id' nor 'name' specified - using generated bean name [org.mybatis.spring.mapper.MapperScannerConfigurer#0]
2016-12-15 11:02:51 org.springframework.beans.factory.support.AbstractBeanDefinitionReader.loadBeanDefinitions(AbstractBeanDefinitionReader.java:224)  Loaded 17 bean definitions from location pattern [applicationContext.xml]
2016-12-15 11:02:51 org.springframework.context.support.AbstractApplicationContext.obtainFreshBeanFactory(AbstractApplicationContext.java:616)  Bean factory for org.springframework.context.support.ClassPathXmlApplicationContext@45c8e616: org.springframework.beans.factory.support.DefaultListableBeanFactory@25359ed8: defining beans [deptController,deptServiceImpl,org.springframework.context.annotation.internalConfigurationAnnotationProcessor,org.springframework.context.annotation.internalAutowiredAnnotationProcessor,org.springframework.context.annotation.internalRequiredAnnotationProcessor,org.springframework.context.annotation.internalCommonAnnotationProcessor,org.springframework.context.event.internalEventListenerProcessor,org.springframework.context.event.internalEventListenerFactory,dataSource123,sqlSessionFactory,org.mybatis.spring.mapper.MapperScannerConfigurer#0,txManager,org.springframework.transaction.config.internalTransactionalEventListenerFactory,org.springframework.aop.config.internalAutoProxyCreator,org.springframework.transaction.annotation.AnnotationTransactionAttributeSource#0,org.springframework.transaction.interceptor.TransactionInterceptor#0,org.springframework.transaction.config.internalTransactionAdvisor]; root of factory hierarchy
2016-12-15 11:02:51 org.springframework.beans.factory.support.DefaultSingletonBeanRegistry.getSingleton(DefaultSingletonBeanRegistry.java:221)  Creating shared instance of singleton bean 'org.springframework.context.annotation.internalConfigurationAnnotationProcessor'
2016-12-15 11:02:51 org.springframework.beans.factory.support.AbstractAutowireCapableBeanFactory.createBean(AbstractAutowireCapableBeanFactory.java:448)  Creating instance of bean 'org.springframework.context.annotation.internalConfigurationAnnotationProcessor'
2016-12-15 11:02:51 org.springframework.beans.factory.support.AbstractAutowireCapableBeanFactory.doCreateBean(AbstractAutowireCapableBeanFactory.java:537)  Eagerly caching bean 'org.springframework.context.annotation.internalConfigurationAnnotationProcessor' to allow for resolving potential circular references
2016-12-15 11:02:51 org.springframework.beans.factory.support.AbstractAutowireCapableBeanFactory.createBean(AbstractAutowireCapableBeanFactory.java:484)  Finished creating instance of bean 'org.springframework.context.annotation.internalConfigurationAnnotationProcessor'
2016-12-15 11:02:51 org.springframework.beans.factory.support.DefaultSingletonBeanRegistry.getSingleton(DefaultSingletonBeanRegistry.java:221)  Creating shared instance of singleton bean 'org.mybatis.spring.mapper.MapperScannerConfigurer#0'
2016-12-15 11:02:51 org.springframework.beans.factory.support.AbstractAutowireCapableBeanFactory.createBean(AbstractAutowireCapableBeanFactory.java:448)  Creating instance of bean 'org.mybatis.spring.mapper.MapperScannerConfigurer#0'
2016-12-15 11:02:51 org.springframework.beans.factory.support.AbstractAutowireCapableBeanFactory.doCreateBean(AbstractAutowireCapableBeanFactory.java:537)  Eagerly caching bean 'org.mybatis.spring.mapper.MapperScannerConfigurer#0' to allow for resolving potential circular references
2016-12-15 11:02:51 org.springframework.beans.factory.support.AbstractAutowireCapableBeanFactory.invokeInitMethods(AbstractAutowireCapableBeanFactory.java:1625)  Invoking afterPropertiesSet() on bean with name 'org.mybatis.spring.mapper.MapperScannerConfigurer#0'
2016-12-15 11:02:51 org.springframework.beans.factory.support.AbstractAutowireCapableBeanFactory.createBean(AbstractAutowireCapableBeanFactory.java:484)  Finished creating instance of bean 'org.mybatis.spring.mapper.MapperScannerConfigurer#0'
2016-12-15 11:02:51 org.springframework.core.env.MutablePropertySources.addLast(MutablePropertySources.java:109)  Adding [systemProperties] PropertySource with lowest search precedence
2016-12-15 11:02:51 org.springframework.core.env.MutablePropertySources.addLast(MutablePropertySources.java:109)  Adding [systemEnvironment] PropertySource with lowest search precedence
2016-12-15 11:02:51 org.springframework.core.env.AbstractEnvironment.<init>(AbstractEnvironment.java:124)  Initialized StandardEnvironment with PropertySources [systemProperties,systemEnvironment]
2016-12-15 11:02:51 org.springframework.core.io.support.PathMatchingResourcePatternResolver.findAllClassPathResources(PathMatchingResourcePatternResolver.java:317)  Resolved classpath location [com/hc/dao/] to resources [URL [file:/D:/SpringMybatisWebDemo/target/classes/com/hc/dao/]]
2016-12-15 11:02:51 org.springframework.core.io.support.PathMatchingResourcePatternResolver.doFindMatchingFileSystemResources(PathMatchingResourcePatternResolver.java:711)  Looking for matching resources in directory tree [D:\SpringMybatisWebDemo\target\classes\com\hc\dao]
2016-12-15 11:02:51 org.springframework.core.io.support.PathMatchingResourcePatternResolver.doRetrieveMatchingFiles(PathMatchingResourcePatternResolver.java:773)  Searching directory [D:\SpringMybatisWebDemo\target\classes\com\hc\dao] for files matching pattern [D:/SpringMybatisWebDemo/target/classes/com/hc/dao/**/*.class]
2016-12-15 11:02:51 org.springframework.core.io.support.PathMatchingResourcePatternResolver.findPathMatchingResources(PathMatchingResourcePatternResolver.java:483)  Resolved location pattern [classpath*:com/hc/dao/**/*.class] to resources [file [D:\SpringMybatisWebDemo\target\classes\com\hc\dao\Dept2Dao.class], file [D:\SpringMybatisWebDemo\target\classes\com\hc\dao\DeptDao.class], file [D:\SpringMybatisWebDemo\target\classes\com\hc\dao\EmpDao.class]]
2016-12-15 11:02:51 org.springframework.context.annotation.ClassPathScanningCandidateComponentProvider.findCandidateComponents(ClassPathScanningCandidateComponentProvider.java:286)  Identified candidate component class: file [D:\SpringMybatisWebDemo\target\classes\com\hc\dao\Dept2Dao.class]
2016-12-15 11:02:51 org.springframework.context.annotation.ClassPathScanningCandidateComponentProvider.findCandidateComponents(ClassPathScanningCandidateComponentProvider.java:286)  Identified candidate component class: file [D:\SpringMybatisWebDemo\target\classes\com\hc\dao\DeptDao.class]
2016-12-15 11:02:51 org.springframework.context.annotation.ClassPathScanningCandidateComponentProvider.findCandidateComponents(ClassPathScanningCandidateComponentProvider.java:286)  Identified candidate component class: file [D:\SpringMybatisWebDemo\target\classes\com\hc\dao\EmpDao.class]
2016-12-15 11:02:51 org.mybatis.spring.mapper.ClassPathMapperScanner.processBeanDefinitions(ClassPathMapperScanner.java:181)  Creating MapperFactoryBean with name 'dept2Dao' and 'com.hc.dao.Dept2Dao' mapperInterface
2016-12-15 11:02:51 org.mybatis.spring.mapper.ClassPathMapperScanner.processBeanDefinitions(ClassPathMapperScanner.java:181)  Creating MapperFactoryBean with name 'deptDao' and 'com.hc.dao.DeptDao' mapperInterface
2016-12-15 11:02:51 org.mybatis.spring.mapper.ClassPathMapperScanner.processBeanDefinitions(ClassPathMapperScanner.java:181)  Creating MapperFactoryBean with name 'empDao' and 'com.hc.dao.EmpDao' mapperInterface
2016-12-15 11:02:51 org.springframework.beans.factory.support.DefaultSingletonBeanRegistry.getSingleton(DefaultSingletonBeanRegistry.java:221)  Creating shared instance of singleton bean 'org.springframework.context.annotation.internalAutowiredAnnotationProcessor'
2016-12-15 11:02:51 org.springframework.beans.factory.support.AbstractAutowireCapableBeanFactory.createBean(AbstractAutowireCapableBeanFactory.java:448)  Creating instance of bean 'org.springframework.context.annotation.internalAutowiredAnnotationProcessor'
2016-12-15 11:02:51 org.springframework.beans.factory.support.AbstractAutowireCapableBeanFactory.doCreateBean(AbstractAutowireCapableBeanFactory.java:537)  Eagerly caching bean 'org.springframework.context.annotation.internalAutowiredAnnotationProcessor' to allow for resolving potential circular references
2016-12-15 11:02:51 org.springframework.beans.factory.support.AbstractAutowireCapableBeanFactory.createBean(AbstractAutowireCapableBeanFactory.java:484)  Finished creating instance of bean 'org.springframework.context.annotation.internalAutowiredAnnotationProcessor'
2016-12-15 11:02:51 org.springframework.beans.factory.support.DefaultSingletonBeanRegistry.getSingleton(DefaultSingletonBeanRegistry.java:221)  Creating shared instance of singleton bean 'org.springframework.context.annotation.internalRequiredAnnotationProcessor'
2016-12-15 11:02:51 org.springframework.beans.factory.support.AbstractAutowireCapableBeanFactory.createBean(AbstractAutowireCapableBeanFactory.java:448)  Creating instance of bean 'org.springframework.context.annotation.internalRequiredAnnotationProcessor'
2016-12-15 11:02:51 org.springframework.beans.factory.support.AbstractAutowireCapableBeanFactory.doCreateBean(AbstractAutowireCapableBeanFactory.java:537)  Eagerly caching bean 'org.springframework.context.annotation.internalRequiredAnnotationProcessor' to allow for resolving potential circular references
2016-12-15 11:02:51 org.springframework.beans.factory.support.AbstractAutowireCapableBeanFactory.createBean(AbstractAutowireCapableBeanFactory.java:484)  Finished creating instance of bean 'org.springframework.context.annotation.internalRequiredAnnotationProcessor'
2016-12-15 11:02:51 org.springframework.beans.factory.support.DefaultSingletonBeanRegistry.getSingleton(DefaultSingletonBeanRegistry.java:221)  Creating shared instance of singleton bean 'org.springframework.context.annotation.internalCommonAnnotationProcessor'
2016-12-15 11:02:51 org.springframework.beans.factory.support.AbstractAutowireCapableBeanFactory.createBean(AbstractAutowireCapableBeanFactory.java:448)  Creating instance of bean 'org.springframework.context.annotation.internalCommonAnnotationProcessor'
2016-12-15 11:02:51 org.springframework.beans.factory.support.AbstractAutowireCapableBeanFactory.doCreateBean(AbstractAutowireCapableBeanFactory.java:537)  Eagerly caching bean 'org.springframework.context.annotation.internalCommonAnnotationProcessor' to allow for resolving potential circular references
2016-12-15 11:02:51 org.springframework.beans.factory.support.AbstractAutowireCapableBeanFactory.createBean(AbstractAutowireCapableBeanFactory.java:484)  Finished creating instance of bean 'org.springframework.context.annotation.internalCommonAnnotationProcessor'
2016-12-15 11:02:51 org.springframework.beans.factory.support.DefaultSingletonBeanRegistry.getSingleton(DefaultSingletonBeanRegistry.java:221)  Creating shared instance of singleton bean 'org.springframework.context.annotation.ConfigurationClassPostProcessor.importAwareProcessor'
2016-12-15 11:02:51 org.springframework.beans.factory.support.AbstractAutowireCapableBeanFactory.createBean(AbstractAutowireCapableBeanFactory.java:448)  Creating instance of bean 'org.springframework.context.annotation.ConfigurationClassPostProcessor.importAwareProcessor'
2016-12-15 11:02:51 org.springframework.beans.factory.support.AbstractAutowireCapableBeanFactory.doCreateBean(AbstractAutowireCapableBeanFactory.java:537)  Eagerly caching bean 'org.springframework.context.annotation.ConfigurationClassPostProcessor.importAwareProcessor' to allow for resolving potential circular references
2016-12-15 11:02:51 org.springframework.beans.factory.support.AbstractAutowireCapableBeanFactory.createBean(AbstractAutowireCapableBeanFactory.java:484)  Finished creating instance of bean 'org.springframework.context.annotation.ConfigurationClassPostProcessor.importAwareProcessor'
2016-12-15 11:02:51 org.springframework.beans.factory.support.DefaultSingletonBeanRegistry.getSingleton(DefaultSingletonBeanRegistry.java:221)  Creating shared instance of singleton bean 'org.springframework.context.annotation.ConfigurationClassPostProcessor.enhancedConfigurationProcessor'
2016-12-15 11:02:51 org.springframework.beans.factory.support.AbstractAutowireCapableBeanFactory.createBean(AbstractAutowireCapableBeanFactory.java:448)  Creating instance of bean 'org.springframework.context.annotation.ConfigurationClassPostProcessor.enhancedConfigurationProcessor'
2016-12-15 11:02:51 org.springframework.beans.factory.support.AbstractAutowireCapableBeanFactory.doCreateBean(AbstractAutowireCapableBeanFactory.java:537)  Eagerly caching bean 'org.springframework.context.annotation.ConfigurationClassPostProcessor.enhancedConfigurationProcessor' to allow for resolving potential circular references
2016-12-15 11:02:51 org.springframework.beans.factory.support.AbstractAutowireCapableBeanFactory.createBean(AbstractAutowireCapableBeanFactory.java:484)  Finished creating instance of bean 'org.springframework.context.annotation.ConfigurationClassPostProcessor.enhancedConfigurationProcessor'
2016-12-15 11:02:51 org.springframework.beans.factory.support.DefaultSingletonBeanRegistry.getSingleton(DefaultSingletonBeanRegistry.java:221)  Creating shared instance of singleton bean 'org.springframework.aop.config.internalAutoProxyCreator'
2016-12-15 11:02:51 org.springframework.beans.factory.support.AbstractAutowireCapableBeanFactory.createBean(AbstractAutowireCapableBeanFactory.java:448)  Creating instance of bean 'org.springframework.aop.config.internalAutoProxyCreator'
2016-12-15 11:02:51 org.springframework.beans.factory.support.AbstractAutowireCapableBeanFactory.doCreateBean(AbstractAutowireCapableBeanFactory.java:537)  Eagerly caching bean 'org.springframework.aop.config.internalAutoProxyCreator' to allow for resolving potential circular references
2016-12-15 11:02:51 org.springframework.beans.factory.support.AbstractAutowireCapableBeanFactory.createBean(AbstractAutowireCapableBeanFactory.java:484)  Finished creating instance of bean 'org.springframework.aop.config.internalAutoProxyCreator'
2016-12-15 11:02:51 org.springframework.context.support.AbstractApplicationContext.initMessageSource(AbstractApplicationContext.java:733)  Unable to locate MessageSource with name 'messageSource': using default [org.springframework.context.support.DelegatingMessageSource@7193666c]
2016-12-15 11:02:51 org.springframework.context.support.AbstractApplicationContext.initApplicationEventMulticaster(AbstractApplicationContext.java:757)  Unable to locate ApplicationEventMulticaster with name 'applicationEventMulticaster': using default [org.springframework.context.event.SimpleApplicationEventMulticaster@55b7a4e0]
2016-12-15 11:02:51 org.springframework.beans.factory.support.DefaultListableBeanFactory.preInstantiateSingletons(DefaultListableBeanFactory.java:723)  Pre-instantiating singletons in org.springframework.beans.factory.support.DefaultListableBeanFactory@25359ed8: defining beans [deptController,deptServiceImpl,org.springframework.context.annotation.internalConfigurationAnnotationProcessor,org.springframework.context.annotation.internalAutowiredAnnotationProcessor,org.springframework.context.annotation.internalRequiredAnnotationProcessor,org.springframework.context.annotation.internalCommonAnnotationProcessor,org.springframework.context.event.internalEventListenerProcessor,org.springframework.context.event.internalEventListenerFactory,dataSource123,sqlSessionFactory,org.mybatis.spring.mapper.MapperScannerConfigurer#0,txManager,org.springframework.transaction.config.internalTransactionalEventListenerFactory,org.springframework.aop.config.internalAutoProxyCreator,org.springframework.transaction.annotation.AnnotationTransactionAttributeSource#0,org.springframework.transaction.interceptor.TransactionInterceptor#0,org.springframework.transaction.config.internalTransactionAdvisor,org.springframework.context.annotation.ConfigurationClassPostProcessor.importAwareProcessor,org.springframework.context.annotation.ConfigurationClassPostProcessor.enhancedConfigurationProcessor,dept2Dao,deptDao,empDao]; root of factory hierarchy
2016-12-15 11:02:51 org.springframework.beans.factory.support.DefaultSingletonBeanRegistry.getSingleton(DefaultSingletonBeanRegistry.java:221)  Creating shared instance of singleton bean 'deptController'
2016-12-15 11:02:51 org.springframework.beans.factory.support.AbstractAutowireCapableBeanFactory.createBean(AbstractAutowireCapableBeanFactory.java:448)  Creating instance of bean 'deptController'
2016-12-15 11:02:51 org.springframework.beans.factory.annotation.InjectionMetadata.checkConfigMembers(InjectionMetadata.java:72)  Registered injected element on class [com.hc.action.DeptController]: AutowiredFieldElement for private com.hc.service.DeptService com.hc.action.DeptController.deptService
2016-12-15 11:02:51 org.springframework.beans.factory.support.AbstractAutowireCapableBeanFactory.doCreateBean(AbstractAutowireCapableBeanFactory.java:537)  Eagerly caching bean 'deptController' to allow for resolving potential circular references
2016-12-15 11:02:51 org.springframework.beans.factory.annotation.InjectionMetadata.inject(InjectionMetadata.java:86)  Processing injected element of bean 'deptController': AutowiredFieldElement for private com.hc.service.DeptService com.hc.action.DeptController.deptService
2016-12-15 11:02:51 org.springframework.beans.factory.support.DefaultSingletonBeanRegistry.getSingleton(DefaultSingletonBeanRegistry.java:221)  Creating shared instance of singleton bean 'deptServiceImpl'
2016-12-15 11:02:51 org.springframework.beans.factory.support.AbstractAutowireCapableBeanFactory.createBean(AbstractAutowireCapableBeanFactory.java:448)  Creating instance of bean 'deptServiceImpl'
2016-12-15 11:02:51 org.springframework.beans.factory.annotation.InjectionMetadata.checkConfigMembers(InjectionMetadata.java:72)  Registered injected element on class [com.hc.service.impl.DeptServiceImpl]: AutowiredFieldElement for private com.hc.dao.DeptDao com.hc.service.impl.DeptServiceImpl.deptDao
2016-12-15 11:02:51 org.springframework.beans.factory.support.AbstractAutowireCapableBeanFactory.doCreateBean(AbstractAutowireCapableBeanFactory.java:537)  Eagerly caching bean 'deptServiceImpl' to allow for resolving potential circular references
2016-12-15 11:02:51 org.springframework.beans.factory.annotation.InjectionMetadata.inject(InjectionMetadata.java:86)  Processing injected element of bean 'deptServiceImpl': AutowiredFieldElement for private com.hc.dao.DeptDao com.hc.service.impl.DeptServiceImpl.deptDao
2016-12-15 11:02:51 org.springframework.beans.factory.support.DefaultSingletonBeanRegistry.getSingleton(DefaultSingletonBeanRegistry.java:221)  Creating shared instance of singleton bean 'deptDao'
2016-12-15 11:02:51 org.springframework.beans.factory.support.AbstractAutowireCapableBeanFactory.createBean(AbstractAutowireCapableBeanFactory.java:448)  Creating instance of bean 'deptDao'
2016-12-15 11:02:51 org.springframework.beans.factory.support.AbstractAutowireCapableBeanFactory.doCreateBean(AbstractAutowireCapableBeanFactory.java:537)  Eagerly caching bean 'deptDao' to allow for resolving potential circular references
2016-12-15 11:02:51 org.springframework.beans.factory.support.DefaultSingletonBeanRegistry.getSingleton(DefaultSingletonBeanRegistry.java:221)  Creating shared instance of singleton bean 'sqlSessionFactory'
2016-12-15 11:02:51 org.springframework.beans.factory.support.AbstractAutowireCapableBeanFactory.createBean(AbstractAutowireCapableBeanFactory.java:448)  Creating instance of bean 'sqlSessionFactory'
2016-12-15 11:02:51 org.springframework.beans.factory.support.AbstractAutowireCapableBeanFactory.doCreateBean(AbstractAutowireCapableBeanFactory.java:537)  Eagerly caching bean 'sqlSessionFactory' to allow for resolving potential circular references
2016-12-15 11:02:51 org.springframework.beans.factory.support.DefaultSingletonBeanRegistry.getSingleton(DefaultSingletonBeanRegistry.java:221)  Creating shared instance of singleton bean 'dataSource123'
2016-12-15 11:02:51 org.springframework.beans.factory.support.AbstractAutowireCapableBeanFactory.createBean(AbstractAutowireCapableBeanFactory.java:448)  Creating instance of bean 'dataSource123'
2016-12-15 11:02:51 org.springframework.beans.factory.support.AbstractAutowireCapableBeanFactory.doCreateBean(AbstractAutowireCapableBeanFactory.java:537)  Eagerly caching bean 'dataSource123' to allow for resolving potential circular references
2016-12-15 11:02:51 org.springframework.beans.factory.support.DefaultSingletonBeanRegistry.getSingleton(DefaultSingletonBeanRegistry.java:221)  Creating shared instance of singleton bean 'org.springframework.transaction.config.internalTransactionAdvisor'
2016-12-15 11:02:51 org.springframework.beans.factory.support.AbstractAutowireCapableBeanFactory.createBean(AbstractAutowireCapableBeanFactory.java:448)  Creating instance of bean 'org.springframework.transaction.config.internalTransactionAdvisor'
2016-12-15 11:02:51 org.springframework.beans.factory.support.AbstractAutowireCapableBeanFactory.doCreateBean(AbstractAutowireCapableBeanFactory.java:537)  Eagerly caching bean 'org.springframework.transaction.config.internalTransactionAdvisor' to allow for resolving potential circular references
2016-12-15 11:02:51 org.springframework.beans.factory.support.DefaultSingletonBeanRegistry.getSingleton(DefaultSingletonBeanRegistry.java:221)  Creating shared instance of singleton bean 'org.springframework.transaction.annotation.AnnotationTransactionAttributeSource#0'
2016-12-15 11:02:51 org.springframework.beans.factory.support.AbstractAutowireCapableBeanFactory.createBean(AbstractAutowireCapableBeanFactory.java:448)  Creating instance of bean 'org.springframework.transaction.annotation.AnnotationTransactionAttributeSource#0'
2016-12-15 11:02:51 org.springframework.beans.factory.support.AbstractAutowireCapableBeanFactory.doCreateBean(AbstractAutowireCapableBeanFactory.java:537)  Eagerly caching bean 'org.springframework.transaction.annotation.AnnotationTransactionAttributeSource#0' to allow for resolving potential circular references
2016-12-15 11:02:51 org.springframework.aop.framework.autoproxy.BeanFactoryAdvisorRetrievalHelper.findAdvisorBeans(BeanFactoryAdvisorRetrievalHelper.java:87)  Skipping currently created advisor 'org.springframework.transaction.config.internalTransactionAdvisor'
2016-12-15 11:02:51 org.springframework.beans.factory.support.AbstractAutowireCapableBeanFactory.createBean(AbstractAutowireCapableBeanFactory.java:484)  Finished creating instance of bean 'org.springframework.transaction.annotation.AnnotationTransactionAttributeSource#0'
2016-12-15 11:02:51 org.springframework.beans.factory.support.AbstractAutowireCapableBeanFactory.createBean(AbstractAutowireCapableBeanFactory.java:484)  Finished creating instance of bean 'org.springframework.transaction.config.internalTransactionAdvisor'
2016-12-15 11:02:51 org.springframework.beans.factory.support.AbstractAutowireCapableBeanFactory.createBean(AbstractAutowireCapableBeanFactory.java:484)  Finished creating instance of bean 'dataSource123'
2016-12-15 11:02:51 org.springframework.beans.factory.support.AbstractAutowireCapableBeanFactory.invokeInitMethods(AbstractAutowireCapableBeanFactory.java:1625)  Invoking afterPropertiesSet() on bean with name 'sqlSessionFactory'
2016-12-15 11:02:52 org.apache.ibatis.logging.commons.JakartaCommonsLoggingImpl.debug(JakartaCommonsLoggingImpl.java:54)  Parsed configuration file: 'class path resource [mybatisMapper.xml]'
2016-12-15 11:02:52 org.apache.ibatis.logging.commons.JakartaCommonsLoggingImpl.debug(JakartaCommonsLoggingImpl.java:54)  Property 'mapperLocations' was not specified or no matching resources found
2016-12-15 11:02:52 org.springframework.beans.factory.support.AbstractBeanFactory.doGetBean(AbstractBeanFactory.java:251)  Returning cached instance of singleton bean 'org.springframework.transaction.config.internalTransactionAdvisor'
2016-12-15 11:02:52 org.springframework.beans.factory.support.AbstractAutowireCapableBeanFactory.createBean(AbstractAutowireCapableBeanFactory.java:484)  Finished creating instance of bean 'sqlSessionFactory'
2016-12-15 11:02:52 org.springframework.beans.factory.support.AbstractBeanFactory.doGetBean(AbstractBeanFactory.java:251)  Returning cached instance of singleton bean 'org.springframework.transaction.config.internalTransactionAdvisor'
2016-12-15 11:02:52 org.springframework.beans.factory.support.AbstractAutowireCapableBeanFactory.invokeInitMethods(AbstractAutowireCapableBeanFactory.java:1625)  Invoking afterPropertiesSet() on bean with name 'deptDao'
2016-12-15 11:02:52 org.springframework.beans.factory.support.AbstractBeanFactory.doGetBean(AbstractBeanFactory.java:251)  Returning cached instance of singleton bean 'org.springframework.transaction.config.internalTransactionAdvisor'
2016-12-15 11:02:52 org.springframework.beans.factory.support.AbstractAutowireCapableBeanFactory.createBean(AbstractAutowireCapableBeanFactory.java:484)  Finished creating instance of bean 'deptDao'
2016-12-15 11:02:52 org.springframework.beans.factory.support.AbstractBeanFactory.doGetBean(AbstractBeanFactory.java:251)  Returning cached instance of singleton bean 'org.springframework.transaction.config.internalTransactionAdvisor'
2016-12-15 11:02:52 org.springframework.beans.factory.annotation.AutowiredAnnotationBeanPostProcessor.registerDependentBeans(AutowiredAnnotationBeanPostProcessor.java:539)  Autowiring by type from bean name 'deptServiceImpl' to bean named 'deptDao'
2016-12-15 11:02:52 org.springframework.beans.factory.support.AbstractBeanFactory.doGetBean(AbstractBeanFactory.java:251)  Returning cached instance of singleton bean 'org.springframework.transaction.config.internalTransactionAdvisor'
2016-12-15 11:02:52 org.springframework.beans.factory.support.AbstractAutowireCapableBeanFactory.createBean(AbstractAutowireCapableBeanFactory.java:484)  Finished creating instance of bean 'deptServiceImpl'
2016-12-15 11:02:52 org.springframework.beans.factory.annotation.AutowiredAnnotationBeanPostProcessor.registerDependentBeans(AutowiredAnnotationBeanPostProcessor.java:539)  Autowiring by type from bean name 'deptController' to bean named 'deptServiceImpl'
2016-12-15 11:02:52 org.springframework.beans.factory.support.AbstractBeanFactory.doGetBean(AbstractBeanFactory.java:251)  Returning cached instance of singleton bean 'org.springframework.transaction.config.internalTransactionAdvisor'
2016-12-15 11:02:52 org.springframework.beans.factory.support.AbstractAutowireCapableBeanFactory.createBean(AbstractAutowireCapableBeanFactory.java:484)  Finished creating instance of bean 'deptController'
2016-12-15 11:02:52 org.springframework.beans.factory.support.AbstractBeanFactory.doGetBean(AbstractBeanFactory.java:251)  Returning cached instance of singleton bean 'deptServiceImpl'
2016-12-15 11:02:52 org.springframework.beans.factory.support.AbstractBeanFactory.doGetBean(AbstractBeanFactory.java:251)  Returning cached instance of singleton bean 'org.springframework.context.annotation.internalConfigurationAnnotationProcessor'
2016-12-15 11:02:52 org.springframework.beans.factory.support.AbstractBeanFactory.doGetBean(AbstractBeanFactory.java:251)  Returning cached instance of singleton bean 'org.springframework.context.annotation.internalAutowiredAnnotationProcessor'
2016-12-15 11:02:52 org.springframework.beans.factory.support.AbstractBeanFactory.doGetBean(AbstractBeanFactory.java:251)  Returning cached instance of singleton bean 'org.springframework.context.annotation.internalRequiredAnnotationProcessor'
2016-12-15 11:02:52 org.springframework.beans.factory.support.AbstractBeanFactory.doGetBean(AbstractBeanFactory.java:251)  Returning cached instance of singleton bean 'org.springframework.context.annotation.internalCommonAnnotationProcessor'
2016-12-15 11:02:52 org.springframework.beans.factory.support.DefaultSingletonBeanRegistry.getSingleton(DefaultSingletonBeanRegistry.java:221)  Creating shared instance of singleton bean 'org.springframework.context.event.internalEventListenerProcessor'
2016-12-15 11:02:52 org.springframework.beans.factory.support.AbstractAutowireCapableBeanFactory.createBean(AbstractAutowireCapableBeanFactory.java:448)  Creating instance of bean 'org.springframework.context.event.internalEventListenerProcessor'
2016-12-15 11:02:52 org.springframework.beans.factory.support.AbstractAutowireCapableBeanFactory.doCreateBean(AbstractAutowireCapableBeanFactory.java:537)  Eagerly caching bean 'org.springframework.context.event.internalEventListenerProcessor' to allow for resolving potential circular references
2016-12-15 11:02:52 org.springframework.beans.factory.support.AbstractBeanFactory.doGetBean(AbstractBeanFactory.java:251)  Returning cached instance of singleton bean 'org.springframework.transaction.config.internalTransactionAdvisor'
2016-12-15 11:02:52 org.springframework.beans.factory.support.AbstractAutowireCapableBeanFactory.createBean(AbstractAutowireCapableBeanFactory.java:484)  Finished creating instance of bean 'org.springframework.context.event.internalEventListenerProcessor'
2016-12-15 11:02:52 org.springframework.beans.factory.support.DefaultSingletonBeanRegistry.getSingleton(DefaultSingletonBeanRegistry.java:221)  Creating shared instance of singleton bean 'org.springframework.context.event.internalEventListenerFactory'
2016-12-15 11:02:52 org.springframework.beans.factory.support.AbstractAutowireCapableBeanFactory.createBean(AbstractAutowireCapableBeanFactory.java:448)  Creating instance of bean 'org.springframework.context.event.internalEventListenerFactory'
2016-12-15 11:02:52 org.springframework.beans.factory.support.AbstractAutowireCapableBeanFactory.doCreateBean(AbstractAutowireCapableBeanFactory.java:537)  Eagerly caching bean 'org.springframework.context.event.internalEventListenerFactory' to allow for resolving potential circular references
2016-12-15 11:02:52 org.springframework.beans.factory.support.AbstractBeanFactory.doGetBean(AbstractBeanFactory.java:251)  Returning cached instance of singleton bean 'org.springframework.transaction.config.internalTransactionAdvisor'
2016-12-15 11:02:52 org.springframework.beans.factory.support.AbstractAutowireCapableBeanFactory.createBean(AbstractAutowireCapableBeanFactory.java:484)  Finished creating instance of bean 'org.springframework.context.event.internalEventListenerFactory'
2016-12-15 11:02:52 org.springframework.beans.factory.support.AbstractBeanFactory.doGetBean(AbstractBeanFactory.java:251)  Returning cached instance of singleton bean 'dataSource123'
2016-12-15 11:02:52 org.springframework.beans.factory.support.AbstractBeanFactory.doGetBean(AbstractBeanFactory.java:251)  Returning cached instance of singleton bean 'sqlSessionFactory'
2016-12-15 11:02:52 org.springframework.beans.factory.support.AbstractBeanFactory.doGetBean(AbstractBeanFactory.java:251)  Returning cached instance of singleton bean 'org.mybatis.spring.mapper.MapperScannerConfigurer#0'
2016-12-15 11:02:52 org.springframework.beans.factory.support.DefaultSingletonBeanRegistry.getSingleton(DefaultSingletonBeanRegistry.java:221)  Creating shared instance of singleton bean 'txManager'
2016-12-15 11:02:52 org.springframework.beans.factory.support.AbstractAutowireCapableBeanFactory.createBean(AbstractAutowireCapableBeanFactory.java:448)  Creating instance of bean 'txManager'
2016-12-15 11:02:52 org.springframework.beans.factory.support.AbstractAutowireCapableBeanFactory.doCreateBean(AbstractAutowireCapableBeanFactory.java:537)  Eagerly caching bean 'txManager' to allow for resolving potential circular references
2016-12-15 11:02:52 org.springframework.beans.factory.support.AbstractBeanFactory.doGetBean(AbstractBeanFactory.java:251)  Returning cached instance of singleton bean 'dataSource123'
2016-12-15 11:02:52 org.springframework.beans.factory.support.AbstractAutowireCapableBeanFactory.invokeInitMethods(AbstractAutowireCapableBeanFactory.java:1625)  Invoking afterPropertiesSet() on bean with name 'txManager'
2016-12-15 11:02:52 org.springframework.beans.factory.support.AbstractBeanFactory.doGetBean(AbstractBeanFactory.java:251)  Returning cached instance of singleton bean 'org.springframework.transaction.config.internalTransactionAdvisor'
2016-12-15 11:02:52 org.springframework.beans.factory.support.AbstractAutowireCapableBeanFactory.createBean(AbstractAutowireCapableBeanFactory.java:484)  Finished creating instance of bean 'txManager'
2016-12-15 11:02:52 org.springframework.beans.factory.support.DefaultSingletonBeanRegistry.getSingleton(DefaultSingletonBeanRegistry.java:221)  Creating shared instance of singleton bean 'org.springframework.transaction.config.internalTransactionalEventListenerFactory'
2016-12-15 11:02:52 org.springframework.beans.factory.support.AbstractAutowireCapableBeanFactory.createBean(AbstractAutowireCapableBeanFactory.java:448)  Creating instance of bean 'org.springframework.transaction.config.internalTransactionalEventListenerFactory'
2016-12-15 11:02:52 org.springframework.beans.factory.support.AbstractAutowireCapableBeanFactory.doCreateBean(AbstractAutowireCapableBeanFactory.java:537)  Eagerly caching bean 'org.springframework.transaction.config.internalTransactionalEventListenerFactory' to allow for resolving potential circular references
2016-12-15 11:02:52 org.springframework.beans.factory.support.AbstractBeanFactory.doGetBean(AbstractBeanFactory.java:251)  Returning cached instance of singleton bean 'org.springframework.transaction.config.internalTransactionAdvisor'
2016-12-15 11:02:52 org.springframework.beans.factory.support.AbstractAutowireCapableBeanFactory.createBean(AbstractAutowireCapableBeanFactory.java:484)  Finished creating instance of bean 'org.springframework.transaction.config.internalTransactionalEventListenerFactory'
2016-12-15 11:02:52 org.springframework.beans.factory.support.AbstractBeanFactory.doGetBean(AbstractBeanFactory.java:251)  Returning cached instance of singleton bean 'org.springframework.aop.config.internalAutoProxyCreator'
2016-12-15 11:02:52 org.springframework.beans.factory.support.AbstractBeanFactory.doGetBean(AbstractBeanFactory.java:251)  Returning cached instance of singleton bean 'org.springframework.transaction.annotation.AnnotationTransactionAttributeSource#0'
2016-12-15 11:02:52 org.springframework.beans.factory.support.DefaultSingletonBeanRegistry.getSingleton(DefaultSingletonBeanRegistry.java:221)  Creating shared instance of singleton bean 'org.springframework.transaction.interceptor.TransactionInterceptor#0'
2016-12-15 11:02:52 org.springframework.beans.factory.support.AbstractAutowireCapableBeanFactory.createBean(AbstractAutowireCapableBeanFactory.java:448)  Creating instance of bean 'org.springframework.transaction.interceptor.TransactionInterceptor#0'
2016-12-15 11:02:52 org.springframework.beans.factory.support.AbstractAutowireCapableBeanFactory.doCreateBean(AbstractAutowireCapableBeanFactory.java:537)  Eagerly caching bean 'org.springframework.transaction.interceptor.TransactionInterceptor#0' to allow for resolving potential circular references
2016-12-15 11:02:52 org.springframework.beans.factory.support.AbstractBeanFactory.doGetBean(AbstractBeanFactory.java:251)  Returning cached instance of singleton bean 'org.springframework.transaction.annotation.AnnotationTransactionAttributeSource#0'
2016-12-15 11:02:52 org.springframework.beans.factory.support.AbstractAutowireCapableBeanFactory.invokeInitMethods(AbstractAutowireCapableBeanFactory.java:1625)  Invoking afterPropertiesSet() on bean with name 'org.springframework.transaction.interceptor.TransactionInterceptor#0'
2016-12-15 11:02:52 org.springframework.beans.factory.support.AbstractAutowireCapableBeanFactory.createBean(AbstractAutowireCapableBeanFactory.java:484)  Finished creating instance of bean 'org.springframework.transaction.interceptor.TransactionInterceptor#0'
2016-12-15 11:02:52 org.springframework.beans.factory.support.AbstractBeanFactory.doGetBean(AbstractBeanFactory.java:251)  Returning cached instance of singleton bean 'org.springframework.transaction.config.internalTransactionAdvisor'
2016-12-15 11:02:52 org.springframework.beans.factory.support.AbstractBeanFactory.doGetBean(AbstractBeanFactory.java:251)  Returning cached instance of singleton bean 'org.springframework.context.annotation.ConfigurationClassPostProcessor.importAwareProcessor'
2016-12-15 11:02:52 org.springframework.beans.factory.support.AbstractBeanFactory.doGetBean(AbstractBeanFactory.java:251)  Returning cached instance of singleton bean 'org.springframework.context.annotation.ConfigurationClassPostProcessor.enhancedConfigurationProcessor'
2016-12-15 11:02:52 org.springframework.beans.factory.support.DefaultSingletonBeanRegistry.getSingleton(DefaultSingletonBeanRegistry.java:221)  Creating shared instance of singleton bean 'dept2Dao'
2016-12-15 11:02:52 org.springframework.beans.factory.support.AbstractAutowireCapableBeanFactory.createBean(AbstractAutowireCapableBeanFactory.java:448)  Creating instance of bean 'dept2Dao'
2016-12-15 11:02:52 org.springframework.beans.factory.support.AbstractAutowireCapableBeanFactory.doCreateBean(AbstractAutowireCapableBeanFactory.java:537)  Eagerly caching bean 'dept2Dao' to allow for resolving potential circular references
2016-12-15 11:02:52 org.springframework.beans.factory.support.AbstractBeanFactory.doGetBean(AbstractBeanFactory.java:251)  Returning cached instance of singleton bean 'sqlSessionFactory'
2016-12-15 11:02:52 org.springframework.beans.factory.support.AbstractAutowireCapableBeanFactory.invokeInitMethods(AbstractAutowireCapableBeanFactory.java:1625)  Invoking afterPropertiesSet() on bean with name 'dept2Dao'
2016-12-15 11:02:52 org.springframework.beans.factory.support.AbstractBeanFactory.doGetBean(AbstractBeanFactory.java:251)  Returning cached instance of singleton bean 'org.springframework.transaction.config.internalTransactionAdvisor'
2016-12-15 11:02:52 org.springframework.beans.factory.support.AbstractAutowireCapableBeanFactory.createBean(AbstractAutowireCapableBeanFactory.java:484)  Finished creating instance of bean 'dept2Dao'
2016-12-15 11:02:52 org.springframework.beans.factory.support.AbstractBeanFactory.doGetBean(AbstractBeanFactory.java:251)  Returning cached instance of singleton bean 'deptDao'
2016-12-15 11:02:52 org.springframework.beans.factory.support.DefaultSingletonBeanRegistry.getSingleton(DefaultSingletonBeanRegistry.java:221)  Creating shared instance of singleton bean 'empDao'
2016-12-15 11:02:52 org.springframework.beans.factory.support.AbstractAutowireCapableBeanFactory.createBean(AbstractAutowireCapableBeanFactory.java:448)  Creating instance of bean 'empDao'
2016-12-15 11:02:52 org.springframework.beans.factory.support.AbstractAutowireCapableBeanFactory.doCreateBean(AbstractAutowireCapableBeanFactory.java:537)  Eagerly caching bean 'empDao' to allow for resolving potential circular references
2016-12-15 11:02:52 org.springframework.beans.factory.support.AbstractBeanFactory.doGetBean(AbstractBeanFactory.java:251)  Returning cached instance of singleton bean 'sqlSessionFactory'
2016-12-15 11:02:52 org.springframework.beans.factory.support.AbstractAutowireCapableBeanFactory.invokeInitMethods(AbstractAutowireCapableBeanFactory.java:1625)  Invoking afterPropertiesSet() on bean with name 'empDao'
2016-12-15 11:02:52 org.springframework.beans.factory.support.AbstractBeanFactory.doGetBean(AbstractBeanFactory.java:251)  Returning cached instance of singleton bean 'org.springframework.transaction.config.internalTransactionAdvisor'
2016-12-15 11:02:52 org.springframework.beans.factory.support.AbstractAutowireCapableBeanFactory.createBean(AbstractAutowireCapableBeanFactory.java:484)  Finished creating instance of bean 'empDao'
2016-12-15 11:02:52 org.springframework.beans.factory.support.AbstractBeanFactory.doGetBean(AbstractBeanFactory.java:251)  Returning cached instance of singleton bean 'org.springframework.context.event.internalEventListenerFactory'
2016-12-15 11:02:52 org.springframework.beans.factory.support.AbstractBeanFactory.doGetBean(AbstractBeanFactory.java:251)  Returning cached instance of singleton bean 'org.springframework.transaction.config.internalTransactionalEventListenerFactory'
2016-12-15 11:02:52 org.springframework.context.support.AbstractApplicationContext.initLifecycleProcessor(AbstractApplicationContext.java:784)  Unable to locate LifecycleProcessor with name 'lifecycleProcessor': using default [org.springframework.context.support.DefaultLifecycleProcessor@2ddc9a9f]
2016-12-15 11:02:52 org.springframework.beans.factory.support.AbstractBeanFactory.doGetBean(AbstractBeanFactory.java:251)  Returning cached instance of singleton bean 'lifecycleProcessor'
2016-12-15 11:02:52 org.springframework.beans.factory.support.AbstractBeanFactory.doGetBean(AbstractBeanFactory.java:251)  Returning cached instance of singleton bean 'sqlSessionFactory'
2016-12-15 11:02:52 org.springframework.core.env.PropertySourcesPropertyResolver.getProperty(PropertySourcesPropertyResolver.java:91)  Could not find key 'spring.liveBeansView.mbeanDomain' in any property source
2016-12-15 11:02:52 org.springframework.beans.factory.support.AbstractBeanFactory.doGetBean(AbstractBeanFactory.java:251)  Returning cached instance of singleton bean 'sqlSessionFactory'
2016-12-15 11:02:52 org.apache.ibatis.logging.commons.JakartaCommonsLoggingImpl.debug(JakartaCommonsLoggingImpl.java:54)  Cache Hit Ratio [com.hc.dao.Dept2Dao]: 0.0
2016-12-15 11:02:52 org.springframework.jdbc.datasource.DataSourceUtils.doGetConnection(DataSourceUtils.java:110)  Fetching JDBC Connection from DataSource
2016-12-15 11:02:52 com.alibaba.druid.pool.DruidDataSource.init(DruidDataSource.java:715)  {dataSource-1} inited
2016-12-15 11:02:52 org.apache.ibatis.logging.commons.JakartaCommonsLoggingImpl.debug(JakartaCommonsLoggingImpl.java:54)  JDBC Connection [com.mysql.jdbc.JDBC4Connection@49c90a9c] will not be managed by Spring
2016-12-15 11:02:52 org.apache.ibatis.logging.commons.JakartaCommonsLoggingImpl.debug(JakartaCommonsLoggingImpl.java:54)  ==>  Preparing: SELECT deptno, dname, loc,kouhao,yusuan from dept 
2016-12-15 11:02:52 org.apache.ibatis.logging.commons.JakartaCommonsLoggingImpl.debug(JakartaCommonsLoggingImpl.java:54)  ==> Parameters: 
2016-12-15 11:02:52 org.apache.ibatis.logging.commons.JakartaCommonsLoggingImpl.debug(JakartaCommonsLoggingImpl.java:54)  <==      Total: 7
2016-12-15 11:04:23 org.springframework.core.env.MutablePropertySources.addLast(MutablePropertySources.java:109)  Adding [systemProperties] PropertySource with lowest search precedence
2016-12-15 11:04:23 org.springframework.core.env.MutablePropertySources.addLast(MutablePropertySources.java:109)  Adding [systemEnvironment] PropertySource with lowest search precedence
2016-12-15 11:04:23 org.springframework.core.env.AbstractEnvironment.<init>(AbstractEnvironment.java:124)  Initialized StandardEnvironment with PropertySources [systemProperties,systemEnvironment]
2016-12-15 11:04:23 org.springframework.context.support.AbstractApplicationContext.prepareRefresh(AbstractApplicationContext.java:582)  Refreshing org.springframework.context.support.ClassPathXmlApplicationContext@45c8e616: startup date [Thu Dec 15 11:04:23 CST 2016]; root of context hierarchy
2016-12-15 11:04:23 org.springframework.core.env.MutablePropertySources.addLast(MutablePropertySources.java:109)  Adding [systemProperties] PropertySource with lowest search precedence
2016-12-15 11:04:23 org.springframework.core.env.MutablePropertySources.addLast(MutablePropertySources.java:109)  Adding [systemEnvironment] PropertySource with lowest search precedence
2016-12-15 11:04:23 org.springframework.core.env.AbstractEnvironment.<init>(AbstractEnvironment.java:124)  Initialized StandardEnvironment with PropertySources [systemProperties,systemEnvironment]
2016-12-15 11:04:23 org.springframework.beans.factory.xml.XmlBeanDefinitionReader.loadBeanDefinitions(XmlBeanDefinitionReader.java:317)  Loading XML bean definitions from class path resource [applicationContext.xml]
2016-12-15 11:04:23 org.springframework.beans.factory.xml.DefaultDocumentLoader.loadDocument(DefaultDocumentLoader.java:73)  Using JAXP provider [com.sun.org.apache.xerces.internal.jaxp.DocumentBuilderFactoryImpl]
2016-12-15 11:04:23 org.springframework.beans.factory.xml.PluggableSchemaResolver.getSchemaMappings(PluggableSchemaResolver.java:141)  Loading schema mappings from [META-INF/spring.schemas]
2016-12-15 11:04:23 org.springframework.beans.factory.xml.PluggableSchemaResolver.getSchemaMappings(PluggableSchemaResolver.java:147)  Loaded schema mappings: {http://www.springframework.org/schema/tx/spring-tx-4.3.xsd=org/springframework/transaction/config/spring-tx-4.3.xsd, http://www.springframework.org/schema/tx/spring-tx-2.5.xsd=org/springframework/transaction/config/spring-tx-2.5.xsd, http://www.springframework.org/schema/cache/spring-cache-4.2.xsd=org/springframework/cache/config/spring-cache-4.2.xsd, http://www.springframework.org/schema/aop/spring-aop-4.1.xsd=org/springframework/aop/config/spring-aop-4.1.xsd, http://www.springframework.org/schema/context/spring-context-3.1.xsd=org/springframework/context/config/spring-context-3.1.xsd, http://www.springframework.org/schema/jdbc/spring-jdbc-4.1.xsd=org/springframework/jdbc/config/spring-jdbc-4.1.xsd, http://www.springframework.org/schema/mvc/spring-mvc-4.1.xsd=org/springframework/web/servlet/config/spring-mvc-4.1.xsd, http://www.springframework.org/schema/util/spring-util-3.0.xsd=org/springframework/beans/factory/xml/spring-util-3.0.xsd, http://mybatis.org/schema/mybatis-spring-1.2.xsd=org/mybatis/spring/config/mybatis-spring-1.2.xsd, http://www.springframework.org/schema/tool/spring-tool.xsd=org/springframework/beans/factory/xml/spring-tool-4.3.xsd, http://www.springframework.org/schema/aop/spring-aop-3.2.xsd=org/springframework/aop/config/spring-aop-3.2.xsd, http://www.springframework.org/schema/lang/spring-lang-4.1.xsd=org/springframework/scripting/config/spring-lang-4.1.xsd, http://www.springframework.org/schema/context/spring-context-4.0.xsd=org/springframework/context/config/spring-context-4.0.xsd, http://www.springframework.org/schema/mvc/spring-mvc-3.2.xsd=org/springframework/web/servlet/config/spring-mvc-3.2.xsd, http://www.springframework.org/schema/beans/spring-beans-4.2.xsd=org/springframework/beans/factory/xml/spring-beans-4.2.xsd, http://www.springframework.org/schema/tool/spring-tool-4.1.xsd=org/springframework/beans/factory/xml/spring-tool-4.1.xsd, http://www.springframework.org/schema/lang/spring-lang-3.2.xsd=org/springframework/scripting/config/spring-lang-3.2.xsd, http://www.springframework.org/schema/cache/spring-cache-3.2.xsd=org/springframework/cache/config/spring-cache-3.2.xsd, http://www.springframework.org/schema/jee/spring-jee-4.1.xsd=org/springframework/ejb/config/spring-jee-4.1.xsd, http://www.springframework.org/schema/jdbc/spring-jdbc-3.1.xsd=org/springframework/jdbc/config/spring-jdbc-3.1.xsd, http://www.springframework.org/schema/util/spring-util-2.0.xsd=org/springframework/beans/factory/xml/spring-util-2.0.xsd, http://www.springframework.org/schema/task/spring-task-4.2.xsd=org/springframework/scheduling/config/spring-task-4.2.xsd, http://www.springframework.org/schema/tool/spring-tool-3.2.xsd=org/springframework/beans/factory/xml/spring-tool-3.2.xsd, http://www.springframework.org/schema/context/spring-context.xsd=org/springframework/context/config/spring-context-4.3.xsd, http://www.springframework.org/schema/tx/spring-tx-4.2.xsd=org/springframework/transaction/config/spring-tx-4.2.xsd, http://www.springframework.org/schema/cache/spring-cache-4.1.xsd=org/springframework/cache/config/spring-cache-4.1.xsd, http://www.springframework.org/schema/aop/spring-aop-4.0.xsd=org/springframework/aop/config/spring-aop-4.0.xsd, http://www.springframework.org/schema/jee/spring-jee-3.2.xsd=org/springframework/ejb/config/spring-jee-3.2.xsd, http://www.springframework.org/schema/context/spring-context-3.0.xsd=org/springframework/context/config/spring-context-3.0.xsd, http://www.springframework.org/schema/jdbc/spring-jdbc-4.0.xsd=org/springframework/jdbc/config/spring-jdbc-4.0.xsd, http://www.springframework.org/schema/mvc/spring-mvc-4.0.xsd=org/springframework/web/servlet/config/spring-mvc-4.0.xsd, http://www.springframework.org/schema/util/spring-util-4.3.xsd=org/springframework/beans/factory/xml/spring-util-4.3.xsd, http://www.springframework.org/schema/util/spring-util-2.5.xsd=org/springframework/beans/factory/xml/spring-util-2.5.xsd, http://www.springframework.org/schema/beans/spring-beans-3.2.xsd=org/springframework/beans/factory/xml/spring-beans-3.2.xsd, http://www.springframework.org/schema/aop/spring-aop-3.1.xsd=org/springframework/aop/config/spring-aop-3.1.xsd, http://www.springframework.org/schema/lang/spring-lang-4.0.xsd=org/springframework/scripting/config/spring-lang-4.0.xsd, http://www.springframework.org/schema/mvc/spring-mvc.xsd=org/springframework/web/servlet/config/spring-mvc-4.3.xsd, http://www.springframework.org/schema/mvc/spring-mvc-3.1.xsd=org/springframework/web/servlet/config/spring-mvc-3.1.xsd, http://www.springframework.org/schema/beans/spring-beans-4.1.xsd=org/springframework/beans/factory/xml/spring-beans-4.1.xsd, http://www.springframework.org/schema/tool/spring-tool-4.0.xsd=org/springframework/beans/factory/xml/spring-tool-4.0.xsd, http://www.springframework.org/schema/tx/spring-tx-3.2.xsd=org/springframework/transaction/config/spring-tx-3.2.xsd, http://www.springframework.org/schema/lang/spring-lang-3.1.xsd=org/springframework/scripting/config/spring-lang-3.1.xsd, http://www.springframework.org/schema/cache/spring-cache-3.1.xsd=org/springframework/cache/config/spring-cache-3.1.xsd, http://www.springframework.org/schema/jee/spring-jee-4.0.xsd=org/springframework/ejb/config/spring-jee-4.0.xsd, http://www.springframework.org/schema/jdbc/spring-jdbc-3.0.xsd=org/springframework/jdbc/config/spring-jdbc-3.0.xsd, http://www.springframework.org/schema/task/spring-task-4.1.xsd=org/springframework/scheduling/config/spring-task-4.1.xsd, http://www.springframework.org/schema/jdbc/spring-jdbc.xsd=org/springframework/jdbc/config/spring-jdbc-4.3.xsd, http://www.springframework.org/schema/tool/spring-tool-3.1.xsd=org/springframework/beans/factory/xml/spring-tool-3.1.xsd, http://www.springframework.org/schema/tx/spring-tx-4.1.xsd=org/springframework/transaction/config/spring-tx-4.1.xsd, http://www.springframework.org/schema/cache/spring-cache-4.0.xsd=org/springframework/cache/config/spring-cache-4.0.xsd, http://www.springframework.org/schema/jee/spring-jee-3.1.xsd=org/springframework/ejb/config/spring-jee-3.1.xsd, http://www.springframework.org/schema/util/spring-util-4.2.xsd=org/springframework/beans/factory/xml/spring-util-4.2.xsd, http://www.springframework.org/schema/task/spring-task-3.2.xsd=org/springframework/scheduling/config/spring-task-3.2.xsd, http://www.springframework.org/schema/beans/spring-beans-3.1.xsd=org/springframework/beans/factory/xml/spring-beans-3.1.xsd, http://www.springframework.org/schema/util/spring-util.xsd=org/springframework/beans/factory/xml/spring-util-4.3.xsd, http://www.springframework.org/schema/aop/spring-aop-3.0.xsd=org/springframework/aop/config/spring-aop-3.0.xsd, http://www.springframework.org/schema/mvc/spring-mvc-3.0.xsd=org/springframework/web/servlet/config/spring-mvc-3.0.xsd, http://www.springframework.org/schema/beans/spring-beans-4.0.xsd=org/springframework/beans/factory/xml/spring-beans-4.0.xsd, http://www.springframework.org/schema/beans/spring-beans.xsd=org/springframework/beans/factory/xml/spring-beans-4.3.xsd, http://mybatis.org/schema/mybatis-spring.xsd=org/mybatis/spring/config/mybatis-spring-1.2.xsd, http://www.springframework.org/schema/tx/spring-tx-3.1.xsd=org/springframework/transaction/config/spring-tx-3.1.xsd, http://www.springframework.org/schema/lang/spring-lang-3.0.xsd=org/springframework/scripting/config/spring-lang-3.0.xsd, http://www.springframework.org/schema/context/spring-context-2.5.xsd=org/springframework/context/config/spring-context-2.5.xsd, http://www.springframework.org/schema/context/spring-context-4.3.xsd=org/springframework/context/config/spring-context-4.3.xsd, http://www.springframework.org/schema/task/spring-task-4.0.xsd=org/springframework/scheduling/config/spring-task-4.0.xsd, http://www.springframework.org/schema/tool/spring-tool-3.0.xsd=org/springframework/beans/factory/xml/spring-tool-3.0.xsd, http://www.springframework.org/schema/tx/spring-tx-4.0.xsd=org/springframework/transaction/config/spring-tx-4.0.xsd, http://www.springframework.org/schema/aop/spring-aop-2.0.xsd=org/springframework/aop/config/spring-aop-2.0.xsd, http://www.springframework.org/schema/jee/spring-jee-3.0.xsd=org/springframework/ejb/config/spring-jee-3.0.xsd, http://www.springframework.org/schema/util/spring-util-4.1.xsd=org/springframework/beans/factory/xml/spring-util-4.1.xsd, http://www.springframework.org/schema/task/spring-task-3.1.xsd=org/springframework/scheduling/config/spring-task-3.1.xsd, http://www.springframework.org/schema/beans/spring-beans-3.0.xsd=org/springframework/beans/factory/xml/spring-beans-3.0.xsd, http://www.springframework.org/schema/jee/spring-jee.xsd=org/springframework/ejb/config/spring-jee-4.3.xsd, http://www.springframework.org/schema/aop/spring-aop-2.5.xsd=org/springframework/aop/config/spring-aop-2.5.xsd, http://www.springframework.org/schema/aop/spring-aop-4.3.xsd=org/springframework/aop/config/spring-aop-4.3.xsd, http://www.springframework.org/schema/lang/spring-lang-2.0.xsd=org/springframework/scripting/config/spring-lang-2.0.xsd, http://www.springframework.org/schema/jdbc/spring-jdbc-4.3.xsd=org/springframework/jdbc/config/spring-jdbc-4.3.xsd, http://www.springframework.org/schema/mvc/spring-mvc-4.3.xsd=org/springframework/web/servlet/config/spring-mvc-4.3.xsd, http://www.springframework.org/schema/util/spring-util-3.2.xsd=org/springframework/beans/factory/xml/spring-util-3.2.xsd, http://www.springframework.org/schema/task/spring-task.xsd=org/springframework/scheduling/config/spring-task-4.3.xsd, http://www.springframework.org/schema/tool/spring-tool-2.0.xsd=org/springframework/beans/factory/xml/spring-tool-2.0.xsd, http://www.springframework.org/schema/tx/spring-tx-3.0.xsd=org/springframework/transaction/config/spring-tx-3.0.xsd, http://www.springframework.org/schema/lang/spring-lang-2.5.xsd=org/springframework/scripting/config/spring-lang-2.5.xsd, http://www.springframework.org/schema/lang/spring-lang-4.3.xsd=org/springframework/scripting/config/spring-lang-4.3.xsd, http://www.springframework.org/schema/context/spring-context-4.2.xsd=org/springframework/context/config/spring-context-4.2.xsd, http://www.springframework.org/schema/jee/spring-jee-2.0.xsd=org/springframework/ejb/config/spring-jee-2.0.xsd, http://www.springframework.org/schema/tool/spring-tool-4.3.xsd=org/springframework/beans/factory/xml/spring-tool-4.3.xsd, http://www.springframework.org/schema/tool/spring-tool-2.5.xsd=org/springframework/beans/factory/xml/spring-tool-2.5.xsd, http://www.springframework.org/schema/jee/spring-jee-4.3.xsd=org/springframework/ejb/config/spring-jee-4.3.xsd, http://www.springframework.org/schema/jee/spring-jee-2.5.xsd=org/springframework/ejb/config/spring-jee-2.5.xsd, http://www.springframework.org/schema/util/spring-util-4.0.xsd=org/springframework/beans/factory/xml/spring-util-4.0.xsd, http://www.springframework.org/schema/task/spring-task-3.0.xsd=org/springframework/scheduling/config/spring-task-3.0.xsd, http://www.springframework.org/schema/cache/spring-cache-4.3.xsd=org/springframework/cache/config/spring-cache-4.3.xsd, http://www.springframework.org/schema/aop/spring-aop-4.2.xsd=org/springframework/aop/config/spring-aop-4.2.xsd, http://www.springframework.org/schema/lang/spring-lang.xsd=org/springframework/scripting/config/spring-lang-4.3.xsd, http://www.springframework.org/schema/context/spring-context-3.2.xsd=org/springframework/context/config/spring-context-3.2.xsd, http://www.springframework.org/schema/jdbc/spring-jdbc-4.2.xsd=org/springframework/jdbc/config/spring-jdbc-4.2.xsd, http://www.springframework.org/schema/mvc/spring-mvc-4.2.xsd=org/springframework/web/servlet/config/spring-mvc-4.2.xsd, http://www.springframework.org/schema/util/spring-util-3.1.xsd=org/springframework/beans/factory/xml/spring-util-3.1.xsd, http://www.springframework.org/schema/beans/spring-beans-2.0.xsd=org/springframework/beans/factory/xml/spring-beans-2.0.xsd, http://www.springframework.org/schema/cache/spring-cache.xsd=org/springframework/cache/config/spring-cache-4.3.xsd, http://www.springframework.org/schema/tx/spring-tx.xsd=org/springframework/transaction/config/spring-tx-4.3.xsd, http://www.springframework.org/schema/lang/spring-lang-4.2.xsd=org/springframework/scripting/config/spring-lang-4.2.xsd, http://www.springframework.org/schema/context/spring-context-4.1.xsd=org/springframework/context/config/spring-context-4.1.xsd, http://www.springframework.org/schema/beans/spring-beans-2.5.xsd=org/springframework/beans/factory/xml/spring-beans-2.5.xsd, http://www.springframework.org/schema/beans/spring-beans-4.3.xsd=org/springframework/beans/factory/xml/spring-beans-4.3.xsd, http://www.springframework.org/schema/tool/spring-tool-4.2.xsd=org/springframework/beans/factory/xml/spring-tool-4.2.xsd, http://www.springframework.org/schema/tx/spring-tx-2.0.xsd=org/springframework/transaction/config/spring-tx-2.0.xsd, http://www.alibaba.com/schema/stat.xsd=META-INF/stat.xsd, http://www.springframework.org/schema/jee/spring-jee-4.2.xsd=org/springframework/ejb/config/spring-jee-4.2.xsd, http://www.springframework.org/schema/jdbc/spring-jdbc-3.2.xsd=org/springframework/jdbc/config/spring-jdbc-3.2.xsd, http://www.springframework.org/schema/task/spring-task-4.3.xsd=org/springframework/scheduling/config/spring-task-4.3.xsd, http://www.springframework.org/schema/aop/spring-aop.xsd=org/springframework/aop/config/spring-aop-4.3.xsd}
2016-12-15 11:04:23 org.springframework.beans.factory.xml.PluggableSchemaResolver.resolveEntity(PluggableSchemaResolver.java:119)  Found XML schema [http://www.springframework.org/schema/beans/spring-beans.xsd] in classpath: org/springframework/beans/factory/xml/spring-beans-4.3.xsd
2016-12-15 11:04:23 org.springframework.beans.factory.xml.PluggableSchemaResolver.resolveEntity(PluggableSchemaResolver.java:119)  Found XML schema [http://www.springframework.org/schema/context/spring-context.xsd] in classpath: org/springframework/context/config/spring-context-4.3.xsd
2016-12-15 11:04:23 org.springframework.beans.factory.xml.PluggableSchemaResolver.resolveEntity(PluggableSchemaResolver.java:119)  Found XML schema [http://www.springframework.org/schema/tool/spring-tool-4.3.xsd] in classpath: org/springframework/beans/factory/xml/spring-tool-4.3.xsd
2016-12-15 11:04:23 org.springframework.beans.factory.xml.PluggableSchemaResolver.resolveEntity(PluggableSchemaResolver.java:119)  Found XML schema [http://www.springframework.org/schema/tx/spring-tx.xsd] in classpath: org/springframework/transaction/config/spring-tx-4.3.xsd
2016-12-15 11:04:23 org.springframework.beans.factory.xml.DefaultBeanDefinitionDocumentReader.registerBeanDefinitions(DefaultBeanDefinitionDocumentReader.java:92)  Loading bean definitions
2016-12-15 11:04:23 org.springframework.beans.factory.xml.DefaultNamespaceHandlerResolver.getHandlerMappings(DefaultNamespaceHandlerResolver.java:157)  Loaded NamespaceHandler mappings: {http://www.springframework.org/schema/p=org.springframework.beans.factory.xml.SimplePropertyNamespaceHandler, http://www.springframework.org/schema/mvc=org.springframework.web.servlet.config.MvcNamespaceHandler, http://www.springframework.org/schema/util=org.springframework.beans.factory.xml.UtilNamespaceHandler, http://www.alibaba.com/schema/stat=com.alibaba.druid.support.spring.stat.config.DruidStatNamespaceHandler, http://www.springframework.org/schema/jee=org.springframework.ejb.config.JeeNamespaceHandler, http://www.springframework.org/schema/aop=org.springframework.aop.config.AopNamespaceHandler, http://www.springframework.org/schema/jdbc=org.springframework.jdbc.config.JdbcNamespaceHandler, http://www.springframework.org/schema/cache=org.springframework.cache.config.CacheNamespaceHandler, http://mybatis.org/schema/mybatis-spring=org.mybatis.spring.config.NamespaceHandler, http://www.springframework.org/schema/c=org.springframework.beans.factory.xml.SimpleConstructorNamespaceHandler, http://www.springframework.org/schema/tx=org.springframework.transaction.config.TxNamespaceHandler, http://www.springframework.org/schema/task=org.springframework.scheduling.config.TaskNamespaceHandler, http://www.springframework.org/schema/lang=org.springframework.scripting.config.LangNamespaceHandler, http://www.springframework.org/schema/context=org.springframework.context.config.ContextNamespaceHandler}
2016-12-15 11:04:23 org.springframework.core.env.MutablePropertySources.addLast(MutablePropertySources.java:109)  Adding [systemProperties] PropertySource with lowest search precedence
2016-12-15 11:04:23 org.springframework.core.env.MutablePropertySources.addLast(MutablePropertySources.java:109)  Adding [systemEnvironment] PropertySource with lowest search precedence
2016-12-15 11:04:23 org.springframework.core.env.AbstractEnvironment.<init>(AbstractEnvironment.java:124)  Initialized StandardEnvironment with PropertySources [systemProperties,systemEnvironment]
2016-12-15 11:04:23 org.springframework.core.io.support.PathMatchingResourcePatternResolver.findAllClassPathResources(PathMatchingResourcePatternResolver.java:317)  Resolved classpath location [com/hc/] to resources [URL [file:/D:/SpringMybatisWebDemo/target/classes/com/hc/]]
2016-12-15 11:04:23 org.springframework.core.io.support.PathMatchingResourcePatternResolver.doFindMatchingFileSystemResources(PathMatchingResourcePatternResolver.java:711)  Looking for matching resources in directory tree [D:\SpringMybatisWebDemo\target\classes\com\hc]
2016-12-15 11:04:23 org.springframework.core.io.support.PathMatchingResourcePatternResolver.doRetrieveMatchingFiles(PathMatchingResourcePatternResolver.java:773)  Searching directory [D:\SpringMybatisWebDemo\target\classes\com\hc] for files matching pattern [D:/SpringMybatisWebDemo/target/classes/com/hc/**/*.class]
2016-12-15 11:04:23 org.springframework.core.io.support.PathMatchingResourcePatternResolver.doRetrieveMatchingFiles(PathMatchingResourcePatternResolver.java:773)  Searching directory [D:\SpringMybatisWebDemo\target\classes\com\hc\action] for files matching pattern [D:/SpringMybatisWebDemo/target/classes/com/hc/**/*.class]
2016-12-15 11:04:23 org.springframework.core.io.support.PathMatchingResourcePatternResolver.doRetrieveMatchingFiles(PathMatchingResourcePatternResolver.java:773)  Searching directory [D:\SpringMybatisWebDemo\target\classes\com\hc\dao] for files matching pattern [D:/SpringMybatisWebDemo/target/classes/com/hc/**/*.class]
2016-12-15 11:04:23 org.springframework.core.io.support.PathMatchingResourcePatternResolver.doRetrieveMatchingFiles(PathMatchingResourcePatternResolver.java:773)  Searching directory [D:\SpringMybatisWebDemo\target\classes\com\hc\domain] for files matching pattern [D:/SpringMybatisWebDemo/target/classes/com/hc/**/*.class]
2016-12-15 11:04:23 org.springframework.core.io.support.PathMatchingResourcePatternResolver.doRetrieveMatchingFiles(PathMatchingResourcePatternResolver.java:773)  Searching directory [D:\SpringMybatisWebDemo\target\classes\com\hc\mapping] for files matching pattern [D:/SpringMybatisWebDemo/target/classes/com/hc/**/*.class]
2016-12-15 11:04:23 org.springframework.core.io.support.PathMatchingResourcePatternResolver.doRetrieveMatchingFiles(PathMatchingResourcePatternResolver.java:773)  Searching directory [D:\SpringMybatisWebDemo\target\classes\com\hc\service] for files matching pattern [D:/SpringMybatisWebDemo/target/classes/com/hc/**/*.class]
2016-12-15 11:04:23 org.springframework.core.io.support.PathMatchingResourcePatternResolver.doRetrieveMatchingFiles(PathMatchingResourcePatternResolver.java:773)  Searching directory [D:\SpringMybatisWebDemo\target\classes\com\hc\service\impl] for files matching pattern [D:/SpringMybatisWebDemo/target/classes/com/hc/**/*.class]
2016-12-15 11:04:23 org.springframework.core.io.support.PathMatchingResourcePatternResolver.findPathMatchingResources(PathMatchingResourcePatternResolver.java:483)  Resolved location pattern [classpath*:com/hc/**/*.class] to resources [file [D:\SpringMybatisWebDemo\target\classes\com\hc\action\DeptController.class], file [D:\SpringMybatisWebDemo\target\classes\com\hc\action\DeptServlet.class], file [D:\SpringMybatisWebDemo\target\classes\com\hc\dao\Dept2Dao.class], file [D:\SpringMybatisWebDemo\target\classes\com\hc\dao\DeptDao.class], file [D:\SpringMybatisWebDemo\target\classes\com\hc\dao\EmpDao.class], file [D:\SpringMybatisWebDemo\target\classes\com\hc\DemoTest.class], file [D:\SpringMybatisWebDemo\target\classes\com\hc\domain\Dept.class], file [D:\SpringMybatisWebDemo\target\classes\com\hc\domain\Dept2.class], file [D:\SpringMybatisWebDemo\target\classes\com\hc\domain\DeptQuery.class], file [D:\SpringMybatisWebDemo\target\classes\com\hc\domain\Emp.class], file [D:\SpringMybatisWebDemo\target\classes\com\hc\service\DeptService.class], file [D:\SpringMybatisWebDemo\target\classes\com\hc\service\impl\DeptServiceImpl.class]]
2016-12-15 11:04:23 org.springframework.context.annotation.ClassPathScanningCandidateComponentProvider.findCandidateComponents(ClassPathScanningCandidateComponentProvider.java:286)  Identified candidate component class: file [D:\SpringMybatisWebDemo\target\classes\com\hc\action\DeptController.class]
2016-12-15 11:04:23 org.springframework.context.annotation.ClassPathScanningCandidateComponentProvider.findCandidateComponents(ClassPathScanningCandidateComponentProvider.java:286)  Identified candidate component class: file [D:\SpringMybatisWebDemo\target\classes\com\hc\service\impl\DeptServiceImpl.class]
2016-12-15 11:04:23 org.springframework.beans.factory.xml.BeanDefinitionParserDelegate.parseBeanDefinitionElement(BeanDefinitionParserDelegate.java:481)  Neither XML 'id' nor 'name' specified - using generated bean name [org.mybatis.spring.mapper.MapperScannerConfigurer#0]
2016-12-15 11:04:23 org.springframework.beans.factory.support.AbstractBeanDefinitionReader.loadBeanDefinitions(AbstractBeanDefinitionReader.java:224)  Loaded 17 bean definitions from location pattern [applicationContext.xml]
2016-12-15 11:04:23 org.springframework.context.support.AbstractApplicationContext.obtainFreshBeanFactory(AbstractApplicationContext.java:616)  Bean factory for org.springframework.context.support.ClassPathXmlApplicationContext@45c8e616: org.springframework.beans.factory.support.DefaultListableBeanFactory@25359ed8: defining beans [deptController,deptServiceImpl,org.springframework.context.annotation.internalConfigurationAnnotationProcessor,org.springframework.context.annotation.internalAutowiredAnnotationProcessor,org.springframework.context.annotation.internalRequiredAnnotationProcessor,org.springframework.context.annotation.internalCommonAnnotationProcessor,org.springframework.context.event.internalEventListenerProcessor,org.springframework.context.event.internalEventListenerFactory,dataSource123,sqlSessionFactory,org.mybatis.spring.mapper.MapperScannerConfigurer#0,txManager,org.springframework.transaction.config.internalTransactionalEventListenerFactory,org.springframework.aop.config.internalAutoProxyCreator,org.springframework.transaction.annotation.AnnotationTransactionAttributeSource#0,org.springframework.transaction.interceptor.TransactionInterceptor#0,org.springframework.transaction.config.internalTransactionAdvisor]; root of factory hierarchy
2016-12-15 11:04:23 org.springframework.beans.factory.support.DefaultSingletonBeanRegistry.getSingleton(DefaultSingletonBeanRegistry.java:221)  Creating shared instance of singleton bean 'org.springframework.context.annotation.internalConfigurationAnnotationProcessor'
2016-12-15 11:04:23 org.springframework.beans.factory.support.AbstractAutowireCapableBeanFactory.createBean(AbstractAutowireCapableBeanFactory.java:448)  Creating instance of bean 'org.springframework.context.annotation.internalConfigurationAnnotationProcessor'
2016-12-15 11:04:23 org.springframework.beans.factory.support.AbstractAutowireCapableBeanFactory.doCreateBean(AbstractAutowireCapableBeanFactory.java:537)  Eagerly caching bean 'org.springframework.context.annotation.internalConfigurationAnnotationProcessor' to allow for resolving potential circular references
2016-12-15 11:04:23 org.springframework.beans.factory.support.AbstractAutowireCapableBeanFactory.createBean(AbstractAutowireCapableBeanFactory.java:484)  Finished creating instance of bean 'org.springframework.context.annotation.internalConfigurationAnnotationProcessor'
2016-12-15 11:04:24 org.springframework.beans.factory.support.DefaultSingletonBeanRegistry.getSingleton(DefaultSingletonBeanRegistry.java:221)  Creating shared instance of singleton bean 'org.mybatis.spring.mapper.MapperScannerConfigurer#0'
2016-12-15 11:04:24 org.springframework.beans.factory.support.AbstractAutowireCapableBeanFactory.createBean(AbstractAutowireCapableBeanFactory.java:448)  Creating instance of bean 'org.mybatis.spring.mapper.MapperScannerConfigurer#0'
2016-12-15 11:04:24 org.springframework.beans.factory.support.AbstractAutowireCapableBeanFactory.doCreateBean(AbstractAutowireCapableBeanFactory.java:537)  Eagerly caching bean 'org.mybatis.spring.mapper.MapperScannerConfigurer#0' to allow for resolving potential circular references
2016-12-15 11:04:24 org.springframework.beans.factory.support.AbstractAutowireCapableBeanFactory.invokeInitMethods(AbstractAutowireCapableBeanFactory.java:1625)  Invoking afterPropertiesSet() on bean with name 'org.mybatis.spring.mapper.MapperScannerConfigurer#0'
2016-12-15 11:04:24 org.springframework.beans.factory.support.AbstractAutowireCapableBeanFactory.createBean(AbstractAutowireCapableBeanFactory.java:484)  Finished creating instance of bean 'org.mybatis.spring.mapper.MapperScannerConfigurer#0'
2016-12-15 11:04:24 org.springframework.core.env.MutablePropertySources.addLast(MutablePropertySources.java:109)  Adding [systemProperties] PropertySource with lowest search precedence
2016-12-15 11:04:24 org.springframework.core.env.MutablePropertySources.addLast(MutablePropertySources.java:109)  Adding [systemEnvironment] PropertySource with lowest search precedence
2016-12-15 11:04:24 org.springframework.core.env.AbstractEnvironment.<init>(AbstractEnvironment.java:124)  Initialized StandardEnvironment with PropertySources [systemProperties,systemEnvironment]
2016-12-15 11:04:24 org.springframework.core.io.support.PathMatchingResourcePatternResolver.findAllClassPathResources(PathMatchingResourcePatternResolver.java:317)  Resolved classpath location [com/hc/dao/] to resources [URL [file:/D:/SpringMybatisWebDemo/target/classes/com/hc/dao/]]
2016-12-15 11:04:24 org.springframework.core.io.support.PathMatchingResourcePatternResolver.doFindMatchingFileSystemResources(PathMatchingResourcePatternResolver.java:711)  Looking for matching resources in directory tree [D:\SpringMybatisWebDemo\target\classes\com\hc\dao]
2016-12-15 11:04:24 org.springframework.core.io.support.PathMatchingResourcePatternResolver.doRetrieveMatchingFiles(PathMatchingResourcePatternResolver.java:773)  Searching directory [D:\SpringMybatisWebDemo\target\classes\com\hc\dao] for files matching pattern [D:/SpringMybatisWebDemo/target/classes/com/hc/dao/**/*.class]
2016-12-15 11:04:24 org.springframework.core.io.support.PathMatchingResourcePatternResolver.findPathMatchingResources(PathMatchingResourcePatternResolver.java:483)  Resolved location pattern [classpath*:com/hc/dao/**/*.class] to resources [file [D:\SpringMybatisWebDemo\target\classes\com\hc\dao\Dept2Dao.class], file [D:\SpringMybatisWebDemo\target\classes\com\hc\dao\DeptDao.class], file [D:\SpringMybatisWebDemo\target\classes\com\hc\dao\EmpDao.class]]
2016-12-15 11:04:24 org.springframework.context.annotation.ClassPathScanningCandidateComponentProvider.findCandidateComponents(ClassPathScanningCandidateComponentProvider.java:286)  Identified candidate component class: file [D:\SpringMybatisWebDemo\target\classes\com\hc\dao\Dept2Dao.class]
2016-12-15 11:04:24 org.springframework.context.annotation.ClassPathScanningCandidateComponentProvider.findCandidateComponents(ClassPathScanningCandidateComponentProvider.java:286)  Identified candidate component class: file [D:\SpringMybatisWebDemo\target\classes\com\hc\dao\DeptDao.class]
2016-12-15 11:04:24 org.springframework.context.annotation.ClassPathScanningCandidateComponentProvider.findCandidateComponents(ClassPathScanningCandidateComponentProvider.java:286)  Identified candidate component class: file [D:\SpringMybatisWebDemo\target\classes\com\hc\dao\EmpDao.class]
2016-12-15 11:04:24 org.mybatis.spring.mapper.ClassPathMapperScanner.processBeanDefinitions(ClassPathMapperScanner.java:181)  Creating MapperFactoryBean with name 'dept2Dao' and 'com.hc.dao.Dept2Dao' mapperInterface
2016-12-15 11:04:24 org.mybatis.spring.mapper.ClassPathMapperScanner.processBeanDefinitions(ClassPathMapperScanner.java:181)  Creating MapperFactoryBean with name 'deptDao' and 'com.hc.dao.DeptDao' mapperInterface
2016-12-15 11:04:24 org.mybatis.spring.mapper.ClassPathMapperScanner.processBeanDefinitions(ClassPathMapperScanner.java:181)  Creating MapperFactoryBean with name 'empDao' and 'com.hc.dao.EmpDao' mapperInterface
2016-12-15 11:04:24 org.springframework.beans.factory.support.DefaultSingletonBeanRegistry.getSingleton(DefaultSingletonBeanRegistry.java:221)  Creating shared instance of singleton bean 'org.springframework.context.annotation.internalAutowiredAnnotationProcessor'
2016-12-15 11:04:24 org.springframework.beans.factory.support.AbstractAutowireCapableBeanFactory.createBean(AbstractAutowireCapableBeanFactory.java:448)  Creating instance of bean 'org.springframework.context.annotation.internalAutowiredAnnotationProcessor'
2016-12-15 11:04:24 org.springframework.beans.factory.support.AbstractAutowireCapableBeanFactory.doCreateBean(AbstractAutowireCapableBeanFactory.java:537)  Eagerly caching bean 'org.springframework.context.annotation.internalAutowiredAnnotationProcessor' to allow for resolving potential circular references
2016-12-15 11:04:24 org.springframework.beans.factory.support.AbstractAutowireCapableBeanFactory.createBean(AbstractAutowireCapableBeanFactory.java:484)  Finished creating instance of bean 'org.springframework.context.annotation.internalAutowiredAnnotationProcessor'
2016-12-15 11:04:24 org.springframework.beans.factory.support.DefaultSingletonBeanRegistry.getSingleton(DefaultSingletonBeanRegistry.java:221)  Creating shared instance of singleton bean 'org.springframework.context.annotation.internalRequiredAnnotationProcessor'
2016-12-15 11:04:24 org.springframework.beans.factory.support.AbstractAutowireCapableBeanFactory.createBean(AbstractAutowireCapableBeanFactory.java:448)  Creating instance of bean 'org.springframework.context.annotation.internalRequiredAnnotationProcessor'
2016-12-15 11:04:24 org.springframework.beans.factory.support.AbstractAutowireCapableBeanFactory.doCreateBean(AbstractAutowireCapableBeanFactory.java:537)  Eagerly caching bean 'org.springframework.context.annotation.internalRequiredAnnotationProcessor' to allow for resolving potential circular references
2016-12-15 11:04:24 org.springframework.beans.factory.support.AbstractAutowireCapableBeanFactory.createBean(AbstractAutowireCapableBeanFactory.java:484)  Finished creating instance of bean 'org.springframework.context.annotation.internalRequiredAnnotationProcessor'
2016-12-15 11:04:24 org.springframework.beans.factory.support.DefaultSingletonBeanRegistry.getSingleton(DefaultSingletonBeanRegistry.java:221)  Creating shared instance of singleton bean 'org.springframework.context.annotation.internalCommonAnnotationProcessor'
2016-12-15 11:04:24 org.springframework.beans.factory.support.AbstractAutowireCapableBeanFactory.createBean(AbstractAutowireCapableBeanFactory.java:448)  Creating instance of bean 'org.springframework.context.annotation.internalCommonAnnotationProcessor'
2016-12-15 11:04:24 org.springframework.beans.factory.support.AbstractAutowireCapableBeanFactory.doCreateBean(AbstractAutowireCapableBeanFactory.java:537)  Eagerly caching bean 'org.springframework.context.annotation.internalCommonAnnotationProcessor' to allow for resolving potential circular references
2016-12-15 11:04:24 org.springframework.beans.factory.support.AbstractAutowireCapableBeanFactory.createBean(AbstractAutowireCapableBeanFactory.java:484)  Finished creating instance of bean 'org.springframework.context.annotation.internalCommonAnnotationProcessor'
2016-12-15 11:04:24 org.springframework.beans.factory.support.DefaultSingletonBeanRegistry.getSingleton(DefaultSingletonBeanRegistry.java:221)  Creating shared instance of singleton bean 'org.springframework.context.annotation.ConfigurationClassPostProcessor.importAwareProcessor'
2016-12-15 11:04:24 org.springframework.beans.factory.support.AbstractAutowireCapableBeanFactory.createBean(AbstractAutowireCapableBeanFactory.java:448)  Creating instance of bean 'org.springframework.context.annotation.ConfigurationClassPostProcessor.importAwareProcessor'
2016-12-15 11:04:24 org.springframework.beans.factory.support.AbstractAutowireCapableBeanFactory.doCreateBean(AbstractAutowireCapableBeanFactory.java:537)  Eagerly caching bean 'org.springframework.context.annotation.ConfigurationClassPostProcessor.importAwareProcessor' to allow for resolving potential circular references
2016-12-15 11:04:24 org.springframework.beans.factory.support.AbstractAutowireCapableBeanFactory.createBean(AbstractAutowireCapableBeanFactory.java:484)  Finished creating instance of bean 'org.springframework.context.annotation.ConfigurationClassPostProcessor.importAwareProcessor'
2016-12-15 11:04:24 org.springframework.beans.factory.support.DefaultSingletonBeanRegistry.getSingleton(DefaultSingletonBeanRegistry.java:221)  Creating shared instance of singleton bean 'org.springframework.context.annotation.ConfigurationClassPostProcessor.enhancedConfigurationProcessor'
2016-12-15 11:04:24 org.springframework.beans.factory.support.AbstractAutowireCapableBeanFactory.createBean(AbstractAutowireCapableBeanFactory.java:448)  Creating instance of bean 'org.springframework.context.annotation.ConfigurationClassPostProcessor.enhancedConfigurationProcessor'
2016-12-15 11:04:24 org.springframework.beans.factory.support.AbstractAutowireCapableBeanFactory.doCreateBean(AbstractAutowireCapableBeanFactory.java:537)  Eagerly caching bean 'org.springframework.context.annotation.ConfigurationClassPostProcessor.enhancedConfigurationProcessor' to allow for resolving potential circular references
2016-12-15 11:04:24 org.springframework.beans.factory.support.AbstractAutowireCapableBeanFactory.createBean(AbstractAutowireCapableBeanFactory.java:484)  Finished creating instance of bean 'org.springframework.context.annotation.ConfigurationClassPostProcessor.enhancedConfigurationProcessor'
2016-12-15 11:04:24 org.springframework.beans.factory.support.DefaultSingletonBeanRegistry.getSingleton(DefaultSingletonBeanRegistry.java:221)  Creating shared instance of singleton bean 'org.springframework.aop.config.internalAutoProxyCreator'
2016-12-15 11:04:24 org.springframework.beans.factory.support.AbstractAutowireCapableBeanFactory.createBean(AbstractAutowireCapableBeanFactory.java:448)  Creating instance of bean 'org.springframework.aop.config.internalAutoProxyCreator'
2016-12-15 11:04:24 org.springframework.beans.factory.support.AbstractAutowireCapableBeanFactory.doCreateBean(AbstractAutowireCapableBeanFactory.java:537)  Eagerly caching bean 'org.springframework.aop.config.internalAutoProxyCreator' to allow for resolving potential circular references
2016-12-15 11:04:24 org.springframework.beans.factory.support.AbstractAutowireCapableBeanFactory.createBean(AbstractAutowireCapableBeanFactory.java:484)  Finished creating instance of bean 'org.springframework.aop.config.internalAutoProxyCreator'
2016-12-15 11:04:24 org.springframework.context.support.AbstractApplicationContext.initMessageSource(AbstractApplicationContext.java:733)  Unable to locate MessageSource with name 'messageSource': using default [org.springframework.context.support.DelegatingMessageSource@7193666c]
2016-12-15 11:04:24 org.springframework.context.support.AbstractApplicationContext.initApplicationEventMulticaster(AbstractApplicationContext.java:757)  Unable to locate ApplicationEventMulticaster with name 'applicationEventMulticaster': using default [org.springframework.context.event.SimpleApplicationEventMulticaster@55b7a4e0]
2016-12-15 11:04:24 org.springframework.beans.factory.support.DefaultListableBeanFactory.preInstantiateSingletons(DefaultListableBeanFactory.java:723)  Pre-instantiating singletons in org.springframework.beans.factory.support.DefaultListableBeanFactory@25359ed8: defining beans [deptController,deptServiceImpl,org.springframework.context.annotation.internalConfigurationAnnotationProcessor,org.springframework.context.annotation.internalAutowiredAnnotationProcessor,org.springframework.context.annotation.internalRequiredAnnotationProcessor,org.springframework.context.annotation.internalCommonAnnotationProcessor,org.springframework.context.event.internalEventListenerProcessor,org.springframework.context.event.internalEventListenerFactory,dataSource123,sqlSessionFactory,org.mybatis.spring.mapper.MapperScannerConfigurer#0,txManager,org.springframework.transaction.config.internalTransactionalEventListenerFactory,org.springframework.aop.config.internalAutoProxyCreator,org.springframework.transaction.annotation.AnnotationTransactionAttributeSource#0,org.springframework.transaction.interceptor.TransactionInterceptor#0,org.springframework.transaction.config.internalTransactionAdvisor,org.springframework.context.annotation.ConfigurationClassPostProcessor.importAwareProcessor,org.springframework.context.annotation.ConfigurationClassPostProcessor.enhancedConfigurationProcessor,dept2Dao,deptDao,empDao]; root of factory hierarchy
2016-12-15 11:04:24 org.springframework.beans.factory.support.DefaultSingletonBeanRegistry.getSingleton(DefaultSingletonBeanRegistry.java:221)  Creating shared instance of singleton bean 'deptController'
2016-12-15 11:04:24 org.springframework.beans.factory.support.AbstractAutowireCapableBeanFactory.createBean(AbstractAutowireCapableBeanFactory.java:448)  Creating instance of bean 'deptController'
2016-12-15 11:04:24 org.springframework.beans.factory.annotation.InjectionMetadata.checkConfigMembers(InjectionMetadata.java:72)  Registered injected element on class [com.hc.action.DeptController]: AutowiredFieldElement for private com.hc.service.DeptService com.hc.action.DeptController.deptService
2016-12-15 11:04:24 org.springframework.beans.factory.support.AbstractAutowireCapableBeanFactory.doCreateBean(AbstractAutowireCapableBeanFactory.java:537)  Eagerly caching bean 'deptController' to allow for resolving potential circular references
2016-12-15 11:04:24 org.springframework.beans.factory.annotation.InjectionMetadata.inject(InjectionMetadata.java:86)  Processing injected element of bean 'deptController': AutowiredFieldElement for private com.hc.service.DeptService com.hc.action.DeptController.deptService
2016-12-15 11:04:24 org.springframework.beans.factory.support.DefaultSingletonBeanRegistry.getSingleton(DefaultSingletonBeanRegistry.java:221)  Creating shared instance of singleton bean 'deptServiceImpl'
2016-12-15 11:04:24 org.springframework.beans.factory.support.AbstractAutowireCapableBeanFactory.createBean(AbstractAutowireCapableBeanFactory.java:448)  Creating instance of bean 'deptServiceImpl'
2016-12-15 11:04:24 org.springframework.beans.factory.annotation.InjectionMetadata.checkConfigMembers(InjectionMetadata.java:72)  Registered injected element on class [com.hc.service.impl.DeptServiceImpl]: AutowiredFieldElement for private com.hc.dao.DeptDao com.hc.service.impl.DeptServiceImpl.deptDao
2016-12-15 11:04:24 org.springframework.beans.factory.support.AbstractAutowireCapableBeanFactory.doCreateBean(AbstractAutowireCapableBeanFactory.java:537)  Eagerly caching bean 'deptServiceImpl' to allow for resolving potential circular references
2016-12-15 11:04:24 org.springframework.beans.factory.annotation.InjectionMetadata.inject(InjectionMetadata.java:86)  Processing injected element of bean 'deptServiceImpl': AutowiredFieldElement for private com.hc.dao.DeptDao com.hc.service.impl.DeptServiceImpl.deptDao
2016-12-15 11:04:24 org.springframework.beans.factory.support.DefaultSingletonBeanRegistry.getSingleton(DefaultSingletonBeanRegistry.java:221)  Creating shared instance of singleton bean 'deptDao'
2016-12-15 11:04:24 org.springframework.beans.factory.support.AbstractAutowireCapableBeanFactory.createBean(AbstractAutowireCapableBeanFactory.java:448)  Creating instance of bean 'deptDao'
2016-12-15 11:04:24 org.springframework.beans.factory.support.AbstractAutowireCapableBeanFactory.doCreateBean(AbstractAutowireCapableBeanFactory.java:537)  Eagerly caching bean 'deptDao' to allow for resolving potential circular references
2016-12-15 11:04:24 org.springframework.beans.factory.support.DefaultSingletonBeanRegistry.getSingleton(DefaultSingletonBeanRegistry.java:221)  Creating shared instance of singleton bean 'sqlSessionFactory'
2016-12-15 11:04:24 org.springframework.beans.factory.support.AbstractAutowireCapableBeanFactory.createBean(AbstractAutowireCapableBeanFactory.java:448)  Creating instance of bean 'sqlSessionFactory'
2016-12-15 11:04:24 org.springframework.beans.factory.support.AbstractAutowireCapableBeanFactory.doCreateBean(AbstractAutowireCapableBeanFactory.java:537)  Eagerly caching bean 'sqlSessionFactory' to allow for resolving potential circular references
2016-12-15 11:04:24 org.springframework.beans.factory.support.DefaultSingletonBeanRegistry.getSingleton(DefaultSingletonBeanRegistry.java:221)  Creating shared instance of singleton bean 'dataSource123'
2016-12-15 11:04:24 org.springframework.beans.factory.support.AbstractAutowireCapableBeanFactory.createBean(AbstractAutowireCapableBeanFactory.java:448)  Creating instance of bean 'dataSource123'
2016-12-15 11:04:24 org.springframework.beans.factory.support.AbstractAutowireCapableBeanFactory.doCreateBean(AbstractAutowireCapableBeanFactory.java:537)  Eagerly caching bean 'dataSource123' to allow for resolving potential circular references
2016-12-15 11:04:24 org.springframework.beans.factory.support.DefaultSingletonBeanRegistry.getSingleton(DefaultSingletonBeanRegistry.java:221)  Creating shared instance of singleton bean 'org.springframework.transaction.config.internalTransactionAdvisor'
2016-12-15 11:04:24 org.springframework.beans.factory.support.AbstractAutowireCapableBeanFactory.createBean(AbstractAutowireCapableBeanFactory.java:448)  Creating instance of bean 'org.springframework.transaction.config.internalTransactionAdvisor'
2016-12-15 11:04:24 org.springframework.beans.factory.support.AbstractAutowireCapableBeanFactory.doCreateBean(AbstractAutowireCapableBeanFactory.java:537)  Eagerly caching bean 'org.springframework.transaction.config.internalTransactionAdvisor' to allow for resolving potential circular references
2016-12-15 11:04:24 org.springframework.beans.factory.support.DefaultSingletonBeanRegistry.getSingleton(DefaultSingletonBeanRegistry.java:221)  Creating shared instance of singleton bean 'org.springframework.transaction.annotation.AnnotationTransactionAttributeSource#0'
2016-12-15 11:04:24 org.springframework.beans.factory.support.AbstractAutowireCapableBeanFactory.createBean(AbstractAutowireCapableBeanFactory.java:448)  Creating instance of bean 'org.springframework.transaction.annotation.AnnotationTransactionAttributeSource#0'
2016-12-15 11:04:24 org.springframework.beans.factory.support.AbstractAutowireCapableBeanFactory.doCreateBean(AbstractAutowireCapableBeanFactory.java:537)  Eagerly caching bean 'org.springframework.transaction.annotation.AnnotationTransactionAttributeSource#0' to allow for resolving potential circular references
2016-12-15 11:04:24 org.springframework.aop.framework.autoproxy.BeanFactoryAdvisorRetrievalHelper.findAdvisorBeans(BeanFactoryAdvisorRetrievalHelper.java:87)  Skipping currently created advisor 'org.springframework.transaction.config.internalTransactionAdvisor'
2016-12-15 11:04:24 org.springframework.beans.factory.support.AbstractAutowireCapableBeanFactory.createBean(AbstractAutowireCapableBeanFactory.java:484)  Finished creating instance of bean 'org.springframework.transaction.annotation.AnnotationTransactionAttributeSource#0'
2016-12-15 11:04:24 org.springframework.beans.factory.support.AbstractAutowireCapableBeanFactory.createBean(AbstractAutowireCapableBeanFactory.java:484)  Finished creating instance of bean 'org.springframework.transaction.config.internalTransactionAdvisor'
2016-12-15 11:04:24 org.springframework.beans.factory.support.AbstractAutowireCapableBeanFactory.createBean(AbstractAutowireCapableBeanFactory.java:484)  Finished creating instance of bean 'dataSource123'
2016-12-15 11:04:24 org.springframework.beans.factory.support.AbstractAutowireCapableBeanFactory.invokeInitMethods(AbstractAutowireCapableBeanFactory.java:1625)  Invoking afterPropertiesSet() on bean with name 'sqlSessionFactory'
2016-12-15 11:04:24 org.apache.ibatis.logging.commons.JakartaCommonsLoggingImpl.debug(JakartaCommonsLoggingImpl.java:54)  Parsed configuration file: 'class path resource [mybatisMapper.xml]'
2016-12-15 11:04:24 org.apache.ibatis.logging.commons.JakartaCommonsLoggingImpl.debug(JakartaCommonsLoggingImpl.java:54)  Property 'mapperLocations' was not specified or no matching resources found
2016-12-15 11:04:24 org.springframework.beans.factory.support.AbstractBeanFactory.doGetBean(AbstractBeanFactory.java:251)  Returning cached instance of singleton bean 'org.springframework.transaction.config.internalTransactionAdvisor'
2016-12-15 11:04:24 org.springframework.beans.factory.support.AbstractAutowireCapableBeanFactory.createBean(AbstractAutowireCapableBeanFactory.java:484)  Finished creating instance of bean 'sqlSessionFactory'
2016-12-15 11:04:24 org.springframework.beans.factory.support.AbstractBeanFactory.doGetBean(AbstractBeanFactory.java:251)  Returning cached instance of singleton bean 'org.springframework.transaction.config.internalTransactionAdvisor'
2016-12-15 11:04:24 org.springframework.beans.factory.support.AbstractAutowireCapableBeanFactory.invokeInitMethods(AbstractAutowireCapableBeanFactory.java:1625)  Invoking afterPropertiesSet() on bean with name 'deptDao'
2016-12-15 11:04:24 org.springframework.beans.factory.support.AbstractBeanFactory.doGetBean(AbstractBeanFactory.java:251)  Returning cached instance of singleton bean 'org.springframework.transaction.config.internalTransactionAdvisor'
2016-12-15 11:04:24 org.springframework.beans.factory.support.AbstractAutowireCapableBeanFactory.createBean(AbstractAutowireCapableBeanFactory.java:484)  Finished creating instance of bean 'deptDao'
2016-12-15 11:04:24 org.springframework.beans.factory.support.AbstractBeanFactory.doGetBean(AbstractBeanFactory.java:251)  Returning cached instance of singleton bean 'org.springframework.transaction.config.internalTransactionAdvisor'
2016-12-15 11:04:24 org.springframework.beans.factory.annotation.AutowiredAnnotationBeanPostProcessor.registerDependentBeans(AutowiredAnnotationBeanPostProcessor.java:539)  Autowiring by type from bean name 'deptServiceImpl' to bean named 'deptDao'
2016-12-15 11:04:24 org.springframework.beans.factory.support.AbstractBeanFactory.doGetBean(AbstractBeanFactory.java:251)  Returning cached instance of singleton bean 'org.springframework.transaction.config.internalTransactionAdvisor'
2016-12-15 11:04:24 org.springframework.beans.factory.support.AbstractAutowireCapableBeanFactory.createBean(AbstractAutowireCapableBeanFactory.java:484)  Finished creating instance of bean 'deptServiceImpl'
2016-12-15 11:04:24 org.springframework.beans.factory.annotation.AutowiredAnnotationBeanPostProcessor.registerDependentBeans(AutowiredAnnotationBeanPostProcessor.java:539)  Autowiring by type from bean name 'deptController' to bean named 'deptServiceImpl'
2016-12-15 11:04:24 org.springframework.beans.factory.support.AbstractBeanFactory.doGetBean(AbstractBeanFactory.java:251)  Returning cached instance of singleton bean 'org.springframework.transaction.config.internalTransactionAdvisor'
2016-12-15 11:04:24 org.springframework.beans.factory.support.AbstractAutowireCapableBeanFactory.createBean(AbstractAutowireCapableBeanFactory.java:484)  Finished creating instance of bean 'deptController'
2016-12-15 11:04:24 org.springframework.beans.factory.support.AbstractBeanFactory.doGetBean(AbstractBeanFactory.java:251)  Returning cached instance of singleton bean 'deptServiceImpl'
2016-12-15 11:04:24 org.springframework.beans.factory.support.AbstractBeanFactory.doGetBean(AbstractBeanFactory.java:251)  Returning cached instance of singleton bean 'org.springframework.context.annotation.internalConfigurationAnnotationProcessor'
2016-12-15 11:04:24 org.springframework.beans.factory.support.AbstractBeanFactory.doGetBean(AbstractBeanFactory.java:251)  Returning cached instance of singleton bean 'org.springframework.context.annotation.internalAutowiredAnnotationProcessor'
2016-12-15 11:04:24 org.springframework.beans.factory.support.AbstractBeanFactory.doGetBean(AbstractBeanFactory.java:251)  Returning cached instance of singleton bean 'org.springframework.context.annotation.internalRequiredAnnotationProcessor'
2016-12-15 11:04:24 org.springframework.beans.factory.support.AbstractBeanFactory.doGetBean(AbstractBeanFactory.java:251)  Returning cached instance of singleton bean 'org.springframework.context.annotation.internalCommonAnnotationProcessor'
2016-12-15 11:04:24 org.springframework.beans.factory.support.DefaultSingletonBeanRegistry.getSingleton(DefaultSingletonBeanRegistry.java:221)  Creating shared instance of singleton bean 'org.springframework.context.event.internalEventListenerProcessor'
2016-12-15 11:04:24 org.springframework.beans.factory.support.AbstractAutowireCapableBeanFactory.createBean(AbstractAutowireCapableBeanFactory.java:448)  Creating instance of bean 'org.springframework.context.event.internalEventListenerProcessor'
2016-12-15 11:04:24 org.springframework.beans.factory.support.AbstractAutowireCapableBeanFactory.doCreateBean(AbstractAutowireCapableBeanFactory.java:537)  Eagerly caching bean 'org.springframework.context.event.internalEventListenerProcessor' to allow for resolving potential circular references
2016-12-15 11:04:24 org.springframework.beans.factory.support.AbstractBeanFactory.doGetBean(AbstractBeanFactory.java:251)  Returning cached instance of singleton bean 'org.springframework.transaction.config.internalTransactionAdvisor'
2016-12-15 11:04:24 org.springframework.beans.factory.support.AbstractAutowireCapableBeanFactory.createBean(AbstractAutowireCapableBeanFactory.java:484)  Finished creating instance of bean 'org.springframework.context.event.internalEventListenerProcessor'
2016-12-15 11:04:24 org.springframework.beans.factory.support.DefaultSingletonBeanRegistry.getSingleton(DefaultSingletonBeanRegistry.java:221)  Creating shared instance of singleton bean 'org.springframework.context.event.internalEventListenerFactory'
2016-12-15 11:04:24 org.springframework.beans.factory.support.AbstractAutowireCapableBeanFactory.createBean(AbstractAutowireCapableBeanFactory.java:448)  Creating instance of bean 'org.springframework.context.event.internalEventListenerFactory'
2016-12-15 11:04:24 org.springframework.beans.factory.support.AbstractAutowireCapableBeanFactory.doCreateBean(AbstractAutowireCapableBeanFactory.java:537)  Eagerly caching bean 'org.springframework.context.event.internalEventListenerFactory' to allow for resolving potential circular references
2016-12-15 11:04:24 org.springframework.beans.factory.support.AbstractBeanFactory.doGetBean(AbstractBeanFactory.java:251)  Returning cached instance of singleton bean 'org.springframework.transaction.config.internalTransactionAdvisor'
2016-12-15 11:04:24 org.springframework.beans.factory.support.AbstractAutowireCapableBeanFactory.createBean(AbstractAutowireCapableBeanFactory.java:484)  Finished creating instance of bean 'org.springframework.context.event.internalEventListenerFactory'
2016-12-15 11:04:24 org.springframework.beans.factory.support.AbstractBeanFactory.doGetBean(AbstractBeanFactory.java:251)  Returning cached instance of singleton bean 'dataSource123'
2016-12-15 11:04:24 org.springframework.beans.factory.support.AbstractBeanFactory.doGetBean(AbstractBeanFactory.java:251)  Returning cached instance of singleton bean 'sqlSessionFactory'
2016-12-15 11:04:24 org.springframework.beans.factory.support.AbstractBeanFactory.doGetBean(AbstractBeanFactory.java:251)  Returning cached instance of singleton bean 'org.mybatis.spring.mapper.MapperScannerConfigurer#0'
2016-12-15 11:04:24 org.springframework.beans.factory.support.DefaultSingletonBeanRegistry.getSingleton(DefaultSingletonBeanRegistry.java:221)  Creating shared instance of singleton bean 'txManager'
2016-12-15 11:04:24 org.springframework.beans.factory.support.AbstractAutowireCapableBeanFactory.createBean(AbstractAutowireCapableBeanFactory.java:448)  Creating instance of bean 'txManager'
2016-12-15 11:04:24 org.springframework.beans.factory.support.AbstractAutowireCapableBeanFactory.doCreateBean(AbstractAutowireCapableBeanFactory.java:537)  Eagerly caching bean 'txManager' to allow for resolving potential circular references
2016-12-15 11:04:24 org.springframework.beans.factory.support.AbstractBeanFactory.doGetBean(AbstractBeanFactory.java:251)  Returning cached instance of singleton bean 'dataSource123'
2016-12-15 11:04:24 org.springframework.beans.factory.support.AbstractAutowireCapableBeanFactory.invokeInitMethods(AbstractAutowireCapableBeanFactory.java:1625)  Invoking afterPropertiesSet() on bean with name 'txManager'
2016-12-15 11:04:24 org.springframework.beans.factory.support.AbstractBeanFactory.doGetBean(AbstractBeanFactory.java:251)  Returning cached instance of singleton bean 'org.springframework.transaction.config.internalTransactionAdvisor'
2016-12-15 11:04:24 org.springframework.beans.factory.support.AbstractAutowireCapableBeanFactory.createBean(AbstractAutowireCapableBeanFactory.java:484)  Finished creating instance of bean 'txManager'
2016-12-15 11:04:24 org.springframework.beans.factory.support.DefaultSingletonBeanRegistry.getSingleton(DefaultSingletonBeanRegistry.java:221)  Creating shared instance of singleton bean 'org.springframework.transaction.config.internalTransactionalEventListenerFactory'
2016-12-15 11:04:24 org.springframework.beans.factory.support.AbstractAutowireCapableBeanFactory.createBean(AbstractAutowireCapableBeanFactory.java:448)  Creating instance of bean 'org.springframework.transaction.config.internalTransactionalEventListenerFactory'
2016-12-15 11:04:24 org.springframework.beans.factory.support.AbstractAutowireCapableBeanFactory.doCreateBean(AbstractAutowireCapableBeanFactory.java:537)  Eagerly caching bean 'org.springframework.transaction.config.internalTransactionalEventListenerFactory' to allow for resolving potential circular references
2016-12-15 11:04:24 org.springframework.beans.factory.support.AbstractBeanFactory.doGetBean(AbstractBeanFactory.java:251)  Returning cached instance of singleton bean 'org.springframework.transaction.config.internalTransactionAdvisor'
2016-12-15 11:04:24 org.springframework.beans.factory.support.AbstractAutowireCapableBeanFactory.createBean(AbstractAutowireCapableBeanFactory.java:484)  Finished creating instance of bean 'org.springframework.transaction.config.internalTransactionalEventListenerFactory'
2016-12-15 11:04:24 org.springframework.beans.factory.support.AbstractBeanFactory.doGetBean(AbstractBeanFactory.java:251)  Returning cached instance of singleton bean 'org.springframework.aop.config.internalAutoProxyCreator'
2016-12-15 11:04:24 org.springframework.beans.factory.support.AbstractBeanFactory.doGetBean(AbstractBeanFactory.java:251)  Returning cached instance of singleton bean 'org.springframework.transaction.annotation.AnnotationTransactionAttributeSource#0'
2016-12-15 11:04:24 org.springframework.beans.factory.support.DefaultSingletonBeanRegistry.getSingleton(DefaultSingletonBeanRegistry.java:221)  Creating shared instance of singleton bean 'org.springframework.transaction.interceptor.TransactionInterceptor#0'
2016-12-15 11:04:24 org.springframework.beans.factory.support.AbstractAutowireCapableBeanFactory.createBean(AbstractAutowireCapableBeanFactory.java:448)  Creating instance of bean 'org.springframework.transaction.interceptor.TransactionInterceptor#0'
2016-12-15 11:04:24 org.springframework.beans.factory.support.AbstractAutowireCapableBeanFactory.doCreateBean(AbstractAutowireCapableBeanFactory.java:537)  Eagerly caching bean 'org.springframework.transaction.interceptor.TransactionInterceptor#0' to allow for resolving potential circular references
2016-12-15 11:04:24 org.springframework.beans.factory.support.AbstractBeanFactory.doGetBean(AbstractBeanFactory.java:251)  Returning cached instance of singleton bean 'org.springframework.transaction.annotation.AnnotationTransactionAttributeSource#0'
2016-12-15 11:04:24 org.springframework.beans.factory.support.AbstractAutowireCapableBeanFactory.invokeInitMethods(AbstractAutowireCapableBeanFactory.java:1625)  Invoking afterPropertiesSet() on bean with name 'org.springframework.transaction.interceptor.TransactionInterceptor#0'
2016-12-15 11:04:24 org.springframework.beans.factory.support.AbstractAutowireCapableBeanFactory.createBean(AbstractAutowireCapableBeanFactory.java:484)  Finished creating instance of bean 'org.springframework.transaction.interceptor.TransactionInterceptor#0'
2016-12-15 11:04:24 org.springframework.beans.factory.support.AbstractBeanFactory.doGetBean(AbstractBeanFactory.java:251)  Returning cached instance of singleton bean 'org.springframework.transaction.config.internalTransactionAdvisor'
2016-12-15 11:04:24 org.springframework.beans.factory.support.AbstractBeanFactory.doGetBean(AbstractBeanFactory.java:251)  Returning cached instance of singleton bean 'org.springframework.context.annotation.ConfigurationClassPostProcessor.importAwareProcessor'
2016-12-15 11:04:24 org.springframework.beans.factory.support.AbstractBeanFactory.doGetBean(AbstractBeanFactory.java:251)  Returning cached instance of singleton bean 'org.springframework.context.annotation.ConfigurationClassPostProcessor.enhancedConfigurationProcessor'
2016-12-15 11:04:24 org.springframework.beans.factory.support.DefaultSingletonBeanRegistry.getSingleton(DefaultSingletonBeanRegistry.java:221)  Creating shared instance of singleton bean 'dept2Dao'
2016-12-15 11:04:24 org.springframework.beans.factory.support.AbstractAutowireCapableBeanFactory.createBean(AbstractAutowireCapableBeanFactory.java:448)  Creating instance of bean 'dept2Dao'
2016-12-15 11:04:24 org.springframework.beans.factory.support.AbstractAutowireCapableBeanFactory.doCreateBean(AbstractAutowireCapableBeanFactory.java:537)  Eagerly caching bean 'dept2Dao' to allow for resolving potential circular references
2016-12-15 11:04:24 org.springframework.beans.factory.support.AbstractBeanFactory.doGetBean(AbstractBeanFactory.java:251)  Returning cached instance of singleton bean 'sqlSessionFactory'
2016-12-15 11:04:24 org.springframework.beans.factory.support.AbstractAutowireCapableBeanFactory.invokeInitMethods(AbstractAutowireCapableBeanFactory.java:1625)  Invoking afterPropertiesSet() on bean with name 'dept2Dao'
2016-12-15 11:04:24 org.springframework.beans.factory.support.AbstractBeanFactory.doGetBean(AbstractBeanFactory.java:251)  Returning cached instance of singleton bean 'org.springframework.transaction.config.internalTransactionAdvisor'
2016-12-15 11:04:24 org.springframework.beans.factory.support.AbstractAutowireCapableBeanFactory.createBean(AbstractAutowireCapableBeanFactory.java:484)  Finished creating instance of bean 'dept2Dao'
2016-12-15 11:04:24 org.springframework.beans.factory.support.AbstractBeanFactory.doGetBean(AbstractBeanFactory.java:251)  Returning cached instance of singleton bean 'deptDao'
2016-12-15 11:04:24 org.springframework.beans.factory.support.DefaultSingletonBeanRegistry.getSingleton(DefaultSingletonBeanRegistry.java:221)  Creating shared instance of singleton bean 'empDao'
2016-12-15 11:04:24 org.springframework.beans.factory.support.AbstractAutowireCapableBeanFactory.createBean(AbstractAutowireCapableBeanFactory.java:448)  Creating instance of bean 'empDao'
2016-12-15 11:04:24 org.springframework.beans.factory.support.AbstractAutowireCapableBeanFactory.doCreateBean(AbstractAutowireCapableBeanFactory.java:537)  Eagerly caching bean 'empDao' to allow for resolving potential circular references
2016-12-15 11:04:24 org.springframework.beans.factory.support.AbstractBeanFactory.doGetBean(AbstractBeanFactory.java:251)  Returning cached instance of singleton bean 'sqlSessionFactory'
2016-12-15 11:04:24 org.springframework.beans.factory.support.AbstractAutowireCapableBeanFactory.invokeInitMethods(AbstractAutowireCapableBeanFactory.java:1625)  Invoking afterPropertiesSet() on bean with name 'empDao'
2016-12-15 11:04:24 org.springframework.beans.factory.support.AbstractBeanFactory.doGetBean(AbstractBeanFactory.java:251)  Returning cached instance of singleton bean 'org.springframework.transaction.config.internalTransactionAdvisor'
2016-12-15 11:04:24 org.springframework.beans.factory.support.AbstractAutowireCapableBeanFactory.createBean(AbstractAutowireCapableBeanFactory.java:484)  Finished creating instance of bean 'empDao'
2016-12-15 11:04:24 org.springframework.beans.factory.support.AbstractBeanFactory.doGetBean(AbstractBeanFactory.java:251)  Returning cached instance of singleton bean 'org.springframework.context.event.internalEventListenerFactory'
2016-12-15 11:04:24 org.springframework.beans.factory.support.AbstractBeanFactory.doGetBean(AbstractBeanFactory.java:251)  Returning cached instance of singleton bean 'org.springframework.transaction.config.internalTransactionalEventListenerFactory'
2016-12-15 11:04:24 org.springframework.context.support.AbstractApplicationContext.initLifecycleProcessor(AbstractApplicationContext.java:784)  Unable to locate LifecycleProcessor with name 'lifecycleProcessor': using default [org.springframework.context.support.DefaultLifecycleProcessor@2ddc9a9f]
2016-12-15 11:04:24 org.springframework.beans.factory.support.AbstractBeanFactory.doGetBean(AbstractBeanFactory.java:251)  Returning cached instance of singleton bean 'lifecycleProcessor'
2016-12-15 11:04:24 org.springframework.beans.factory.support.AbstractBeanFactory.doGetBean(AbstractBeanFactory.java:251)  Returning cached instance of singleton bean 'sqlSessionFactory'
2016-12-15 11:04:24 org.springframework.core.env.PropertySourcesPropertyResolver.getProperty(PropertySourcesPropertyResolver.java:91)  Could not find key 'spring.liveBeansView.mbeanDomain' in any property source
2016-12-15 11:04:24 org.springframework.beans.factory.support.AbstractBeanFactory.doGetBean(AbstractBeanFactory.java:251)  Returning cached instance of singleton bean 'sqlSessionFactory'
2016-12-15 11:04:24 org.apache.ibatis.logging.commons.JakartaCommonsLoggingImpl.debug(JakartaCommonsLoggingImpl.java:54)  Cache Hit Ratio [com.hc.dao.Dept2Dao]: 0.0
2016-12-15 11:04:24 org.springframework.jdbc.datasource.DataSourceUtils.doGetConnection(DataSourceUtils.java:110)  Fetching JDBC Connection from DataSource
2016-12-15 11:04:24 com.alibaba.druid.pool.DruidDataSource.init(DruidDataSource.java:715)  {dataSource-1} inited
2016-12-15 11:04:25 org.apache.ibatis.logging.commons.JakartaCommonsLoggingImpl.debug(JakartaCommonsLoggingImpl.java:54)  JDBC Connection [com.mysql.jdbc.JDBC4Connection@29f7cefd] will not be managed by Spring
2016-12-15 11:04:25 org.apache.ibatis.logging.commons.JakartaCommonsLoggingImpl.debug(JakartaCommonsLoggingImpl.java:54)  ==>  Preparing: SELECT deptno, dname, loc,kouhao,yusuan from dept WHERE deptno = 10 
2016-12-15 11:04:25 org.apache.ibatis.logging.commons.JakartaCommonsLoggingImpl.debug(JakartaCommonsLoggingImpl.java:54)  ==> Parameters: 
2016-12-15 11:04:25 org.apache.ibatis.logging.commons.JakartaCommonsLoggingImpl.debug(JakartaCommonsLoggingImpl.java:54)  <==      Total: 1
2016-12-15 11:06:43 org.springframework.core.env.MutablePropertySources.addLast(MutablePropertySources.java:109)  Adding [systemProperties] PropertySource with lowest search precedence
2016-12-15 11:06:43 org.springframework.core.env.MutablePropertySources.addLast(MutablePropertySources.java:109)  Adding [systemEnvironment] PropertySource with lowest search precedence
2016-12-15 11:06:43 org.springframework.core.env.AbstractEnvironment.<init>(AbstractEnvironment.java:124)  Initialized StandardEnvironment with PropertySources [systemProperties,systemEnvironment]
2016-12-15 11:06:43 org.springframework.context.support.AbstractApplicationContext.prepareRefresh(AbstractApplicationContext.java:582)  Refreshing org.springframework.context.support.ClassPathXmlApplicationContext@45c8e616: startup date [Thu Dec 15 11:06:43 CST 2016]; root of context hierarchy
2016-12-15 11:06:43 org.springframework.core.env.MutablePropertySources.addLast(MutablePropertySources.java:109)  Adding [systemProperties] PropertySource with lowest search precedence
2016-12-15 11:06:43 org.springframework.core.env.MutablePropertySources.addLast(MutablePropertySources.java:109)  Adding [systemEnvironment] PropertySource with lowest search precedence
2016-12-15 11:06:43 org.springframework.core.env.AbstractEnvironment.<init>(AbstractEnvironment.java:124)  Initialized StandardEnvironment with PropertySources [systemProperties,systemEnvironment]
2016-12-15 11:06:43 org.springframework.beans.factory.xml.XmlBeanDefinitionReader.loadBeanDefinitions(XmlBeanDefinitionReader.java:317)  Loading XML bean definitions from class path resource [applicationContext.xml]
2016-12-15 11:06:43 org.springframework.beans.factory.xml.DefaultDocumentLoader.loadDocument(DefaultDocumentLoader.java:73)  Using JAXP provider [com.sun.org.apache.xerces.internal.jaxp.DocumentBuilderFactoryImpl]
2016-12-15 11:06:43 org.springframework.beans.factory.xml.PluggableSchemaResolver.getSchemaMappings(PluggableSchemaResolver.java:141)  Loading schema mappings from [META-INF/spring.schemas]
2016-12-15 11:06:43 org.springframework.beans.factory.xml.PluggableSchemaResolver.getSchemaMappings(PluggableSchemaResolver.java:147)  Loaded schema mappings: {http://www.springframework.org/schema/tx/spring-tx-4.3.xsd=org/springframework/transaction/config/spring-tx-4.3.xsd, http://www.springframework.org/schema/tx/spring-tx-2.5.xsd=org/springframework/transaction/config/spring-tx-2.5.xsd, http://www.springframework.org/schema/cache/spring-cache-4.2.xsd=org/springframework/cache/config/spring-cache-4.2.xsd, http://www.springframework.org/schema/aop/spring-aop-4.1.xsd=org/springframework/aop/config/spring-aop-4.1.xsd, http://www.springframework.org/schema/context/spring-context-3.1.xsd=org/springframework/context/config/spring-context-3.1.xsd, http://www.springframework.org/schema/jdbc/spring-jdbc-4.1.xsd=org/springframework/jdbc/config/spring-jdbc-4.1.xsd, http://www.springframework.org/schema/mvc/spring-mvc-4.1.xsd=org/springframework/web/servlet/config/spring-mvc-4.1.xsd, http://www.springframework.org/schema/util/spring-util-3.0.xsd=org/springframework/beans/factory/xml/spring-util-3.0.xsd, http://mybatis.org/schema/mybatis-spring-1.2.xsd=org/mybatis/spring/config/mybatis-spring-1.2.xsd, http://www.springframework.org/schema/tool/spring-tool.xsd=org/springframework/beans/factory/xml/spring-tool-4.3.xsd, http://www.springframework.org/schema/aop/spring-aop-3.2.xsd=org/springframework/aop/config/spring-aop-3.2.xsd, http://www.springframework.org/schema/lang/spring-lang-4.1.xsd=org/springframework/scripting/config/spring-lang-4.1.xsd, http://www.springframework.org/schema/context/spring-context-4.0.xsd=org/springframework/context/config/spring-context-4.0.xsd, http://www.springframework.org/schema/mvc/spring-mvc-3.2.xsd=org/springframework/web/servlet/config/spring-mvc-3.2.xsd, http://www.springframework.org/schema/beans/spring-beans-4.2.xsd=org/springframework/beans/factory/xml/spring-beans-4.2.xsd, http://www.springframework.org/schema/tool/spring-tool-4.1.xsd=org/springframework/beans/factory/xml/spring-tool-4.1.xsd, http://www.springframework.org/schema/lang/spring-lang-3.2.xsd=org/springframework/scripting/config/spring-lang-3.2.xsd, http://www.springframework.org/schema/cache/spring-cache-3.2.xsd=org/springframework/cache/config/spring-cache-3.2.xsd, http://www.springframework.org/schema/jee/spring-jee-4.1.xsd=org/springframework/ejb/config/spring-jee-4.1.xsd, http://www.springframework.org/schema/jdbc/spring-jdbc-3.1.xsd=org/springframework/jdbc/config/spring-jdbc-3.1.xsd, http://www.springframework.org/schema/util/spring-util-2.0.xsd=org/springframework/beans/factory/xml/spring-util-2.0.xsd, http://www.springframework.org/schema/task/spring-task-4.2.xsd=org/springframework/scheduling/config/spring-task-4.2.xsd, http://www.springframework.org/schema/tool/spring-tool-3.2.xsd=org/springframework/beans/factory/xml/spring-tool-3.2.xsd, http://www.springframework.org/schema/context/spring-context.xsd=org/springframework/context/config/spring-context-4.3.xsd, http://www.springframework.org/schema/tx/spring-tx-4.2.xsd=org/springframework/transaction/config/spring-tx-4.2.xsd, http://www.springframework.org/schema/cache/spring-cache-4.1.xsd=org/springframework/cache/config/spring-cache-4.1.xsd, http://www.springframework.org/schema/aop/spring-aop-4.0.xsd=org/springframework/aop/config/spring-aop-4.0.xsd, http://www.springframework.org/schema/jee/spring-jee-3.2.xsd=org/springframework/ejb/config/spring-jee-3.2.xsd, http://www.springframework.org/schema/context/spring-context-3.0.xsd=org/springframework/context/config/spring-context-3.0.xsd, http://www.springframework.org/schema/jdbc/spring-jdbc-4.0.xsd=org/springframework/jdbc/config/spring-jdbc-4.0.xsd, http://www.springframework.org/schema/mvc/spring-mvc-4.0.xsd=org/springframework/web/servlet/config/spring-mvc-4.0.xsd, http://www.springframework.org/schema/util/spring-util-4.3.xsd=org/springframework/beans/factory/xml/spring-util-4.3.xsd, http://www.springframework.org/schema/util/spring-util-2.5.xsd=org/springframework/beans/factory/xml/spring-util-2.5.xsd, http://www.springframework.org/schema/beans/spring-beans-3.2.xsd=org/springframework/beans/factory/xml/spring-beans-3.2.xsd, http://www.springframework.org/schema/aop/spring-aop-3.1.xsd=org/springframework/aop/config/spring-aop-3.1.xsd, http://www.springframework.org/schema/lang/spring-lang-4.0.xsd=org/springframework/scripting/config/spring-lang-4.0.xsd, http://www.springframework.org/schema/mvc/spring-mvc.xsd=org/springframework/web/servlet/config/spring-mvc-4.3.xsd, http://www.springframework.org/schema/mvc/spring-mvc-3.1.xsd=org/springframework/web/servlet/config/spring-mvc-3.1.xsd, http://www.springframework.org/schema/beans/spring-beans-4.1.xsd=org/springframework/beans/factory/xml/spring-beans-4.1.xsd, http://www.springframework.org/schema/tool/spring-tool-4.0.xsd=org/springframework/beans/factory/xml/spring-tool-4.0.xsd, http://www.springframework.org/schema/tx/spring-tx-3.2.xsd=org/springframework/transaction/config/spring-tx-3.2.xsd, http://www.springframework.org/schema/lang/spring-lang-3.1.xsd=org/springframework/scripting/config/spring-lang-3.1.xsd, http://www.springframework.org/schema/cache/spring-cache-3.1.xsd=org/springframework/cache/config/spring-cache-3.1.xsd, http://www.springframework.org/schema/jee/spring-jee-4.0.xsd=org/springframework/ejb/config/spring-jee-4.0.xsd, http://www.springframework.org/schema/jdbc/spring-jdbc-3.0.xsd=org/springframework/jdbc/config/spring-jdbc-3.0.xsd, http://www.springframework.org/schema/task/spring-task-4.1.xsd=org/springframework/scheduling/config/spring-task-4.1.xsd, http://www.springframework.org/schema/jdbc/spring-jdbc.xsd=org/springframework/jdbc/config/spring-jdbc-4.3.xsd, http://www.springframework.org/schema/tool/spring-tool-3.1.xsd=org/springframework/beans/factory/xml/spring-tool-3.1.xsd, http://www.springframework.org/schema/tx/spring-tx-4.1.xsd=org/springframework/transaction/config/spring-tx-4.1.xsd, http://www.springframework.org/schema/cache/spring-cache-4.0.xsd=org/springframework/cache/config/spring-cache-4.0.xsd, http://www.springframework.org/schema/jee/spring-jee-3.1.xsd=org/springframework/ejb/config/spring-jee-3.1.xsd, http://www.springframework.org/schema/util/spring-util-4.2.xsd=org/springframework/beans/factory/xml/spring-util-4.2.xsd, http://www.springframework.org/schema/task/spring-task-3.2.xsd=org/springframework/scheduling/config/spring-task-3.2.xsd, http://www.springframework.org/schema/beans/spring-beans-3.1.xsd=org/springframework/beans/factory/xml/spring-beans-3.1.xsd, http://www.springframework.org/schema/util/spring-util.xsd=org/springframework/beans/factory/xml/spring-util-4.3.xsd, http://www.springframework.org/schema/aop/spring-aop-3.0.xsd=org/springframework/aop/config/spring-aop-3.0.xsd, http://www.springframework.org/schema/mvc/spring-mvc-3.0.xsd=org/springframework/web/servlet/config/spring-mvc-3.0.xsd, http://www.springframework.org/schema/beans/spring-beans-4.0.xsd=org/springframework/beans/factory/xml/spring-beans-4.0.xsd, http://www.springframework.org/schema/beans/spring-beans.xsd=org/springframework/beans/factory/xml/spring-beans-4.3.xsd, http://mybatis.org/schema/mybatis-spring.xsd=org/mybatis/spring/config/mybatis-spring-1.2.xsd, http://www.springframework.org/schema/tx/spring-tx-3.1.xsd=org/springframework/transaction/config/spring-tx-3.1.xsd, http://www.springframework.org/schema/lang/spring-lang-3.0.xsd=org/springframework/scripting/config/spring-lang-3.0.xsd, http://www.springframework.org/schema/context/spring-context-2.5.xsd=org/springframework/context/config/spring-context-2.5.xsd, http://www.springframework.org/schema/context/spring-context-4.3.xsd=org/springframework/context/config/spring-context-4.3.xsd, http://www.springframework.org/schema/task/spring-task-4.0.xsd=org/springframework/scheduling/config/spring-task-4.0.xsd, http://www.springframework.org/schema/tool/spring-tool-3.0.xsd=org/springframework/beans/factory/xml/spring-tool-3.0.xsd, http://www.springframework.org/schema/tx/spring-tx-4.0.xsd=org/springframework/transaction/config/spring-tx-4.0.xsd, http://www.springframework.org/schema/aop/spring-aop-2.0.xsd=org/springframework/aop/config/spring-aop-2.0.xsd, http://www.springframework.org/schema/jee/spring-jee-3.0.xsd=org/springframework/ejb/config/spring-jee-3.0.xsd, http://www.springframework.org/schema/util/spring-util-4.1.xsd=org/springframework/beans/factory/xml/spring-util-4.1.xsd, http://www.springframework.org/schema/task/spring-task-3.1.xsd=org/springframework/scheduling/config/spring-task-3.1.xsd, http://www.springframework.org/schema/beans/spring-beans-3.0.xsd=org/springframework/beans/factory/xml/spring-beans-3.0.xsd, http://www.springframework.org/schema/jee/spring-jee.xsd=org/springframework/ejb/config/spring-jee-4.3.xsd, http://www.springframework.org/schema/aop/spring-aop-2.5.xsd=org/springframework/aop/config/spring-aop-2.5.xsd, http://www.springframework.org/schema/aop/spring-aop-4.3.xsd=org/springframework/aop/config/spring-aop-4.3.xsd, http://www.springframework.org/schema/lang/spring-lang-2.0.xsd=org/springframework/scripting/config/spring-lang-2.0.xsd, http://www.springframework.org/schema/jdbc/spring-jdbc-4.3.xsd=org/springframework/jdbc/config/spring-jdbc-4.3.xsd, http://www.springframework.org/schema/mvc/spring-mvc-4.3.xsd=org/springframework/web/servlet/config/spring-mvc-4.3.xsd, http://www.springframework.org/schema/util/spring-util-3.2.xsd=org/springframework/beans/factory/xml/spring-util-3.2.xsd, http://www.springframework.org/schema/task/spring-task.xsd=org/springframework/scheduling/config/spring-task-4.3.xsd, http://www.springframework.org/schema/tool/spring-tool-2.0.xsd=org/springframework/beans/factory/xml/spring-tool-2.0.xsd, http://www.springframework.org/schema/tx/spring-tx-3.0.xsd=org/springframework/transaction/config/spring-tx-3.0.xsd, http://www.springframework.org/schema/lang/spring-lang-2.5.xsd=org/springframework/scripting/config/spring-lang-2.5.xsd, http://www.springframework.org/schema/lang/spring-lang-4.3.xsd=org/springframework/scripting/config/spring-lang-4.3.xsd, http://www.springframework.org/schema/context/spring-context-4.2.xsd=org/springframework/context/config/spring-context-4.2.xsd, http://www.springframework.org/schema/jee/spring-jee-2.0.xsd=org/springframework/ejb/config/spring-jee-2.0.xsd, http://www.springframework.org/schema/tool/spring-tool-4.3.xsd=org/springframework/beans/factory/xml/spring-tool-4.3.xsd, http://www.springframework.org/schema/tool/spring-tool-2.5.xsd=org/springframework/beans/factory/xml/spring-tool-2.5.xsd, http://www.springframework.org/schema/jee/spring-jee-4.3.xsd=org/springframework/ejb/config/spring-jee-4.3.xsd, http://www.springframework.org/schema/jee/spring-jee-2.5.xsd=org/springframework/ejb/config/spring-jee-2.5.xsd, http://www.springframework.org/schema/util/spring-util-4.0.xsd=org/springframework/beans/factory/xml/spring-util-4.0.xsd, http://www.springframework.org/schema/task/spring-task-3.0.xsd=org/springframework/scheduling/config/spring-task-3.0.xsd, http://www.springframework.org/schema/cache/spring-cache-4.3.xsd=org/springframework/cache/config/spring-cache-4.3.xsd, http://www.springframework.org/schema/aop/spring-aop-4.2.xsd=org/springframework/aop/config/spring-aop-4.2.xsd, http://www.springframework.org/schema/lang/spring-lang.xsd=org/springframework/scripting/config/spring-lang-4.3.xsd, http://www.springframework.org/schema/context/spring-context-3.2.xsd=org/springframework/context/config/spring-context-3.2.xsd, http://www.springframework.org/schema/jdbc/spring-jdbc-4.2.xsd=org/springframework/jdbc/config/spring-jdbc-4.2.xsd, http://www.springframework.org/schema/mvc/spring-mvc-4.2.xsd=org/springframework/web/servlet/config/spring-mvc-4.2.xsd, http://www.springframework.org/schema/util/spring-util-3.1.xsd=org/springframework/beans/factory/xml/spring-util-3.1.xsd, http://www.springframework.org/schema/beans/spring-beans-2.0.xsd=org/springframework/beans/factory/xml/spring-beans-2.0.xsd, http://www.springframework.org/schema/cache/spring-cache.xsd=org/springframework/cache/config/spring-cache-4.3.xsd, http://www.springframework.org/schema/tx/spring-tx.xsd=org/springframework/transaction/config/spring-tx-4.3.xsd, http://www.springframework.org/schema/lang/spring-lang-4.2.xsd=org/springframework/scripting/config/spring-lang-4.2.xsd, http://www.springframework.org/schema/context/spring-context-4.1.xsd=org/springframework/context/config/spring-context-4.1.xsd, http://www.springframework.org/schema/beans/spring-beans-2.5.xsd=org/springframework/beans/factory/xml/spring-beans-2.5.xsd, http://www.springframework.org/schema/beans/spring-beans-4.3.xsd=org/springframework/beans/factory/xml/spring-beans-4.3.xsd, http://www.springframework.org/schema/tool/spring-tool-4.2.xsd=org/springframework/beans/factory/xml/spring-tool-4.2.xsd, http://www.springframework.org/schema/tx/spring-tx-2.0.xsd=org/springframework/transaction/config/spring-tx-2.0.xsd, http://www.alibaba.com/schema/stat.xsd=META-INF/stat.xsd, http://www.springframework.org/schema/jee/spring-jee-4.2.xsd=org/springframework/ejb/config/spring-jee-4.2.xsd, http://www.springframework.org/schema/jdbc/spring-jdbc-3.2.xsd=org/springframework/jdbc/config/spring-jdbc-3.2.xsd, http://www.springframework.org/schema/task/spring-task-4.3.xsd=org/springframework/scheduling/config/spring-task-4.3.xsd, http://www.springframework.org/schema/aop/spring-aop.xsd=org/springframework/aop/config/spring-aop-4.3.xsd}
2016-12-15 11:06:43 org.springframework.beans.factory.xml.PluggableSchemaResolver.resolveEntity(PluggableSchemaResolver.java:119)  Found XML schema [http://www.springframework.org/schema/beans/spring-beans.xsd] in classpath: org/springframework/beans/factory/xml/spring-beans-4.3.xsd
2016-12-15 11:06:43 org.springframework.beans.factory.xml.PluggableSchemaResolver.resolveEntity(PluggableSchemaResolver.java:119)  Found XML schema [http://www.springframework.org/schema/context/spring-context.xsd] in classpath: org/springframework/context/config/spring-context-4.3.xsd
2016-12-15 11:06:43 org.springframework.beans.factory.xml.PluggableSchemaResolver.resolveEntity(PluggableSchemaResolver.java:119)  Found XML schema [http://www.springframework.org/schema/tool/spring-tool-4.3.xsd] in classpath: org/springframework/beans/factory/xml/spring-tool-4.3.xsd
2016-12-15 11:06:43 org.springframework.beans.factory.xml.PluggableSchemaResolver.resolveEntity(PluggableSchemaResolver.java:119)  Found XML schema [http://www.springframework.org/schema/tx/spring-tx.xsd] in classpath: org/springframework/transaction/config/spring-tx-4.3.xsd
2016-12-15 11:06:43 org.springframework.beans.factory.xml.DefaultBeanDefinitionDocumentReader.registerBeanDefinitions(DefaultBeanDefinitionDocumentReader.java:92)  Loading bean definitions
2016-12-15 11:06:43 org.springframework.beans.factory.xml.DefaultNamespaceHandlerResolver.getHandlerMappings(DefaultNamespaceHandlerResolver.java:157)  Loaded NamespaceHandler mappings: {http://www.springframework.org/schema/p=org.springframework.beans.factory.xml.SimplePropertyNamespaceHandler, http://www.springframework.org/schema/mvc=org.springframework.web.servlet.config.MvcNamespaceHandler, http://www.springframework.org/schema/util=org.springframework.beans.factory.xml.UtilNamespaceHandler, http://www.alibaba.com/schema/stat=com.alibaba.druid.support.spring.stat.config.DruidStatNamespaceHandler, http://www.springframework.org/schema/jee=org.springframework.ejb.config.JeeNamespaceHandler, http://www.springframework.org/schema/aop=org.springframework.aop.config.AopNamespaceHandler, http://www.springframework.org/schema/jdbc=org.springframework.jdbc.config.JdbcNamespaceHandler, http://www.springframework.org/schema/cache=org.springframework.cache.config.CacheNamespaceHandler, http://mybatis.org/schema/mybatis-spring=org.mybatis.spring.config.NamespaceHandler, http://www.springframework.org/schema/c=org.springframework.beans.factory.xml.SimpleConstructorNamespaceHandler, http://www.springframework.org/schema/tx=org.springframework.transaction.config.TxNamespaceHandler, http://www.springframework.org/schema/task=org.springframework.scheduling.config.TaskNamespaceHandler, http://www.springframework.org/schema/lang=org.springframework.scripting.config.LangNamespaceHandler, http://www.springframework.org/schema/context=org.springframework.context.config.ContextNamespaceHandler}
2016-12-15 11:06:43 org.springframework.core.env.MutablePropertySources.addLast(MutablePropertySources.java:109)  Adding [systemProperties] PropertySource with lowest search precedence
2016-12-15 11:06:43 org.springframework.core.env.MutablePropertySources.addLast(MutablePropertySources.java:109)  Adding [systemEnvironment] PropertySource with lowest search precedence
2016-12-15 11:06:43 org.springframework.core.env.AbstractEnvironment.<init>(AbstractEnvironment.java:124)  Initialized StandardEnvironment with PropertySources [systemProperties,systemEnvironment]
2016-12-15 11:06:43 org.springframework.core.io.support.PathMatchingResourcePatternResolver.findAllClassPathResources(PathMatchingResourcePatternResolver.java:317)  Resolved classpath location [com/hc/] to resources [URL [file:/D:/SpringMybatisWebDemo/target/classes/com/hc/]]
2016-12-15 11:06:43 org.springframework.core.io.support.PathMatchingResourcePatternResolver.doFindMatchingFileSystemResources(PathMatchingResourcePatternResolver.java:711)  Looking for matching resources in directory tree [D:\SpringMybatisWebDemo\target\classes\com\hc]
2016-12-15 11:06:43 org.springframework.core.io.support.PathMatchingResourcePatternResolver.doRetrieveMatchingFiles(PathMatchingResourcePatternResolver.java:773)  Searching directory [D:\SpringMybatisWebDemo\target\classes\com\hc] for files matching pattern [D:/SpringMybatisWebDemo/target/classes/com/hc/**/*.class]
2016-12-15 11:06:43 org.springframework.core.io.support.PathMatchingResourcePatternResolver.doRetrieveMatchingFiles(PathMatchingResourcePatternResolver.java:773)  Searching directory [D:\SpringMybatisWebDemo\target\classes\com\hc\action] for files matching pattern [D:/SpringMybatisWebDemo/target/classes/com/hc/**/*.class]
2016-12-15 11:06:43 org.springframework.core.io.support.PathMatchingResourcePatternResolver.doRetrieveMatchingFiles(PathMatchingResourcePatternResolver.java:773)  Searching directory [D:\SpringMybatisWebDemo\target\classes\com\hc\dao] for files matching pattern [D:/SpringMybatisWebDemo/target/classes/com/hc/**/*.class]
2016-12-15 11:06:43 org.springframework.core.io.support.PathMatchingResourcePatternResolver.doRetrieveMatchingFiles(PathMatchingResourcePatternResolver.java:773)  Searching directory [D:\SpringMybatisWebDemo\target\classes\com\hc\domain] for files matching pattern [D:/SpringMybatisWebDemo/target/classes/com/hc/**/*.class]
2016-12-15 11:06:43 org.springframework.core.io.support.PathMatchingResourcePatternResolver.doRetrieveMatchingFiles(PathMatchingResourcePatternResolver.java:773)  Searching directory [D:\SpringMybatisWebDemo\target\classes\com\hc\mapping] for files matching pattern [D:/SpringMybatisWebDemo/target/classes/com/hc/**/*.class]
2016-12-15 11:06:43 org.springframework.core.io.support.PathMatchingResourcePatternResolver.doRetrieveMatchingFiles(PathMatchingResourcePatternResolver.java:773)  Searching directory [D:\SpringMybatisWebDemo\target\classes\com\hc\service] for files matching pattern [D:/SpringMybatisWebDemo/target/classes/com/hc/**/*.class]
2016-12-15 11:06:43 org.springframework.core.io.support.PathMatchingResourcePatternResolver.doRetrieveMatchingFiles(PathMatchingResourcePatternResolver.java:773)  Searching directory [D:\SpringMybatisWebDemo\target\classes\com\hc\service\impl] for files matching pattern [D:/SpringMybatisWebDemo/target/classes/com/hc/**/*.class]
2016-12-15 11:06:43 org.springframework.core.io.support.PathMatchingResourcePatternResolver.findPathMatchingResources(PathMatchingResourcePatternResolver.java:483)  Resolved location pattern [classpath*:com/hc/**/*.class] to resources [file [D:\SpringMybatisWebDemo\target\classes\com\hc\action\DeptController.class], file [D:\SpringMybatisWebDemo\target\classes\com\hc\action\DeptServlet.class], file [D:\SpringMybatisWebDemo\target\classes\com\hc\dao\Dept2Dao.class], file [D:\SpringMybatisWebDemo\target\classes\com\hc\dao\DeptDao.class], file [D:\SpringMybatisWebDemo\target\classes\com\hc\dao\EmpDao.class], file [D:\SpringMybatisWebDemo\target\classes\com\hc\DemoTest.class], file [D:\SpringMybatisWebDemo\target\classes\com\hc\domain\Dept.class], file [D:\SpringMybatisWebDemo\target\classes\com\hc\domain\Dept2.class], file [D:\SpringMybatisWebDemo\target\classes\com\hc\domain\DeptQuery.class], file [D:\SpringMybatisWebDemo\target\classes\com\hc\domain\Emp.class], file [D:\SpringMybatisWebDemo\target\classes\com\hc\service\DeptService.class], file [D:\SpringMybatisWebDemo\target\classes\com\hc\service\impl\DeptServiceImpl.class]]
2016-12-15 11:06:43 org.springframework.context.annotation.ClassPathScanningCandidateComponentProvider.findCandidateComponents(ClassPathScanningCandidateComponentProvider.java:286)  Identified candidate component class: file [D:\SpringMybatisWebDemo\target\classes\com\hc\action\DeptController.class]
2016-12-15 11:06:43 org.springframework.context.annotation.ClassPathScanningCandidateComponentProvider.findCandidateComponents(ClassPathScanningCandidateComponentProvider.java:286)  Identified candidate component class: file [D:\SpringMybatisWebDemo\target\classes\com\hc\service\impl\DeptServiceImpl.class]
2016-12-15 11:06:43 org.springframework.beans.factory.xml.BeanDefinitionParserDelegate.parseBeanDefinitionElement(BeanDefinitionParserDelegate.java:481)  Neither XML 'id' nor 'name' specified - using generated bean name [org.mybatis.spring.mapper.MapperScannerConfigurer#0]
2016-12-15 11:06:43 org.springframework.beans.factory.support.AbstractBeanDefinitionReader.loadBeanDefinitions(AbstractBeanDefinitionReader.java:224)  Loaded 17 bean definitions from location pattern [applicationContext.xml]
2016-12-15 11:06:43 org.springframework.context.support.AbstractApplicationContext.obtainFreshBeanFactory(AbstractApplicationContext.java:616)  Bean factory for org.springframework.context.support.ClassPathXmlApplicationContext@45c8e616: org.springframework.beans.factory.support.DefaultListableBeanFactory@25359ed8: defining beans [deptController,deptServiceImpl,org.springframework.context.annotation.internalConfigurationAnnotationProcessor,org.springframework.context.annotation.internalAutowiredAnnotationProcessor,org.springframework.context.annotation.internalRequiredAnnotationProcessor,org.springframework.context.annotation.internalCommonAnnotationProcessor,org.springframework.context.event.internalEventListenerProcessor,org.springframework.context.event.internalEventListenerFactory,dataSource123,sqlSessionFactory,org.mybatis.spring.mapper.MapperScannerConfigurer#0,txManager,org.springframework.transaction.config.internalTransactionalEventListenerFactory,org.springframework.aop.config.internalAutoProxyCreator,org.springframework.transaction.annotation.AnnotationTransactionAttributeSource#0,org.springframework.transaction.interceptor.TransactionInterceptor#0,org.springframework.transaction.config.internalTransactionAdvisor]; root of factory hierarchy
2016-12-15 11:06:44 org.springframework.beans.factory.support.DefaultSingletonBeanRegistry.getSingleton(DefaultSingletonBeanRegistry.java:221)  Creating shared instance of singleton bean 'org.springframework.context.annotation.internalConfigurationAnnotationProcessor'
2016-12-15 11:06:44 org.springframework.beans.factory.support.AbstractAutowireCapableBeanFactory.createBean(AbstractAutowireCapableBeanFactory.java:448)  Creating instance of bean 'org.springframework.context.annotation.internalConfigurationAnnotationProcessor'
2016-12-15 11:06:44 org.springframework.beans.factory.support.AbstractAutowireCapableBeanFactory.doCreateBean(AbstractAutowireCapableBeanFactory.java:537)  Eagerly caching bean 'org.springframework.context.annotation.internalConfigurationAnnotationProcessor' to allow for resolving potential circular references
2016-12-15 11:06:44 org.springframework.beans.factory.support.AbstractAutowireCapableBeanFactory.createBean(AbstractAutowireCapableBeanFactory.java:484)  Finished creating instance of bean 'org.springframework.context.annotation.internalConfigurationAnnotationProcessor'
2016-12-15 11:06:44 org.springframework.beans.factory.support.DefaultSingletonBeanRegistry.getSingleton(DefaultSingletonBeanRegistry.java:221)  Creating shared instance of singleton bean 'org.mybatis.spring.mapper.MapperScannerConfigurer#0'
2016-12-15 11:06:44 org.springframework.beans.factory.support.AbstractAutowireCapableBeanFactory.createBean(AbstractAutowireCapableBeanFactory.java:448)  Creating instance of bean 'org.mybatis.spring.mapper.MapperScannerConfigurer#0'
2016-12-15 11:06:44 org.springframework.beans.factory.support.AbstractAutowireCapableBeanFactory.doCreateBean(AbstractAutowireCapableBeanFactory.java:537)  Eagerly caching bean 'org.mybatis.spring.mapper.MapperScannerConfigurer#0' to allow for resolving potential circular references
2016-12-15 11:06:44 org.springframework.beans.factory.support.AbstractAutowireCapableBeanFactory.invokeInitMethods(AbstractAutowireCapableBeanFactory.java:1625)  Invoking afterPropertiesSet() on bean with name 'org.mybatis.spring.mapper.MapperScannerConfigurer#0'
2016-12-15 11:06:44 org.springframework.beans.factory.support.AbstractAutowireCapableBeanFactory.createBean(AbstractAutowireCapableBeanFactory.java:484)  Finished creating instance of bean 'org.mybatis.spring.mapper.MapperScannerConfigurer#0'
2016-12-15 11:06:44 org.springframework.core.env.MutablePropertySources.addLast(MutablePropertySources.java:109)  Adding [systemProperties] PropertySource with lowest search precedence
2016-12-15 11:06:44 org.springframework.core.env.MutablePropertySources.addLast(MutablePropertySources.java:109)  Adding [systemEnvironment] PropertySource with lowest search precedence
2016-12-15 11:06:44 org.springframework.core.env.AbstractEnvironment.<init>(AbstractEnvironment.java:124)  Initialized StandardEnvironment with PropertySources [systemProperties,systemEnvironment]
2016-12-15 11:06:44 org.springframework.core.io.support.PathMatchingResourcePatternResolver.findAllClassPathResources(PathMatchingResourcePatternResolver.java:317)  Resolved classpath location [com/hc/dao/] to resources [URL [file:/D:/SpringMybatisWebDemo/target/classes/com/hc/dao/]]
2016-12-15 11:06:44 org.springframework.core.io.support.PathMatchingResourcePatternResolver.doFindMatchingFileSystemResources(PathMatchingResourcePatternResolver.java:711)  Looking for matching resources in directory tree [D:\SpringMybatisWebDemo\target\classes\com\hc\dao]
2016-12-15 11:06:44 org.springframework.core.io.support.PathMatchingResourcePatternResolver.doRetrieveMatchingFiles(PathMatchingResourcePatternResolver.java:773)  Searching directory [D:\SpringMybatisWebDemo\target\classes\com\hc\dao] for files matching pattern [D:/SpringMybatisWebDemo/target/classes/com/hc/dao/**/*.class]
2016-12-15 11:06:44 org.springframework.core.io.support.PathMatchingResourcePatternResolver.findPathMatchingResources(PathMatchingResourcePatternResolver.java:483)  Resolved location pattern [classpath*:com/hc/dao/**/*.class] to resources [file [D:\SpringMybatisWebDemo\target\classes\com\hc\dao\Dept2Dao.class], file [D:\SpringMybatisWebDemo\target\classes\com\hc\dao\DeptDao.class], file [D:\SpringMybatisWebDemo\target\classes\com\hc\dao\EmpDao.class]]
2016-12-15 11:06:44 org.springframework.context.annotation.ClassPathScanningCandidateComponentProvider.findCandidateComponents(ClassPathScanningCandidateComponentProvider.java:286)  Identified candidate component class: file [D:\SpringMybatisWebDemo\target\classes\com\hc\dao\Dept2Dao.class]
2016-12-15 11:06:44 org.springframework.context.annotation.ClassPathScanningCandidateComponentProvider.findCandidateComponents(ClassPathScanningCandidateComponentProvider.java:286)  Identified candidate component class: file [D:\SpringMybatisWebDemo\target\classes\com\hc\dao\DeptDao.class]
2016-12-15 11:06:44 org.springframework.context.annotation.ClassPathScanningCandidateComponentProvider.findCandidateComponents(ClassPathScanningCandidateComponentProvider.java:286)  Identified candidate component class: file [D:\SpringMybatisWebDemo\target\classes\com\hc\dao\EmpDao.class]
2016-12-15 11:06:44 org.mybatis.spring.mapper.ClassPathMapperScanner.processBeanDefinitions(ClassPathMapperScanner.java:181)  Creating MapperFactoryBean with name 'dept2Dao' and 'com.hc.dao.Dept2Dao' mapperInterface
2016-12-15 11:06:44 org.mybatis.spring.mapper.ClassPathMapperScanner.processBeanDefinitions(ClassPathMapperScanner.java:181)  Creating MapperFactoryBean with name 'deptDao' and 'com.hc.dao.DeptDao' mapperInterface
2016-12-15 11:06:44 org.mybatis.spring.mapper.ClassPathMapperScanner.processBeanDefinitions(ClassPathMapperScanner.java:181)  Creating MapperFactoryBean with name 'empDao' and 'com.hc.dao.EmpDao' mapperInterface
2016-12-15 11:06:44 org.springframework.beans.factory.support.DefaultSingletonBeanRegistry.getSingleton(DefaultSingletonBeanRegistry.java:221)  Creating shared instance of singleton bean 'org.springframework.context.annotation.internalAutowiredAnnotationProcessor'
2016-12-15 11:06:44 org.springframework.beans.factory.support.AbstractAutowireCapableBeanFactory.createBean(AbstractAutowireCapableBeanFactory.java:448)  Creating instance of bean 'org.springframework.context.annotation.internalAutowiredAnnotationProcessor'
2016-12-15 11:06:44 org.springframework.beans.factory.support.AbstractAutowireCapableBeanFactory.doCreateBean(AbstractAutowireCapableBeanFactory.java:537)  Eagerly caching bean 'org.springframework.context.annotation.internalAutowiredAnnotationProcessor' to allow for resolving potential circular references
2016-12-15 11:06:44 org.springframework.beans.factory.support.AbstractAutowireCapableBeanFactory.createBean(AbstractAutowireCapableBeanFactory.java:484)  Finished creating instance of bean 'org.springframework.context.annotation.internalAutowiredAnnotationProcessor'
2016-12-15 11:06:44 org.springframework.beans.factory.support.DefaultSingletonBeanRegistry.getSingleton(DefaultSingletonBeanRegistry.java:221)  Creating shared instance of singleton bean 'org.springframework.context.annotation.internalRequiredAnnotationProcessor'
2016-12-15 11:06:44 org.springframework.beans.factory.support.AbstractAutowireCapableBeanFactory.createBean(AbstractAutowireCapableBeanFactory.java:448)  Creating instance of bean 'org.springframework.context.annotation.internalRequiredAnnotationProcessor'
2016-12-15 11:06:44 org.springframework.beans.factory.support.AbstractAutowireCapableBeanFactory.doCreateBean(AbstractAutowireCapableBeanFactory.java:537)  Eagerly caching bean 'org.springframework.context.annotation.internalRequiredAnnotationProcessor' to allow for resolving potential circular references
2016-12-15 11:06:44 org.springframework.beans.factory.support.AbstractAutowireCapableBeanFactory.createBean(AbstractAutowireCapableBeanFactory.java:484)  Finished creating instance of bean 'org.springframework.context.annotation.internalRequiredAnnotationProcessor'
2016-12-15 11:06:44 org.springframework.beans.factory.support.DefaultSingletonBeanRegistry.getSingleton(DefaultSingletonBeanRegistry.java:221)  Creating shared instance of singleton bean 'org.springframework.context.annotation.internalCommonAnnotationProcessor'
2016-12-15 11:06:44 org.springframework.beans.factory.support.AbstractAutowireCapableBeanFactory.createBean(AbstractAutowireCapableBeanFactory.java:448)  Creating instance of bean 'org.springframework.context.annotation.internalCommonAnnotationProcessor'
2016-12-15 11:06:44 org.springframework.beans.factory.support.AbstractAutowireCapableBeanFactory.doCreateBean(AbstractAutowireCapableBeanFactory.java:537)  Eagerly caching bean 'org.springframework.context.annotation.internalCommonAnnotationProcessor' to allow for resolving potential circular references
2016-12-15 11:06:44 org.springframework.beans.factory.support.AbstractAutowireCapableBeanFactory.createBean(AbstractAutowireCapableBeanFactory.java:484)  Finished creating instance of bean 'org.springframework.context.annotation.internalCommonAnnotationProcessor'
2016-12-15 11:06:44 org.springframework.beans.factory.support.DefaultSingletonBeanRegistry.getSingleton(DefaultSingletonBeanRegistry.java:221)  Creating shared instance of singleton bean 'org.springframework.context.annotation.ConfigurationClassPostProcessor.importAwareProcessor'
2016-12-15 11:06:44 org.springframework.beans.factory.support.AbstractAutowireCapableBeanFactory.createBean(AbstractAutowireCapableBeanFactory.java:448)  Creating instance of bean 'org.springframework.context.annotation.ConfigurationClassPostProcessor.importAwareProcessor'
2016-12-15 11:06:44 org.springframework.beans.factory.support.AbstractAutowireCapableBeanFactory.doCreateBean(AbstractAutowireCapableBeanFactory.java:537)  Eagerly caching bean 'org.springframework.context.annotation.ConfigurationClassPostProcessor.importAwareProcessor' to allow for resolving potential circular references
2016-12-15 11:06:44 org.springframework.beans.factory.support.AbstractAutowireCapableBeanFactory.createBean(AbstractAutowireCapableBeanFactory.java:484)  Finished creating instance of bean 'org.springframework.context.annotation.ConfigurationClassPostProcessor.importAwareProcessor'
2016-12-15 11:06:44 org.springframework.beans.factory.support.DefaultSingletonBeanRegistry.getSingleton(DefaultSingletonBeanRegistry.java:221)  Creating shared instance of singleton bean 'org.springframework.context.annotation.ConfigurationClassPostProcessor.enhancedConfigurationProcessor'
2016-12-15 11:06:44 org.springframework.beans.factory.support.AbstractAutowireCapableBeanFactory.createBean(AbstractAutowireCapableBeanFactory.java:448)  Creating instance of bean 'org.springframework.context.annotation.ConfigurationClassPostProcessor.enhancedConfigurationProcessor'
2016-12-15 11:06:44 org.springframework.beans.factory.support.AbstractAutowireCapableBeanFactory.doCreateBean(AbstractAutowireCapableBeanFactory.java:537)  Eagerly caching bean 'org.springframework.context.annotation.ConfigurationClassPostProcessor.enhancedConfigurationProcessor' to allow for resolving potential circular references
2016-12-15 11:06:44 org.springframework.beans.factory.support.AbstractAutowireCapableBeanFactory.createBean(AbstractAutowireCapableBeanFactory.java:484)  Finished creating instance of bean 'org.springframework.context.annotation.ConfigurationClassPostProcessor.enhancedConfigurationProcessor'
2016-12-15 11:06:44 org.springframework.beans.factory.support.DefaultSingletonBeanRegistry.getSingleton(DefaultSingletonBeanRegistry.java:221)  Creating shared instance of singleton bean 'org.springframework.aop.config.internalAutoProxyCreator'
2016-12-15 11:06:44 org.springframework.beans.factory.support.AbstractAutowireCapableBeanFactory.createBean(AbstractAutowireCapableBeanFactory.java:448)  Creating instance of bean 'org.springframework.aop.config.internalAutoProxyCreator'
2016-12-15 11:06:44 org.springframework.beans.factory.support.AbstractAutowireCapableBeanFactory.doCreateBean(AbstractAutowireCapableBeanFactory.java:537)  Eagerly caching bean 'org.springframework.aop.config.internalAutoProxyCreator' to allow for resolving potential circular references
2016-12-15 11:06:44 org.springframework.beans.factory.support.AbstractAutowireCapableBeanFactory.createBean(AbstractAutowireCapableBeanFactory.java:484)  Finished creating instance of bean 'org.springframework.aop.config.internalAutoProxyCreator'
2016-12-15 11:06:44 org.springframework.context.support.AbstractApplicationContext.initMessageSource(AbstractApplicationContext.java:733)  Unable to locate MessageSource with name 'messageSource': using default [org.springframework.context.support.DelegatingMessageSource@7193666c]
2016-12-15 11:06:44 org.springframework.context.support.AbstractApplicationContext.initApplicationEventMulticaster(AbstractApplicationContext.java:757)  Unable to locate ApplicationEventMulticaster with name 'applicationEventMulticaster': using default [org.springframework.context.event.SimpleApplicationEventMulticaster@55b7a4e0]
2016-12-15 11:06:44 org.springframework.beans.factory.support.DefaultListableBeanFactory.preInstantiateSingletons(DefaultListableBeanFactory.java:723)  Pre-instantiating singletons in org.springframework.beans.factory.support.DefaultListableBeanFactory@25359ed8: defining beans [deptController,deptServiceImpl,org.springframework.context.annotation.internalConfigurationAnnotationProcessor,org.springframework.context.annotation.internalAutowiredAnnotationProcessor,org.springframework.context.annotation.internalRequiredAnnotationProcessor,org.springframework.context.annotation.internalCommonAnnotationProcessor,org.springframework.context.event.internalEventListenerProcessor,org.springframework.context.event.internalEventListenerFactory,dataSource123,sqlSessionFactory,org.mybatis.spring.mapper.MapperScannerConfigurer#0,txManager,org.springframework.transaction.config.internalTransactionalEventListenerFactory,org.springframework.aop.config.internalAutoProxyCreator,org.springframework.transaction.annotation.AnnotationTransactionAttributeSource#0,org.springframework.transaction.interceptor.TransactionInterceptor#0,org.springframework.transaction.config.internalTransactionAdvisor,org.springframework.context.annotation.ConfigurationClassPostProcessor.importAwareProcessor,org.springframework.context.annotation.ConfigurationClassPostProcessor.enhancedConfigurationProcessor,dept2Dao,deptDao,empDao]; root of factory hierarchy
2016-12-15 11:06:44 org.springframework.beans.factory.support.DefaultSingletonBeanRegistry.getSingleton(DefaultSingletonBeanRegistry.java:221)  Creating shared instance of singleton bean 'deptController'
2016-12-15 11:06:44 org.springframework.beans.factory.support.AbstractAutowireCapableBeanFactory.createBean(AbstractAutowireCapableBeanFactory.java:448)  Creating instance of bean 'deptController'
2016-12-15 11:06:44 org.springframework.beans.factory.annotation.InjectionMetadata.checkConfigMembers(InjectionMetadata.java:72)  Registered injected element on class [com.hc.action.DeptController]: AutowiredFieldElement for private com.hc.service.DeptService com.hc.action.DeptController.deptService
2016-12-15 11:06:44 org.springframework.beans.factory.support.AbstractAutowireCapableBeanFactory.doCreateBean(AbstractAutowireCapableBeanFactory.java:537)  Eagerly caching bean 'deptController' to allow for resolving potential circular references
2016-12-15 11:06:44 org.springframework.beans.factory.annotation.InjectionMetadata.inject(InjectionMetadata.java:86)  Processing injected element of bean 'deptController': AutowiredFieldElement for private com.hc.service.DeptService com.hc.action.DeptController.deptService
2016-12-15 11:06:44 org.springframework.beans.factory.support.DefaultSingletonBeanRegistry.getSingleton(DefaultSingletonBeanRegistry.java:221)  Creating shared instance of singleton bean 'deptServiceImpl'
2016-12-15 11:06:44 org.springframework.beans.factory.support.AbstractAutowireCapableBeanFactory.createBean(AbstractAutowireCapableBeanFactory.java:448)  Creating instance of bean 'deptServiceImpl'
2016-12-15 11:06:44 org.springframework.beans.factory.annotation.InjectionMetadata.checkConfigMembers(InjectionMetadata.java:72)  Registered injected element on class [com.hc.service.impl.DeptServiceImpl]: AutowiredFieldElement for private com.hc.dao.DeptDao com.hc.service.impl.DeptServiceImpl.deptDao
2016-12-15 11:06:44 org.springframework.beans.factory.support.AbstractAutowireCapableBeanFactory.doCreateBean(AbstractAutowireCapableBeanFactory.java:537)  Eagerly caching bean 'deptServiceImpl' to allow for resolving potential circular references
2016-12-15 11:06:44 org.springframework.beans.factory.annotation.InjectionMetadata.inject(InjectionMetadata.java:86)  Processing injected element of bean 'deptServiceImpl': AutowiredFieldElement for private com.hc.dao.DeptDao com.hc.service.impl.DeptServiceImpl.deptDao
2016-12-15 11:06:44 org.springframework.beans.factory.support.DefaultSingletonBeanRegistry.getSingleton(DefaultSingletonBeanRegistry.java:221)  Creating shared instance of singleton bean 'deptDao'
2016-12-15 11:06:44 org.springframework.beans.factory.support.AbstractAutowireCapableBeanFactory.createBean(AbstractAutowireCapableBeanFactory.java:448)  Creating instance of bean 'deptDao'
2016-12-15 11:06:44 org.springframework.beans.factory.support.AbstractAutowireCapableBeanFactory.doCreateBean(AbstractAutowireCapableBeanFactory.java:537)  Eagerly caching bean 'deptDao' to allow for resolving potential circular references
2016-12-15 11:06:44 org.springframework.beans.factory.support.DefaultSingletonBeanRegistry.getSingleton(DefaultSingletonBeanRegistry.java:221)  Creating shared instance of singleton bean 'sqlSessionFactory'
2016-12-15 11:06:44 org.springframework.beans.factory.support.AbstractAutowireCapableBeanFactory.createBean(AbstractAutowireCapableBeanFactory.java:448)  Creating instance of bean 'sqlSessionFactory'
2016-12-15 11:06:44 org.springframework.beans.factory.support.AbstractAutowireCapableBeanFactory.doCreateBean(AbstractAutowireCapableBeanFactory.java:537)  Eagerly caching bean 'sqlSessionFactory' to allow for resolving potential circular references
2016-12-15 11:06:44 org.springframework.beans.factory.support.DefaultSingletonBeanRegistry.getSingleton(DefaultSingletonBeanRegistry.java:221)  Creating shared instance of singleton bean 'dataSource123'
2016-12-15 11:06:44 org.springframework.beans.factory.support.AbstractAutowireCapableBeanFactory.createBean(AbstractAutowireCapableBeanFactory.java:448)  Creating instance of bean 'dataSource123'
2016-12-15 11:06:44 org.springframework.beans.factory.support.AbstractAutowireCapableBeanFactory.doCreateBean(AbstractAutowireCapableBeanFactory.java:537)  Eagerly caching bean 'dataSource123' to allow for resolving potential circular references
2016-12-15 11:06:44 org.springframework.beans.factory.support.DefaultSingletonBeanRegistry.getSingleton(DefaultSingletonBeanRegistry.java:221)  Creating shared instance of singleton bean 'org.springframework.transaction.config.internalTransactionAdvisor'
2016-12-15 11:06:44 org.springframework.beans.factory.support.AbstractAutowireCapableBeanFactory.createBean(AbstractAutowireCapableBeanFactory.java:448)  Creating instance of bean 'org.springframework.transaction.config.internalTransactionAdvisor'
2016-12-15 11:06:44 org.springframework.beans.factory.support.AbstractAutowireCapableBeanFactory.doCreateBean(AbstractAutowireCapableBeanFactory.java:537)  Eagerly caching bean 'org.springframework.transaction.config.internalTransactionAdvisor' to allow for resolving potential circular references
2016-12-15 11:06:44 org.springframework.beans.factory.support.DefaultSingletonBeanRegistry.getSingleton(DefaultSingletonBeanRegistry.java:221)  Creating shared instance of singleton bean 'org.springframework.transaction.annotation.AnnotationTransactionAttributeSource#0'
2016-12-15 11:06:44 org.springframework.beans.factory.support.AbstractAutowireCapableBeanFactory.createBean(AbstractAutowireCapableBeanFactory.java:448)  Creating instance of bean 'org.springframework.transaction.annotation.AnnotationTransactionAttributeSource#0'
2016-12-15 11:06:44 org.springframework.beans.factory.support.AbstractAutowireCapableBeanFactory.doCreateBean(AbstractAutowireCapableBeanFactory.java:537)  Eagerly caching bean 'org.springframework.transaction.annotation.AnnotationTransactionAttributeSource#0' to allow for resolving potential circular references
2016-12-15 11:06:44 org.springframework.aop.framework.autoproxy.BeanFactoryAdvisorRetrievalHelper.findAdvisorBeans(BeanFactoryAdvisorRetrievalHelper.java:87)  Skipping currently created advisor 'org.springframework.transaction.config.internalTransactionAdvisor'
2016-12-15 11:06:44 org.springframework.beans.factory.support.AbstractAutowireCapableBeanFactory.createBean(AbstractAutowireCapableBeanFactory.java:484)  Finished creating instance of bean 'org.springframework.transaction.annotation.AnnotationTransactionAttributeSource#0'
2016-12-15 11:06:44 org.springframework.beans.factory.support.AbstractAutowireCapableBeanFactory.createBean(AbstractAutowireCapableBeanFactory.java:484)  Finished creating instance of bean 'org.springframework.transaction.config.internalTransactionAdvisor'
2016-12-15 11:06:44 org.springframework.beans.factory.support.AbstractAutowireCapableBeanFactory.createBean(AbstractAutowireCapableBeanFactory.java:484)  Finished creating instance of bean 'dataSource123'
2016-12-15 11:06:44 org.springframework.beans.factory.support.AbstractAutowireCapableBeanFactory.invokeInitMethods(AbstractAutowireCapableBeanFactory.java:1625)  Invoking afterPropertiesSet() on bean with name 'sqlSessionFactory'
2016-12-15 11:06:44 org.apache.ibatis.logging.commons.JakartaCommonsLoggingImpl.debug(JakartaCommonsLoggingImpl.java:54)  Parsed configuration file: 'class path resource [mybatisMapper.xml]'
2016-12-15 11:06:44 org.apache.ibatis.logging.commons.JakartaCommonsLoggingImpl.debug(JakartaCommonsLoggingImpl.java:54)  Property 'mapperLocations' was not specified or no matching resources found
2016-12-15 11:06:44 org.springframework.beans.factory.support.AbstractBeanFactory.doGetBean(AbstractBeanFactory.java:251)  Returning cached instance of singleton bean 'org.springframework.transaction.config.internalTransactionAdvisor'
2016-12-15 11:06:44 org.springframework.beans.factory.support.AbstractAutowireCapableBeanFactory.createBean(AbstractAutowireCapableBeanFactory.java:484)  Finished creating instance of bean 'sqlSessionFactory'
2016-12-15 11:06:44 org.springframework.beans.factory.support.AbstractBeanFactory.doGetBean(AbstractBeanFactory.java:251)  Returning cached instance of singleton bean 'org.springframework.transaction.config.internalTransactionAdvisor'
2016-12-15 11:06:44 org.springframework.beans.factory.support.AbstractAutowireCapableBeanFactory.invokeInitMethods(AbstractAutowireCapableBeanFactory.java:1625)  Invoking afterPropertiesSet() on bean with name 'deptDao'
2016-12-15 11:06:44 org.springframework.beans.factory.support.AbstractBeanFactory.doGetBean(AbstractBeanFactory.java:251)  Returning cached instance of singleton bean 'org.springframework.transaction.config.internalTransactionAdvisor'
2016-12-15 11:06:44 org.springframework.beans.factory.support.AbstractAutowireCapableBeanFactory.createBean(AbstractAutowireCapableBeanFactory.java:484)  Finished creating instance of bean 'deptDao'
2016-12-15 11:06:44 org.springframework.beans.factory.support.AbstractBeanFactory.doGetBean(AbstractBeanFactory.java:251)  Returning cached instance of singleton bean 'org.springframework.transaction.config.internalTransactionAdvisor'
2016-12-15 11:06:44 org.springframework.beans.factory.annotation.AutowiredAnnotationBeanPostProcessor.registerDependentBeans(AutowiredAnnotationBeanPostProcessor.java:539)  Autowiring by type from bean name 'deptServiceImpl' to bean named 'deptDao'
2016-12-15 11:06:44 org.springframework.beans.factory.support.AbstractBeanFactory.doGetBean(AbstractBeanFactory.java:251)  Returning cached instance of singleton bean 'org.springframework.transaction.config.internalTransactionAdvisor'
2016-12-15 11:06:44 org.springframework.beans.factory.support.AbstractAutowireCapableBeanFactory.createBean(AbstractAutowireCapableBeanFactory.java:484)  Finished creating instance of bean 'deptServiceImpl'
2016-12-15 11:06:44 org.springframework.beans.factory.annotation.AutowiredAnnotationBeanPostProcessor.registerDependentBeans(AutowiredAnnotationBeanPostProcessor.java:539)  Autowiring by type from bean name 'deptController' to bean named 'deptServiceImpl'
2016-12-15 11:06:44 org.springframework.beans.factory.support.AbstractBeanFactory.doGetBean(AbstractBeanFactory.java:251)  Returning cached instance of singleton bean 'org.springframework.transaction.config.internalTransactionAdvisor'
2016-12-15 11:06:44 org.springframework.beans.factory.support.AbstractAutowireCapableBeanFactory.createBean(AbstractAutowireCapableBeanFactory.java:484)  Finished creating instance of bean 'deptController'
2016-12-15 11:06:44 org.springframework.beans.factory.support.AbstractBeanFactory.doGetBean(AbstractBeanFactory.java:251)  Returning cached instance of singleton bean 'deptServiceImpl'
2016-12-15 11:06:44 org.springframework.beans.factory.support.AbstractBeanFactory.doGetBean(AbstractBeanFactory.java:251)  Returning cached instance of singleton bean 'org.springframework.context.annotation.internalConfigurationAnnotationProcessor'
2016-12-15 11:06:44 org.springframework.beans.factory.support.AbstractBeanFactory.doGetBean(AbstractBeanFactory.java:251)  Returning cached instance of singleton bean 'org.springframework.context.annotation.internalAutowiredAnnotationProcessor'
2016-12-15 11:06:44 org.springframework.beans.factory.support.AbstractBeanFactory.doGetBean(AbstractBeanFactory.java:251)  Returning cached instance of singleton bean 'org.springframework.context.annotation.internalRequiredAnnotationProcessor'
2016-12-15 11:06:44 org.springframework.beans.factory.support.AbstractBeanFactory.doGetBean(AbstractBeanFactory.java:251)  Returning cached instance of singleton bean 'org.springframework.context.annotation.internalCommonAnnotationProcessor'
2016-12-15 11:06:44 org.springframework.beans.factory.support.DefaultSingletonBeanRegistry.getSingleton(DefaultSingletonBeanRegistry.java:221)  Creating shared instance of singleton bean 'org.springframework.context.event.internalEventListenerProcessor'
2016-12-15 11:06:44 org.springframework.beans.factory.support.AbstractAutowireCapableBeanFactory.createBean(AbstractAutowireCapableBeanFactory.java:448)  Creating instance of bean 'org.springframework.context.event.internalEventListenerProcessor'
2016-12-15 11:06:44 org.springframework.beans.factory.support.AbstractAutowireCapableBeanFactory.doCreateBean(AbstractAutowireCapableBeanFactory.java:537)  Eagerly caching bean 'org.springframework.context.event.internalEventListenerProcessor' to allow for resolving potential circular references
2016-12-15 11:06:44 org.springframework.beans.factory.support.AbstractBeanFactory.doGetBean(AbstractBeanFactory.java:251)  Returning cached instance of singleton bean 'org.springframework.transaction.config.internalTransactionAdvisor'
2016-12-15 11:06:44 org.springframework.beans.factory.support.AbstractAutowireCapableBeanFactory.createBean(AbstractAutowireCapableBeanFactory.java:484)  Finished creating instance of bean 'org.springframework.context.event.internalEventListenerProcessor'
2016-12-15 11:06:44 org.springframework.beans.factory.support.DefaultSingletonBeanRegistry.getSingleton(DefaultSingletonBeanRegistry.java:221)  Creating shared instance of singleton bean 'org.springframework.context.event.internalEventListenerFactory'
2016-12-15 11:06:44 org.springframework.beans.factory.support.AbstractAutowireCapableBeanFactory.createBean(AbstractAutowireCapableBeanFactory.java:448)  Creating instance of bean 'org.springframework.context.event.internalEventListenerFactory'
2016-12-15 11:06:44 org.springframework.beans.factory.support.AbstractAutowireCapableBeanFactory.doCreateBean(AbstractAutowireCapableBeanFactory.java:537)  Eagerly caching bean 'org.springframework.context.event.internalEventListenerFactory' to allow for resolving potential circular references
2016-12-15 11:06:44 org.springframework.beans.factory.support.AbstractBeanFactory.doGetBean(AbstractBeanFactory.java:251)  Returning cached instance of singleton bean 'org.springframework.transaction.config.internalTransactionAdvisor'
2016-12-15 11:06:44 org.springframework.beans.factory.support.AbstractAutowireCapableBeanFactory.createBean(AbstractAutowireCapableBeanFactory.java:484)  Finished creating instance of bean 'org.springframework.context.event.internalEventListenerFactory'
2016-12-15 11:06:44 org.springframework.beans.factory.support.AbstractBeanFactory.doGetBean(AbstractBeanFactory.java:251)  Returning cached instance of singleton bean 'dataSource123'
2016-12-15 11:06:44 org.springframework.beans.factory.support.AbstractBeanFactory.doGetBean(AbstractBeanFactory.java:251)  Returning cached instance of singleton bean 'sqlSessionFactory'
2016-12-15 11:06:44 org.springframework.beans.factory.support.AbstractBeanFactory.doGetBean(AbstractBeanFactory.java:251)  Returning cached instance of singleton bean 'org.mybatis.spring.mapper.MapperScannerConfigurer#0'
2016-12-15 11:06:44 org.springframework.beans.factory.support.DefaultSingletonBeanRegistry.getSingleton(DefaultSingletonBeanRegistry.java:221)  Creating shared instance of singleton bean 'txManager'
2016-12-15 11:06:44 org.springframework.beans.factory.support.AbstractAutowireCapableBeanFactory.createBean(AbstractAutowireCapableBeanFactory.java:448)  Creating instance of bean 'txManager'
2016-12-15 11:06:44 org.springframework.beans.factory.support.AbstractAutowireCapableBeanFactory.doCreateBean(AbstractAutowireCapableBeanFactory.java:537)  Eagerly caching bean 'txManager' to allow for resolving potential circular references
2016-12-15 11:06:44 org.springframework.beans.factory.support.AbstractBeanFactory.doGetBean(AbstractBeanFactory.java:251)  Returning cached instance of singleton bean 'dataSource123'
2016-12-15 11:06:44 org.springframework.beans.factory.support.AbstractAutowireCapableBeanFactory.invokeInitMethods(AbstractAutowireCapableBeanFactory.java:1625)  Invoking afterPropertiesSet() on bean with name 'txManager'
2016-12-15 11:06:44 org.springframework.beans.factory.support.AbstractBeanFactory.doGetBean(AbstractBeanFactory.java:251)  Returning cached instance of singleton bean 'org.springframework.transaction.config.internalTransactionAdvisor'
2016-12-15 11:06:44 org.springframework.beans.factory.support.AbstractAutowireCapableBeanFactory.createBean(AbstractAutowireCapableBeanFactory.java:484)  Finished creating instance of bean 'txManager'
2016-12-15 11:06:44 org.springframework.beans.factory.support.DefaultSingletonBeanRegistry.getSingleton(DefaultSingletonBeanRegistry.java:221)  Creating shared instance of singleton bean 'org.springframework.transaction.config.internalTransactionalEventListenerFactory'
2016-12-15 11:06:44 org.springframework.beans.factory.support.AbstractAutowireCapableBeanFactory.createBean(AbstractAutowireCapableBeanFactory.java:448)  Creating instance of bean 'org.springframework.transaction.config.internalTransactionalEventListenerFactory'
2016-12-15 11:06:44 org.springframework.beans.factory.support.AbstractAutowireCapableBeanFactory.doCreateBean(AbstractAutowireCapableBeanFactory.java:537)  Eagerly caching bean 'org.springframework.transaction.config.internalTransactionalEventListenerFactory' to allow for resolving potential circular references
2016-12-15 11:06:44 org.springframework.beans.factory.support.AbstractBeanFactory.doGetBean(AbstractBeanFactory.java:251)  Returning cached instance of singleton bean 'org.springframework.transaction.config.internalTransactionAdvisor'
2016-12-15 11:06:44 org.springframework.beans.factory.support.AbstractAutowireCapableBeanFactory.createBean(AbstractAutowireCapableBeanFactory.java:484)  Finished creating instance of bean 'org.springframework.transaction.config.internalTransactionalEventListenerFactory'
2016-12-15 11:06:44 org.springframework.beans.factory.support.AbstractBeanFactory.doGetBean(AbstractBeanFactory.java:251)  Returning cached instance of singleton bean 'org.springframework.aop.config.internalAutoProxyCreator'
2016-12-15 11:06:44 org.springframework.beans.factory.support.AbstractBeanFactory.doGetBean(AbstractBeanFactory.java:251)  Returning cached instance of singleton bean 'org.springframework.transaction.annotation.AnnotationTransactionAttributeSource#0'
2016-12-15 11:06:44 org.springframework.beans.factory.support.DefaultSingletonBeanRegistry.getSingleton(DefaultSingletonBeanRegistry.java:221)  Creating shared instance of singleton bean 'org.springframework.transaction.interceptor.TransactionInterceptor#0'
2016-12-15 11:06:44 org.springframework.beans.factory.support.AbstractAutowireCapableBeanFactory.createBean(AbstractAutowireCapableBeanFactory.java:448)  Creating instance of bean 'org.springframework.transaction.interceptor.TransactionInterceptor#0'
2016-12-15 11:06:44 org.springframework.beans.factory.support.AbstractAutowireCapableBeanFactory.doCreateBean(AbstractAutowireCapableBeanFactory.java:537)  Eagerly caching bean 'org.springframework.transaction.interceptor.TransactionInterceptor#0' to allow for resolving potential circular references
2016-12-15 11:06:44 org.springframework.beans.factory.support.AbstractBeanFactory.doGetBean(AbstractBeanFactory.java:251)  Returning cached instance of singleton bean 'org.springframework.transaction.annotation.AnnotationTransactionAttributeSource#0'
2016-12-15 11:06:44 org.springframework.beans.factory.support.AbstractAutowireCapableBeanFactory.invokeInitMethods(AbstractAutowireCapableBeanFactory.java:1625)  Invoking afterPropertiesSet() on bean with name 'org.springframework.transaction.interceptor.TransactionInterceptor#0'
2016-12-15 11:06:44 org.springframework.beans.factory.support.AbstractAutowireCapableBeanFactory.createBean(AbstractAutowireCapableBeanFactory.java:484)  Finished creating instance of bean 'org.springframework.transaction.interceptor.TransactionInterceptor#0'
2016-12-15 11:06:44 org.springframework.beans.factory.support.AbstractBeanFactory.doGetBean(AbstractBeanFactory.java:251)  Returning cached instance of singleton bean 'org.springframework.transaction.config.internalTransactionAdvisor'
2016-12-15 11:06:44 org.springframework.beans.factory.support.AbstractBeanFactory.doGetBean(AbstractBeanFactory.java:251)  Returning cached instance of singleton bean 'org.springframework.context.annotation.ConfigurationClassPostProcessor.importAwareProcessor'
2016-12-15 11:06:44 org.springframework.beans.factory.support.AbstractBeanFactory.doGetBean(AbstractBeanFactory.java:251)  Returning cached instance of singleton bean 'org.springframework.context.annotation.ConfigurationClassPostProcessor.enhancedConfigurationProcessor'
2016-12-15 11:06:44 org.springframework.beans.factory.support.DefaultSingletonBeanRegistry.getSingleton(DefaultSingletonBeanRegistry.java:221)  Creating shared instance of singleton bean 'dept2Dao'
2016-12-15 11:06:44 org.springframework.beans.factory.support.AbstractAutowireCapableBeanFactory.createBean(AbstractAutowireCapableBeanFactory.java:448)  Creating instance of bean 'dept2Dao'
2016-12-15 11:06:44 org.springframework.beans.factory.support.AbstractAutowireCapableBeanFactory.doCreateBean(AbstractAutowireCapableBeanFactory.java:537)  Eagerly caching bean 'dept2Dao' to allow for resolving potential circular references
2016-12-15 11:06:44 org.springframework.beans.factory.support.AbstractBeanFactory.doGetBean(AbstractBeanFactory.java:251)  Returning cached instance of singleton bean 'sqlSessionFactory'
2016-12-15 11:06:44 org.springframework.beans.factory.support.AbstractAutowireCapableBeanFactory.invokeInitMethods(AbstractAutowireCapableBeanFactory.java:1625)  Invoking afterPropertiesSet() on bean with name 'dept2Dao'
2016-12-15 11:06:44 org.springframework.beans.factory.support.AbstractBeanFactory.doGetBean(AbstractBeanFactory.java:251)  Returning cached instance of singleton bean 'org.springframework.transaction.config.internalTransactionAdvisor'
2016-12-15 11:06:44 org.springframework.beans.factory.support.AbstractAutowireCapableBeanFactory.createBean(AbstractAutowireCapableBeanFactory.java:484)  Finished creating instance of bean 'dept2Dao'
2016-12-15 11:06:44 org.springframework.beans.factory.support.AbstractBeanFactory.doGetBean(AbstractBeanFactory.java:251)  Returning cached instance of singleton bean 'deptDao'
2016-12-15 11:06:44 org.springframework.beans.factory.support.DefaultSingletonBeanRegistry.getSingleton(DefaultSingletonBeanRegistry.java:221)  Creating shared instance of singleton bean 'empDao'
2016-12-15 11:06:44 org.springframework.beans.factory.support.AbstractAutowireCapableBeanFactory.createBean(AbstractAutowireCapableBeanFactory.java:448)  Creating instance of bean 'empDao'
2016-12-15 11:06:44 org.springframework.beans.factory.support.AbstractAutowireCapableBeanFactory.doCreateBean(AbstractAutowireCapableBeanFactory.java:537)  Eagerly caching bean 'empDao' to allow for resolving potential circular references
2016-12-15 11:06:44 org.springframework.beans.factory.support.AbstractBeanFactory.doGetBean(AbstractBeanFactory.java:251)  Returning cached instance of singleton bean 'sqlSessionFactory'
2016-12-15 11:06:44 org.springframework.beans.factory.support.AbstractAutowireCapableBeanFactory.invokeInitMethods(AbstractAutowireCapableBeanFactory.java:1625)  Invoking afterPropertiesSet() on bean with name 'empDao'
2016-12-15 11:06:44 org.springframework.beans.factory.support.AbstractBeanFactory.doGetBean(AbstractBeanFactory.java:251)  Returning cached instance of singleton bean 'org.springframework.transaction.config.internalTransactionAdvisor'
2016-12-15 11:06:44 org.springframework.beans.factory.support.AbstractAutowireCapableBeanFactory.createBean(AbstractAutowireCapableBeanFactory.java:484)  Finished creating instance of bean 'empDao'
2016-12-15 11:06:44 org.springframework.beans.factory.support.AbstractBeanFactory.doGetBean(AbstractBeanFactory.java:251)  Returning cached instance of singleton bean 'org.springframework.context.event.internalEventListenerFactory'
2016-12-15 11:06:44 org.springframework.beans.factory.support.AbstractBeanFactory.doGetBean(AbstractBeanFactory.java:251)  Returning cached instance of singleton bean 'org.springframework.transaction.config.internalTransactionalEventListenerFactory'
2016-12-15 11:06:44 org.springframework.context.support.AbstractApplicationContext.initLifecycleProcessor(AbstractApplicationContext.java:784)  Unable to locate LifecycleProcessor with name 'lifecycleProcessor': using default [org.springframework.context.support.DefaultLifecycleProcessor@2ddc9a9f]
2016-12-15 11:06:44 org.springframework.beans.factory.support.AbstractBeanFactory.doGetBean(AbstractBeanFactory.java:251)  Returning cached instance of singleton bean 'lifecycleProcessor'
2016-12-15 11:06:44 org.springframework.beans.factory.support.AbstractBeanFactory.doGetBean(AbstractBeanFactory.java:251)  Returning cached instance of singleton bean 'sqlSessionFactory'
2016-12-15 11:06:44 org.springframework.core.env.PropertySourcesPropertyResolver.getProperty(PropertySourcesPropertyResolver.java:91)  Could not find key 'spring.liveBeansView.mbeanDomain' in any property source
2016-12-15 11:06:44 org.springframework.beans.factory.support.AbstractBeanFactory.doGetBean(AbstractBeanFactory.java:251)  Returning cached instance of singleton bean 'sqlSessionFactory'
2016-12-15 11:06:44 org.apache.ibatis.logging.commons.JakartaCommonsLoggingImpl.debug(JakartaCommonsLoggingImpl.java:54)  Cache Hit Ratio [com.hc.dao.Dept2Dao]: 0.0
2016-12-15 11:06:44 org.springframework.jdbc.datasource.DataSourceUtils.doGetConnection(DataSourceUtils.java:110)  Fetching JDBC Connection from DataSource
2016-12-15 11:06:44 com.alibaba.druid.pool.DruidDataSource.init(DruidDataSource.java:715)  {dataSource-1} inited
2016-12-15 11:06:45 org.apache.ibatis.logging.commons.JakartaCommonsLoggingImpl.debug(JakartaCommonsLoggingImpl.java:54)  JDBC Connection [com.mysql.jdbc.JDBC4Connection@29f7cefd] will not be managed by Spring
2016-12-15 11:06:45 org.apache.ibatis.logging.commons.JakartaCommonsLoggingImpl.debug(JakartaCommonsLoggingImpl.java:54)  ==>  Preparing: SELECT deptno, dname, loc,kouhao,yusuan from dept WHERE deptno = 10 dname like '%ACCOUNTING%' 
2016-12-15 11:06:45 org.apache.ibatis.logging.commons.JakartaCommonsLoggingImpl.debug(JakartaCommonsLoggingImpl.java:54)  ==> Parameters: 
2016-12-15 11:08:03 org.springframework.core.env.MutablePropertySources.addLast(MutablePropertySources.java:109)  Adding [systemProperties] PropertySource with lowest search precedence
2016-12-15 11:08:03 org.springframework.core.env.MutablePropertySources.addLast(MutablePropertySources.java:109)  Adding [systemEnvironment] PropertySource with lowest search precedence
2016-12-15 11:08:03 org.springframework.core.env.AbstractEnvironment.<init>(AbstractEnvironment.java:124)  Initialized StandardEnvironment with PropertySources [systemProperties,systemEnvironment]
2016-12-15 11:08:03 org.springframework.context.support.AbstractApplicationContext.prepareRefresh(AbstractApplicationContext.java:582)  Refreshing org.springframework.context.support.ClassPathXmlApplicationContext@45c8e616: startup date [Thu Dec 15 11:08:03 CST 2016]; root of context hierarchy
2016-12-15 11:08:03 org.springframework.core.env.MutablePropertySources.addLast(MutablePropertySources.java:109)  Adding [systemProperties] PropertySource with lowest search precedence
2016-12-15 11:08:03 org.springframework.core.env.MutablePropertySources.addLast(MutablePropertySources.java:109)  Adding [systemEnvironment] PropertySource with lowest search precedence
2016-12-15 11:08:03 org.springframework.core.env.AbstractEnvironment.<init>(AbstractEnvironment.java:124)  Initialized StandardEnvironment with PropertySources [systemProperties,systemEnvironment]
2016-12-15 11:08:03 org.springframework.beans.factory.xml.XmlBeanDefinitionReader.loadBeanDefinitions(XmlBeanDefinitionReader.java:317)  Loading XML bean definitions from class path resource [applicationContext.xml]
2016-12-15 11:08:03 org.springframework.beans.factory.xml.DefaultDocumentLoader.loadDocument(DefaultDocumentLoader.java:73)  Using JAXP provider [com.sun.org.apache.xerces.internal.jaxp.DocumentBuilderFactoryImpl]
2016-12-15 11:08:03 org.springframework.beans.factory.xml.PluggableSchemaResolver.getSchemaMappings(PluggableSchemaResolver.java:141)  Loading schema mappings from [META-INF/spring.schemas]
2016-12-15 11:08:03 org.springframework.beans.factory.xml.PluggableSchemaResolver.getSchemaMappings(PluggableSchemaResolver.java:147)  Loaded schema mappings: {http://www.springframework.org/schema/tx/spring-tx-4.3.xsd=org/springframework/transaction/config/spring-tx-4.3.xsd, http://www.springframework.org/schema/tx/spring-tx-2.5.xsd=org/springframework/transaction/config/spring-tx-2.5.xsd, http://www.springframework.org/schema/cache/spring-cache-4.2.xsd=org/springframework/cache/config/spring-cache-4.2.xsd, http://www.springframework.org/schema/aop/spring-aop-4.1.xsd=org/springframework/aop/config/spring-aop-4.1.xsd, http://www.springframework.org/schema/context/spring-context-3.1.xsd=org/springframework/context/config/spring-context-3.1.xsd, http://www.springframework.org/schema/jdbc/spring-jdbc-4.1.xsd=org/springframework/jdbc/config/spring-jdbc-4.1.xsd, http://www.springframework.org/schema/mvc/spring-mvc-4.1.xsd=org/springframework/web/servlet/config/spring-mvc-4.1.xsd, http://www.springframework.org/schema/util/spring-util-3.0.xsd=org/springframework/beans/factory/xml/spring-util-3.0.xsd, http://mybatis.org/schema/mybatis-spring-1.2.xsd=org/mybatis/spring/config/mybatis-spring-1.2.xsd, http://www.springframework.org/schema/tool/spring-tool.xsd=org/springframework/beans/factory/xml/spring-tool-4.3.xsd, http://www.springframework.org/schema/aop/spring-aop-3.2.xsd=org/springframework/aop/config/spring-aop-3.2.xsd, http://www.springframework.org/schema/lang/spring-lang-4.1.xsd=org/springframework/scripting/config/spring-lang-4.1.xsd, http://www.springframework.org/schema/context/spring-context-4.0.xsd=org/springframework/context/config/spring-context-4.0.xsd, http://www.springframework.org/schema/mvc/spring-mvc-3.2.xsd=org/springframework/web/servlet/config/spring-mvc-3.2.xsd, http://www.springframework.org/schema/beans/spring-beans-4.2.xsd=org/springframework/beans/factory/xml/spring-beans-4.2.xsd, http://www.springframework.org/schema/tool/spring-tool-4.1.xsd=org/springframework/beans/factory/xml/spring-tool-4.1.xsd, http://www.springframework.org/schema/lang/spring-lang-3.2.xsd=org/springframework/scripting/config/spring-lang-3.2.xsd, http://www.springframework.org/schema/cache/spring-cache-3.2.xsd=org/springframework/cache/config/spring-cache-3.2.xsd, http://www.springframework.org/schema/jee/spring-jee-4.1.xsd=org/springframework/ejb/config/spring-jee-4.1.xsd, http://www.springframework.org/schema/jdbc/spring-jdbc-3.1.xsd=org/springframework/jdbc/config/spring-jdbc-3.1.xsd, http://www.springframework.org/schema/util/spring-util-2.0.xsd=org/springframework/beans/factory/xml/spring-util-2.0.xsd, http://www.springframework.org/schema/task/spring-task-4.2.xsd=org/springframework/scheduling/config/spring-task-4.2.xsd, http://www.springframework.org/schema/tool/spring-tool-3.2.xsd=org/springframework/beans/factory/xml/spring-tool-3.2.xsd, http://www.springframework.org/schema/context/spring-context.xsd=org/springframework/context/config/spring-context-4.3.xsd, http://www.springframework.org/schema/tx/spring-tx-4.2.xsd=org/springframework/transaction/config/spring-tx-4.2.xsd, http://www.springframework.org/schema/cache/spring-cache-4.1.xsd=org/springframework/cache/config/spring-cache-4.1.xsd, http://www.springframework.org/schema/aop/spring-aop-4.0.xsd=org/springframework/aop/config/spring-aop-4.0.xsd, http://www.springframework.org/schema/jee/spring-jee-3.2.xsd=org/springframework/ejb/config/spring-jee-3.2.xsd, http://www.springframework.org/schema/context/spring-context-3.0.xsd=org/springframework/context/config/spring-context-3.0.xsd, http://www.springframework.org/schema/jdbc/spring-jdbc-4.0.xsd=org/springframework/jdbc/config/spring-jdbc-4.0.xsd, http://www.springframework.org/schema/mvc/spring-mvc-4.0.xsd=org/springframework/web/servlet/config/spring-mvc-4.0.xsd, http://www.springframework.org/schema/util/spring-util-4.3.xsd=org/springframework/beans/factory/xml/spring-util-4.3.xsd, http://www.springframework.org/schema/util/spring-util-2.5.xsd=org/springframework/beans/factory/xml/spring-util-2.5.xsd, http://www.springframework.org/schema/beans/spring-beans-3.2.xsd=org/springframework/beans/factory/xml/spring-beans-3.2.xsd, http://www.springframework.org/schema/aop/spring-aop-3.1.xsd=org/springframework/aop/config/spring-aop-3.1.xsd, http://www.springframework.org/schema/lang/spring-lang-4.0.xsd=org/springframework/scripting/config/spring-lang-4.0.xsd, http://www.springframework.org/schema/mvc/spring-mvc.xsd=org/springframework/web/servlet/config/spring-mvc-4.3.xsd, http://www.springframework.org/schema/mvc/spring-mvc-3.1.xsd=org/springframework/web/servlet/config/spring-mvc-3.1.xsd, http://www.springframework.org/schema/beans/spring-beans-4.1.xsd=org/springframework/beans/factory/xml/spring-beans-4.1.xsd, http://www.springframework.org/schema/tool/spring-tool-4.0.xsd=org/springframework/beans/factory/xml/spring-tool-4.0.xsd, http://www.springframework.org/schema/tx/spring-tx-3.2.xsd=org/springframework/transaction/config/spring-tx-3.2.xsd, http://www.springframework.org/schema/lang/spring-lang-3.1.xsd=org/springframework/scripting/config/spring-lang-3.1.xsd, http://www.springframework.org/schema/cache/spring-cache-3.1.xsd=org/springframework/cache/config/spring-cache-3.1.xsd, http://www.springframework.org/schema/jee/spring-jee-4.0.xsd=org/springframework/ejb/config/spring-jee-4.0.xsd, http://www.springframework.org/schema/jdbc/spring-jdbc-3.0.xsd=org/springframework/jdbc/config/spring-jdbc-3.0.xsd, http://www.springframework.org/schema/task/spring-task-4.1.xsd=org/springframework/scheduling/config/spring-task-4.1.xsd, http://www.springframework.org/schema/jdbc/spring-jdbc.xsd=org/springframework/jdbc/config/spring-jdbc-4.3.xsd, http://www.springframework.org/schema/tool/spring-tool-3.1.xsd=org/springframework/beans/factory/xml/spring-tool-3.1.xsd, http://www.springframework.org/schema/tx/spring-tx-4.1.xsd=org/springframework/transaction/config/spring-tx-4.1.xsd, http://www.springframework.org/schema/cache/spring-cache-4.0.xsd=org/springframework/cache/config/spring-cache-4.0.xsd, http://www.springframework.org/schema/jee/spring-jee-3.1.xsd=org/springframework/ejb/config/spring-jee-3.1.xsd, http://www.springframework.org/schema/util/spring-util-4.2.xsd=org/springframework/beans/factory/xml/spring-util-4.2.xsd, http://www.springframework.org/schema/task/spring-task-3.2.xsd=org/springframework/scheduling/config/spring-task-3.2.xsd, http://www.springframework.org/schema/beans/spring-beans-3.1.xsd=org/springframework/beans/factory/xml/spring-beans-3.1.xsd, http://www.springframework.org/schema/util/spring-util.xsd=org/springframework/beans/factory/xml/spring-util-4.3.xsd, http://www.springframework.org/schema/aop/spring-aop-3.0.xsd=org/springframework/aop/config/spring-aop-3.0.xsd, http://www.springframework.org/schema/mvc/spring-mvc-3.0.xsd=org/springframework/web/servlet/config/spring-mvc-3.0.xsd, http://www.springframework.org/schema/beans/spring-beans-4.0.xsd=org/springframework/beans/factory/xml/spring-beans-4.0.xsd, http://www.springframework.org/schema/beans/spring-beans.xsd=org/springframework/beans/factory/xml/spring-beans-4.3.xsd, http://mybatis.org/schema/mybatis-spring.xsd=org/mybatis/spring/config/mybatis-spring-1.2.xsd, http://www.springframework.org/schema/tx/spring-tx-3.1.xsd=org/springframework/transaction/config/spring-tx-3.1.xsd, http://www.springframework.org/schema/lang/spring-lang-3.0.xsd=org/springframework/scripting/config/spring-lang-3.0.xsd, http://www.springframework.org/schema/context/spring-context-2.5.xsd=org/springframework/context/config/spring-context-2.5.xsd, http://www.springframework.org/schema/context/spring-context-4.3.xsd=org/springframework/context/config/spring-context-4.3.xsd, http://www.springframework.org/schema/task/spring-task-4.0.xsd=org/springframework/scheduling/config/spring-task-4.0.xsd, http://www.springframework.org/schema/tool/spring-tool-3.0.xsd=org/springframework/beans/factory/xml/spring-tool-3.0.xsd, http://www.springframework.org/schema/tx/spring-tx-4.0.xsd=org/springframework/transaction/config/spring-tx-4.0.xsd, http://www.springframework.org/schema/aop/spring-aop-2.0.xsd=org/springframework/aop/config/spring-aop-2.0.xsd, http://www.springframework.org/schema/jee/spring-jee-3.0.xsd=org/springframework/ejb/config/spring-jee-3.0.xsd, http://www.springframework.org/schema/util/spring-util-4.1.xsd=org/springframework/beans/factory/xml/spring-util-4.1.xsd, http://www.springframework.org/schema/task/spring-task-3.1.xsd=org/springframework/scheduling/config/spring-task-3.1.xsd, http://www.springframework.org/schema/beans/spring-beans-3.0.xsd=org/springframework/beans/factory/xml/spring-beans-3.0.xsd, http://www.springframework.org/schema/jee/spring-jee.xsd=org/springframework/ejb/config/spring-jee-4.3.xsd, http://www.springframework.org/schema/aop/spring-aop-2.5.xsd=org/springframework/aop/config/spring-aop-2.5.xsd, http://www.springframework.org/schema/aop/spring-aop-4.3.xsd=org/springframework/aop/config/spring-aop-4.3.xsd, http://www.springframework.org/schema/lang/spring-lang-2.0.xsd=org/springframework/scripting/config/spring-lang-2.0.xsd, http://www.springframework.org/schema/jdbc/spring-jdbc-4.3.xsd=org/springframework/jdbc/config/spring-jdbc-4.3.xsd, http://www.springframework.org/schema/mvc/spring-mvc-4.3.xsd=org/springframework/web/servlet/config/spring-mvc-4.3.xsd, http://www.springframework.org/schema/util/spring-util-3.2.xsd=org/springframework/beans/factory/xml/spring-util-3.2.xsd, http://www.springframework.org/schema/task/spring-task.xsd=org/springframework/scheduling/config/spring-task-4.3.xsd, http://www.springframework.org/schema/tool/spring-tool-2.0.xsd=org/springframework/beans/factory/xml/spring-tool-2.0.xsd, http://www.springframework.org/schema/tx/spring-tx-3.0.xsd=org/springframework/transaction/config/spring-tx-3.0.xsd, http://www.springframework.org/schema/lang/spring-lang-2.5.xsd=org/springframework/scripting/config/spring-lang-2.5.xsd, http://www.springframework.org/schema/lang/spring-lang-4.3.xsd=org/springframework/scripting/config/spring-lang-4.3.xsd, http://www.springframework.org/schema/context/spring-context-4.2.xsd=org/springframework/context/config/spring-context-4.2.xsd, http://www.springframework.org/schema/jee/spring-jee-2.0.xsd=org/springframework/ejb/config/spring-jee-2.0.xsd, http://www.springframework.org/schema/tool/spring-tool-4.3.xsd=org/springframework/beans/factory/xml/spring-tool-4.3.xsd, http://www.springframework.org/schema/tool/spring-tool-2.5.xsd=org/springframework/beans/factory/xml/spring-tool-2.5.xsd, http://www.springframework.org/schema/jee/spring-jee-4.3.xsd=org/springframework/ejb/config/spring-jee-4.3.xsd, http://www.springframework.org/schema/jee/spring-jee-2.5.xsd=org/springframework/ejb/config/spring-jee-2.5.xsd, http://www.springframework.org/schema/util/spring-util-4.0.xsd=org/springframework/beans/factory/xml/spring-util-4.0.xsd, http://www.springframework.org/schema/task/spring-task-3.0.xsd=org/springframework/scheduling/config/spring-task-3.0.xsd, http://www.springframework.org/schema/cache/spring-cache-4.3.xsd=org/springframework/cache/config/spring-cache-4.3.xsd, http://www.springframework.org/schema/aop/spring-aop-4.2.xsd=org/springframework/aop/config/spring-aop-4.2.xsd, http://www.springframework.org/schema/lang/spring-lang.xsd=org/springframework/scripting/config/spring-lang-4.3.xsd, http://www.springframework.org/schema/context/spring-context-3.2.xsd=org/springframework/context/config/spring-context-3.2.xsd, http://www.springframework.org/schema/jdbc/spring-jdbc-4.2.xsd=org/springframework/jdbc/config/spring-jdbc-4.2.xsd, http://www.springframework.org/schema/mvc/spring-mvc-4.2.xsd=org/springframework/web/servlet/config/spring-mvc-4.2.xsd, http://www.springframework.org/schema/util/spring-util-3.1.xsd=org/springframework/beans/factory/xml/spring-util-3.1.xsd, http://www.springframework.org/schema/beans/spring-beans-2.0.xsd=org/springframework/beans/factory/xml/spring-beans-2.0.xsd, http://www.springframework.org/schema/cache/spring-cache.xsd=org/springframework/cache/config/spring-cache-4.3.xsd, http://www.springframework.org/schema/tx/spring-tx.xsd=org/springframework/transaction/config/spring-tx-4.3.xsd, http://www.springframework.org/schema/lang/spring-lang-4.2.xsd=org/springframework/scripting/config/spring-lang-4.2.xsd, http://www.springframework.org/schema/context/spring-context-4.1.xsd=org/springframework/context/config/spring-context-4.1.xsd, http://www.springframework.org/schema/beans/spring-beans-2.5.xsd=org/springframework/beans/factory/xml/spring-beans-2.5.xsd, http://www.springframework.org/schema/beans/spring-beans-4.3.xsd=org/springframework/beans/factory/xml/spring-beans-4.3.xsd, http://www.springframework.org/schema/tool/spring-tool-4.2.xsd=org/springframework/beans/factory/xml/spring-tool-4.2.xsd, http://www.springframework.org/schema/tx/spring-tx-2.0.xsd=org/springframework/transaction/config/spring-tx-2.0.xsd, http://www.alibaba.com/schema/stat.xsd=META-INF/stat.xsd, http://www.springframework.org/schema/jee/spring-jee-4.2.xsd=org/springframework/ejb/config/spring-jee-4.2.xsd, http://www.springframework.org/schema/jdbc/spring-jdbc-3.2.xsd=org/springframework/jdbc/config/spring-jdbc-3.2.xsd, http://www.springframework.org/schema/task/spring-task-4.3.xsd=org/springframework/scheduling/config/spring-task-4.3.xsd, http://www.springframework.org/schema/aop/spring-aop.xsd=org/springframework/aop/config/spring-aop-4.3.xsd}
2016-12-15 11:08:03 org.springframework.beans.factory.xml.PluggableSchemaResolver.resolveEntity(PluggableSchemaResolver.java:119)  Found XML schema [http://www.springframework.org/schema/beans/spring-beans.xsd] in classpath: org/springframework/beans/factory/xml/spring-beans-4.3.xsd
2016-12-15 11:08:03 org.springframework.beans.factory.xml.PluggableSchemaResolver.resolveEntity(PluggableSchemaResolver.java:119)  Found XML schema [http://www.springframework.org/schema/context/spring-context.xsd] in classpath: org/springframework/context/config/spring-context-4.3.xsd
2016-12-15 11:08:03 org.springframework.beans.factory.xml.PluggableSchemaResolver.resolveEntity(PluggableSchemaResolver.java:119)  Found XML schema [http://www.springframework.org/schema/tool/spring-tool-4.3.xsd] in classpath: org/springframework/beans/factory/xml/spring-tool-4.3.xsd
2016-12-15 11:08:03 org.springframework.beans.factory.xml.PluggableSchemaResolver.resolveEntity(PluggableSchemaResolver.java:119)  Found XML schema [http://www.springframework.org/schema/tx/spring-tx.xsd] in classpath: org/springframework/transaction/config/spring-tx-4.3.xsd
2016-12-15 11:08:03 org.springframework.beans.factory.xml.DefaultBeanDefinitionDocumentReader.registerBeanDefinitions(DefaultBeanDefinitionDocumentReader.java:92)  Loading bean definitions
2016-12-15 11:08:03 org.springframework.beans.factory.xml.DefaultNamespaceHandlerResolver.getHandlerMappings(DefaultNamespaceHandlerResolver.java:157)  Loaded NamespaceHandler mappings: {http://www.springframework.org/schema/p=org.springframework.beans.factory.xml.SimplePropertyNamespaceHandler, http://www.springframework.org/schema/mvc=org.springframework.web.servlet.config.MvcNamespaceHandler, http://www.springframework.org/schema/util=org.springframework.beans.factory.xml.UtilNamespaceHandler, http://www.alibaba.com/schema/stat=com.alibaba.druid.support.spring.stat.config.DruidStatNamespaceHandler, http://www.springframework.org/schema/jee=org.springframework.ejb.config.JeeNamespaceHandler, http://www.springframework.org/schema/aop=org.springframework.aop.config.AopNamespaceHandler, http://www.springframework.org/schema/jdbc=org.springframework.jdbc.config.JdbcNamespaceHandler, http://www.springframework.org/schema/cache=org.springframework.cache.config.CacheNamespaceHandler, http://mybatis.org/schema/mybatis-spring=org.mybatis.spring.config.NamespaceHandler, http://www.springframework.org/schema/c=org.springframework.beans.factory.xml.SimpleConstructorNamespaceHandler, http://www.springframework.org/schema/tx=org.springframework.transaction.config.TxNamespaceHandler, http://www.springframework.org/schema/task=org.springframework.scheduling.config.TaskNamespaceHandler, http://www.springframework.org/schema/lang=org.springframework.scripting.config.LangNamespaceHandler, http://www.springframework.org/schema/context=org.springframework.context.config.ContextNamespaceHandler}
2016-12-15 11:08:03 org.springframework.core.env.MutablePropertySources.addLast(MutablePropertySources.java:109)  Adding [systemProperties] PropertySource with lowest search precedence
2016-12-15 11:08:03 org.springframework.core.env.MutablePropertySources.addLast(MutablePropertySources.java:109)  Adding [systemEnvironment] PropertySource with lowest search precedence
2016-12-15 11:08:03 org.springframework.core.env.AbstractEnvironment.<init>(AbstractEnvironment.java:124)  Initialized StandardEnvironment with PropertySources [systemProperties,systemEnvironment]
2016-12-15 11:08:03 org.springframework.core.io.support.PathMatchingResourcePatternResolver.findAllClassPathResources(PathMatchingResourcePatternResolver.java:317)  Resolved classpath location [com/hc/] to resources [URL [file:/D:/SpringMybatisWebDemo/target/classes/com/hc/]]
2016-12-15 11:08:03 org.springframework.core.io.support.PathMatchingResourcePatternResolver.doFindMatchingFileSystemResources(PathMatchingResourcePatternResolver.java:711)  Looking for matching resources in directory tree [D:\SpringMybatisWebDemo\target\classes\com\hc]
2016-12-15 11:08:03 org.springframework.core.io.support.PathMatchingResourcePatternResolver.doRetrieveMatchingFiles(PathMatchingResourcePatternResolver.java:773)  Searching directory [D:\SpringMybatisWebDemo\target\classes\com\hc] for files matching pattern [D:/SpringMybatisWebDemo/target/classes/com/hc/**/*.class]
2016-12-15 11:08:03 org.springframework.core.io.support.PathMatchingResourcePatternResolver.doRetrieveMatchingFiles(PathMatchingResourcePatternResolver.java:773)  Searching directory [D:\SpringMybatisWebDemo\target\classes\com\hc\action] for files matching pattern [D:/SpringMybatisWebDemo/target/classes/com/hc/**/*.class]
2016-12-15 11:08:03 org.springframework.core.io.support.PathMatchingResourcePatternResolver.doRetrieveMatchingFiles(PathMatchingResourcePatternResolver.java:773)  Searching directory [D:\SpringMybatisWebDemo\target\classes\com\hc\dao] for files matching pattern [D:/SpringMybatisWebDemo/target/classes/com/hc/**/*.class]
2016-12-15 11:08:03 org.springframework.core.io.support.PathMatchingResourcePatternResolver.doRetrieveMatchingFiles(PathMatchingResourcePatternResolver.java:773)  Searching directory [D:\SpringMybatisWebDemo\target\classes\com\hc\domain] for files matching pattern [D:/SpringMybatisWebDemo/target/classes/com/hc/**/*.class]
2016-12-15 11:08:03 org.springframework.core.io.support.PathMatchingResourcePatternResolver.doRetrieveMatchingFiles(PathMatchingResourcePatternResolver.java:773)  Searching directory [D:\SpringMybatisWebDemo\target\classes\com\hc\mapping] for files matching pattern [D:/SpringMybatisWebDemo/target/classes/com/hc/**/*.class]
2016-12-15 11:08:03 org.springframework.core.io.support.PathMatchingResourcePatternResolver.doRetrieveMatchingFiles(PathMatchingResourcePatternResolver.java:773)  Searching directory [D:\SpringMybatisWebDemo\target\classes\com\hc\service] for files matching pattern [D:/SpringMybatisWebDemo/target/classes/com/hc/**/*.class]
2016-12-15 11:08:03 org.springframework.core.io.support.PathMatchingResourcePatternResolver.doRetrieveMatchingFiles(PathMatchingResourcePatternResolver.java:773)  Searching directory [D:\SpringMybatisWebDemo\target\classes\com\hc\service\impl] for files matching pattern [D:/SpringMybatisWebDemo/target/classes/com/hc/**/*.class]
2016-12-15 11:08:03 org.springframework.core.io.support.PathMatchingResourcePatternResolver.findPathMatchingResources(PathMatchingResourcePatternResolver.java:483)  Resolved location pattern [classpath*:com/hc/**/*.class] to resources [file [D:\SpringMybatisWebDemo\target\classes\com\hc\action\DeptController.class], file [D:\SpringMybatisWebDemo\target\classes\com\hc\action\DeptServlet.class], file [D:\SpringMybatisWebDemo\target\classes\com\hc\dao\Dept2Dao.class], file [D:\SpringMybatisWebDemo\target\classes\com\hc\dao\DeptDao.class], file [D:\SpringMybatisWebDemo\target\classes\com\hc\dao\EmpDao.class], file [D:\SpringMybatisWebDemo\target\classes\com\hc\DemoTest.class], file [D:\SpringMybatisWebDemo\target\classes\com\hc\domain\Dept.class], file [D:\SpringMybatisWebDemo\target\classes\com\hc\domain\Dept2.class], file [D:\SpringMybatisWebDemo\target\classes\com\hc\domain\DeptQuery.class], file [D:\SpringMybatisWebDemo\target\classes\com\hc\domain\Emp.class], file [D:\SpringMybatisWebDemo\target\classes\com\hc\service\DeptService.class], file [D:\SpringMybatisWebDemo\target\classes\com\hc\service\impl\DeptServiceImpl.class]]
2016-12-15 11:08:03 org.springframework.context.annotation.ClassPathScanningCandidateComponentProvider.findCandidateComponents(ClassPathScanningCandidateComponentProvider.java:286)  Identified candidate component class: file [D:\SpringMybatisWebDemo\target\classes\com\hc\action\DeptController.class]
2016-12-15 11:08:03 org.springframework.context.annotation.ClassPathScanningCandidateComponentProvider.findCandidateComponents(ClassPathScanningCandidateComponentProvider.java:286)  Identified candidate component class: file [D:\SpringMybatisWebDemo\target\classes\com\hc\service\impl\DeptServiceImpl.class]
2016-12-15 11:08:03 org.springframework.beans.factory.xml.BeanDefinitionParserDelegate.parseBeanDefinitionElement(BeanDefinitionParserDelegate.java:481)  Neither XML 'id' nor 'name' specified - using generated bean name [org.mybatis.spring.mapper.MapperScannerConfigurer#0]
2016-12-15 11:08:03 org.springframework.beans.factory.support.AbstractBeanDefinitionReader.loadBeanDefinitions(AbstractBeanDefinitionReader.java:224)  Loaded 17 bean definitions from location pattern [applicationContext.xml]
2016-12-15 11:08:03 org.springframework.context.support.AbstractApplicationContext.obtainFreshBeanFactory(AbstractApplicationContext.java:616)  Bean factory for org.springframework.context.support.ClassPathXmlApplicationContext@45c8e616: org.springframework.beans.factory.support.DefaultListableBeanFactory@25359ed8: defining beans [deptController,deptServiceImpl,org.springframework.context.annotation.internalConfigurationAnnotationProcessor,org.springframework.context.annotation.internalAutowiredAnnotationProcessor,org.springframework.context.annotation.internalRequiredAnnotationProcessor,org.springframework.context.annotation.internalCommonAnnotationProcessor,org.springframework.context.event.internalEventListenerProcessor,org.springframework.context.event.internalEventListenerFactory,dataSource123,sqlSessionFactory,org.mybatis.spring.mapper.MapperScannerConfigurer#0,txManager,org.springframework.transaction.config.internalTransactionalEventListenerFactory,org.springframework.aop.config.internalAutoProxyCreator,org.springframework.transaction.annotation.AnnotationTransactionAttributeSource#0,org.springframework.transaction.interceptor.TransactionInterceptor#0,org.springframework.transaction.config.internalTransactionAdvisor]; root of factory hierarchy
2016-12-15 11:08:03 org.springframework.beans.factory.support.DefaultSingletonBeanRegistry.getSingleton(DefaultSingletonBeanRegistry.java:221)  Creating shared instance of singleton bean 'org.springframework.context.annotation.internalConfigurationAnnotationProcessor'
2016-12-15 11:08:03 org.springframework.beans.factory.support.AbstractAutowireCapableBeanFactory.createBean(AbstractAutowireCapableBeanFactory.java:448)  Creating instance of bean 'org.springframework.context.annotation.internalConfigurationAnnotationProcessor'
2016-12-15 11:08:03 org.springframework.beans.factory.support.AbstractAutowireCapableBeanFactory.doCreateBean(AbstractAutowireCapableBeanFactory.java:537)  Eagerly caching bean 'org.springframework.context.annotation.internalConfigurationAnnotationProcessor' to allow for resolving potential circular references
2016-12-15 11:08:03 org.springframework.beans.factory.support.AbstractAutowireCapableBeanFactory.createBean(AbstractAutowireCapableBeanFactory.java:484)  Finished creating instance of bean 'org.springframework.context.annotation.internalConfigurationAnnotationProcessor'
2016-12-15 11:08:03 org.springframework.beans.factory.support.DefaultSingletonBeanRegistry.getSingleton(DefaultSingletonBeanRegistry.java:221)  Creating shared instance of singleton bean 'org.mybatis.spring.mapper.MapperScannerConfigurer#0'
2016-12-15 11:08:03 org.springframework.beans.factory.support.AbstractAutowireCapableBeanFactory.createBean(AbstractAutowireCapableBeanFactory.java:448)  Creating instance of bean 'org.mybatis.spring.mapper.MapperScannerConfigurer#0'
2016-12-15 11:08:03 org.springframework.beans.factory.support.AbstractAutowireCapableBeanFactory.doCreateBean(AbstractAutowireCapableBeanFactory.java:537)  Eagerly caching bean 'org.mybatis.spring.mapper.MapperScannerConfigurer#0' to allow for resolving potential circular references
2016-12-15 11:08:03 org.springframework.beans.factory.support.AbstractAutowireCapableBeanFactory.invokeInitMethods(AbstractAutowireCapableBeanFactory.java:1625)  Invoking afterPropertiesSet() on bean with name 'org.mybatis.spring.mapper.MapperScannerConfigurer#0'
2016-12-15 11:08:03 org.springframework.beans.factory.support.AbstractAutowireCapableBeanFactory.createBean(AbstractAutowireCapableBeanFactory.java:484)  Finished creating instance of bean 'org.mybatis.spring.mapper.MapperScannerConfigurer#0'
2016-12-15 11:08:03 org.springframework.core.env.MutablePropertySources.addLast(MutablePropertySources.java:109)  Adding [systemProperties] PropertySource with lowest search precedence
2016-12-15 11:08:03 org.springframework.core.env.MutablePropertySources.addLast(MutablePropertySources.java:109)  Adding [systemEnvironment] PropertySource with lowest search precedence
2016-12-15 11:08:03 org.springframework.core.env.AbstractEnvironment.<init>(AbstractEnvironment.java:124)  Initialized StandardEnvironment with PropertySources [systemProperties,systemEnvironment]
2016-12-15 11:08:03 org.springframework.core.io.support.PathMatchingResourcePatternResolver.findAllClassPathResources(PathMatchingResourcePatternResolver.java:317)  Resolved classpath location [com/hc/dao/] to resources [URL [file:/D:/SpringMybatisWebDemo/target/classes/com/hc/dao/]]
2016-12-15 11:08:03 org.springframework.core.io.support.PathMatchingResourcePatternResolver.doFindMatchingFileSystemResources(PathMatchingResourcePatternResolver.java:711)  Looking for matching resources in directory tree [D:\SpringMybatisWebDemo\target\classes\com\hc\dao]
2016-12-15 11:08:03 org.springframework.core.io.support.PathMatchingResourcePatternResolver.doRetrieveMatchingFiles(PathMatchingResourcePatternResolver.java:773)  Searching directory [D:\SpringMybatisWebDemo\target\classes\com\hc\dao] for files matching pattern [D:/SpringMybatisWebDemo/target/classes/com/hc/dao/**/*.class]
2016-12-15 11:08:03 org.springframework.core.io.support.PathMatchingResourcePatternResolver.findPathMatchingResources(PathMatchingResourcePatternResolver.java:483)  Resolved location pattern [classpath*:com/hc/dao/**/*.class] to resources [file [D:\SpringMybatisWebDemo\target\classes\com\hc\dao\Dept2Dao.class], file [D:\SpringMybatisWebDemo\target\classes\com\hc\dao\DeptDao.class], file [D:\SpringMybatisWebDemo\target\classes\com\hc\dao\EmpDao.class]]
2016-12-15 11:08:03 org.springframework.context.annotation.ClassPathScanningCandidateComponentProvider.findCandidateComponents(ClassPathScanningCandidateComponentProvider.java:286)  Identified candidate component class: file [D:\SpringMybatisWebDemo\target\classes\com\hc\dao\Dept2Dao.class]
2016-12-15 11:08:03 org.springframework.context.annotation.ClassPathScanningCandidateComponentProvider.findCandidateComponents(ClassPathScanningCandidateComponentProvider.java:286)  Identified candidate component class: file [D:\SpringMybatisWebDemo\target\classes\com\hc\dao\DeptDao.class]
2016-12-15 11:08:03 org.springframework.context.annotation.ClassPathScanningCandidateComponentProvider.findCandidateComponents(ClassPathScanningCandidateComponentProvider.java:286)  Identified candidate component class: file [D:\SpringMybatisWebDemo\target\classes\com\hc\dao\EmpDao.class]
2016-12-15 11:08:03 org.mybatis.spring.mapper.ClassPathMapperScanner.processBeanDefinitions(ClassPathMapperScanner.java:181)  Creating MapperFactoryBean with name 'dept2Dao' and 'com.hc.dao.Dept2Dao' mapperInterface
2016-12-15 11:08:03 org.mybatis.spring.mapper.ClassPathMapperScanner.processBeanDefinitions(ClassPathMapperScanner.java:181)  Creating MapperFactoryBean with name 'deptDao' and 'com.hc.dao.DeptDao' mapperInterface
2016-12-15 11:08:03 org.mybatis.spring.mapper.ClassPathMapperScanner.processBeanDefinitions(ClassPathMapperScanner.java:181)  Creating MapperFactoryBean with name 'empDao' and 'com.hc.dao.EmpDao' mapperInterface
2016-12-15 11:08:03 org.springframework.beans.factory.support.DefaultSingletonBeanRegistry.getSingleton(DefaultSingletonBeanRegistry.java:221)  Creating shared instance of singleton bean 'org.springframework.context.annotation.internalAutowiredAnnotationProcessor'
2016-12-15 11:08:03 org.springframework.beans.factory.support.AbstractAutowireCapableBeanFactory.createBean(AbstractAutowireCapableBeanFactory.java:448)  Creating instance of bean 'org.springframework.context.annotation.internalAutowiredAnnotationProcessor'
2016-12-15 11:08:03 org.springframework.beans.factory.support.AbstractAutowireCapableBeanFactory.doCreateBean(AbstractAutowireCapableBeanFactory.java:537)  Eagerly caching bean 'org.springframework.context.annotation.internalAutowiredAnnotationProcessor' to allow for resolving potential circular references
2016-12-15 11:08:03 org.springframework.beans.factory.support.AbstractAutowireCapableBeanFactory.createBean(AbstractAutowireCapableBeanFactory.java:484)  Finished creating instance of bean 'org.springframework.context.annotation.internalAutowiredAnnotationProcessor'
2016-12-15 11:08:03 org.springframework.beans.factory.support.DefaultSingletonBeanRegistry.getSingleton(DefaultSingletonBeanRegistry.java:221)  Creating shared instance of singleton bean 'org.springframework.context.annotation.internalRequiredAnnotationProcessor'
2016-12-15 11:08:03 org.springframework.beans.factory.support.AbstractAutowireCapableBeanFactory.createBean(AbstractAutowireCapableBeanFactory.java:448)  Creating instance of bean 'org.springframework.context.annotation.internalRequiredAnnotationProcessor'
2016-12-15 11:08:03 org.springframework.beans.factory.support.AbstractAutowireCapableBeanFactory.doCreateBean(AbstractAutowireCapableBeanFactory.java:537)  Eagerly caching bean 'org.springframework.context.annotation.internalRequiredAnnotationProcessor' to allow for resolving potential circular references
2016-12-15 11:08:03 org.springframework.beans.factory.support.AbstractAutowireCapableBeanFactory.createBean(AbstractAutowireCapableBeanFactory.java:484)  Finished creating instance of bean 'org.springframework.context.annotation.internalRequiredAnnotationProcessor'
2016-12-15 11:08:03 org.springframework.beans.factory.support.DefaultSingletonBeanRegistry.getSingleton(DefaultSingletonBeanRegistry.java:221)  Creating shared instance of singleton bean 'org.springframework.context.annotation.internalCommonAnnotationProcessor'
2016-12-15 11:08:03 org.springframework.beans.factory.support.AbstractAutowireCapableBeanFactory.createBean(AbstractAutowireCapableBeanFactory.java:448)  Creating instance of bean 'org.springframework.context.annotation.internalCommonAnnotationProcessor'
2016-12-15 11:08:03 org.springframework.beans.factory.support.AbstractAutowireCapableBeanFactory.doCreateBean(AbstractAutowireCapableBeanFactory.java:537)  Eagerly caching bean 'org.springframework.context.annotation.internalCommonAnnotationProcessor' to allow for resolving potential circular references
2016-12-15 11:08:03 org.springframework.beans.factory.support.AbstractAutowireCapableBeanFactory.createBean(AbstractAutowireCapableBeanFactory.java:484)  Finished creating instance of bean 'org.springframework.context.annotation.internalCommonAnnotationProcessor'
2016-12-15 11:08:03 org.springframework.beans.factory.support.DefaultSingletonBeanRegistry.getSingleton(DefaultSingletonBeanRegistry.java:221)  Creating shared instance of singleton bean 'org.springframework.context.annotation.ConfigurationClassPostProcessor.importAwareProcessor'
2016-12-15 11:08:03 org.springframework.beans.factory.support.AbstractAutowireCapableBeanFactory.createBean(AbstractAutowireCapableBeanFactory.java:448)  Creating instance of bean 'org.springframework.context.annotation.ConfigurationClassPostProcessor.importAwareProcessor'
2016-12-15 11:08:03 org.springframework.beans.factory.support.AbstractAutowireCapableBeanFactory.doCreateBean(AbstractAutowireCapableBeanFactory.java:537)  Eagerly caching bean 'org.springframework.context.annotation.ConfigurationClassPostProcessor.importAwareProcessor' to allow for resolving potential circular references
2016-12-15 11:08:03 org.springframework.beans.factory.support.AbstractAutowireCapableBeanFactory.createBean(AbstractAutowireCapableBeanFactory.java:484)  Finished creating instance of bean 'org.springframework.context.annotation.ConfigurationClassPostProcessor.importAwareProcessor'
2016-12-15 11:08:03 org.springframework.beans.factory.support.DefaultSingletonBeanRegistry.getSingleton(DefaultSingletonBeanRegistry.java:221)  Creating shared instance of singleton bean 'org.springframework.context.annotation.ConfigurationClassPostProcessor.enhancedConfigurationProcessor'
2016-12-15 11:08:03 org.springframework.beans.factory.support.AbstractAutowireCapableBeanFactory.createBean(AbstractAutowireCapableBeanFactory.java:448)  Creating instance of bean 'org.springframework.context.annotation.ConfigurationClassPostProcessor.enhancedConfigurationProcessor'
2016-12-15 11:08:03 org.springframework.beans.factory.support.AbstractAutowireCapableBeanFactory.doCreateBean(AbstractAutowireCapableBeanFactory.java:537)  Eagerly caching bean 'org.springframework.context.annotation.ConfigurationClassPostProcessor.enhancedConfigurationProcessor' to allow for resolving potential circular references
2016-12-15 11:08:03 org.springframework.beans.factory.support.AbstractAutowireCapableBeanFactory.createBean(AbstractAutowireCapableBeanFactory.java:484)  Finished creating instance of bean 'org.springframework.context.annotation.ConfigurationClassPostProcessor.enhancedConfigurationProcessor'
2016-12-15 11:08:03 org.springframework.beans.factory.support.DefaultSingletonBeanRegistry.getSingleton(DefaultSingletonBeanRegistry.java:221)  Creating shared instance of singleton bean 'org.springframework.aop.config.internalAutoProxyCreator'
2016-12-15 11:08:03 org.springframework.beans.factory.support.AbstractAutowireCapableBeanFactory.createBean(AbstractAutowireCapableBeanFactory.java:448)  Creating instance of bean 'org.springframework.aop.config.internalAutoProxyCreator'
2016-12-15 11:08:03 org.springframework.beans.factory.support.AbstractAutowireCapableBeanFactory.doCreateBean(AbstractAutowireCapableBeanFactory.java:537)  Eagerly caching bean 'org.springframework.aop.config.internalAutoProxyCreator' to allow for resolving potential circular references
2016-12-15 11:08:03 org.springframework.beans.factory.support.AbstractAutowireCapableBeanFactory.createBean(AbstractAutowireCapableBeanFactory.java:484)  Finished creating instance of bean 'org.springframework.aop.config.internalAutoProxyCreator'
2016-12-15 11:08:03 org.springframework.context.support.AbstractApplicationContext.initMessageSource(AbstractApplicationContext.java:733)  Unable to locate MessageSource with name 'messageSource': using default [org.springframework.context.support.DelegatingMessageSource@7193666c]
2016-12-15 11:08:03 org.springframework.context.support.AbstractApplicationContext.initApplicationEventMulticaster(AbstractApplicationContext.java:757)  Unable to locate ApplicationEventMulticaster with name 'applicationEventMulticaster': using default [org.springframework.context.event.SimpleApplicationEventMulticaster@55b7a4e0]
2016-12-15 11:08:03 org.springframework.beans.factory.support.DefaultListableBeanFactory.preInstantiateSingletons(DefaultListableBeanFactory.java:723)  Pre-instantiating singletons in org.springframework.beans.factory.support.DefaultListableBeanFactory@25359ed8: defining beans [deptController,deptServiceImpl,org.springframework.context.annotation.internalConfigurationAnnotationProcessor,org.springframework.context.annotation.internalAutowiredAnnotationProcessor,org.springframework.context.annotation.internalRequiredAnnotationProcessor,org.springframework.context.annotation.internalCommonAnnotationProcessor,org.springframework.context.event.internalEventListenerProcessor,org.springframework.context.event.internalEventListenerFactory,dataSource123,sqlSessionFactory,org.mybatis.spring.mapper.MapperScannerConfigurer#0,txManager,org.springframework.transaction.config.internalTransactionalEventListenerFactory,org.springframework.aop.config.internalAutoProxyCreator,org.springframework.transaction.annotation.AnnotationTransactionAttributeSource#0,org.springframework.transaction.interceptor.TransactionInterceptor#0,org.springframework.transaction.config.internalTransactionAdvisor,org.springframework.context.annotation.ConfigurationClassPostProcessor.importAwareProcessor,org.springframework.context.annotation.ConfigurationClassPostProcessor.enhancedConfigurationProcessor,dept2Dao,deptDao,empDao]; root of factory hierarchy
2016-12-15 11:08:03 org.springframework.beans.factory.support.DefaultSingletonBeanRegistry.getSingleton(DefaultSingletonBeanRegistry.java:221)  Creating shared instance of singleton bean 'deptController'
2016-12-15 11:08:03 org.springframework.beans.factory.support.AbstractAutowireCapableBeanFactory.createBean(AbstractAutowireCapableBeanFactory.java:448)  Creating instance of bean 'deptController'
2016-12-15 11:08:03 org.springframework.beans.factory.annotation.InjectionMetadata.checkConfigMembers(InjectionMetadata.java:72)  Registered injected element on class [com.hc.action.DeptController]: AutowiredFieldElement for private com.hc.service.DeptService com.hc.action.DeptController.deptService
2016-12-15 11:08:03 org.springframework.beans.factory.support.AbstractAutowireCapableBeanFactory.doCreateBean(AbstractAutowireCapableBeanFactory.java:537)  Eagerly caching bean 'deptController' to allow for resolving potential circular references
2016-12-15 11:08:03 org.springframework.beans.factory.annotation.InjectionMetadata.inject(InjectionMetadata.java:86)  Processing injected element of bean 'deptController': AutowiredFieldElement for private com.hc.service.DeptService com.hc.action.DeptController.deptService
2016-12-15 11:08:04 org.springframework.beans.factory.support.DefaultSingletonBeanRegistry.getSingleton(DefaultSingletonBeanRegistry.java:221)  Creating shared instance of singleton bean 'deptServiceImpl'
2016-12-15 11:08:04 org.springframework.beans.factory.support.AbstractAutowireCapableBeanFactory.createBean(AbstractAutowireCapableBeanFactory.java:448)  Creating instance of bean 'deptServiceImpl'
2016-12-15 11:08:04 org.springframework.beans.factory.annotation.InjectionMetadata.checkConfigMembers(InjectionMetadata.java:72)  Registered injected element on class [com.hc.service.impl.DeptServiceImpl]: AutowiredFieldElement for private com.hc.dao.DeptDao com.hc.service.impl.DeptServiceImpl.deptDao
2016-12-15 11:08:04 org.springframework.beans.factory.support.AbstractAutowireCapableBeanFactory.doCreateBean(AbstractAutowireCapableBeanFactory.java:537)  Eagerly caching bean 'deptServiceImpl' to allow for resolving potential circular references
2016-12-15 11:08:04 org.springframework.beans.factory.annotation.InjectionMetadata.inject(InjectionMetadata.java:86)  Processing injected element of bean 'deptServiceImpl': AutowiredFieldElement for private com.hc.dao.DeptDao com.hc.service.impl.DeptServiceImpl.deptDao
2016-12-15 11:08:04 org.springframework.beans.factory.support.DefaultSingletonBeanRegistry.getSingleton(DefaultSingletonBeanRegistry.java:221)  Creating shared instance of singleton bean 'deptDao'
2016-12-15 11:08:04 org.springframework.beans.factory.support.AbstractAutowireCapableBeanFactory.createBean(AbstractAutowireCapableBeanFactory.java:448)  Creating instance of bean 'deptDao'
2016-12-15 11:08:04 org.springframework.beans.factory.support.AbstractAutowireCapableBeanFactory.doCreateBean(AbstractAutowireCapableBeanFactory.java:537)  Eagerly caching bean 'deptDao' to allow for resolving potential circular references
2016-12-15 11:08:04 org.springframework.beans.factory.support.DefaultSingletonBeanRegistry.getSingleton(DefaultSingletonBeanRegistry.java:221)  Creating shared instance of singleton bean 'sqlSessionFactory'
2016-12-15 11:08:04 org.springframework.beans.factory.support.AbstractAutowireCapableBeanFactory.createBean(AbstractAutowireCapableBeanFactory.java:448)  Creating instance of bean 'sqlSessionFactory'
2016-12-15 11:08:04 org.springframework.beans.factory.support.AbstractAutowireCapableBeanFactory.doCreateBean(AbstractAutowireCapableBeanFactory.java:537)  Eagerly caching bean 'sqlSessionFactory' to allow for resolving potential circular references
2016-12-15 11:08:04 org.springframework.beans.factory.support.DefaultSingletonBeanRegistry.getSingleton(DefaultSingletonBeanRegistry.java:221)  Creating shared instance of singleton bean 'dataSource123'
2016-12-15 11:08:04 org.springframework.beans.factory.support.AbstractAutowireCapableBeanFactory.createBean(AbstractAutowireCapableBeanFactory.java:448)  Creating instance of bean 'dataSource123'
2016-12-15 11:08:04 org.springframework.beans.factory.support.AbstractAutowireCapableBeanFactory.doCreateBean(AbstractAutowireCapableBeanFactory.java:537)  Eagerly caching bean 'dataSource123' to allow for resolving potential circular references
2016-12-15 11:08:04 org.springframework.beans.factory.support.DefaultSingletonBeanRegistry.getSingleton(DefaultSingletonBeanRegistry.java:221)  Creating shared instance of singleton bean 'org.springframework.transaction.config.internalTransactionAdvisor'
2016-12-15 11:08:04 org.springframework.beans.factory.support.AbstractAutowireCapableBeanFactory.createBean(AbstractAutowireCapableBeanFactory.java:448)  Creating instance of bean 'org.springframework.transaction.config.internalTransactionAdvisor'
2016-12-15 11:08:04 org.springframework.beans.factory.support.AbstractAutowireCapableBeanFactory.doCreateBean(AbstractAutowireCapableBeanFactory.java:537)  Eagerly caching bean 'org.springframework.transaction.config.internalTransactionAdvisor' to allow for resolving potential circular references
2016-12-15 11:08:04 org.springframework.beans.factory.support.DefaultSingletonBeanRegistry.getSingleton(DefaultSingletonBeanRegistry.java:221)  Creating shared instance of singleton bean 'org.springframework.transaction.annotation.AnnotationTransactionAttributeSource#0'
2016-12-15 11:08:04 org.springframework.beans.factory.support.AbstractAutowireCapableBeanFactory.createBean(AbstractAutowireCapableBeanFactory.java:448)  Creating instance of bean 'org.springframework.transaction.annotation.AnnotationTransactionAttributeSource#0'
2016-12-15 11:08:04 org.springframework.beans.factory.support.AbstractAutowireCapableBeanFactory.doCreateBean(AbstractAutowireCapableBeanFactory.java:537)  Eagerly caching bean 'org.springframework.transaction.annotation.AnnotationTransactionAttributeSource#0' to allow for resolving potential circular references
2016-12-15 11:08:04 org.springframework.aop.framework.autoproxy.BeanFactoryAdvisorRetrievalHelper.findAdvisorBeans(BeanFactoryAdvisorRetrievalHelper.java:87)  Skipping currently created advisor 'org.springframework.transaction.config.internalTransactionAdvisor'
2016-12-15 11:08:04 org.springframework.beans.factory.support.AbstractAutowireCapableBeanFactory.createBean(AbstractAutowireCapableBeanFactory.java:484)  Finished creating instance of bean 'org.springframework.transaction.annotation.AnnotationTransactionAttributeSource#0'
2016-12-15 11:08:04 org.springframework.beans.factory.support.AbstractAutowireCapableBeanFactory.createBean(AbstractAutowireCapableBeanFactory.java:484)  Finished creating instance of bean 'org.springframework.transaction.config.internalTransactionAdvisor'
2016-12-15 11:08:04 org.springframework.beans.factory.support.AbstractAutowireCapableBeanFactory.createBean(AbstractAutowireCapableBeanFactory.java:484)  Finished creating instance of bean 'dataSource123'
2016-12-15 11:08:04 org.springframework.beans.factory.support.AbstractAutowireCapableBeanFactory.invokeInitMethods(AbstractAutowireCapableBeanFactory.java:1625)  Invoking afterPropertiesSet() on bean with name 'sqlSessionFactory'
2016-12-15 11:08:04 org.apache.ibatis.logging.commons.JakartaCommonsLoggingImpl.debug(JakartaCommonsLoggingImpl.java:54)  Parsed configuration file: 'class path resource [mybatisMapper.xml]'
2016-12-15 11:08:04 org.apache.ibatis.logging.commons.JakartaCommonsLoggingImpl.debug(JakartaCommonsLoggingImpl.java:54)  Property 'mapperLocations' was not specified or no matching resources found
2016-12-15 11:08:04 org.springframework.beans.factory.support.AbstractBeanFactory.doGetBean(AbstractBeanFactory.java:251)  Returning cached instance of singleton bean 'org.springframework.transaction.config.internalTransactionAdvisor'
2016-12-15 11:08:04 org.springframework.beans.factory.support.AbstractAutowireCapableBeanFactory.createBean(AbstractAutowireCapableBeanFactory.java:484)  Finished creating instance of bean 'sqlSessionFactory'
2016-12-15 11:08:04 org.springframework.beans.factory.support.AbstractBeanFactory.doGetBean(AbstractBeanFactory.java:251)  Returning cached instance of singleton bean 'org.springframework.transaction.config.internalTransactionAdvisor'
2016-12-15 11:08:04 org.springframework.beans.factory.support.AbstractAutowireCapableBeanFactory.invokeInitMethods(AbstractAutowireCapableBeanFactory.java:1625)  Invoking afterPropertiesSet() on bean with name 'deptDao'
2016-12-15 11:08:04 org.springframework.beans.factory.support.AbstractBeanFactory.doGetBean(AbstractBeanFactory.java:251)  Returning cached instance of singleton bean 'org.springframework.transaction.config.internalTransactionAdvisor'
2016-12-15 11:08:04 org.springframework.beans.factory.support.AbstractAutowireCapableBeanFactory.createBean(AbstractAutowireCapableBeanFactory.java:484)  Finished creating instance of bean 'deptDao'
2016-12-15 11:08:04 org.springframework.beans.factory.support.AbstractBeanFactory.doGetBean(AbstractBeanFactory.java:251)  Returning cached instance of singleton bean 'org.springframework.transaction.config.internalTransactionAdvisor'
2016-12-15 11:08:04 org.springframework.beans.factory.annotation.AutowiredAnnotationBeanPostProcessor.registerDependentBeans(AutowiredAnnotationBeanPostProcessor.java:539)  Autowiring by type from bean name 'deptServiceImpl' to bean named 'deptDao'
2016-12-15 11:08:04 org.springframework.beans.factory.support.AbstractBeanFactory.doGetBean(AbstractBeanFactory.java:251)  Returning cached instance of singleton bean 'org.springframework.transaction.config.internalTransactionAdvisor'
2016-12-15 11:08:04 org.springframework.beans.factory.support.AbstractAutowireCapableBeanFactory.createBean(AbstractAutowireCapableBeanFactory.java:484)  Finished creating instance of bean 'deptServiceImpl'
2016-12-15 11:08:04 org.springframework.beans.factory.annotation.AutowiredAnnotationBeanPostProcessor.registerDependentBeans(AutowiredAnnotationBeanPostProcessor.java:539)  Autowiring by type from bean name 'deptController' to bean named 'deptServiceImpl'
2016-12-15 11:08:04 org.springframework.beans.factory.support.AbstractBeanFactory.doGetBean(AbstractBeanFactory.java:251)  Returning cached instance of singleton bean 'org.springframework.transaction.config.internalTransactionAdvisor'
2016-12-15 11:08:04 org.springframework.beans.factory.support.AbstractAutowireCapableBeanFactory.createBean(AbstractAutowireCapableBeanFactory.java:484)  Finished creating instance of bean 'deptController'
2016-12-15 11:08:04 org.springframework.beans.factory.support.AbstractBeanFactory.doGetBean(AbstractBeanFactory.java:251)  Returning cached instance of singleton bean 'deptServiceImpl'
2016-12-15 11:08:04 org.springframework.beans.factory.support.AbstractBeanFactory.doGetBean(AbstractBeanFactory.java:251)  Returning cached instance of singleton bean 'org.springframework.context.annotation.internalConfigurationAnnotationProcessor'
2016-12-15 11:08:04 org.springframework.beans.factory.support.AbstractBeanFactory.doGetBean(AbstractBeanFactory.java:251)  Returning cached instance of singleton bean 'org.springframework.context.annotation.internalAutowiredAnnotationProcessor'
2016-12-15 11:08:04 org.springframework.beans.factory.support.AbstractBeanFactory.doGetBean(AbstractBeanFactory.java:251)  Returning cached instance of singleton bean 'org.springframework.context.annotation.internalRequiredAnnotationProcessor'
2016-12-15 11:08:04 org.springframework.beans.factory.support.AbstractBeanFactory.doGetBean(AbstractBeanFactory.java:251)  Returning cached instance of singleton bean 'org.springframework.context.annotation.internalCommonAnnotationProcessor'
2016-12-15 11:08:04 org.springframework.beans.factory.support.DefaultSingletonBeanRegistry.getSingleton(DefaultSingletonBeanRegistry.java:221)  Creating shared instance of singleton bean 'org.springframework.context.event.internalEventListenerProcessor'
2016-12-15 11:08:04 org.springframework.beans.factory.support.AbstractAutowireCapableBeanFactory.createBean(AbstractAutowireCapableBeanFactory.java:448)  Creating instance of bean 'org.springframework.context.event.internalEventListenerProcessor'
2016-12-15 11:08:04 org.springframework.beans.factory.support.AbstractAutowireCapableBeanFactory.doCreateBean(AbstractAutowireCapableBeanFactory.java:537)  Eagerly caching bean 'org.springframework.context.event.internalEventListenerProcessor' to allow for resolving potential circular references
2016-12-15 11:08:04 org.springframework.beans.factory.support.AbstractBeanFactory.doGetBean(AbstractBeanFactory.java:251)  Returning cached instance of singleton bean 'org.springframework.transaction.config.internalTransactionAdvisor'
2016-12-15 11:08:04 org.springframework.beans.factory.support.AbstractAutowireCapableBeanFactory.createBean(AbstractAutowireCapableBeanFactory.java:484)  Finished creating instance of bean 'org.springframework.context.event.internalEventListenerProcessor'
2016-12-15 11:08:04 org.springframework.beans.factory.support.DefaultSingletonBeanRegistry.getSingleton(DefaultSingletonBeanRegistry.java:221)  Creating shared instance of singleton bean 'org.springframework.context.event.internalEventListenerFactory'
2016-12-15 11:08:04 org.springframework.beans.factory.support.AbstractAutowireCapableBeanFactory.createBean(AbstractAutowireCapableBeanFactory.java:448)  Creating instance of bean 'org.springframework.context.event.internalEventListenerFactory'
2016-12-15 11:08:04 org.springframework.beans.factory.support.AbstractAutowireCapableBeanFactory.doCreateBean(AbstractAutowireCapableBeanFactory.java:537)  Eagerly caching bean 'org.springframework.context.event.internalEventListenerFactory' to allow for resolving potential circular references
2016-12-15 11:08:04 org.springframework.beans.factory.support.AbstractBeanFactory.doGetBean(AbstractBeanFactory.java:251)  Returning cached instance of singleton bean 'org.springframework.transaction.config.internalTransactionAdvisor'
2016-12-15 11:08:04 org.springframework.beans.factory.support.AbstractAutowireCapableBeanFactory.createBean(AbstractAutowireCapableBeanFactory.java:484)  Finished creating instance of bean 'org.springframework.context.event.internalEventListenerFactory'
2016-12-15 11:08:04 org.springframework.beans.factory.support.AbstractBeanFactory.doGetBean(AbstractBeanFactory.java:251)  Returning cached instance of singleton bean 'dataSource123'
2016-12-15 11:08:04 org.springframework.beans.factory.support.AbstractBeanFactory.doGetBean(AbstractBeanFactory.java:251)  Returning cached instance of singleton bean 'sqlSessionFactory'
2016-12-15 11:08:04 org.springframework.beans.factory.support.AbstractBeanFactory.doGetBean(AbstractBeanFactory.java:251)  Returning cached instance of singleton bean 'org.mybatis.spring.mapper.MapperScannerConfigurer#0'
2016-12-15 11:08:04 org.springframework.beans.factory.support.DefaultSingletonBeanRegistry.getSingleton(DefaultSingletonBeanRegistry.java:221)  Creating shared instance of singleton bean 'txManager'
2016-12-15 11:08:04 org.springframework.beans.factory.support.AbstractAutowireCapableBeanFactory.createBean(AbstractAutowireCapableBeanFactory.java:448)  Creating instance of bean 'txManager'
2016-12-15 11:08:04 org.springframework.beans.factory.support.AbstractAutowireCapableBeanFactory.doCreateBean(AbstractAutowireCapableBeanFactory.java:537)  Eagerly caching bean 'txManager' to allow for resolving potential circular references
2016-12-15 11:08:04 org.springframework.beans.factory.support.AbstractBeanFactory.doGetBean(AbstractBeanFactory.java:251)  Returning cached instance of singleton bean 'dataSource123'
2016-12-15 11:08:04 org.springframework.beans.factory.support.AbstractAutowireCapableBeanFactory.invokeInitMethods(AbstractAutowireCapableBeanFactory.java:1625)  Invoking afterPropertiesSet() on bean with name 'txManager'
2016-12-15 11:08:04 org.springframework.beans.factory.support.AbstractBeanFactory.doGetBean(AbstractBeanFactory.java:251)  Returning cached instance of singleton bean 'org.springframework.transaction.config.internalTransactionAdvisor'
2016-12-15 11:08:04 org.springframework.beans.factory.support.AbstractAutowireCapableBeanFactory.createBean(AbstractAutowireCapableBeanFactory.java:484)  Finished creating instance of bean 'txManager'
2016-12-15 11:08:04 org.springframework.beans.factory.support.DefaultSingletonBeanRegistry.getSingleton(DefaultSingletonBeanRegistry.java:221)  Creating shared instance of singleton bean 'org.springframework.transaction.config.internalTransactionalEventListenerFactory'
2016-12-15 11:08:04 org.springframework.beans.factory.support.AbstractAutowireCapableBeanFactory.createBean(AbstractAutowireCapableBeanFactory.java:448)  Creating instance of bean 'org.springframework.transaction.config.internalTransactionalEventListenerFactory'
2016-12-15 11:08:04 org.springframework.beans.factory.support.AbstractAutowireCapableBeanFactory.doCreateBean(AbstractAutowireCapableBeanFactory.java:537)  Eagerly caching bean 'org.springframework.transaction.config.internalTransactionalEventListenerFactory' to allow for resolving potential circular references
2016-12-15 11:08:04 org.springframework.beans.factory.support.AbstractBeanFactory.doGetBean(AbstractBeanFactory.java:251)  Returning cached instance of singleton bean 'org.springframework.transaction.config.internalTransactionAdvisor'
2016-12-15 11:08:04 org.springframework.beans.factory.support.AbstractAutowireCapableBeanFactory.createBean(AbstractAutowireCapableBeanFactory.java:484)  Finished creating instance of bean 'org.springframework.transaction.config.internalTransactionalEventListenerFactory'
2016-12-15 11:08:04 org.springframework.beans.factory.support.AbstractBeanFactory.doGetBean(AbstractBeanFactory.java:251)  Returning cached instance of singleton bean 'org.springframework.aop.config.internalAutoProxyCreator'
2016-12-15 11:08:04 org.springframework.beans.factory.support.AbstractBeanFactory.doGetBean(AbstractBeanFactory.java:251)  Returning cached instance of singleton bean 'org.springframework.transaction.annotation.AnnotationTransactionAttributeSource#0'
2016-12-15 11:08:04 org.springframework.beans.factory.support.DefaultSingletonBeanRegistry.getSingleton(DefaultSingletonBeanRegistry.java:221)  Creating shared instance of singleton bean 'org.springframework.transaction.interceptor.TransactionInterceptor#0'
2016-12-15 11:08:04 org.springframework.beans.factory.support.AbstractAutowireCapableBeanFactory.createBean(AbstractAutowireCapableBeanFactory.java:448)  Creating instance of bean 'org.springframework.transaction.interceptor.TransactionInterceptor#0'
2016-12-15 11:08:04 org.springframework.beans.factory.support.AbstractAutowireCapableBeanFactory.doCreateBean(AbstractAutowireCapableBeanFactory.java:537)  Eagerly caching bean 'org.springframework.transaction.interceptor.TransactionInterceptor#0' to allow for resolving potential circular references
2016-12-15 11:08:04 org.springframework.beans.factory.support.AbstractBeanFactory.doGetBean(AbstractBeanFactory.java:251)  Returning cached instance of singleton bean 'org.springframework.transaction.annotation.AnnotationTransactionAttributeSource#0'
2016-12-15 11:08:04 org.springframework.beans.factory.support.AbstractAutowireCapableBeanFactory.invokeInitMethods(AbstractAutowireCapableBeanFactory.java:1625)  Invoking afterPropertiesSet() on bean with name 'org.springframework.transaction.interceptor.TransactionInterceptor#0'
2016-12-15 11:08:04 org.springframework.beans.factory.support.AbstractAutowireCapableBeanFactory.createBean(AbstractAutowireCapableBeanFactory.java:484)  Finished creating instance of bean 'org.springframework.transaction.interceptor.TransactionInterceptor#0'
2016-12-15 11:08:04 org.springframework.beans.factory.support.AbstractBeanFactory.doGetBean(AbstractBeanFactory.java:251)  Returning cached instance of singleton bean 'org.springframework.transaction.config.internalTransactionAdvisor'
2016-12-15 11:08:04 org.springframework.beans.factory.support.AbstractBeanFactory.doGetBean(AbstractBeanFactory.java:251)  Returning cached instance of singleton bean 'org.springframework.context.annotation.ConfigurationClassPostProcessor.importAwareProcessor'
2016-12-15 11:08:04 org.springframework.beans.factory.support.AbstractBeanFactory.doGetBean(AbstractBeanFactory.java:251)  Returning cached instance of singleton bean 'org.springframework.context.annotation.ConfigurationClassPostProcessor.enhancedConfigurationProcessor'
2016-12-15 11:08:04 org.springframework.beans.factory.support.DefaultSingletonBeanRegistry.getSingleton(DefaultSingletonBeanRegistry.java:221)  Creating shared instance of singleton bean 'dept2Dao'
2016-12-15 11:08:04 org.springframework.beans.factory.support.AbstractAutowireCapableBeanFactory.createBean(AbstractAutowireCapableBeanFactory.java:448)  Creating instance of bean 'dept2Dao'
2016-12-15 11:08:04 org.springframework.beans.factory.support.AbstractAutowireCapableBeanFactory.doCreateBean(AbstractAutowireCapableBeanFactory.java:537)  Eagerly caching bean 'dept2Dao' to allow for resolving potential circular references
2016-12-15 11:08:04 org.springframework.beans.factory.support.AbstractBeanFactory.doGetBean(AbstractBeanFactory.java:251)  Returning cached instance of singleton bean 'sqlSessionFactory'
2016-12-15 11:08:04 org.springframework.beans.factory.support.AbstractAutowireCapableBeanFactory.invokeInitMethods(AbstractAutowireCapableBeanFactory.java:1625)  Invoking afterPropertiesSet() on bean with name 'dept2Dao'
2016-12-15 11:08:04 org.springframework.beans.factory.support.AbstractBeanFactory.doGetBean(AbstractBeanFactory.java:251)  Returning cached instance of singleton bean 'org.springframework.transaction.config.internalTransactionAdvisor'
2016-12-15 11:08:04 org.springframework.beans.factory.support.AbstractAutowireCapableBeanFactory.createBean(AbstractAutowireCapableBeanFactory.java:484)  Finished creating instance of bean 'dept2Dao'
2016-12-15 11:08:04 org.springframework.beans.factory.support.AbstractBeanFactory.doGetBean(AbstractBeanFactory.java:251)  Returning cached instance of singleton bean 'deptDao'
2016-12-15 11:08:04 org.springframework.beans.factory.support.DefaultSingletonBeanRegistry.getSingleton(DefaultSingletonBeanRegistry.java:221)  Creating shared instance of singleton bean 'empDao'
2016-12-15 11:08:04 org.springframework.beans.factory.support.AbstractAutowireCapableBeanFactory.createBean(AbstractAutowireCapableBeanFactory.java:448)  Creating instance of bean 'empDao'
2016-12-15 11:08:04 org.springframework.beans.factory.support.AbstractAutowireCapableBeanFactory.doCreateBean(AbstractAutowireCapableBeanFactory.java:537)  Eagerly caching bean 'empDao' to allow for resolving potential circular references
2016-12-15 11:08:04 org.springframework.beans.factory.support.AbstractBeanFactory.doGetBean(AbstractBeanFactory.java:251)  Returning cached instance of singleton bean 'sqlSessionFactory'
2016-12-15 11:08:04 org.springframework.beans.factory.support.AbstractAutowireCapableBeanFactory.invokeInitMethods(AbstractAutowireCapableBeanFactory.java:1625)  Invoking afterPropertiesSet() on bean with name 'empDao'
2016-12-15 11:08:04 org.springframework.beans.factory.support.AbstractBeanFactory.doGetBean(AbstractBeanFactory.java:251)  Returning cached instance of singleton bean 'org.springframework.transaction.config.internalTransactionAdvisor'
2016-12-15 11:08:04 org.springframework.beans.factory.support.AbstractAutowireCapableBeanFactory.createBean(AbstractAutowireCapableBeanFactory.java:484)  Finished creating instance of bean 'empDao'
2016-12-15 11:08:04 org.springframework.beans.factory.support.AbstractBeanFactory.doGetBean(AbstractBeanFactory.java:251)  Returning cached instance of singleton bean 'org.springframework.context.event.internalEventListenerFactory'
2016-12-15 11:08:04 org.springframework.beans.factory.support.AbstractBeanFactory.doGetBean(AbstractBeanFactory.java:251)  Returning cached instance of singleton bean 'org.springframework.transaction.config.internalTransactionalEventListenerFactory'
2016-12-15 11:08:04 org.springframework.context.support.AbstractApplicationContext.initLifecycleProcessor(AbstractApplicationContext.java:784)  Unable to locate LifecycleProcessor with name 'lifecycleProcessor': using default [org.springframework.context.support.DefaultLifecycleProcessor@2ddc9a9f]
2016-12-15 11:08:04 org.springframework.beans.factory.support.AbstractBeanFactory.doGetBean(AbstractBeanFactory.java:251)  Returning cached instance of singleton bean 'lifecycleProcessor'
2016-12-15 11:08:04 org.springframework.beans.factory.support.AbstractBeanFactory.doGetBean(AbstractBeanFactory.java:251)  Returning cached instance of singleton bean 'sqlSessionFactory'
2016-12-15 11:08:04 org.springframework.core.env.PropertySourcesPropertyResolver.getProperty(PropertySourcesPropertyResolver.java:91)  Could not find key 'spring.liveBeansView.mbeanDomain' in any property source
2016-12-15 11:08:04 org.springframework.beans.factory.support.AbstractBeanFactory.doGetBean(AbstractBeanFactory.java:251)  Returning cached instance of singleton bean 'sqlSessionFactory'
2016-12-15 11:08:04 org.apache.ibatis.logging.commons.JakartaCommonsLoggingImpl.debug(JakartaCommonsLoggingImpl.java:54)  Cache Hit Ratio [com.hc.dao.Dept2Dao]: 0.0
2016-12-15 11:08:04 org.springframework.jdbc.datasource.DataSourceUtils.doGetConnection(DataSourceUtils.java:110)  Fetching JDBC Connection from DataSource
2016-12-15 11:08:04 com.alibaba.druid.pool.DruidDataSource.init(DruidDataSource.java:715)  {dataSource-1} inited
2016-12-15 11:08:04 org.apache.ibatis.logging.commons.JakartaCommonsLoggingImpl.debug(JakartaCommonsLoggingImpl.java:54)  JDBC Connection [com.mysql.jdbc.JDBC4Connection@29f7cefd] will not be managed by Spring
2016-12-15 11:08:04 org.apache.ibatis.logging.commons.JakartaCommonsLoggingImpl.debug(JakartaCommonsLoggingImpl.java:54)  ==>  Preparing: SELECT deptno, dname, loc,kouhao,yusuan from dept WHERE deptno = 10 and dname like '%ACCOUNTING%' 
2016-12-15 11:08:04 org.apache.ibatis.logging.commons.JakartaCommonsLoggingImpl.debug(JakartaCommonsLoggingImpl.java:54)  ==> Parameters: 
2016-12-15 11:08:04 org.apache.ibatis.logging.commons.JakartaCommonsLoggingImpl.debug(JakartaCommonsLoggingImpl.java:54)  <==      Total: 1
2016-12-15 11:08:18 org.springframework.core.env.MutablePropertySources.addLast(MutablePropertySources.java:109)  Adding [systemProperties] PropertySource with lowest search precedence
2016-12-15 11:08:18 org.springframework.core.env.MutablePropertySources.addLast(MutablePropertySources.java:109)  Adding [systemEnvironment] PropertySource with lowest search precedence
2016-12-15 11:08:18 org.springframework.core.env.AbstractEnvironment.<init>(AbstractEnvironment.java:124)  Initialized StandardEnvironment with PropertySources [systemProperties,systemEnvironment]
2016-12-15 11:08:18 org.springframework.context.support.AbstractApplicationContext.prepareRefresh(AbstractApplicationContext.java:582)  Refreshing org.springframework.context.support.ClassPathXmlApplicationContext@45c8e616: startup date [Thu Dec 15 11:08:18 CST 2016]; root of context hierarchy
2016-12-15 11:08:18 org.springframework.core.env.MutablePropertySources.addLast(MutablePropertySources.java:109)  Adding [systemProperties] PropertySource with lowest search precedence
2016-12-15 11:08:18 org.springframework.core.env.MutablePropertySources.addLast(MutablePropertySources.java:109)  Adding [systemEnvironment] PropertySource with lowest search precedence
2016-12-15 11:08:18 org.springframework.core.env.AbstractEnvironment.<init>(AbstractEnvironment.java:124)  Initialized StandardEnvironment with PropertySources [systemProperties,systemEnvironment]
2016-12-15 11:08:18 org.springframework.beans.factory.xml.XmlBeanDefinitionReader.loadBeanDefinitions(XmlBeanDefinitionReader.java:317)  Loading XML bean definitions from class path resource [applicationContext.xml]
2016-12-15 11:08:18 org.springframework.beans.factory.xml.DefaultDocumentLoader.loadDocument(DefaultDocumentLoader.java:73)  Using JAXP provider [com.sun.org.apache.xerces.internal.jaxp.DocumentBuilderFactoryImpl]
2016-12-15 11:08:18 org.springframework.beans.factory.xml.PluggableSchemaResolver.getSchemaMappings(PluggableSchemaResolver.java:141)  Loading schema mappings from [META-INF/spring.schemas]
2016-12-15 11:08:18 org.springframework.beans.factory.xml.PluggableSchemaResolver.getSchemaMappings(PluggableSchemaResolver.java:147)  Loaded schema mappings: {http://www.springframework.org/schema/tx/spring-tx-4.3.xsd=org/springframework/transaction/config/spring-tx-4.3.xsd, http://www.springframework.org/schema/tx/spring-tx-2.5.xsd=org/springframework/transaction/config/spring-tx-2.5.xsd, http://www.springframework.org/schema/cache/spring-cache-4.2.xsd=org/springframework/cache/config/spring-cache-4.2.xsd, http://www.springframework.org/schema/aop/spring-aop-4.1.xsd=org/springframework/aop/config/spring-aop-4.1.xsd, http://www.springframework.org/schema/context/spring-context-3.1.xsd=org/springframework/context/config/spring-context-3.1.xsd, http://www.springframework.org/schema/jdbc/spring-jdbc-4.1.xsd=org/springframework/jdbc/config/spring-jdbc-4.1.xsd, http://www.springframework.org/schema/mvc/spring-mvc-4.1.xsd=org/springframework/web/servlet/config/spring-mvc-4.1.xsd, http://www.springframework.org/schema/util/spring-util-3.0.xsd=org/springframework/beans/factory/xml/spring-util-3.0.xsd, http://mybatis.org/schema/mybatis-spring-1.2.xsd=org/mybatis/spring/config/mybatis-spring-1.2.xsd, http://www.springframework.org/schema/tool/spring-tool.xsd=org/springframework/beans/factory/xml/spring-tool-4.3.xsd, http://www.springframework.org/schema/aop/spring-aop-3.2.xsd=org/springframework/aop/config/spring-aop-3.2.xsd, http://www.springframework.org/schema/lang/spring-lang-4.1.xsd=org/springframework/scripting/config/spring-lang-4.1.xsd, http://www.springframework.org/schema/context/spring-context-4.0.xsd=org/springframework/context/config/spring-context-4.0.xsd, http://www.springframework.org/schema/mvc/spring-mvc-3.2.xsd=org/springframework/web/servlet/config/spring-mvc-3.2.xsd, http://www.springframework.org/schema/beans/spring-beans-4.2.xsd=org/springframework/beans/factory/xml/spring-beans-4.2.xsd, http://www.springframework.org/schema/tool/spring-tool-4.1.xsd=org/springframework/beans/factory/xml/spring-tool-4.1.xsd, http://www.springframework.org/schema/lang/spring-lang-3.2.xsd=org/springframework/scripting/config/spring-lang-3.2.xsd, http://www.springframework.org/schema/cache/spring-cache-3.2.xsd=org/springframework/cache/config/spring-cache-3.2.xsd, http://www.springframework.org/schema/jee/spring-jee-4.1.xsd=org/springframework/ejb/config/spring-jee-4.1.xsd, http://www.springframework.org/schema/jdbc/spring-jdbc-3.1.xsd=org/springframework/jdbc/config/spring-jdbc-3.1.xsd, http://www.springframework.org/schema/util/spring-util-2.0.xsd=org/springframework/beans/factory/xml/spring-util-2.0.xsd, http://www.springframework.org/schema/task/spring-task-4.2.xsd=org/springframework/scheduling/config/spring-task-4.2.xsd, http://www.springframework.org/schema/tool/spring-tool-3.2.xsd=org/springframework/beans/factory/xml/spring-tool-3.2.xsd, http://www.springframework.org/schema/context/spring-context.xsd=org/springframework/context/config/spring-context-4.3.xsd, http://www.springframework.org/schema/tx/spring-tx-4.2.xsd=org/springframework/transaction/config/spring-tx-4.2.xsd, http://www.springframework.org/schema/cache/spring-cache-4.1.xsd=org/springframework/cache/config/spring-cache-4.1.xsd, http://www.springframework.org/schema/aop/spring-aop-4.0.xsd=org/springframework/aop/config/spring-aop-4.0.xsd, http://www.springframework.org/schema/jee/spring-jee-3.2.xsd=org/springframework/ejb/config/spring-jee-3.2.xsd, http://www.springframework.org/schema/context/spring-context-3.0.xsd=org/springframework/context/config/spring-context-3.0.xsd, http://www.springframework.org/schema/jdbc/spring-jdbc-4.0.xsd=org/springframework/jdbc/config/spring-jdbc-4.0.xsd, http://www.springframework.org/schema/mvc/spring-mvc-4.0.xsd=org/springframework/web/servlet/config/spring-mvc-4.0.xsd, http://www.springframework.org/schema/util/spring-util-4.3.xsd=org/springframework/beans/factory/xml/spring-util-4.3.xsd, http://www.springframework.org/schema/util/spring-util-2.5.xsd=org/springframework/beans/factory/xml/spring-util-2.5.xsd, http://www.springframework.org/schema/beans/spring-beans-3.2.xsd=org/springframework/beans/factory/xml/spring-beans-3.2.xsd, http://www.springframework.org/schema/aop/spring-aop-3.1.xsd=org/springframework/aop/config/spring-aop-3.1.xsd, http://www.springframework.org/schema/lang/spring-lang-4.0.xsd=org/springframework/scripting/config/spring-lang-4.0.xsd, http://www.springframework.org/schema/mvc/spring-mvc.xsd=org/springframework/web/servlet/config/spring-mvc-4.3.xsd, http://www.springframework.org/schema/mvc/spring-mvc-3.1.xsd=org/springframework/web/servlet/config/spring-mvc-3.1.xsd, http://www.springframework.org/schema/beans/spring-beans-4.1.xsd=org/springframework/beans/factory/xml/spring-beans-4.1.xsd, http://www.springframework.org/schema/tool/spring-tool-4.0.xsd=org/springframework/beans/factory/xml/spring-tool-4.0.xsd, http://www.springframework.org/schema/tx/spring-tx-3.2.xsd=org/springframework/transaction/config/spring-tx-3.2.xsd, http://www.springframework.org/schema/lang/spring-lang-3.1.xsd=org/springframework/scripting/config/spring-lang-3.1.xsd, http://www.springframework.org/schema/cache/spring-cache-3.1.xsd=org/springframework/cache/config/spring-cache-3.1.xsd, http://www.springframework.org/schema/jee/spring-jee-4.0.xsd=org/springframework/ejb/config/spring-jee-4.0.xsd, http://www.springframework.org/schema/jdbc/spring-jdbc-3.0.xsd=org/springframework/jdbc/config/spring-jdbc-3.0.xsd, http://www.springframework.org/schema/task/spring-task-4.1.xsd=org/springframework/scheduling/config/spring-task-4.1.xsd, http://www.springframework.org/schema/jdbc/spring-jdbc.xsd=org/springframework/jdbc/config/spring-jdbc-4.3.xsd, http://www.springframework.org/schema/tool/spring-tool-3.1.xsd=org/springframework/beans/factory/xml/spring-tool-3.1.xsd, http://www.springframework.org/schema/tx/spring-tx-4.1.xsd=org/springframework/transaction/config/spring-tx-4.1.xsd, http://www.springframework.org/schema/cache/spring-cache-4.0.xsd=org/springframework/cache/config/spring-cache-4.0.xsd, http://www.springframework.org/schema/jee/spring-jee-3.1.xsd=org/springframework/ejb/config/spring-jee-3.1.xsd, http://www.springframework.org/schema/util/spring-util-4.2.xsd=org/springframework/beans/factory/xml/spring-util-4.2.xsd, http://www.springframework.org/schema/task/spring-task-3.2.xsd=org/springframework/scheduling/config/spring-task-3.2.xsd, http://www.springframework.org/schema/beans/spring-beans-3.1.xsd=org/springframework/beans/factory/xml/spring-beans-3.1.xsd, http://www.springframework.org/schema/util/spring-util.xsd=org/springframework/beans/factory/xml/spring-util-4.3.xsd, http://www.springframework.org/schema/aop/spring-aop-3.0.xsd=org/springframework/aop/config/spring-aop-3.0.xsd, http://www.springframework.org/schema/mvc/spring-mvc-3.0.xsd=org/springframework/web/servlet/config/spring-mvc-3.0.xsd, http://www.springframework.org/schema/beans/spring-beans-4.0.xsd=org/springframework/beans/factory/xml/spring-beans-4.0.xsd, http://www.springframework.org/schema/beans/spring-beans.xsd=org/springframework/beans/factory/xml/spring-beans-4.3.xsd, http://mybatis.org/schema/mybatis-spring.xsd=org/mybatis/spring/config/mybatis-spring-1.2.xsd, http://www.springframework.org/schema/tx/spring-tx-3.1.xsd=org/springframework/transaction/config/spring-tx-3.1.xsd, http://www.springframework.org/schema/lang/spring-lang-3.0.xsd=org/springframework/scripting/config/spring-lang-3.0.xsd, http://www.springframework.org/schema/context/spring-context-2.5.xsd=org/springframework/context/config/spring-context-2.5.xsd, http://www.springframework.org/schema/context/spring-context-4.3.xsd=org/springframework/context/config/spring-context-4.3.xsd, http://www.springframework.org/schema/task/spring-task-4.0.xsd=org/springframework/scheduling/config/spring-task-4.0.xsd, http://www.springframework.org/schema/tool/spring-tool-3.0.xsd=org/springframework/beans/factory/xml/spring-tool-3.0.xsd, http://www.springframework.org/schema/tx/spring-tx-4.0.xsd=org/springframework/transaction/config/spring-tx-4.0.xsd, http://www.springframework.org/schema/aop/spring-aop-2.0.xsd=org/springframework/aop/config/spring-aop-2.0.xsd, http://www.springframework.org/schema/jee/spring-jee-3.0.xsd=org/springframework/ejb/config/spring-jee-3.0.xsd, http://www.springframework.org/schema/util/spring-util-4.1.xsd=org/springframework/beans/factory/xml/spring-util-4.1.xsd, http://www.springframework.org/schema/task/spring-task-3.1.xsd=org/springframework/scheduling/config/spring-task-3.1.xsd, http://www.springframework.org/schema/beans/spring-beans-3.0.xsd=org/springframework/beans/factory/xml/spring-beans-3.0.xsd, http://www.springframework.org/schema/jee/spring-jee.xsd=org/springframework/ejb/config/spring-jee-4.3.xsd, http://www.springframework.org/schema/aop/spring-aop-2.5.xsd=org/springframework/aop/config/spring-aop-2.5.xsd, http://www.springframework.org/schema/aop/spring-aop-4.3.xsd=org/springframework/aop/config/spring-aop-4.3.xsd, http://www.springframework.org/schema/lang/spring-lang-2.0.xsd=org/springframework/scripting/config/spring-lang-2.0.xsd, http://www.springframework.org/schema/jdbc/spring-jdbc-4.3.xsd=org/springframework/jdbc/config/spring-jdbc-4.3.xsd, http://www.springframework.org/schema/mvc/spring-mvc-4.3.xsd=org/springframework/web/servlet/config/spring-mvc-4.3.xsd, http://www.springframework.org/schema/util/spring-util-3.2.xsd=org/springframework/beans/factory/xml/spring-util-3.2.xsd, http://www.springframework.org/schema/task/spring-task.xsd=org/springframework/scheduling/config/spring-task-4.3.xsd, http://www.springframework.org/schema/tool/spring-tool-2.0.xsd=org/springframework/beans/factory/xml/spring-tool-2.0.xsd, http://www.springframework.org/schema/tx/spring-tx-3.0.xsd=org/springframework/transaction/config/spring-tx-3.0.xsd, http://www.springframework.org/schema/lang/spring-lang-2.5.xsd=org/springframework/scripting/config/spring-lang-2.5.xsd, http://www.springframework.org/schema/lang/spring-lang-4.3.xsd=org/springframework/scripting/config/spring-lang-4.3.xsd, http://www.springframework.org/schema/context/spring-context-4.2.xsd=org/springframework/context/config/spring-context-4.2.xsd, http://www.springframework.org/schema/jee/spring-jee-2.0.xsd=org/springframework/ejb/config/spring-jee-2.0.xsd, http://www.springframework.org/schema/tool/spring-tool-4.3.xsd=org/springframework/beans/factory/xml/spring-tool-4.3.xsd, http://www.springframework.org/schema/tool/spring-tool-2.5.xsd=org/springframework/beans/factory/xml/spring-tool-2.5.xsd, http://www.springframework.org/schema/jee/spring-jee-4.3.xsd=org/springframework/ejb/config/spring-jee-4.3.xsd, http://www.springframework.org/schema/jee/spring-jee-2.5.xsd=org/springframework/ejb/config/spring-jee-2.5.xsd, http://www.springframework.org/schema/util/spring-util-4.0.xsd=org/springframework/beans/factory/xml/spring-util-4.0.xsd, http://www.springframework.org/schema/task/spring-task-3.0.xsd=org/springframework/scheduling/config/spring-task-3.0.xsd, http://www.springframework.org/schema/cache/spring-cache-4.3.xsd=org/springframework/cache/config/spring-cache-4.3.xsd, http://www.springframework.org/schema/aop/spring-aop-4.2.xsd=org/springframework/aop/config/spring-aop-4.2.xsd, http://www.springframework.org/schema/lang/spring-lang.xsd=org/springframework/scripting/config/spring-lang-4.3.xsd, http://www.springframework.org/schema/context/spring-context-3.2.xsd=org/springframework/context/config/spring-context-3.2.xsd, http://www.springframework.org/schema/jdbc/spring-jdbc-4.2.xsd=org/springframework/jdbc/config/spring-jdbc-4.2.xsd, http://www.springframework.org/schema/mvc/spring-mvc-4.2.xsd=org/springframework/web/servlet/config/spring-mvc-4.2.xsd, http://www.springframework.org/schema/util/spring-util-3.1.xsd=org/springframework/beans/factory/xml/spring-util-3.1.xsd, http://www.springframework.org/schema/beans/spring-beans-2.0.xsd=org/springframework/beans/factory/xml/spring-beans-2.0.xsd, http://www.springframework.org/schema/cache/spring-cache.xsd=org/springframework/cache/config/spring-cache-4.3.xsd, http://www.springframework.org/schema/tx/spring-tx.xsd=org/springframework/transaction/config/spring-tx-4.3.xsd, http://www.springframework.org/schema/lang/spring-lang-4.2.xsd=org/springframework/scripting/config/spring-lang-4.2.xsd, http://www.springframework.org/schema/context/spring-context-4.1.xsd=org/springframework/context/config/spring-context-4.1.xsd, http://www.springframework.org/schema/beans/spring-beans-2.5.xsd=org/springframework/beans/factory/xml/spring-beans-2.5.xsd, http://www.springframework.org/schema/beans/spring-beans-4.3.xsd=org/springframework/beans/factory/xml/spring-beans-4.3.xsd, http://www.springframework.org/schema/tool/spring-tool-4.2.xsd=org/springframework/beans/factory/xml/spring-tool-4.2.xsd, http://www.springframework.org/schema/tx/spring-tx-2.0.xsd=org/springframework/transaction/config/spring-tx-2.0.xsd, http://www.alibaba.com/schema/stat.xsd=META-INF/stat.xsd, http://www.springframework.org/schema/jee/spring-jee-4.2.xsd=org/springframework/ejb/config/spring-jee-4.2.xsd, http://www.springframework.org/schema/jdbc/spring-jdbc-3.2.xsd=org/springframework/jdbc/config/spring-jdbc-3.2.xsd, http://www.springframework.org/schema/task/spring-task-4.3.xsd=org/springframework/scheduling/config/spring-task-4.3.xsd, http://www.springframework.org/schema/aop/spring-aop.xsd=org/springframework/aop/config/spring-aop-4.3.xsd}
2016-12-15 11:08:18 org.springframework.beans.factory.xml.PluggableSchemaResolver.resolveEntity(PluggableSchemaResolver.java:119)  Found XML schema [http://www.springframework.org/schema/beans/spring-beans.xsd] in classpath: org/springframework/beans/factory/xml/spring-beans-4.3.xsd
2016-12-15 11:08:18 org.springframework.beans.factory.xml.PluggableSchemaResolver.resolveEntity(PluggableSchemaResolver.java:119)  Found XML schema [http://www.springframework.org/schema/context/spring-context.xsd] in classpath: org/springframework/context/config/spring-context-4.3.xsd
2016-12-15 11:08:18 org.springframework.beans.factory.xml.PluggableSchemaResolver.resolveEntity(PluggableSchemaResolver.java:119)  Found XML schema [http://www.springframework.org/schema/tool/spring-tool-4.3.xsd] in classpath: org/springframework/beans/factory/xml/spring-tool-4.3.xsd
2016-12-15 11:08:18 org.springframework.beans.factory.xml.PluggableSchemaResolver.resolveEntity(PluggableSchemaResolver.java:119)  Found XML schema [http://www.springframework.org/schema/tx/spring-tx.xsd] in classpath: org/springframework/transaction/config/spring-tx-4.3.xsd
2016-12-15 11:08:18 org.springframework.beans.factory.xml.DefaultBeanDefinitionDocumentReader.registerBeanDefinitions(DefaultBeanDefinitionDocumentReader.java:92)  Loading bean definitions
2016-12-15 11:08:18 org.springframework.beans.factory.xml.DefaultNamespaceHandlerResolver.getHandlerMappings(DefaultNamespaceHandlerResolver.java:157)  Loaded NamespaceHandler mappings: {http://www.springframework.org/schema/p=org.springframework.beans.factory.xml.SimplePropertyNamespaceHandler, http://www.springframework.org/schema/mvc=org.springframework.web.servlet.config.MvcNamespaceHandler, http://www.springframework.org/schema/util=org.springframework.beans.factory.xml.UtilNamespaceHandler, http://www.alibaba.com/schema/stat=com.alibaba.druid.support.spring.stat.config.DruidStatNamespaceHandler, http://www.springframework.org/schema/jee=org.springframework.ejb.config.JeeNamespaceHandler, http://www.springframework.org/schema/aop=org.springframework.aop.config.AopNamespaceHandler, http://www.springframework.org/schema/jdbc=org.springframework.jdbc.config.JdbcNamespaceHandler, http://www.springframework.org/schema/cache=org.springframework.cache.config.CacheNamespaceHandler, http://mybatis.org/schema/mybatis-spring=org.mybatis.spring.config.NamespaceHandler, http://www.springframework.org/schema/c=org.springframework.beans.factory.xml.SimpleConstructorNamespaceHandler, http://www.springframework.org/schema/tx=org.springframework.transaction.config.TxNamespaceHandler, http://www.springframework.org/schema/task=org.springframework.scheduling.config.TaskNamespaceHandler, http://www.springframework.org/schema/lang=org.springframework.scripting.config.LangNamespaceHandler, http://www.springframework.org/schema/context=org.springframework.context.config.ContextNamespaceHandler}
2016-12-15 11:08:18 org.springframework.core.env.MutablePropertySources.addLast(MutablePropertySources.java:109)  Adding [systemProperties] PropertySource with lowest search precedence
2016-12-15 11:08:18 org.springframework.core.env.MutablePropertySources.addLast(MutablePropertySources.java:109)  Adding [systemEnvironment] PropertySource with lowest search precedence
2016-12-15 11:08:18 org.springframework.core.env.AbstractEnvironment.<init>(AbstractEnvironment.java:124)  Initialized StandardEnvironment with PropertySources [systemProperties,systemEnvironment]
2016-12-15 11:08:18 org.springframework.core.io.support.PathMatchingResourcePatternResolver.findAllClassPathResources(PathMatchingResourcePatternResolver.java:317)  Resolved classpath location [com/hc/] to resources [URL [file:/D:/SpringMybatisWebDemo/target/classes/com/hc/]]
2016-12-15 11:08:18 org.springframework.core.io.support.PathMatchingResourcePatternResolver.doFindMatchingFileSystemResources(PathMatchingResourcePatternResolver.java:711)  Looking for matching resources in directory tree [D:\SpringMybatisWebDemo\target\classes\com\hc]
2016-12-15 11:08:18 org.springframework.core.io.support.PathMatchingResourcePatternResolver.doRetrieveMatchingFiles(PathMatchingResourcePatternResolver.java:773)  Searching directory [D:\SpringMybatisWebDemo\target\classes\com\hc] for files matching pattern [D:/SpringMybatisWebDemo/target/classes/com/hc/**/*.class]
2016-12-15 11:08:18 org.springframework.core.io.support.PathMatchingResourcePatternResolver.doRetrieveMatchingFiles(PathMatchingResourcePatternResolver.java:773)  Searching directory [D:\SpringMybatisWebDemo\target\classes\com\hc\action] for files matching pattern [D:/SpringMybatisWebDemo/target/classes/com/hc/**/*.class]
2016-12-15 11:08:18 org.springframework.core.io.support.PathMatchingResourcePatternResolver.doRetrieveMatchingFiles(PathMatchingResourcePatternResolver.java:773)  Searching directory [D:\SpringMybatisWebDemo\target\classes\com\hc\dao] for files matching pattern [D:/SpringMybatisWebDemo/target/classes/com/hc/**/*.class]
2016-12-15 11:08:18 org.springframework.core.io.support.PathMatchingResourcePatternResolver.doRetrieveMatchingFiles(PathMatchingResourcePatternResolver.java:773)  Searching directory [D:\SpringMybatisWebDemo\target\classes\com\hc\domain] for files matching pattern [D:/SpringMybatisWebDemo/target/classes/com/hc/**/*.class]
2016-12-15 11:08:18 org.springframework.core.io.support.PathMatchingResourcePatternResolver.doRetrieveMatchingFiles(PathMatchingResourcePatternResolver.java:773)  Searching directory [D:\SpringMybatisWebDemo\target\classes\com\hc\mapping] for files matching pattern [D:/SpringMybatisWebDemo/target/classes/com/hc/**/*.class]
2016-12-15 11:08:18 org.springframework.core.io.support.PathMatchingResourcePatternResolver.doRetrieveMatchingFiles(PathMatchingResourcePatternResolver.java:773)  Searching directory [D:\SpringMybatisWebDemo\target\classes\com\hc\service] for files matching pattern [D:/SpringMybatisWebDemo/target/classes/com/hc/**/*.class]
2016-12-15 11:08:18 org.springframework.core.io.support.PathMatchingResourcePatternResolver.doRetrieveMatchingFiles(PathMatchingResourcePatternResolver.java:773)  Searching directory [D:\SpringMybatisWebDemo\target\classes\com\hc\service\impl] for files matching pattern [D:/SpringMybatisWebDemo/target/classes/com/hc/**/*.class]
2016-12-15 11:08:18 org.springframework.core.io.support.PathMatchingResourcePatternResolver.findPathMatchingResources(PathMatchingResourcePatternResolver.java:483)  Resolved location pattern [classpath*:com/hc/**/*.class] to resources [file [D:\SpringMybatisWebDemo\target\classes\com\hc\action\DeptController.class], file [D:\SpringMybatisWebDemo\target\classes\com\hc\action\DeptServlet.class], file [D:\SpringMybatisWebDemo\target\classes\com\hc\dao\Dept2Dao.class], file [D:\SpringMybatisWebDemo\target\classes\com\hc\dao\DeptDao.class], file [D:\SpringMybatisWebDemo\target\classes\com\hc\dao\EmpDao.class], file [D:\SpringMybatisWebDemo\target\classes\com\hc\DemoTest.class], file [D:\SpringMybatisWebDemo\target\classes\com\hc\domain\Dept.class], file [D:\SpringMybatisWebDemo\target\classes\com\hc\domain\Dept2.class], file [D:\SpringMybatisWebDemo\target\classes\com\hc\domain\DeptQuery.class], file [D:\SpringMybatisWebDemo\target\classes\com\hc\domain\Emp.class], file [D:\SpringMybatisWebDemo\target\classes\com\hc\service\DeptService.class], file [D:\SpringMybatisWebDemo\target\classes\com\hc\service\impl\DeptServiceImpl.class]]
2016-12-15 11:08:18 org.springframework.context.annotation.ClassPathScanningCandidateComponentProvider.findCandidateComponents(ClassPathScanningCandidateComponentProvider.java:286)  Identified candidate component class: file [D:\SpringMybatisWebDemo\target\classes\com\hc\action\DeptController.class]
2016-12-15 11:08:18 org.springframework.context.annotation.ClassPathScanningCandidateComponentProvider.findCandidateComponents(ClassPathScanningCandidateComponentProvider.java:286)  Identified candidate component class: file [D:\SpringMybatisWebDemo\target\classes\com\hc\service\impl\DeptServiceImpl.class]
2016-12-15 11:08:18 org.springframework.beans.factory.xml.BeanDefinitionParserDelegate.parseBeanDefinitionElement(BeanDefinitionParserDelegate.java:481)  Neither XML 'id' nor 'name' specified - using generated bean name [org.mybatis.spring.mapper.MapperScannerConfigurer#0]
2016-12-15 11:08:18 org.springframework.beans.factory.support.AbstractBeanDefinitionReader.loadBeanDefinitions(AbstractBeanDefinitionReader.java:224)  Loaded 17 bean definitions from location pattern [applicationContext.xml]
2016-12-15 11:08:18 org.springframework.context.support.AbstractApplicationContext.obtainFreshBeanFactory(AbstractApplicationContext.java:616)  Bean factory for org.springframework.context.support.ClassPathXmlApplicationContext@45c8e616: org.springframework.beans.factory.support.DefaultListableBeanFactory@25359ed8: defining beans [deptController,deptServiceImpl,org.springframework.context.annotation.internalConfigurationAnnotationProcessor,org.springframework.context.annotation.internalAutowiredAnnotationProcessor,org.springframework.context.annotation.internalRequiredAnnotationProcessor,org.springframework.context.annotation.internalCommonAnnotationProcessor,org.springframework.context.event.internalEventListenerProcessor,org.springframework.context.event.internalEventListenerFactory,dataSource123,sqlSessionFactory,org.mybatis.spring.mapper.MapperScannerConfigurer#0,txManager,org.springframework.transaction.config.internalTransactionalEventListenerFactory,org.springframework.aop.config.internalAutoProxyCreator,org.springframework.transaction.annotation.AnnotationTransactionAttributeSource#0,org.springframework.transaction.interceptor.TransactionInterceptor#0,org.springframework.transaction.config.internalTransactionAdvisor]; root of factory hierarchy
2016-12-15 11:08:18 org.springframework.beans.factory.support.DefaultSingletonBeanRegistry.getSingleton(DefaultSingletonBeanRegistry.java:221)  Creating shared instance of singleton bean 'org.springframework.context.annotation.internalConfigurationAnnotationProcessor'
2016-12-15 11:08:18 org.springframework.beans.factory.support.AbstractAutowireCapableBeanFactory.createBean(AbstractAutowireCapableBeanFactory.java:448)  Creating instance of bean 'org.springframework.context.annotation.internalConfigurationAnnotationProcessor'
2016-12-15 11:08:19 org.springframework.beans.factory.support.AbstractAutowireCapableBeanFactory.doCreateBean(AbstractAutowireCapableBeanFactory.java:537)  Eagerly caching bean 'org.springframework.context.annotation.internalConfigurationAnnotationProcessor' to allow for resolving potential circular references
2016-12-15 11:08:19 org.springframework.beans.factory.support.AbstractAutowireCapableBeanFactory.createBean(AbstractAutowireCapableBeanFactory.java:484)  Finished creating instance of bean 'org.springframework.context.annotation.internalConfigurationAnnotationProcessor'
2016-12-15 11:08:19 org.springframework.beans.factory.support.DefaultSingletonBeanRegistry.getSingleton(DefaultSingletonBeanRegistry.java:221)  Creating shared instance of singleton bean 'org.mybatis.spring.mapper.MapperScannerConfigurer#0'
2016-12-15 11:08:19 org.springframework.beans.factory.support.AbstractAutowireCapableBeanFactory.createBean(AbstractAutowireCapableBeanFactory.java:448)  Creating instance of bean 'org.mybatis.spring.mapper.MapperScannerConfigurer#0'
2016-12-15 11:08:19 org.springframework.beans.factory.support.AbstractAutowireCapableBeanFactory.doCreateBean(AbstractAutowireCapableBeanFactory.java:537)  Eagerly caching bean 'org.mybatis.spring.mapper.MapperScannerConfigurer#0' to allow for resolving potential circular references
2016-12-15 11:08:19 org.springframework.beans.factory.support.AbstractAutowireCapableBeanFactory.invokeInitMethods(AbstractAutowireCapableBeanFactory.java:1625)  Invoking afterPropertiesSet() on bean with name 'org.mybatis.spring.mapper.MapperScannerConfigurer#0'
2016-12-15 11:08:19 org.springframework.beans.factory.support.AbstractAutowireCapableBeanFactory.createBean(AbstractAutowireCapableBeanFactory.java:484)  Finished creating instance of bean 'org.mybatis.spring.mapper.MapperScannerConfigurer#0'
2016-12-15 11:08:19 org.springframework.core.env.MutablePropertySources.addLast(MutablePropertySources.java:109)  Adding [systemProperties] PropertySource with lowest search precedence
2016-12-15 11:08:19 org.springframework.core.env.MutablePropertySources.addLast(MutablePropertySources.java:109)  Adding [systemEnvironment] PropertySource with lowest search precedence
2016-12-15 11:08:19 org.springframework.core.env.AbstractEnvironment.<init>(AbstractEnvironment.java:124)  Initialized StandardEnvironment with PropertySources [systemProperties,systemEnvironment]
2016-12-15 11:08:19 org.springframework.core.io.support.PathMatchingResourcePatternResolver.findAllClassPathResources(PathMatchingResourcePatternResolver.java:317)  Resolved classpath location [com/hc/dao/] to resources [URL [file:/D:/SpringMybatisWebDemo/target/classes/com/hc/dao/]]
2016-12-15 11:08:19 org.springframework.core.io.support.PathMatchingResourcePatternResolver.doFindMatchingFileSystemResources(PathMatchingResourcePatternResolver.java:711)  Looking for matching resources in directory tree [D:\SpringMybatisWebDemo\target\classes\com\hc\dao]
2016-12-15 11:08:19 org.springframework.core.io.support.PathMatchingResourcePatternResolver.doRetrieveMatchingFiles(PathMatchingResourcePatternResolver.java:773)  Searching directory [D:\SpringMybatisWebDemo\target\classes\com\hc\dao] for files matching pattern [D:/SpringMybatisWebDemo/target/classes/com/hc/dao/**/*.class]
2016-12-15 11:08:19 org.springframework.core.io.support.PathMatchingResourcePatternResolver.findPathMatchingResources(PathMatchingResourcePatternResolver.java:483)  Resolved location pattern [classpath*:com/hc/dao/**/*.class] to resources [file [D:\SpringMybatisWebDemo\target\classes\com\hc\dao\Dept2Dao.class], file [D:\SpringMybatisWebDemo\target\classes\com\hc\dao\DeptDao.class], file [D:\SpringMybatisWebDemo\target\classes\com\hc\dao\EmpDao.class]]
2016-12-15 11:08:19 org.springframework.context.annotation.ClassPathScanningCandidateComponentProvider.findCandidateComponents(ClassPathScanningCandidateComponentProvider.java:286)  Identified candidate component class: file [D:\SpringMybatisWebDemo\target\classes\com\hc\dao\Dept2Dao.class]
2016-12-15 11:08:19 org.springframework.context.annotation.ClassPathScanningCandidateComponentProvider.findCandidateComponents(ClassPathScanningCandidateComponentProvider.java:286)  Identified candidate component class: file [D:\SpringMybatisWebDemo\target\classes\com\hc\dao\DeptDao.class]
2016-12-15 11:08:19 org.springframework.context.annotation.ClassPathScanningCandidateComponentProvider.findCandidateComponents(ClassPathScanningCandidateComponentProvider.java:286)  Identified candidate component class: file [D:\SpringMybatisWebDemo\target\classes\com\hc\dao\EmpDao.class]
2016-12-15 11:08:19 org.mybatis.spring.mapper.ClassPathMapperScanner.processBeanDefinitions(ClassPathMapperScanner.java:181)  Creating MapperFactoryBean with name 'dept2Dao' and 'com.hc.dao.Dept2Dao' mapperInterface
2016-12-15 11:08:19 org.mybatis.spring.mapper.ClassPathMapperScanner.processBeanDefinitions(ClassPathMapperScanner.java:181)  Creating MapperFactoryBean with name 'deptDao' and 'com.hc.dao.DeptDao' mapperInterface
2016-12-15 11:08:19 org.mybatis.spring.mapper.ClassPathMapperScanner.processBeanDefinitions(ClassPathMapperScanner.java:181)  Creating MapperFactoryBean with name 'empDao' and 'com.hc.dao.EmpDao' mapperInterface
2016-12-15 11:08:19 org.springframework.beans.factory.support.DefaultSingletonBeanRegistry.getSingleton(DefaultSingletonBeanRegistry.java:221)  Creating shared instance of singleton bean 'org.springframework.context.annotation.internalAutowiredAnnotationProcessor'
2016-12-15 11:08:19 org.springframework.beans.factory.support.AbstractAutowireCapableBeanFactory.createBean(AbstractAutowireCapableBeanFactory.java:448)  Creating instance of bean 'org.springframework.context.annotation.internalAutowiredAnnotationProcessor'
2016-12-15 11:08:19 org.springframework.beans.factory.support.AbstractAutowireCapableBeanFactory.doCreateBean(AbstractAutowireCapableBeanFactory.java:537)  Eagerly caching bean 'org.springframework.context.annotation.internalAutowiredAnnotationProcessor' to allow for resolving potential circular references
2016-12-15 11:08:19 org.springframework.beans.factory.support.AbstractAutowireCapableBeanFactory.createBean(AbstractAutowireCapableBeanFactory.java:484)  Finished creating instance of bean 'org.springframework.context.annotation.internalAutowiredAnnotationProcessor'
2016-12-15 11:08:19 org.springframework.beans.factory.support.DefaultSingletonBeanRegistry.getSingleton(DefaultSingletonBeanRegistry.java:221)  Creating shared instance of singleton bean 'org.springframework.context.annotation.internalRequiredAnnotationProcessor'
2016-12-15 11:08:19 org.springframework.beans.factory.support.AbstractAutowireCapableBeanFactory.createBean(AbstractAutowireCapableBeanFactory.java:448)  Creating instance of bean 'org.springframework.context.annotation.internalRequiredAnnotationProcessor'
2016-12-15 11:08:19 org.springframework.beans.factory.support.AbstractAutowireCapableBeanFactory.doCreateBean(AbstractAutowireCapableBeanFactory.java:537)  Eagerly caching bean 'org.springframework.context.annotation.internalRequiredAnnotationProcessor' to allow for resolving potential circular references
2016-12-15 11:08:19 org.springframework.beans.factory.support.AbstractAutowireCapableBeanFactory.createBean(AbstractAutowireCapableBeanFactory.java:484)  Finished creating instance of bean 'org.springframework.context.annotation.internalRequiredAnnotationProcessor'
2016-12-15 11:08:19 org.springframework.beans.factory.support.DefaultSingletonBeanRegistry.getSingleton(DefaultSingletonBeanRegistry.java:221)  Creating shared instance of singleton bean 'org.springframework.context.annotation.internalCommonAnnotationProcessor'
2016-12-15 11:08:19 org.springframework.beans.factory.support.AbstractAutowireCapableBeanFactory.createBean(AbstractAutowireCapableBeanFactory.java:448)  Creating instance of bean 'org.springframework.context.annotation.internalCommonAnnotationProcessor'
2016-12-15 11:08:19 org.springframework.beans.factory.support.AbstractAutowireCapableBeanFactory.doCreateBean(AbstractAutowireCapableBeanFactory.java:537)  Eagerly caching bean 'org.springframework.context.annotation.internalCommonAnnotationProcessor' to allow for resolving potential circular references
2016-12-15 11:08:19 org.springframework.beans.factory.support.AbstractAutowireCapableBeanFactory.createBean(AbstractAutowireCapableBeanFactory.java:484)  Finished creating instance of bean 'org.springframework.context.annotation.internalCommonAnnotationProcessor'
2016-12-15 11:08:19 org.springframework.beans.factory.support.DefaultSingletonBeanRegistry.getSingleton(DefaultSingletonBeanRegistry.java:221)  Creating shared instance of singleton bean 'org.springframework.context.annotation.ConfigurationClassPostProcessor.importAwareProcessor'
2016-12-15 11:08:19 org.springframework.beans.factory.support.AbstractAutowireCapableBeanFactory.createBean(AbstractAutowireCapableBeanFactory.java:448)  Creating instance of bean 'org.springframework.context.annotation.ConfigurationClassPostProcessor.importAwareProcessor'
2016-12-15 11:08:19 org.springframework.beans.factory.support.AbstractAutowireCapableBeanFactory.doCreateBean(AbstractAutowireCapableBeanFactory.java:537)  Eagerly caching bean 'org.springframework.context.annotation.ConfigurationClassPostProcessor.importAwareProcessor' to allow for resolving potential circular references
2016-12-15 11:08:19 org.springframework.beans.factory.support.AbstractAutowireCapableBeanFactory.createBean(AbstractAutowireCapableBeanFactory.java:484)  Finished creating instance of bean 'org.springframework.context.annotation.ConfigurationClassPostProcessor.importAwareProcessor'
2016-12-15 11:08:19 org.springframework.beans.factory.support.DefaultSingletonBeanRegistry.getSingleton(DefaultSingletonBeanRegistry.java:221)  Creating shared instance of singleton bean 'org.springframework.context.annotation.ConfigurationClassPostProcessor.enhancedConfigurationProcessor'
2016-12-15 11:08:19 org.springframework.beans.factory.support.AbstractAutowireCapableBeanFactory.createBean(AbstractAutowireCapableBeanFactory.java:448)  Creating instance of bean 'org.springframework.context.annotation.ConfigurationClassPostProcessor.enhancedConfigurationProcessor'
2016-12-15 11:08:19 org.springframework.beans.factory.support.AbstractAutowireCapableBeanFactory.doCreateBean(AbstractAutowireCapableBeanFactory.java:537)  Eagerly caching bean 'org.springframework.context.annotation.ConfigurationClassPostProcessor.enhancedConfigurationProcessor' to allow for resolving potential circular references
2016-12-15 11:08:19 org.springframework.beans.factory.support.AbstractAutowireCapableBeanFactory.createBean(AbstractAutowireCapableBeanFactory.java:484)  Finished creating instance of bean 'org.springframework.context.annotation.ConfigurationClassPostProcessor.enhancedConfigurationProcessor'
2016-12-15 11:08:19 org.springframework.beans.factory.support.DefaultSingletonBeanRegistry.getSingleton(DefaultSingletonBeanRegistry.java:221)  Creating shared instance of singleton bean 'org.springframework.aop.config.internalAutoProxyCreator'
2016-12-15 11:08:19 org.springframework.beans.factory.support.AbstractAutowireCapableBeanFactory.createBean(AbstractAutowireCapableBeanFactory.java:448)  Creating instance of bean 'org.springframework.aop.config.internalAutoProxyCreator'
2016-12-15 11:08:19 org.springframework.beans.factory.support.AbstractAutowireCapableBeanFactory.doCreateBean(AbstractAutowireCapableBeanFactory.java:537)  Eagerly caching bean 'org.springframework.aop.config.internalAutoProxyCreator' to allow for resolving potential circular references
2016-12-15 11:08:19 org.springframework.beans.factory.support.AbstractAutowireCapableBeanFactory.createBean(AbstractAutowireCapableBeanFactory.java:484)  Finished creating instance of bean 'org.springframework.aop.config.internalAutoProxyCreator'
2016-12-15 11:08:19 org.springframework.context.support.AbstractApplicationContext.initMessageSource(AbstractApplicationContext.java:733)  Unable to locate MessageSource with name 'messageSource': using default [org.springframework.context.support.DelegatingMessageSource@7193666c]
2016-12-15 11:08:19 org.springframework.context.support.AbstractApplicationContext.initApplicationEventMulticaster(AbstractApplicationContext.java:757)  Unable to locate ApplicationEventMulticaster with name 'applicationEventMulticaster': using default [org.springframework.context.event.SimpleApplicationEventMulticaster@55b7a4e0]
2016-12-15 11:08:19 org.springframework.beans.factory.support.DefaultListableBeanFactory.preInstantiateSingletons(DefaultListableBeanFactory.java:723)  Pre-instantiating singletons in org.springframework.beans.factory.support.DefaultListableBeanFactory@25359ed8: defining beans [deptController,deptServiceImpl,org.springframework.context.annotation.internalConfigurationAnnotationProcessor,org.springframework.context.annotation.internalAutowiredAnnotationProcessor,org.springframework.context.annotation.internalRequiredAnnotationProcessor,org.springframework.context.annotation.internalCommonAnnotationProcessor,org.springframework.context.event.internalEventListenerProcessor,org.springframework.context.event.internalEventListenerFactory,dataSource123,sqlSessionFactory,org.mybatis.spring.mapper.MapperScannerConfigurer#0,txManager,org.springframework.transaction.config.internalTransactionalEventListenerFactory,org.springframework.aop.config.internalAutoProxyCreator,org.springframework.transaction.annotation.AnnotationTransactionAttributeSource#0,org.springframework.transaction.interceptor.TransactionInterceptor#0,org.springframework.transaction.config.internalTransactionAdvisor,org.springframework.context.annotation.ConfigurationClassPostProcessor.importAwareProcessor,org.springframework.context.annotation.ConfigurationClassPostProcessor.enhancedConfigurationProcessor,dept2Dao,deptDao,empDao]; root of factory hierarchy
2016-12-15 11:08:19 org.springframework.beans.factory.support.DefaultSingletonBeanRegistry.getSingleton(DefaultSingletonBeanRegistry.java:221)  Creating shared instance of singleton bean 'deptController'
2016-12-15 11:08:19 org.springframework.beans.factory.support.AbstractAutowireCapableBeanFactory.createBean(AbstractAutowireCapableBeanFactory.java:448)  Creating instance of bean 'deptController'
2016-12-15 11:08:19 org.springframework.beans.factory.annotation.InjectionMetadata.checkConfigMembers(InjectionMetadata.java:72)  Registered injected element on class [com.hc.action.DeptController]: AutowiredFieldElement for private com.hc.service.DeptService com.hc.action.DeptController.deptService
2016-12-15 11:08:19 org.springframework.beans.factory.support.AbstractAutowireCapableBeanFactory.doCreateBean(AbstractAutowireCapableBeanFactory.java:537)  Eagerly caching bean 'deptController' to allow for resolving potential circular references
2016-12-15 11:08:19 org.springframework.beans.factory.annotation.InjectionMetadata.inject(InjectionMetadata.java:86)  Processing injected element of bean 'deptController': AutowiredFieldElement for private com.hc.service.DeptService com.hc.action.DeptController.deptService
2016-12-15 11:08:19 org.springframework.beans.factory.support.DefaultSingletonBeanRegistry.getSingleton(DefaultSingletonBeanRegistry.java:221)  Creating shared instance of singleton bean 'deptServiceImpl'
2016-12-15 11:08:19 org.springframework.beans.factory.support.AbstractAutowireCapableBeanFactory.createBean(AbstractAutowireCapableBeanFactory.java:448)  Creating instance of bean 'deptServiceImpl'
2016-12-15 11:08:19 org.springframework.beans.factory.annotation.InjectionMetadata.checkConfigMembers(InjectionMetadata.java:72)  Registered injected element on class [com.hc.service.impl.DeptServiceImpl]: AutowiredFieldElement for private com.hc.dao.DeptDao com.hc.service.impl.DeptServiceImpl.deptDao
2016-12-15 11:08:19 org.springframework.beans.factory.support.AbstractAutowireCapableBeanFactory.doCreateBean(AbstractAutowireCapableBeanFactory.java:537)  Eagerly caching bean 'deptServiceImpl' to allow for resolving potential circular references
2016-12-15 11:08:19 org.springframework.beans.factory.annotation.InjectionMetadata.inject(InjectionMetadata.java:86)  Processing injected element of bean 'deptServiceImpl': AutowiredFieldElement for private com.hc.dao.DeptDao com.hc.service.impl.DeptServiceImpl.deptDao
2016-12-15 11:08:19 org.springframework.beans.factory.support.DefaultSingletonBeanRegistry.getSingleton(DefaultSingletonBeanRegistry.java:221)  Creating shared instance of singleton bean 'deptDao'
2016-12-15 11:08:19 org.springframework.beans.factory.support.AbstractAutowireCapableBeanFactory.createBean(AbstractAutowireCapableBeanFactory.java:448)  Creating instance of bean 'deptDao'
2016-12-15 11:08:19 org.springframework.beans.factory.support.AbstractAutowireCapableBeanFactory.doCreateBean(AbstractAutowireCapableBeanFactory.java:537)  Eagerly caching bean 'deptDao' to allow for resolving potential circular references
2016-12-15 11:08:19 org.springframework.beans.factory.support.DefaultSingletonBeanRegistry.getSingleton(DefaultSingletonBeanRegistry.java:221)  Creating shared instance of singleton bean 'sqlSessionFactory'
2016-12-15 11:08:19 org.springframework.beans.factory.support.AbstractAutowireCapableBeanFactory.createBean(AbstractAutowireCapableBeanFactory.java:448)  Creating instance of bean 'sqlSessionFactory'
2016-12-15 11:08:19 org.springframework.beans.factory.support.AbstractAutowireCapableBeanFactory.doCreateBean(AbstractAutowireCapableBeanFactory.java:537)  Eagerly caching bean 'sqlSessionFactory' to allow for resolving potential circular references
2016-12-15 11:08:19 org.springframework.beans.factory.support.DefaultSingletonBeanRegistry.getSingleton(DefaultSingletonBeanRegistry.java:221)  Creating shared instance of singleton bean 'dataSource123'
2016-12-15 11:08:19 org.springframework.beans.factory.support.AbstractAutowireCapableBeanFactory.createBean(AbstractAutowireCapableBeanFactory.java:448)  Creating instance of bean 'dataSource123'
2016-12-15 11:08:19 org.springframework.beans.factory.support.AbstractAutowireCapableBeanFactory.doCreateBean(AbstractAutowireCapableBeanFactory.java:537)  Eagerly caching bean 'dataSource123' to allow for resolving potential circular references
2016-12-15 11:08:19 org.springframework.beans.factory.support.DefaultSingletonBeanRegistry.getSingleton(DefaultSingletonBeanRegistry.java:221)  Creating shared instance of singleton bean 'org.springframework.transaction.config.internalTransactionAdvisor'
2016-12-15 11:08:19 org.springframework.beans.factory.support.AbstractAutowireCapableBeanFactory.createBean(AbstractAutowireCapableBeanFactory.java:448)  Creating instance of bean 'org.springframework.transaction.config.internalTransactionAdvisor'
2016-12-15 11:08:19 org.springframework.beans.factory.support.AbstractAutowireCapableBeanFactory.doCreateBean(AbstractAutowireCapableBeanFactory.java:537)  Eagerly caching bean 'org.springframework.transaction.config.internalTransactionAdvisor' to allow for resolving potential circular references
2016-12-15 11:08:19 org.springframework.beans.factory.support.DefaultSingletonBeanRegistry.getSingleton(DefaultSingletonBeanRegistry.java:221)  Creating shared instance of singleton bean 'org.springframework.transaction.annotation.AnnotationTransactionAttributeSource#0'
2016-12-15 11:08:19 org.springframework.beans.factory.support.AbstractAutowireCapableBeanFactory.createBean(AbstractAutowireCapableBeanFactory.java:448)  Creating instance of bean 'org.springframework.transaction.annotation.AnnotationTransactionAttributeSource#0'
2016-12-15 11:08:19 org.springframework.beans.factory.support.AbstractAutowireCapableBeanFactory.doCreateBean(AbstractAutowireCapableBeanFactory.java:537)  Eagerly caching bean 'org.springframework.transaction.annotation.AnnotationTransactionAttributeSource#0' to allow for resolving potential circular references
2016-12-15 11:08:19 org.springframework.aop.framework.autoproxy.BeanFactoryAdvisorRetrievalHelper.findAdvisorBeans(BeanFactoryAdvisorRetrievalHelper.java:87)  Skipping currently created advisor 'org.springframework.transaction.config.internalTransactionAdvisor'
2016-12-15 11:08:19 org.springframework.beans.factory.support.AbstractAutowireCapableBeanFactory.createBean(AbstractAutowireCapableBeanFactory.java:484)  Finished creating instance of bean 'org.springframework.transaction.annotation.AnnotationTransactionAttributeSource#0'
2016-12-15 11:08:19 org.springframework.beans.factory.support.AbstractAutowireCapableBeanFactory.createBean(AbstractAutowireCapableBeanFactory.java:484)  Finished creating instance of bean 'org.springframework.transaction.config.internalTransactionAdvisor'
2016-12-15 11:08:19 org.springframework.beans.factory.support.AbstractAutowireCapableBeanFactory.createBean(AbstractAutowireCapableBeanFactory.java:484)  Finished creating instance of bean 'dataSource123'
2016-12-15 11:08:19 org.springframework.beans.factory.support.AbstractAutowireCapableBeanFactory.invokeInitMethods(AbstractAutowireCapableBeanFactory.java:1625)  Invoking afterPropertiesSet() on bean with name 'sqlSessionFactory'
2016-12-15 11:08:19 org.apache.ibatis.logging.commons.JakartaCommonsLoggingImpl.debug(JakartaCommonsLoggingImpl.java:54)  Parsed configuration file: 'class path resource [mybatisMapper.xml]'
2016-12-15 11:08:19 org.apache.ibatis.logging.commons.JakartaCommonsLoggingImpl.debug(JakartaCommonsLoggingImpl.java:54)  Property 'mapperLocations' was not specified or no matching resources found
2016-12-15 11:08:19 org.springframework.beans.factory.support.AbstractBeanFactory.doGetBean(AbstractBeanFactory.java:251)  Returning cached instance of singleton bean 'org.springframework.transaction.config.internalTransactionAdvisor'
2016-12-15 11:08:19 org.springframework.beans.factory.support.AbstractAutowireCapableBeanFactory.createBean(AbstractAutowireCapableBeanFactory.java:484)  Finished creating instance of bean 'sqlSessionFactory'
2016-12-15 11:08:19 org.springframework.beans.factory.support.AbstractBeanFactory.doGetBean(AbstractBeanFactory.java:251)  Returning cached instance of singleton bean 'org.springframework.transaction.config.internalTransactionAdvisor'
2016-12-15 11:08:19 org.springframework.beans.factory.support.AbstractAutowireCapableBeanFactory.invokeInitMethods(AbstractAutowireCapableBeanFactory.java:1625)  Invoking afterPropertiesSet() on bean with name 'deptDao'
2016-12-15 11:08:19 org.springframework.beans.factory.support.AbstractBeanFactory.doGetBean(AbstractBeanFactory.java:251)  Returning cached instance of singleton bean 'org.springframework.transaction.config.internalTransactionAdvisor'
2016-12-15 11:08:19 org.springframework.beans.factory.support.AbstractAutowireCapableBeanFactory.createBean(AbstractAutowireCapableBeanFactory.java:484)  Finished creating instance of bean 'deptDao'
2016-12-15 11:08:19 org.springframework.beans.factory.support.AbstractBeanFactory.doGetBean(AbstractBeanFactory.java:251)  Returning cached instance of singleton bean 'org.springframework.transaction.config.internalTransactionAdvisor'
2016-12-15 11:08:19 org.springframework.beans.factory.annotation.AutowiredAnnotationBeanPostProcessor.registerDependentBeans(AutowiredAnnotationBeanPostProcessor.java:539)  Autowiring by type from bean name 'deptServiceImpl' to bean named 'deptDao'
2016-12-15 11:08:19 org.springframework.beans.factory.support.AbstractBeanFactory.doGetBean(AbstractBeanFactory.java:251)  Returning cached instance of singleton bean 'org.springframework.transaction.config.internalTransactionAdvisor'
2016-12-15 11:08:19 org.springframework.beans.factory.support.AbstractAutowireCapableBeanFactory.createBean(AbstractAutowireCapableBeanFactory.java:484)  Finished creating instance of bean 'deptServiceImpl'
2016-12-15 11:08:19 org.springframework.beans.factory.annotation.AutowiredAnnotationBeanPostProcessor.registerDependentBeans(AutowiredAnnotationBeanPostProcessor.java:539)  Autowiring by type from bean name 'deptController' to bean named 'deptServiceImpl'
2016-12-15 11:08:19 org.springframework.beans.factory.support.AbstractBeanFactory.doGetBean(AbstractBeanFactory.java:251)  Returning cached instance of singleton bean 'org.springframework.transaction.config.internalTransactionAdvisor'
2016-12-15 11:08:19 org.springframework.beans.factory.support.AbstractAutowireCapableBeanFactory.createBean(AbstractAutowireCapableBeanFactory.java:484)  Finished creating instance of bean 'deptController'
2016-12-15 11:08:19 org.springframework.beans.factory.support.AbstractBeanFactory.doGetBean(AbstractBeanFactory.java:251)  Returning cached instance of singleton bean 'deptServiceImpl'
2016-12-15 11:08:19 org.springframework.beans.factory.support.AbstractBeanFactory.doGetBean(AbstractBeanFactory.java:251)  Returning cached instance of singleton bean 'org.springframework.context.annotation.internalConfigurationAnnotationProcessor'
2016-12-15 11:08:19 org.springframework.beans.factory.support.AbstractBeanFactory.doGetBean(AbstractBeanFactory.java:251)  Returning cached instance of singleton bean 'org.springframework.context.annotation.internalAutowiredAnnotationProcessor'
2016-12-15 11:08:19 org.springframework.beans.factory.support.AbstractBeanFactory.doGetBean(AbstractBeanFactory.java:251)  Returning cached instance of singleton bean 'org.springframework.context.annotation.internalRequiredAnnotationProcessor'
2016-12-15 11:08:19 org.springframework.beans.factory.support.AbstractBeanFactory.doGetBean(AbstractBeanFactory.java:251)  Returning cached instance of singleton bean 'org.springframework.context.annotation.internalCommonAnnotationProcessor'
2016-12-15 11:08:19 org.springframework.beans.factory.support.DefaultSingletonBeanRegistry.getSingleton(DefaultSingletonBeanRegistry.java:221)  Creating shared instance of singleton bean 'org.springframework.context.event.internalEventListenerProcessor'
2016-12-15 11:08:19 org.springframework.beans.factory.support.AbstractAutowireCapableBeanFactory.createBean(AbstractAutowireCapableBeanFactory.java:448)  Creating instance of bean 'org.springframework.context.event.internalEventListenerProcessor'
2016-12-15 11:08:19 org.springframework.beans.factory.support.AbstractAutowireCapableBeanFactory.doCreateBean(AbstractAutowireCapableBeanFactory.java:537)  Eagerly caching bean 'org.springframework.context.event.internalEventListenerProcessor' to allow for resolving potential circular references
2016-12-15 11:08:19 org.springframework.beans.factory.support.AbstractBeanFactory.doGetBean(AbstractBeanFactory.java:251)  Returning cached instance of singleton bean 'org.springframework.transaction.config.internalTransactionAdvisor'
2016-12-15 11:08:19 org.springframework.beans.factory.support.AbstractAutowireCapableBeanFactory.createBean(AbstractAutowireCapableBeanFactory.java:484)  Finished creating instance of bean 'org.springframework.context.event.internalEventListenerProcessor'
2016-12-15 11:08:19 org.springframework.beans.factory.support.DefaultSingletonBeanRegistry.getSingleton(DefaultSingletonBeanRegistry.java:221)  Creating shared instance of singleton bean 'org.springframework.context.event.internalEventListenerFactory'
2016-12-15 11:08:19 org.springframework.beans.factory.support.AbstractAutowireCapableBeanFactory.createBean(AbstractAutowireCapableBeanFactory.java:448)  Creating instance of bean 'org.springframework.context.event.internalEventListenerFactory'
2016-12-15 11:08:19 org.springframework.beans.factory.support.AbstractAutowireCapableBeanFactory.doCreateBean(AbstractAutowireCapableBeanFactory.java:537)  Eagerly caching bean 'org.springframework.context.event.internalEventListenerFactory' to allow for resolving potential circular references
2016-12-15 11:08:19 org.springframework.beans.factory.support.AbstractBeanFactory.doGetBean(AbstractBeanFactory.java:251)  Returning cached instance of singleton bean 'org.springframework.transaction.config.internalTransactionAdvisor'
2016-12-15 11:08:19 org.springframework.beans.factory.support.AbstractAutowireCapableBeanFactory.createBean(AbstractAutowireCapableBeanFactory.java:484)  Finished creating instance of bean 'org.springframework.context.event.internalEventListenerFactory'
2016-12-15 11:08:19 org.springframework.beans.factory.support.AbstractBeanFactory.doGetBean(AbstractBeanFactory.java:251)  Returning cached instance of singleton bean 'dataSource123'
2016-12-15 11:08:19 org.springframework.beans.factory.support.AbstractBeanFactory.doGetBean(AbstractBeanFactory.java:251)  Returning cached instance of singleton bean 'sqlSessionFactory'
2016-12-15 11:08:19 org.springframework.beans.factory.support.AbstractBeanFactory.doGetBean(AbstractBeanFactory.java:251)  Returning cached instance of singleton bean 'org.mybatis.spring.mapper.MapperScannerConfigurer#0'
2016-12-15 11:08:19 org.springframework.beans.factory.support.DefaultSingletonBeanRegistry.getSingleton(DefaultSingletonBeanRegistry.java:221)  Creating shared instance of singleton bean 'txManager'
2016-12-15 11:08:19 org.springframework.beans.factory.support.AbstractAutowireCapableBeanFactory.createBean(AbstractAutowireCapableBeanFactory.java:448)  Creating instance of bean 'txManager'
2016-12-15 11:08:19 org.springframework.beans.factory.support.AbstractAutowireCapableBeanFactory.doCreateBean(AbstractAutowireCapableBeanFactory.java:537)  Eagerly caching bean 'txManager' to allow for resolving potential circular references
2016-12-15 11:08:19 org.springframework.beans.factory.support.AbstractBeanFactory.doGetBean(AbstractBeanFactory.java:251)  Returning cached instance of singleton bean 'dataSource123'
2016-12-15 11:08:19 org.springframework.beans.factory.support.AbstractAutowireCapableBeanFactory.invokeInitMethods(AbstractAutowireCapableBeanFactory.java:1625)  Invoking afterPropertiesSet() on bean with name 'txManager'
2016-12-15 11:08:19 org.springframework.beans.factory.support.AbstractBeanFactory.doGetBean(AbstractBeanFactory.java:251)  Returning cached instance of singleton bean 'org.springframework.transaction.config.internalTransactionAdvisor'
2016-12-15 11:08:19 org.springframework.beans.factory.support.AbstractAutowireCapableBeanFactory.createBean(AbstractAutowireCapableBeanFactory.java:484)  Finished creating instance of bean 'txManager'
2016-12-15 11:08:19 org.springframework.beans.factory.support.DefaultSingletonBeanRegistry.getSingleton(DefaultSingletonBeanRegistry.java:221)  Creating shared instance of singleton bean 'org.springframework.transaction.config.internalTransactionalEventListenerFactory'
2016-12-15 11:08:19 org.springframework.beans.factory.support.AbstractAutowireCapableBeanFactory.createBean(AbstractAutowireCapableBeanFactory.java:448)  Creating instance of bean 'org.springframework.transaction.config.internalTransactionalEventListenerFactory'
2016-12-15 11:08:19 org.springframework.beans.factory.support.AbstractAutowireCapableBeanFactory.doCreateBean(AbstractAutowireCapableBeanFactory.java:537)  Eagerly caching bean 'org.springframework.transaction.config.internalTransactionalEventListenerFactory' to allow for resolving potential circular references
2016-12-15 11:08:19 org.springframework.beans.factory.support.AbstractBeanFactory.doGetBean(AbstractBeanFactory.java:251)  Returning cached instance of singleton bean 'org.springframework.transaction.config.internalTransactionAdvisor'
2016-12-15 11:08:19 org.springframework.beans.factory.support.AbstractAutowireCapableBeanFactory.createBean(AbstractAutowireCapableBeanFactory.java:484)  Finished creating instance of bean 'org.springframework.transaction.config.internalTransactionalEventListenerFactory'
2016-12-15 11:08:19 org.springframework.beans.factory.support.AbstractBeanFactory.doGetBean(AbstractBeanFactory.java:251)  Returning cached instance of singleton bean 'org.springframework.aop.config.internalAutoProxyCreator'
2016-12-15 11:08:19 org.springframework.beans.factory.support.AbstractBeanFactory.doGetBean(AbstractBeanFactory.java:251)  Returning cached instance of singleton bean 'org.springframework.transaction.annotation.AnnotationTransactionAttributeSource#0'
2016-12-15 11:08:19 org.springframework.beans.factory.support.DefaultSingletonBeanRegistry.getSingleton(DefaultSingletonBeanRegistry.java:221)  Creating shared instance of singleton bean 'org.springframework.transaction.interceptor.TransactionInterceptor#0'
2016-12-15 11:08:19 org.springframework.beans.factory.support.AbstractAutowireCapableBeanFactory.createBean(AbstractAutowireCapableBeanFactory.java:448)  Creating instance of bean 'org.springframework.transaction.interceptor.TransactionInterceptor#0'
2016-12-15 11:08:19 org.springframework.beans.factory.support.AbstractAutowireCapableBeanFactory.doCreateBean(AbstractAutowireCapableBeanFactory.java:537)  Eagerly caching bean 'org.springframework.transaction.interceptor.TransactionInterceptor#0' to allow for resolving potential circular references
2016-12-15 11:08:19 org.springframework.beans.factory.support.AbstractBeanFactory.doGetBean(AbstractBeanFactory.java:251)  Returning cached instance of singleton bean 'org.springframework.transaction.annotation.AnnotationTransactionAttributeSource#0'
2016-12-15 11:08:19 org.springframework.beans.factory.support.AbstractAutowireCapableBeanFactory.invokeInitMethods(AbstractAutowireCapableBeanFactory.java:1625)  Invoking afterPropertiesSet() on bean with name 'org.springframework.transaction.interceptor.TransactionInterceptor#0'
2016-12-15 11:08:19 org.springframework.beans.factory.support.AbstractAutowireCapableBeanFactory.createBean(AbstractAutowireCapableBeanFactory.java:484)  Finished creating instance of bean 'org.springframework.transaction.interceptor.TransactionInterceptor#0'
2016-12-15 11:08:19 org.springframework.beans.factory.support.AbstractBeanFactory.doGetBean(AbstractBeanFactory.java:251)  Returning cached instance of singleton bean 'org.springframework.transaction.config.internalTransactionAdvisor'
2016-12-15 11:08:19 org.springframework.beans.factory.support.AbstractBeanFactory.doGetBean(AbstractBeanFactory.java:251)  Returning cached instance of singleton bean 'org.springframework.context.annotation.ConfigurationClassPostProcessor.importAwareProcessor'
2016-12-15 11:08:19 org.springframework.beans.factory.support.AbstractBeanFactory.doGetBean(AbstractBeanFactory.java:251)  Returning cached instance of singleton bean 'org.springframework.context.annotation.ConfigurationClassPostProcessor.enhancedConfigurationProcessor'
2016-12-15 11:08:19 org.springframework.beans.factory.support.DefaultSingletonBeanRegistry.getSingleton(DefaultSingletonBeanRegistry.java:221)  Creating shared instance of singleton bean 'dept2Dao'
2016-12-15 11:08:19 org.springframework.beans.factory.support.AbstractAutowireCapableBeanFactory.createBean(AbstractAutowireCapableBeanFactory.java:448)  Creating instance of bean 'dept2Dao'
2016-12-15 11:08:19 org.springframework.beans.factory.support.AbstractAutowireCapableBeanFactory.doCreateBean(AbstractAutowireCapableBeanFactory.java:537)  Eagerly caching bean 'dept2Dao' to allow for resolving potential circular references
2016-12-15 11:08:19 org.springframework.beans.factory.support.AbstractBeanFactory.doGetBean(AbstractBeanFactory.java:251)  Returning cached instance of singleton bean 'sqlSessionFactory'
2016-12-15 11:08:19 org.springframework.beans.factory.support.AbstractAutowireCapableBeanFactory.invokeInitMethods(AbstractAutowireCapableBeanFactory.java:1625)  Invoking afterPropertiesSet() on bean with name 'dept2Dao'
2016-12-15 11:08:19 org.springframework.beans.factory.support.AbstractBeanFactory.doGetBean(AbstractBeanFactory.java:251)  Returning cached instance of singleton bean 'org.springframework.transaction.config.internalTransactionAdvisor'
2016-12-15 11:08:19 org.springframework.beans.factory.support.AbstractAutowireCapableBeanFactory.createBean(AbstractAutowireCapableBeanFactory.java:484)  Finished creating instance of bean 'dept2Dao'
2016-12-15 11:08:19 org.springframework.beans.factory.support.AbstractBeanFactory.doGetBean(AbstractBeanFactory.java:251)  Returning cached instance of singleton bean 'deptDao'
2016-12-15 11:08:19 org.springframework.beans.factory.support.DefaultSingletonBeanRegistry.getSingleton(DefaultSingletonBeanRegistry.java:221)  Creating shared instance of singleton bean 'empDao'
2016-12-15 11:08:19 org.springframework.beans.factory.support.AbstractAutowireCapableBeanFactory.createBean(AbstractAutowireCapableBeanFactory.java:448)  Creating instance of bean 'empDao'
2016-12-15 11:08:19 org.springframework.beans.factory.support.AbstractAutowireCapableBeanFactory.doCreateBean(AbstractAutowireCapableBeanFactory.java:537)  Eagerly caching bean 'empDao' to allow for resolving potential circular references
2016-12-15 11:08:19 org.springframework.beans.factory.support.AbstractBeanFactory.doGetBean(AbstractBeanFactory.java:251)  Returning cached instance of singleton bean 'sqlSessionFactory'
2016-12-15 11:08:19 org.springframework.beans.factory.support.AbstractAutowireCapableBeanFactory.invokeInitMethods(AbstractAutowireCapableBeanFactory.java:1625)  Invoking afterPropertiesSet() on bean with name 'empDao'
2016-12-15 11:08:19 org.springframework.beans.factory.support.AbstractBeanFactory.doGetBean(AbstractBeanFactory.java:251)  Returning cached instance of singleton bean 'org.springframework.transaction.config.internalTransactionAdvisor'
2016-12-15 11:08:19 org.springframework.beans.factory.support.AbstractAutowireCapableBeanFactory.createBean(AbstractAutowireCapableBeanFactory.java:484)  Finished creating instance of bean 'empDao'
2016-12-15 11:08:19 org.springframework.beans.factory.support.AbstractBeanFactory.doGetBean(AbstractBeanFactory.java:251)  Returning cached instance of singleton bean 'org.springframework.context.event.internalEventListenerFactory'
2016-12-15 11:08:19 org.springframework.beans.factory.support.AbstractBeanFactory.doGetBean(AbstractBeanFactory.java:251)  Returning cached instance of singleton bean 'org.springframework.transaction.config.internalTransactionalEventListenerFactory'
2016-12-15 11:08:19 org.springframework.context.support.AbstractApplicationContext.initLifecycleProcessor(AbstractApplicationContext.java:784)  Unable to locate LifecycleProcessor with name 'lifecycleProcessor': using default [org.springframework.context.support.DefaultLifecycleProcessor@2ddc9a9f]
2016-12-15 11:08:19 org.springframework.beans.factory.support.AbstractBeanFactory.doGetBean(AbstractBeanFactory.java:251)  Returning cached instance of singleton bean 'lifecycleProcessor'
2016-12-15 11:08:19 org.springframework.beans.factory.support.AbstractBeanFactory.doGetBean(AbstractBeanFactory.java:251)  Returning cached instance of singleton bean 'sqlSessionFactory'
2016-12-15 11:08:19 org.springframework.core.env.PropertySourcesPropertyResolver.getProperty(PropertySourcesPropertyResolver.java:91)  Could not find key 'spring.liveBeansView.mbeanDomain' in any property source
2016-12-15 11:08:19 org.springframework.beans.factory.support.AbstractBeanFactory.doGetBean(AbstractBeanFactory.java:251)  Returning cached instance of singleton bean 'sqlSessionFactory'
2016-12-15 11:08:19 org.apache.ibatis.logging.commons.JakartaCommonsLoggingImpl.debug(JakartaCommonsLoggingImpl.java:54)  Cache Hit Ratio [com.hc.dao.Dept2Dao]: 0.0
2016-12-15 11:08:19 org.springframework.jdbc.datasource.DataSourceUtils.doGetConnection(DataSourceUtils.java:110)  Fetching JDBC Connection from DataSource
2016-12-15 11:08:19 com.alibaba.druid.pool.DruidDataSource.init(DruidDataSource.java:715)  {dataSource-1} inited
2016-12-15 11:08:19 org.apache.ibatis.logging.commons.JakartaCommonsLoggingImpl.debug(JakartaCommonsLoggingImpl.java:54)  JDBC Connection [com.mysql.jdbc.JDBC4Connection@29f7cefd] will not be managed by Spring
2016-12-15 11:08:19 org.apache.ibatis.logging.commons.JakartaCommonsLoggingImpl.debug(JakartaCommonsLoggingImpl.java:54)  ==>  Preparing: SELECT deptno, dname, loc,kouhao,yusuan from dept WHERE deptno = 10 and dname like '%OUNT%' 
2016-12-15 11:08:19 org.apache.ibatis.logging.commons.JakartaCommonsLoggingImpl.debug(JakartaCommonsLoggingImpl.java:54)  ==> Parameters: 
2016-12-15 11:08:19 org.apache.ibatis.logging.commons.JakartaCommonsLoggingImpl.debug(JakartaCommonsLoggingImpl.java:54)  <==      Total: 1
2016-12-15 11:08:32 org.springframework.core.env.MutablePropertySources.addLast(MutablePropertySources.java:109)  Adding [systemProperties] PropertySource with lowest search precedence
2016-12-15 11:08:32 org.springframework.core.env.MutablePropertySources.addLast(MutablePropertySources.java:109)  Adding [systemEnvironment] PropertySource with lowest search precedence
2016-12-15 11:08:32 org.springframework.core.env.AbstractEnvironment.<init>(AbstractEnvironment.java:124)  Initialized StandardEnvironment with PropertySources [systemProperties,systemEnvironment]
2016-12-15 11:08:32 org.springframework.context.support.AbstractApplicationContext.prepareRefresh(AbstractApplicationContext.java:582)  Refreshing org.springframework.context.support.ClassPathXmlApplicationContext@45c8e616: startup date [Thu Dec 15 11:08:32 CST 2016]; root of context hierarchy
2016-12-15 11:08:32 org.springframework.core.env.MutablePropertySources.addLast(MutablePropertySources.java:109)  Adding [systemProperties] PropertySource with lowest search precedence
2016-12-15 11:08:32 org.springframework.core.env.MutablePropertySources.addLast(MutablePropertySources.java:109)  Adding [systemEnvironment] PropertySource with lowest search precedence
2016-12-15 11:08:32 org.springframework.core.env.AbstractEnvironment.<init>(AbstractEnvironment.java:124)  Initialized StandardEnvironment with PropertySources [systemProperties,systemEnvironment]
2016-12-15 11:08:32 org.springframework.beans.factory.xml.XmlBeanDefinitionReader.loadBeanDefinitions(XmlBeanDefinitionReader.java:317)  Loading XML bean definitions from class path resource [applicationContext.xml]
2016-12-15 11:08:32 org.springframework.beans.factory.xml.DefaultDocumentLoader.loadDocument(DefaultDocumentLoader.java:73)  Using JAXP provider [com.sun.org.apache.xerces.internal.jaxp.DocumentBuilderFactoryImpl]
2016-12-15 11:08:32 org.springframework.beans.factory.xml.PluggableSchemaResolver.getSchemaMappings(PluggableSchemaResolver.java:141)  Loading schema mappings from [META-INF/spring.schemas]
2016-12-15 11:08:32 org.springframework.beans.factory.xml.PluggableSchemaResolver.getSchemaMappings(PluggableSchemaResolver.java:147)  Loaded schema mappings: {http://www.springframework.org/schema/tx/spring-tx-4.3.xsd=org/springframework/transaction/config/spring-tx-4.3.xsd, http://www.springframework.org/schema/tx/spring-tx-2.5.xsd=org/springframework/transaction/config/spring-tx-2.5.xsd, http://www.springframework.org/schema/cache/spring-cache-4.2.xsd=org/springframework/cache/config/spring-cache-4.2.xsd, http://www.springframework.org/schema/aop/spring-aop-4.1.xsd=org/springframework/aop/config/spring-aop-4.1.xsd, http://www.springframework.org/schema/context/spring-context-3.1.xsd=org/springframework/context/config/spring-context-3.1.xsd, http://www.springframework.org/schema/jdbc/spring-jdbc-4.1.xsd=org/springframework/jdbc/config/spring-jdbc-4.1.xsd, http://www.springframework.org/schema/mvc/spring-mvc-4.1.xsd=org/springframework/web/servlet/config/spring-mvc-4.1.xsd, http://www.springframework.org/schema/util/spring-util-3.0.xsd=org/springframework/beans/factory/xml/spring-util-3.0.xsd, http://mybatis.org/schema/mybatis-spring-1.2.xsd=org/mybatis/spring/config/mybatis-spring-1.2.xsd, http://www.springframework.org/schema/tool/spring-tool.xsd=org/springframework/beans/factory/xml/spring-tool-4.3.xsd, http://www.springframework.org/schema/aop/spring-aop-3.2.xsd=org/springframework/aop/config/spring-aop-3.2.xsd, http://www.springframework.org/schema/lang/spring-lang-4.1.xsd=org/springframework/scripting/config/spring-lang-4.1.xsd, http://www.springframework.org/schema/context/spring-context-4.0.xsd=org/springframework/context/config/spring-context-4.0.xsd, http://www.springframework.org/schema/mvc/spring-mvc-3.2.xsd=org/springframework/web/servlet/config/spring-mvc-3.2.xsd, http://www.springframework.org/schema/beans/spring-beans-4.2.xsd=org/springframework/beans/factory/xml/spring-beans-4.2.xsd, http://www.springframework.org/schema/tool/spring-tool-4.1.xsd=org/springframework/beans/factory/xml/spring-tool-4.1.xsd, http://www.springframework.org/schema/lang/spring-lang-3.2.xsd=org/springframework/scripting/config/spring-lang-3.2.xsd, http://www.springframework.org/schema/cache/spring-cache-3.2.xsd=org/springframework/cache/config/spring-cache-3.2.xsd, http://www.springframework.org/schema/jee/spring-jee-4.1.xsd=org/springframework/ejb/config/spring-jee-4.1.xsd, http://www.springframework.org/schema/jdbc/spring-jdbc-3.1.xsd=org/springframework/jdbc/config/spring-jdbc-3.1.xsd, http://www.springframework.org/schema/util/spring-util-2.0.xsd=org/springframework/beans/factory/xml/spring-util-2.0.xsd, http://www.springframework.org/schema/task/spring-task-4.2.xsd=org/springframework/scheduling/config/spring-task-4.2.xsd, http://www.springframework.org/schema/tool/spring-tool-3.2.xsd=org/springframework/beans/factory/xml/spring-tool-3.2.xsd, http://www.springframework.org/schema/context/spring-context.xsd=org/springframework/context/config/spring-context-4.3.xsd, http://www.springframework.org/schema/tx/spring-tx-4.2.xsd=org/springframework/transaction/config/spring-tx-4.2.xsd, http://www.springframework.org/schema/cache/spring-cache-4.1.xsd=org/springframework/cache/config/spring-cache-4.1.xsd, http://www.springframework.org/schema/aop/spring-aop-4.0.xsd=org/springframework/aop/config/spring-aop-4.0.xsd, http://www.springframework.org/schema/jee/spring-jee-3.2.xsd=org/springframework/ejb/config/spring-jee-3.2.xsd, http://www.springframework.org/schema/context/spring-context-3.0.xsd=org/springframework/context/config/spring-context-3.0.xsd, http://www.springframework.org/schema/jdbc/spring-jdbc-4.0.xsd=org/springframework/jdbc/config/spring-jdbc-4.0.xsd, http://www.springframework.org/schema/mvc/spring-mvc-4.0.xsd=org/springframework/web/servlet/config/spring-mvc-4.0.xsd, http://www.springframework.org/schema/util/spring-util-4.3.xsd=org/springframework/beans/factory/xml/spring-util-4.3.xsd, http://www.springframework.org/schema/util/spring-util-2.5.xsd=org/springframework/beans/factory/xml/spring-util-2.5.xsd, http://www.springframework.org/schema/beans/spring-beans-3.2.xsd=org/springframework/beans/factory/xml/spring-beans-3.2.xsd, http://www.springframework.org/schema/aop/spring-aop-3.1.xsd=org/springframework/aop/config/spring-aop-3.1.xsd, http://www.springframework.org/schema/lang/spring-lang-4.0.xsd=org/springframework/scripting/config/spring-lang-4.0.xsd, http://www.springframework.org/schema/mvc/spring-mvc.xsd=org/springframework/web/servlet/config/spring-mvc-4.3.xsd, http://www.springframework.org/schema/mvc/spring-mvc-3.1.xsd=org/springframework/web/servlet/config/spring-mvc-3.1.xsd, http://www.springframework.org/schema/beans/spring-beans-4.1.xsd=org/springframework/beans/factory/xml/spring-beans-4.1.xsd, http://www.springframework.org/schema/tool/spring-tool-4.0.xsd=org/springframework/beans/factory/xml/spring-tool-4.0.xsd, http://www.springframework.org/schema/tx/spring-tx-3.2.xsd=org/springframework/transaction/config/spring-tx-3.2.xsd, http://www.springframework.org/schema/lang/spring-lang-3.1.xsd=org/springframework/scripting/config/spring-lang-3.1.xsd, http://www.springframework.org/schema/cache/spring-cache-3.1.xsd=org/springframework/cache/config/spring-cache-3.1.xsd, http://www.springframework.org/schema/jee/spring-jee-4.0.xsd=org/springframework/ejb/config/spring-jee-4.0.xsd, http://www.springframework.org/schema/jdbc/spring-jdbc-3.0.xsd=org/springframework/jdbc/config/spring-jdbc-3.0.xsd, http://www.springframework.org/schema/task/spring-task-4.1.xsd=org/springframework/scheduling/config/spring-task-4.1.xsd, http://www.springframework.org/schema/jdbc/spring-jdbc.xsd=org/springframework/jdbc/config/spring-jdbc-4.3.xsd, http://www.springframework.org/schema/tool/spring-tool-3.1.xsd=org/springframework/beans/factory/xml/spring-tool-3.1.xsd, http://www.springframework.org/schema/tx/spring-tx-4.1.xsd=org/springframework/transaction/config/spring-tx-4.1.xsd, http://www.springframework.org/schema/cache/spring-cache-4.0.xsd=org/springframework/cache/config/spring-cache-4.0.xsd, http://www.springframework.org/schema/jee/spring-jee-3.1.xsd=org/springframework/ejb/config/spring-jee-3.1.xsd, http://www.springframework.org/schema/util/spring-util-4.2.xsd=org/springframework/beans/factory/xml/spring-util-4.2.xsd, http://www.springframework.org/schema/task/spring-task-3.2.xsd=org/springframework/scheduling/config/spring-task-3.2.xsd, http://www.springframework.org/schema/beans/spring-beans-3.1.xsd=org/springframework/beans/factory/xml/spring-beans-3.1.xsd, http://www.springframework.org/schema/util/spring-util.xsd=org/springframework/beans/factory/xml/spring-util-4.3.xsd, http://www.springframework.org/schema/aop/spring-aop-3.0.xsd=org/springframework/aop/config/spring-aop-3.0.xsd, http://www.springframework.org/schema/mvc/spring-mvc-3.0.xsd=org/springframework/web/servlet/config/spring-mvc-3.0.xsd, http://www.springframework.org/schema/beans/spring-beans-4.0.xsd=org/springframework/beans/factory/xml/spring-beans-4.0.xsd, http://www.springframework.org/schema/beans/spring-beans.xsd=org/springframework/beans/factory/xml/spring-beans-4.3.xsd, http://mybatis.org/schema/mybatis-spring.xsd=org/mybatis/spring/config/mybatis-spring-1.2.xsd, http://www.springframework.org/schema/tx/spring-tx-3.1.xsd=org/springframework/transaction/config/spring-tx-3.1.xsd, http://www.springframework.org/schema/lang/spring-lang-3.0.xsd=org/springframework/scripting/config/spring-lang-3.0.xsd, http://www.springframework.org/schema/context/spring-context-2.5.xsd=org/springframework/context/config/spring-context-2.5.xsd, http://www.springframework.org/schema/context/spring-context-4.3.xsd=org/springframework/context/config/spring-context-4.3.xsd, http://www.springframework.org/schema/task/spring-task-4.0.xsd=org/springframework/scheduling/config/spring-task-4.0.xsd, http://www.springframework.org/schema/tool/spring-tool-3.0.xsd=org/springframework/beans/factory/xml/spring-tool-3.0.xsd, http://www.springframework.org/schema/tx/spring-tx-4.0.xsd=org/springframework/transaction/config/spring-tx-4.0.xsd, http://www.springframework.org/schema/aop/spring-aop-2.0.xsd=org/springframework/aop/config/spring-aop-2.0.xsd, http://www.springframework.org/schema/jee/spring-jee-3.0.xsd=org/springframework/ejb/config/spring-jee-3.0.xsd, http://www.springframework.org/schema/util/spring-util-4.1.xsd=org/springframework/beans/factory/xml/spring-util-4.1.xsd, http://www.springframework.org/schema/task/spring-task-3.1.xsd=org/springframework/scheduling/config/spring-task-3.1.xsd, http://www.springframework.org/schema/beans/spring-beans-3.0.xsd=org/springframework/beans/factory/xml/spring-beans-3.0.xsd, http://www.springframework.org/schema/jee/spring-jee.xsd=org/springframework/ejb/config/spring-jee-4.3.xsd, http://www.springframework.org/schema/aop/spring-aop-2.5.xsd=org/springframework/aop/config/spring-aop-2.5.xsd, http://www.springframework.org/schema/aop/spring-aop-4.3.xsd=org/springframework/aop/config/spring-aop-4.3.xsd, http://www.springframework.org/schema/lang/spring-lang-2.0.xsd=org/springframework/scripting/config/spring-lang-2.0.xsd, http://www.springframework.org/schema/jdbc/spring-jdbc-4.3.xsd=org/springframework/jdbc/config/spring-jdbc-4.3.xsd, http://www.springframework.org/schema/mvc/spring-mvc-4.3.xsd=org/springframework/web/servlet/config/spring-mvc-4.3.xsd, http://www.springframework.org/schema/util/spring-util-3.2.xsd=org/springframework/beans/factory/xml/spring-util-3.2.xsd, http://www.springframework.org/schema/task/spring-task.xsd=org/springframework/scheduling/config/spring-task-4.3.xsd, http://www.springframework.org/schema/tool/spring-tool-2.0.xsd=org/springframework/beans/factory/xml/spring-tool-2.0.xsd, http://www.springframework.org/schema/tx/spring-tx-3.0.xsd=org/springframework/transaction/config/spring-tx-3.0.xsd, http://www.springframework.org/schema/lang/spring-lang-2.5.xsd=org/springframework/scripting/config/spring-lang-2.5.xsd, http://www.springframework.org/schema/lang/spring-lang-4.3.xsd=org/springframework/scripting/config/spring-lang-4.3.xsd, http://www.springframework.org/schema/context/spring-context-4.2.xsd=org/springframework/context/config/spring-context-4.2.xsd, http://www.springframework.org/schema/jee/spring-jee-2.0.xsd=org/springframework/ejb/config/spring-jee-2.0.xsd, http://www.springframework.org/schema/tool/spring-tool-4.3.xsd=org/springframework/beans/factory/xml/spring-tool-4.3.xsd, http://www.springframework.org/schema/tool/spring-tool-2.5.xsd=org/springframework/beans/factory/xml/spring-tool-2.5.xsd, http://www.springframework.org/schema/jee/spring-jee-4.3.xsd=org/springframework/ejb/config/spring-jee-4.3.xsd, http://www.springframework.org/schema/jee/spring-jee-2.5.xsd=org/springframework/ejb/config/spring-jee-2.5.xsd, http://www.springframework.org/schema/util/spring-util-4.0.xsd=org/springframework/beans/factory/xml/spring-util-4.0.xsd, http://www.springframework.org/schema/task/spring-task-3.0.xsd=org/springframework/scheduling/config/spring-task-3.0.xsd, http://www.springframework.org/schema/cache/spring-cache-4.3.xsd=org/springframework/cache/config/spring-cache-4.3.xsd, http://www.springframework.org/schema/aop/spring-aop-4.2.xsd=org/springframework/aop/config/spring-aop-4.2.xsd, http://www.springframework.org/schema/lang/spring-lang.xsd=org/springframework/scripting/config/spring-lang-4.3.xsd, http://www.springframework.org/schema/context/spring-context-3.2.xsd=org/springframework/context/config/spring-context-3.2.xsd, http://www.springframework.org/schema/jdbc/spring-jdbc-4.2.xsd=org/springframework/jdbc/config/spring-jdbc-4.2.xsd, http://www.springframework.org/schema/mvc/spring-mvc-4.2.xsd=org/springframework/web/servlet/config/spring-mvc-4.2.xsd, http://www.springframework.org/schema/util/spring-util-3.1.xsd=org/springframework/beans/factory/xml/spring-util-3.1.xsd, http://www.springframework.org/schema/beans/spring-beans-2.0.xsd=org/springframework/beans/factory/xml/spring-beans-2.0.xsd, http://www.springframework.org/schema/cache/spring-cache.xsd=org/springframework/cache/config/spring-cache-4.3.xsd, http://www.springframework.org/schema/tx/spring-tx.xsd=org/springframework/transaction/config/spring-tx-4.3.xsd, http://www.springframework.org/schema/lang/spring-lang-4.2.xsd=org/springframework/scripting/config/spring-lang-4.2.xsd, http://www.springframework.org/schema/context/spring-context-4.1.xsd=org/springframework/context/config/spring-context-4.1.xsd, http://www.springframework.org/schema/beans/spring-beans-2.5.xsd=org/springframework/beans/factory/xml/spring-beans-2.5.xsd, http://www.springframework.org/schema/beans/spring-beans-4.3.xsd=org/springframework/beans/factory/xml/spring-beans-4.3.xsd, http://www.springframework.org/schema/tool/spring-tool-4.2.xsd=org/springframework/beans/factory/xml/spring-tool-4.2.xsd, http://www.springframework.org/schema/tx/spring-tx-2.0.xsd=org/springframework/transaction/config/spring-tx-2.0.xsd, http://www.alibaba.com/schema/stat.xsd=META-INF/stat.xsd, http://www.springframework.org/schema/jee/spring-jee-4.2.xsd=org/springframework/ejb/config/spring-jee-4.2.xsd, http://www.springframework.org/schema/jdbc/spring-jdbc-3.2.xsd=org/springframework/jdbc/config/spring-jdbc-3.2.xsd, http://www.springframework.org/schema/task/spring-task-4.3.xsd=org/springframework/scheduling/config/spring-task-4.3.xsd, http://www.springframework.org/schema/aop/spring-aop.xsd=org/springframework/aop/config/spring-aop-4.3.xsd}
2016-12-15 11:08:32 org.springframework.beans.factory.xml.PluggableSchemaResolver.resolveEntity(PluggableSchemaResolver.java:119)  Found XML schema [http://www.springframework.org/schema/beans/spring-beans.xsd] in classpath: org/springframework/beans/factory/xml/spring-beans-4.3.xsd
2016-12-15 11:08:32 org.springframework.beans.factory.xml.PluggableSchemaResolver.resolveEntity(PluggableSchemaResolver.java:119)  Found XML schema [http://www.springframework.org/schema/context/spring-context.xsd] in classpath: org/springframework/context/config/spring-context-4.3.xsd
2016-12-15 11:08:32 org.springframework.beans.factory.xml.PluggableSchemaResolver.resolveEntity(PluggableSchemaResolver.java:119)  Found XML schema [http://www.springframework.org/schema/tool/spring-tool-4.3.xsd] in classpath: org/springframework/beans/factory/xml/spring-tool-4.3.xsd
2016-12-15 11:08:32 org.springframework.beans.factory.xml.PluggableSchemaResolver.resolveEntity(PluggableSchemaResolver.java:119)  Found XML schema [http://www.springframework.org/schema/tx/spring-tx.xsd] in classpath: org/springframework/transaction/config/spring-tx-4.3.xsd
2016-12-15 11:08:32 org.springframework.beans.factory.xml.DefaultBeanDefinitionDocumentReader.registerBeanDefinitions(DefaultBeanDefinitionDocumentReader.java:92)  Loading bean definitions
2016-12-15 11:08:32 org.springframework.beans.factory.xml.DefaultNamespaceHandlerResolver.getHandlerMappings(DefaultNamespaceHandlerResolver.java:157)  Loaded NamespaceHandler mappings: {http://www.springframework.org/schema/p=org.springframework.beans.factory.xml.SimplePropertyNamespaceHandler, http://www.springframework.org/schema/mvc=org.springframework.web.servlet.config.MvcNamespaceHandler, http://www.springframework.org/schema/util=org.springframework.beans.factory.xml.UtilNamespaceHandler, http://www.alibaba.com/schema/stat=com.alibaba.druid.support.spring.stat.config.DruidStatNamespaceHandler, http://www.springframework.org/schema/jee=org.springframework.ejb.config.JeeNamespaceHandler, http://www.springframework.org/schema/aop=org.springframework.aop.config.AopNamespaceHandler, http://www.springframework.org/schema/jdbc=org.springframework.jdbc.config.JdbcNamespaceHandler, http://www.springframework.org/schema/cache=org.springframework.cache.config.CacheNamespaceHandler, http://mybatis.org/schema/mybatis-spring=org.mybatis.spring.config.NamespaceHandler, http://www.springframework.org/schema/c=org.springframework.beans.factory.xml.SimpleConstructorNamespaceHandler, http://www.springframework.org/schema/tx=org.springframework.transaction.config.TxNamespaceHandler, http://www.springframework.org/schema/task=org.springframework.scheduling.config.TaskNamespaceHandler, http://www.springframework.org/schema/lang=org.springframework.scripting.config.LangNamespaceHandler, http://www.springframework.org/schema/context=org.springframework.context.config.ContextNamespaceHandler}
2016-12-15 11:08:32 org.springframework.core.env.MutablePropertySources.addLast(MutablePropertySources.java:109)  Adding [systemProperties] PropertySource with lowest search precedence
2016-12-15 11:08:32 org.springframework.core.env.MutablePropertySources.addLast(MutablePropertySources.java:109)  Adding [systemEnvironment] PropertySource with lowest search precedence
2016-12-15 11:08:32 org.springframework.core.env.AbstractEnvironment.<init>(AbstractEnvironment.java:124)  Initialized StandardEnvironment with PropertySources [systemProperties,systemEnvironment]
2016-12-15 11:08:32 org.springframework.core.io.support.PathMatchingResourcePatternResolver.findAllClassPathResources(PathMatchingResourcePatternResolver.java:317)  Resolved classpath location [com/hc/] to resources [URL [file:/D:/SpringMybatisWebDemo/target/classes/com/hc/]]
2016-12-15 11:08:32 org.springframework.core.io.support.PathMatchingResourcePatternResolver.doFindMatchingFileSystemResources(PathMatchingResourcePatternResolver.java:711)  Looking for matching resources in directory tree [D:\SpringMybatisWebDemo\target\classes\com\hc]
2016-12-15 11:08:32 org.springframework.core.io.support.PathMatchingResourcePatternResolver.doRetrieveMatchingFiles(PathMatchingResourcePatternResolver.java:773)  Searching directory [D:\SpringMybatisWebDemo\target\classes\com\hc] for files matching pattern [D:/SpringMybatisWebDemo/target/classes/com/hc/**/*.class]
2016-12-15 11:08:32 org.springframework.core.io.support.PathMatchingResourcePatternResolver.doRetrieveMatchingFiles(PathMatchingResourcePatternResolver.java:773)  Searching directory [D:\SpringMybatisWebDemo\target\classes\com\hc\action] for files matching pattern [D:/SpringMybatisWebDemo/target/classes/com/hc/**/*.class]
2016-12-15 11:08:32 org.springframework.core.io.support.PathMatchingResourcePatternResolver.doRetrieveMatchingFiles(PathMatchingResourcePatternResolver.java:773)  Searching directory [D:\SpringMybatisWebDemo\target\classes\com\hc\dao] for files matching pattern [D:/SpringMybatisWebDemo/target/classes/com/hc/**/*.class]
2016-12-15 11:08:32 org.springframework.core.io.support.PathMatchingResourcePatternResolver.doRetrieveMatchingFiles(PathMatchingResourcePatternResolver.java:773)  Searching directory [D:\SpringMybatisWebDemo\target\classes\com\hc\domain] for files matching pattern [D:/SpringMybatisWebDemo/target/classes/com/hc/**/*.class]
2016-12-15 11:08:32 org.springframework.core.io.support.PathMatchingResourcePatternResolver.doRetrieveMatchingFiles(PathMatchingResourcePatternResolver.java:773)  Searching directory [D:\SpringMybatisWebDemo\target\classes\com\hc\mapping] for files matching pattern [D:/SpringMybatisWebDemo/target/classes/com/hc/**/*.class]
2016-12-15 11:08:32 org.springframework.core.io.support.PathMatchingResourcePatternResolver.doRetrieveMatchingFiles(PathMatchingResourcePatternResolver.java:773)  Searching directory [D:\SpringMybatisWebDemo\target\classes\com\hc\service] for files matching pattern [D:/SpringMybatisWebDemo/target/classes/com/hc/**/*.class]
2016-12-15 11:08:32 org.springframework.core.io.support.PathMatchingResourcePatternResolver.doRetrieveMatchingFiles(PathMatchingResourcePatternResolver.java:773)  Searching directory [D:\SpringMybatisWebDemo\target\classes\com\hc\service\impl] for files matching pattern [D:/SpringMybatisWebDemo/target/classes/com/hc/**/*.class]
2016-12-15 11:08:32 org.springframework.core.io.support.PathMatchingResourcePatternResolver.findPathMatchingResources(PathMatchingResourcePatternResolver.java:483)  Resolved location pattern [classpath*:com/hc/**/*.class] to resources [file [D:\SpringMybatisWebDemo\target\classes\com\hc\action\DeptController.class], file [D:\SpringMybatisWebDemo\target\classes\com\hc\action\DeptServlet.class], file [D:\SpringMybatisWebDemo\target\classes\com\hc\dao\Dept2Dao.class], file [D:\SpringMybatisWebDemo\target\classes\com\hc\dao\DeptDao.class], file [D:\SpringMybatisWebDemo\target\classes\com\hc\dao\EmpDao.class], file [D:\SpringMybatisWebDemo\target\classes\com\hc\DemoTest.class], file [D:\SpringMybatisWebDemo\target\classes\com\hc\domain\Dept.class], file [D:\SpringMybatisWebDemo\target\classes\com\hc\domain\Dept2.class], file [D:\SpringMybatisWebDemo\target\classes\com\hc\domain\DeptQuery.class], file [D:\SpringMybatisWebDemo\target\classes\com\hc\domain\Emp.class], file [D:\SpringMybatisWebDemo\target\classes\com\hc\service\DeptService.class], file [D:\SpringMybatisWebDemo\target\classes\com\hc\service\impl\DeptServiceImpl.class]]
2016-12-15 11:08:32 org.springframework.context.annotation.ClassPathScanningCandidateComponentProvider.findCandidateComponents(ClassPathScanningCandidateComponentProvider.java:286)  Identified candidate component class: file [D:\SpringMybatisWebDemo\target\classes\com\hc\action\DeptController.class]
2016-12-15 11:08:32 org.springframework.context.annotation.ClassPathScanningCandidateComponentProvider.findCandidateComponents(ClassPathScanningCandidateComponentProvider.java:286)  Identified candidate component class: file [D:\SpringMybatisWebDemo\target\classes\com\hc\service\impl\DeptServiceImpl.class]
2016-12-15 11:08:32 org.springframework.beans.factory.xml.BeanDefinitionParserDelegate.parseBeanDefinitionElement(BeanDefinitionParserDelegate.java:481)  Neither XML 'id' nor 'name' specified - using generated bean name [org.mybatis.spring.mapper.MapperScannerConfigurer#0]
2016-12-15 11:08:32 org.springframework.beans.factory.support.AbstractBeanDefinitionReader.loadBeanDefinitions(AbstractBeanDefinitionReader.java:224)  Loaded 17 bean definitions from location pattern [applicationContext.xml]
2016-12-15 11:08:32 org.springframework.context.support.AbstractApplicationContext.obtainFreshBeanFactory(AbstractApplicationContext.java:616)  Bean factory for org.springframework.context.support.ClassPathXmlApplicationContext@45c8e616: org.springframework.beans.factory.support.DefaultListableBeanFactory@25359ed8: defining beans [deptController,deptServiceImpl,org.springframework.context.annotation.internalConfigurationAnnotationProcessor,org.springframework.context.annotation.internalAutowiredAnnotationProcessor,org.springframework.context.annotation.internalRequiredAnnotationProcessor,org.springframework.context.annotation.internalCommonAnnotationProcessor,org.springframework.context.event.internalEventListenerProcessor,org.springframework.context.event.internalEventListenerFactory,dataSource123,sqlSessionFactory,org.mybatis.spring.mapper.MapperScannerConfigurer#0,txManager,org.springframework.transaction.config.internalTransactionalEventListenerFactory,org.springframework.aop.config.internalAutoProxyCreator,org.springframework.transaction.annotation.AnnotationTransactionAttributeSource#0,org.springframework.transaction.interceptor.TransactionInterceptor#0,org.springframework.transaction.config.internalTransactionAdvisor]; root of factory hierarchy
2016-12-15 11:08:32 org.springframework.beans.factory.support.DefaultSingletonBeanRegistry.getSingleton(DefaultSingletonBeanRegistry.java:221)  Creating shared instance of singleton bean 'org.springframework.context.annotation.internalConfigurationAnnotationProcessor'
2016-12-15 11:08:32 org.springframework.beans.factory.support.AbstractAutowireCapableBeanFactory.createBean(AbstractAutowireCapableBeanFactory.java:448)  Creating instance of bean 'org.springframework.context.annotation.internalConfigurationAnnotationProcessor'
2016-12-15 11:08:32 org.springframework.beans.factory.support.AbstractAutowireCapableBeanFactory.doCreateBean(AbstractAutowireCapableBeanFactory.java:537)  Eagerly caching bean 'org.springframework.context.annotation.internalConfigurationAnnotationProcessor' to allow for resolving potential circular references
2016-12-15 11:08:32 org.springframework.beans.factory.support.AbstractAutowireCapableBeanFactory.createBean(AbstractAutowireCapableBeanFactory.java:484)  Finished creating instance of bean 'org.springframework.context.annotation.internalConfigurationAnnotationProcessor'
2016-12-15 11:08:32 org.springframework.beans.factory.support.DefaultSingletonBeanRegistry.getSingleton(DefaultSingletonBeanRegistry.java:221)  Creating shared instance of singleton bean 'org.mybatis.spring.mapper.MapperScannerConfigurer#0'
2016-12-15 11:08:32 org.springframework.beans.factory.support.AbstractAutowireCapableBeanFactory.createBean(AbstractAutowireCapableBeanFactory.java:448)  Creating instance of bean 'org.mybatis.spring.mapper.MapperScannerConfigurer#0'
2016-12-15 11:08:32 org.springframework.beans.factory.support.AbstractAutowireCapableBeanFactory.doCreateBean(AbstractAutowireCapableBeanFactory.java:537)  Eagerly caching bean 'org.mybatis.spring.mapper.MapperScannerConfigurer#0' to allow for resolving potential circular references
2016-12-15 11:08:32 org.springframework.beans.factory.support.AbstractAutowireCapableBeanFactory.invokeInitMethods(AbstractAutowireCapableBeanFactory.java:1625)  Invoking afterPropertiesSet() on bean with name 'org.mybatis.spring.mapper.MapperScannerConfigurer#0'
2016-12-15 11:08:32 org.springframework.beans.factory.support.AbstractAutowireCapableBeanFactory.createBean(AbstractAutowireCapableBeanFactory.java:484)  Finished creating instance of bean 'org.mybatis.spring.mapper.MapperScannerConfigurer#0'
2016-12-15 11:08:32 org.springframework.core.env.MutablePropertySources.addLast(MutablePropertySources.java:109)  Adding [systemProperties] PropertySource with lowest search precedence
2016-12-15 11:08:32 org.springframework.core.env.MutablePropertySources.addLast(MutablePropertySources.java:109)  Adding [systemEnvironment] PropertySource with lowest search precedence
2016-12-15 11:08:32 org.springframework.core.env.AbstractEnvironment.<init>(AbstractEnvironment.java:124)  Initialized StandardEnvironment with PropertySources [systemProperties,systemEnvironment]
2016-12-15 11:08:32 org.springframework.core.io.support.PathMatchingResourcePatternResolver.findAllClassPathResources(PathMatchingResourcePatternResolver.java:317)  Resolved classpath location [com/hc/dao/] to resources [URL [file:/D:/SpringMybatisWebDemo/target/classes/com/hc/dao/]]
2016-12-15 11:08:32 org.springframework.core.io.support.PathMatchingResourcePatternResolver.doFindMatchingFileSystemResources(PathMatchingResourcePatternResolver.java:711)  Looking for matching resources in directory tree [D:\SpringMybatisWebDemo\target\classes\com\hc\dao]
2016-12-15 11:08:32 org.springframework.core.io.support.PathMatchingResourcePatternResolver.doRetrieveMatchingFiles(PathMatchingResourcePatternResolver.java:773)  Searching directory [D:\SpringMybatisWebDemo\target\classes\com\hc\dao] for files matching pattern [D:/SpringMybatisWebDemo/target/classes/com/hc/dao/**/*.class]
2016-12-15 11:08:32 org.springframework.core.io.support.PathMatchingResourcePatternResolver.findPathMatchingResources(PathMatchingResourcePatternResolver.java:483)  Resolved location pattern [classpath*:com/hc/dao/**/*.class] to resources [file [D:\SpringMybatisWebDemo\target\classes\com\hc\dao\Dept2Dao.class], file [D:\SpringMybatisWebDemo\target\classes\com\hc\dao\DeptDao.class], file [D:\SpringMybatisWebDemo\target\classes\com\hc\dao\EmpDao.class]]
2016-12-15 11:08:32 org.springframework.context.annotation.ClassPathScanningCandidateComponentProvider.findCandidateComponents(ClassPathScanningCandidateComponentProvider.java:286)  Identified candidate component class: file [D:\SpringMybatisWebDemo\target\classes\com\hc\dao\Dept2Dao.class]
2016-12-15 11:08:32 org.springframework.context.annotation.ClassPathScanningCandidateComponentProvider.findCandidateComponents(ClassPathScanningCandidateComponentProvider.java:286)  Identified candidate component class: file [D:\SpringMybatisWebDemo\target\classes\com\hc\dao\DeptDao.class]
2016-12-15 11:08:32 org.springframework.context.annotation.ClassPathScanningCandidateComponentProvider.findCandidateComponents(ClassPathScanningCandidateComponentProvider.java:286)  Identified candidate component class: file [D:\SpringMybatisWebDemo\target\classes\com\hc\dao\EmpDao.class]
2016-12-15 11:08:32 org.mybatis.spring.mapper.ClassPathMapperScanner.processBeanDefinitions(ClassPathMapperScanner.java:181)  Creating MapperFactoryBean with name 'dept2Dao' and 'com.hc.dao.Dept2Dao' mapperInterface
2016-12-15 11:08:32 org.mybatis.spring.mapper.ClassPathMapperScanner.processBeanDefinitions(ClassPathMapperScanner.java:181)  Creating MapperFactoryBean with name 'deptDao' and 'com.hc.dao.DeptDao' mapperInterface
2016-12-15 11:08:32 org.mybatis.spring.mapper.ClassPathMapperScanner.processBeanDefinitions(ClassPathMapperScanner.java:181)  Creating MapperFactoryBean with name 'empDao' and 'com.hc.dao.EmpDao' mapperInterface
2016-12-15 11:08:32 org.springframework.beans.factory.support.DefaultSingletonBeanRegistry.getSingleton(DefaultSingletonBeanRegistry.java:221)  Creating shared instance of singleton bean 'org.springframework.context.annotation.internalAutowiredAnnotationProcessor'
2016-12-15 11:08:32 org.springframework.beans.factory.support.AbstractAutowireCapableBeanFactory.createBean(AbstractAutowireCapableBeanFactory.java:448)  Creating instance of bean 'org.springframework.context.annotation.internalAutowiredAnnotationProcessor'
2016-12-15 11:08:32 org.springframework.beans.factory.support.AbstractAutowireCapableBeanFactory.doCreateBean(AbstractAutowireCapableBeanFactory.java:537)  Eagerly caching bean 'org.springframework.context.annotation.internalAutowiredAnnotationProcessor' to allow for resolving potential circular references
2016-12-15 11:08:32 org.springframework.beans.factory.support.AbstractAutowireCapableBeanFactory.createBean(AbstractAutowireCapableBeanFactory.java:484)  Finished creating instance of bean 'org.springframework.context.annotation.internalAutowiredAnnotationProcessor'
2016-12-15 11:08:32 org.springframework.beans.factory.support.DefaultSingletonBeanRegistry.getSingleton(DefaultSingletonBeanRegistry.java:221)  Creating shared instance of singleton bean 'org.springframework.context.annotation.internalRequiredAnnotationProcessor'
2016-12-15 11:08:32 org.springframework.beans.factory.support.AbstractAutowireCapableBeanFactory.createBean(AbstractAutowireCapableBeanFactory.java:448)  Creating instance of bean 'org.springframework.context.annotation.internalRequiredAnnotationProcessor'
2016-12-15 11:08:32 org.springframework.beans.factory.support.AbstractAutowireCapableBeanFactory.doCreateBean(AbstractAutowireCapableBeanFactory.java:537)  Eagerly caching bean 'org.springframework.context.annotation.internalRequiredAnnotationProcessor' to allow for resolving potential circular references
2016-12-15 11:08:32 org.springframework.beans.factory.support.AbstractAutowireCapableBeanFactory.createBean(AbstractAutowireCapableBeanFactory.java:484)  Finished creating instance of bean 'org.springframework.context.annotation.internalRequiredAnnotationProcessor'
2016-12-15 11:08:32 org.springframework.beans.factory.support.DefaultSingletonBeanRegistry.getSingleton(DefaultSingletonBeanRegistry.java:221)  Creating shared instance of singleton bean 'org.springframework.context.annotation.internalCommonAnnotationProcessor'
2016-12-15 11:08:32 org.springframework.beans.factory.support.AbstractAutowireCapableBeanFactory.createBean(AbstractAutowireCapableBeanFactory.java:448)  Creating instance of bean 'org.springframework.context.annotation.internalCommonAnnotationProcessor'
2016-12-15 11:08:32 org.springframework.beans.factory.support.AbstractAutowireCapableBeanFactory.doCreateBean(AbstractAutowireCapableBeanFactory.java:537)  Eagerly caching bean 'org.springframework.context.annotation.internalCommonAnnotationProcessor' to allow for resolving potential circular references
2016-12-15 11:08:32 org.springframework.beans.factory.support.AbstractAutowireCapableBeanFactory.createBean(AbstractAutowireCapableBeanFactory.java:484)  Finished creating instance of bean 'org.springframework.context.annotation.internalCommonAnnotationProcessor'
2016-12-15 11:08:32 org.springframework.beans.factory.support.DefaultSingletonBeanRegistry.getSingleton(DefaultSingletonBeanRegistry.java:221)  Creating shared instance of singleton bean 'org.springframework.context.annotation.ConfigurationClassPostProcessor.importAwareProcessor'
2016-12-15 11:08:32 org.springframework.beans.factory.support.AbstractAutowireCapableBeanFactory.createBean(AbstractAutowireCapableBeanFactory.java:448)  Creating instance of bean 'org.springframework.context.annotation.ConfigurationClassPostProcessor.importAwareProcessor'
2016-12-15 11:08:32 org.springframework.beans.factory.support.AbstractAutowireCapableBeanFactory.doCreateBean(AbstractAutowireCapableBeanFactory.java:537)  Eagerly caching bean 'org.springframework.context.annotation.ConfigurationClassPostProcessor.importAwareProcessor' to allow for resolving potential circular references
2016-12-15 11:08:32 org.springframework.beans.factory.support.AbstractAutowireCapableBeanFactory.createBean(AbstractAutowireCapableBeanFactory.java:484)  Finished creating instance of bean 'org.springframework.context.annotation.ConfigurationClassPostProcessor.importAwareProcessor'
2016-12-15 11:08:32 org.springframework.beans.factory.support.DefaultSingletonBeanRegistry.getSingleton(DefaultSingletonBeanRegistry.java:221)  Creating shared instance of singleton bean 'org.springframework.context.annotation.ConfigurationClassPostProcessor.enhancedConfigurationProcessor'
2016-12-15 11:08:32 org.springframework.beans.factory.support.AbstractAutowireCapableBeanFactory.createBean(AbstractAutowireCapableBeanFactory.java:448)  Creating instance of bean 'org.springframework.context.annotation.ConfigurationClassPostProcessor.enhancedConfigurationProcessor'
2016-12-15 11:08:32 org.springframework.beans.factory.support.AbstractAutowireCapableBeanFactory.doCreateBean(AbstractAutowireCapableBeanFactory.java:537)  Eagerly caching bean 'org.springframework.context.annotation.ConfigurationClassPostProcessor.enhancedConfigurationProcessor' to allow for resolving potential circular references
2016-12-15 11:08:32 org.springframework.beans.factory.support.AbstractAutowireCapableBeanFactory.createBean(AbstractAutowireCapableBeanFactory.java:484)  Finished creating instance of bean 'org.springframework.context.annotation.ConfigurationClassPostProcessor.enhancedConfigurationProcessor'
2016-12-15 11:08:32 org.springframework.beans.factory.support.DefaultSingletonBeanRegistry.getSingleton(DefaultSingletonBeanRegistry.java:221)  Creating shared instance of singleton bean 'org.springframework.aop.config.internalAutoProxyCreator'
2016-12-15 11:08:32 org.springframework.beans.factory.support.AbstractAutowireCapableBeanFactory.createBean(AbstractAutowireCapableBeanFactory.java:448)  Creating instance of bean 'org.springframework.aop.config.internalAutoProxyCreator'
2016-12-15 11:08:32 org.springframework.beans.factory.support.AbstractAutowireCapableBeanFactory.doCreateBean(AbstractAutowireCapableBeanFactory.java:537)  Eagerly caching bean 'org.springframework.aop.config.internalAutoProxyCreator' to allow for resolving potential circular references
2016-12-15 11:08:32 org.springframework.beans.factory.support.AbstractAutowireCapableBeanFactory.createBean(AbstractAutowireCapableBeanFactory.java:484)  Finished creating instance of bean 'org.springframework.aop.config.internalAutoProxyCreator'
2016-12-15 11:08:32 org.springframework.context.support.AbstractApplicationContext.initMessageSource(AbstractApplicationContext.java:733)  Unable to locate MessageSource with name 'messageSource': using default [org.springframework.context.support.DelegatingMessageSource@7193666c]
2016-12-15 11:08:32 org.springframework.context.support.AbstractApplicationContext.initApplicationEventMulticaster(AbstractApplicationContext.java:757)  Unable to locate ApplicationEventMulticaster with name 'applicationEventMulticaster': using default [org.springframework.context.event.SimpleApplicationEventMulticaster@55b7a4e0]
2016-12-15 11:08:32 org.springframework.beans.factory.support.DefaultListableBeanFactory.preInstantiateSingletons(DefaultListableBeanFactory.java:723)  Pre-instantiating singletons in org.springframework.beans.factory.support.DefaultListableBeanFactory@25359ed8: defining beans [deptController,deptServiceImpl,org.springframework.context.annotation.internalConfigurationAnnotationProcessor,org.springframework.context.annotation.internalAutowiredAnnotationProcessor,org.springframework.context.annotation.internalRequiredAnnotationProcessor,org.springframework.context.annotation.internalCommonAnnotationProcessor,org.springframework.context.event.internalEventListenerProcessor,org.springframework.context.event.internalEventListenerFactory,dataSource123,sqlSessionFactory,org.mybatis.spring.mapper.MapperScannerConfigurer#0,txManager,org.springframework.transaction.config.internalTransactionalEventListenerFactory,org.springframework.aop.config.internalAutoProxyCreator,org.springframework.transaction.annotation.AnnotationTransactionAttributeSource#0,org.springframework.transaction.interceptor.TransactionInterceptor#0,org.springframework.transaction.config.internalTransactionAdvisor,org.springframework.context.annotation.ConfigurationClassPostProcessor.importAwareProcessor,org.springframework.context.annotation.ConfigurationClassPostProcessor.enhancedConfigurationProcessor,dept2Dao,deptDao,empDao]; root of factory hierarchy
2016-12-15 11:08:32 org.springframework.beans.factory.support.DefaultSingletonBeanRegistry.getSingleton(DefaultSingletonBeanRegistry.java:221)  Creating shared instance of singleton bean 'deptController'
2016-12-15 11:08:32 org.springframework.beans.factory.support.AbstractAutowireCapableBeanFactory.createBean(AbstractAutowireCapableBeanFactory.java:448)  Creating instance of bean 'deptController'
2016-12-15 11:08:32 org.springframework.beans.factory.annotation.InjectionMetadata.checkConfigMembers(InjectionMetadata.java:72)  Registered injected element on class [com.hc.action.DeptController]: AutowiredFieldElement for private com.hc.service.DeptService com.hc.action.DeptController.deptService
2016-12-15 11:08:32 org.springframework.beans.factory.support.AbstractAutowireCapableBeanFactory.doCreateBean(AbstractAutowireCapableBeanFactory.java:537)  Eagerly caching bean 'deptController' to allow for resolving potential circular references
2016-12-15 11:08:32 org.springframework.beans.factory.annotation.InjectionMetadata.inject(InjectionMetadata.java:86)  Processing injected element of bean 'deptController': AutowiredFieldElement for private com.hc.service.DeptService com.hc.action.DeptController.deptService
2016-12-15 11:08:32 org.springframework.beans.factory.support.DefaultSingletonBeanRegistry.getSingleton(DefaultSingletonBeanRegistry.java:221)  Creating shared instance of singleton bean 'deptServiceImpl'
2016-12-15 11:08:32 org.springframework.beans.factory.support.AbstractAutowireCapableBeanFactory.createBean(AbstractAutowireCapableBeanFactory.java:448)  Creating instance of bean 'deptServiceImpl'
2016-12-15 11:08:32 org.springframework.beans.factory.annotation.InjectionMetadata.checkConfigMembers(InjectionMetadata.java:72)  Registered injected element on class [com.hc.service.impl.DeptServiceImpl]: AutowiredFieldElement for private com.hc.dao.DeptDao com.hc.service.impl.DeptServiceImpl.deptDao
2016-12-15 11:08:32 org.springframework.beans.factory.support.AbstractAutowireCapableBeanFactory.doCreateBean(AbstractAutowireCapableBeanFactory.java:537)  Eagerly caching bean 'deptServiceImpl' to allow for resolving potential circular references
2016-12-15 11:08:32 org.springframework.beans.factory.annotation.InjectionMetadata.inject(InjectionMetadata.java:86)  Processing injected element of bean 'deptServiceImpl': AutowiredFieldElement for private com.hc.dao.DeptDao com.hc.service.impl.DeptServiceImpl.deptDao
2016-12-15 11:08:32 org.springframework.beans.factory.support.DefaultSingletonBeanRegistry.getSingleton(DefaultSingletonBeanRegistry.java:221)  Creating shared instance of singleton bean 'deptDao'
2016-12-15 11:08:32 org.springframework.beans.factory.support.AbstractAutowireCapableBeanFactory.createBean(AbstractAutowireCapableBeanFactory.java:448)  Creating instance of bean 'deptDao'
2016-12-15 11:08:32 org.springframework.beans.factory.support.AbstractAutowireCapableBeanFactory.doCreateBean(AbstractAutowireCapableBeanFactory.java:537)  Eagerly caching bean 'deptDao' to allow for resolving potential circular references
2016-12-15 11:08:32 org.springframework.beans.factory.support.DefaultSingletonBeanRegistry.getSingleton(DefaultSingletonBeanRegistry.java:221)  Creating shared instance of singleton bean 'sqlSessionFactory'
2016-12-15 11:08:32 org.springframework.beans.factory.support.AbstractAutowireCapableBeanFactory.createBean(AbstractAutowireCapableBeanFactory.java:448)  Creating instance of bean 'sqlSessionFactory'
2016-12-15 11:08:32 org.springframework.beans.factory.support.AbstractAutowireCapableBeanFactory.doCreateBean(AbstractAutowireCapableBeanFactory.java:537)  Eagerly caching bean 'sqlSessionFactory' to allow for resolving potential circular references
2016-12-15 11:08:32 org.springframework.beans.factory.support.DefaultSingletonBeanRegistry.getSingleton(DefaultSingletonBeanRegistry.java:221)  Creating shared instance of singleton bean 'dataSource123'
2016-12-15 11:08:32 org.springframework.beans.factory.support.AbstractAutowireCapableBeanFactory.createBean(AbstractAutowireCapableBeanFactory.java:448)  Creating instance of bean 'dataSource123'
2016-12-15 11:08:32 org.springframework.beans.factory.support.AbstractAutowireCapableBeanFactory.doCreateBean(AbstractAutowireCapableBeanFactory.java:537)  Eagerly caching bean 'dataSource123' to allow for resolving potential circular references
2016-12-15 11:08:32 org.springframework.beans.factory.support.DefaultSingletonBeanRegistry.getSingleton(DefaultSingletonBeanRegistry.java:221)  Creating shared instance of singleton bean 'org.springframework.transaction.config.internalTransactionAdvisor'
2016-12-15 11:08:32 org.springframework.beans.factory.support.AbstractAutowireCapableBeanFactory.createBean(AbstractAutowireCapableBeanFactory.java:448)  Creating instance of bean 'org.springframework.transaction.config.internalTransactionAdvisor'
2016-12-15 11:08:32 org.springframework.beans.factory.support.AbstractAutowireCapableBeanFactory.doCreateBean(AbstractAutowireCapableBeanFactory.java:537)  Eagerly caching bean 'org.springframework.transaction.config.internalTransactionAdvisor' to allow for resolving potential circular references
2016-12-15 11:08:32 org.springframework.beans.factory.support.DefaultSingletonBeanRegistry.getSingleton(DefaultSingletonBeanRegistry.java:221)  Creating shared instance of singleton bean 'org.springframework.transaction.annotation.AnnotationTransactionAttributeSource#0'
2016-12-15 11:08:32 org.springframework.beans.factory.support.AbstractAutowireCapableBeanFactory.createBean(AbstractAutowireCapableBeanFactory.java:448)  Creating instance of bean 'org.springframework.transaction.annotation.AnnotationTransactionAttributeSource#0'
2016-12-15 11:08:32 org.springframework.beans.factory.support.AbstractAutowireCapableBeanFactory.doCreateBean(AbstractAutowireCapableBeanFactory.java:537)  Eagerly caching bean 'org.springframework.transaction.annotation.AnnotationTransactionAttributeSource#0' to allow for resolving potential circular references
2016-12-15 11:08:32 org.springframework.aop.framework.autoproxy.BeanFactoryAdvisorRetrievalHelper.findAdvisorBeans(BeanFactoryAdvisorRetrievalHelper.java:87)  Skipping currently created advisor 'org.springframework.transaction.config.internalTransactionAdvisor'
2016-12-15 11:08:32 org.springframework.beans.factory.support.AbstractAutowireCapableBeanFactory.createBean(AbstractAutowireCapableBeanFactory.java:484)  Finished creating instance of bean 'org.springframework.transaction.annotation.AnnotationTransactionAttributeSource#0'
2016-12-15 11:08:32 org.springframework.beans.factory.support.AbstractAutowireCapableBeanFactory.createBean(AbstractAutowireCapableBeanFactory.java:484)  Finished creating instance of bean 'org.springframework.transaction.config.internalTransactionAdvisor'
2016-12-15 11:08:33 org.springframework.beans.factory.support.AbstractAutowireCapableBeanFactory.createBean(AbstractAutowireCapableBeanFactory.java:484)  Finished creating instance of bean 'dataSource123'
2016-12-15 11:08:33 org.springframework.beans.factory.support.AbstractAutowireCapableBeanFactory.invokeInitMethods(AbstractAutowireCapableBeanFactory.java:1625)  Invoking afterPropertiesSet() on bean with name 'sqlSessionFactory'
2016-12-15 11:08:33 org.apache.ibatis.logging.commons.JakartaCommonsLoggingImpl.debug(JakartaCommonsLoggingImpl.java:54)  Parsed configuration file: 'class path resource [mybatisMapper.xml]'
2016-12-15 11:08:33 org.apache.ibatis.logging.commons.JakartaCommonsLoggingImpl.debug(JakartaCommonsLoggingImpl.java:54)  Property 'mapperLocations' was not specified or no matching resources found
2016-12-15 11:08:33 org.springframework.beans.factory.support.AbstractBeanFactory.doGetBean(AbstractBeanFactory.java:251)  Returning cached instance of singleton bean 'org.springframework.transaction.config.internalTransactionAdvisor'
2016-12-15 11:08:33 org.springframework.beans.factory.support.AbstractAutowireCapableBeanFactory.createBean(AbstractAutowireCapableBeanFactory.java:484)  Finished creating instance of bean 'sqlSessionFactory'
2016-12-15 11:08:33 org.springframework.beans.factory.support.AbstractBeanFactory.doGetBean(AbstractBeanFactory.java:251)  Returning cached instance of singleton bean 'org.springframework.transaction.config.internalTransactionAdvisor'
2016-12-15 11:08:33 org.springframework.beans.factory.support.AbstractAutowireCapableBeanFactory.invokeInitMethods(AbstractAutowireCapableBeanFactory.java:1625)  Invoking afterPropertiesSet() on bean with name 'deptDao'
2016-12-15 11:08:33 org.springframework.beans.factory.support.AbstractBeanFactory.doGetBean(AbstractBeanFactory.java:251)  Returning cached instance of singleton bean 'org.springframework.transaction.config.internalTransactionAdvisor'
2016-12-15 11:08:33 org.springframework.beans.factory.support.AbstractAutowireCapableBeanFactory.createBean(AbstractAutowireCapableBeanFactory.java:484)  Finished creating instance of bean 'deptDao'
2016-12-15 11:08:33 org.springframework.beans.factory.support.AbstractBeanFactory.doGetBean(AbstractBeanFactory.java:251)  Returning cached instance of singleton bean 'org.springframework.transaction.config.internalTransactionAdvisor'
2016-12-15 11:08:33 org.springframework.beans.factory.annotation.AutowiredAnnotationBeanPostProcessor.registerDependentBeans(AutowiredAnnotationBeanPostProcessor.java:539)  Autowiring by type from bean name 'deptServiceImpl' to bean named 'deptDao'
2016-12-15 11:08:33 org.springframework.beans.factory.support.AbstractBeanFactory.doGetBean(AbstractBeanFactory.java:251)  Returning cached instance of singleton bean 'org.springframework.transaction.config.internalTransactionAdvisor'
2016-12-15 11:08:33 org.springframework.beans.factory.support.AbstractAutowireCapableBeanFactory.createBean(AbstractAutowireCapableBeanFactory.java:484)  Finished creating instance of bean 'deptServiceImpl'
2016-12-15 11:08:33 org.springframework.beans.factory.annotation.AutowiredAnnotationBeanPostProcessor.registerDependentBeans(AutowiredAnnotationBeanPostProcessor.java:539)  Autowiring by type from bean name 'deptController' to bean named 'deptServiceImpl'
2016-12-15 11:08:33 org.springframework.beans.factory.support.AbstractBeanFactory.doGetBean(AbstractBeanFactory.java:251)  Returning cached instance of singleton bean 'org.springframework.transaction.config.internalTransactionAdvisor'
2016-12-15 11:08:33 org.springframework.beans.factory.support.AbstractAutowireCapableBeanFactory.createBean(AbstractAutowireCapableBeanFactory.java:484)  Finished creating instance of bean 'deptController'
2016-12-15 11:08:33 org.springframework.beans.factory.support.AbstractBeanFactory.doGetBean(AbstractBeanFactory.java:251)  Returning cached instance of singleton bean 'deptServiceImpl'
2016-12-15 11:08:33 org.springframework.beans.factory.support.AbstractBeanFactory.doGetBean(AbstractBeanFactory.java:251)  Returning cached instance of singleton bean 'org.springframework.context.annotation.internalConfigurationAnnotationProcessor'
2016-12-15 11:08:33 org.springframework.beans.factory.support.AbstractBeanFactory.doGetBean(AbstractBeanFactory.java:251)  Returning cached instance of singleton bean 'org.springframework.context.annotation.internalAutowiredAnnotationProcessor'
2016-12-15 11:08:33 org.springframework.beans.factory.support.AbstractBeanFactory.doGetBean(AbstractBeanFactory.java:251)  Returning cached instance of singleton bean 'org.springframework.context.annotation.internalRequiredAnnotationProcessor'
2016-12-15 11:08:33 org.springframework.beans.factory.support.AbstractBeanFactory.doGetBean(AbstractBeanFactory.java:251)  Returning cached instance of singleton bean 'org.springframework.context.annotation.internalCommonAnnotationProcessor'
2016-12-15 11:08:33 org.springframework.beans.factory.support.DefaultSingletonBeanRegistry.getSingleton(DefaultSingletonBeanRegistry.java:221)  Creating shared instance of singleton bean 'org.springframework.context.event.internalEventListenerProcessor'
2016-12-15 11:08:33 org.springframework.beans.factory.support.AbstractAutowireCapableBeanFactory.createBean(AbstractAutowireCapableBeanFactory.java:448)  Creating instance of bean 'org.springframework.context.event.internalEventListenerProcessor'
2016-12-15 11:08:33 org.springframework.beans.factory.support.AbstractAutowireCapableBeanFactory.doCreateBean(AbstractAutowireCapableBeanFactory.java:537)  Eagerly caching bean 'org.springframework.context.event.internalEventListenerProcessor' to allow for resolving potential circular references
2016-12-15 11:08:33 org.springframework.beans.factory.support.AbstractBeanFactory.doGetBean(AbstractBeanFactory.java:251)  Returning cached instance of singleton bean 'org.springframework.transaction.config.internalTransactionAdvisor'
2016-12-15 11:08:33 org.springframework.beans.factory.support.AbstractAutowireCapableBeanFactory.createBean(AbstractAutowireCapableBeanFactory.java:484)  Finished creating instance of bean 'org.springframework.context.event.internalEventListenerProcessor'
2016-12-15 11:08:33 org.springframework.beans.factory.support.DefaultSingletonBeanRegistry.getSingleton(DefaultSingletonBeanRegistry.java:221)  Creating shared instance of singleton bean 'org.springframework.context.event.internalEventListenerFactory'
2016-12-15 11:08:33 org.springframework.beans.factory.support.AbstractAutowireCapableBeanFactory.createBean(AbstractAutowireCapableBeanFactory.java:448)  Creating instance of bean 'org.springframework.context.event.internalEventListenerFactory'
2016-12-15 11:08:33 org.springframework.beans.factory.support.AbstractAutowireCapableBeanFactory.doCreateBean(AbstractAutowireCapableBeanFactory.java:537)  Eagerly caching bean 'org.springframework.context.event.internalEventListenerFactory' to allow for resolving potential circular references
2016-12-15 11:08:33 org.springframework.beans.factory.support.AbstractBeanFactory.doGetBean(AbstractBeanFactory.java:251)  Returning cached instance of singleton bean 'org.springframework.transaction.config.internalTransactionAdvisor'
2016-12-15 11:08:33 org.springframework.beans.factory.support.AbstractAutowireCapableBeanFactory.createBean(AbstractAutowireCapableBeanFactory.java:484)  Finished creating instance of bean 'org.springframework.context.event.internalEventListenerFactory'
2016-12-15 11:08:33 org.springframework.beans.factory.support.AbstractBeanFactory.doGetBean(AbstractBeanFactory.java:251)  Returning cached instance of singleton bean 'dataSource123'
2016-12-15 11:08:33 org.springframework.beans.factory.support.AbstractBeanFactory.doGetBean(AbstractBeanFactory.java:251)  Returning cached instance of singleton bean 'sqlSessionFactory'
2016-12-15 11:08:33 org.springframework.beans.factory.support.AbstractBeanFactory.doGetBean(AbstractBeanFactory.java:251)  Returning cached instance of singleton bean 'org.mybatis.spring.mapper.MapperScannerConfigurer#0'
2016-12-15 11:08:33 org.springframework.beans.factory.support.DefaultSingletonBeanRegistry.getSingleton(DefaultSingletonBeanRegistry.java:221)  Creating shared instance of singleton bean 'txManager'
2016-12-15 11:08:33 org.springframework.beans.factory.support.AbstractAutowireCapableBeanFactory.createBean(AbstractAutowireCapableBeanFactory.java:448)  Creating instance of bean 'txManager'
2016-12-15 11:08:33 org.springframework.beans.factory.support.AbstractAutowireCapableBeanFactory.doCreateBean(AbstractAutowireCapableBeanFactory.java:537)  Eagerly caching bean 'txManager' to allow for resolving potential circular references
2016-12-15 11:08:33 org.springframework.beans.factory.support.AbstractBeanFactory.doGetBean(AbstractBeanFactory.java:251)  Returning cached instance of singleton bean 'dataSource123'
2016-12-15 11:08:33 org.springframework.beans.factory.support.AbstractAutowireCapableBeanFactory.invokeInitMethods(AbstractAutowireCapableBeanFactory.java:1625)  Invoking afterPropertiesSet() on bean with name 'txManager'
2016-12-15 11:08:33 org.springframework.beans.factory.support.AbstractBeanFactory.doGetBean(AbstractBeanFactory.java:251)  Returning cached instance of singleton bean 'org.springframework.transaction.config.internalTransactionAdvisor'
2016-12-15 11:08:33 org.springframework.beans.factory.support.AbstractAutowireCapableBeanFactory.createBean(AbstractAutowireCapableBeanFactory.java:484)  Finished creating instance of bean 'txManager'
2016-12-15 11:08:33 org.springframework.beans.factory.support.DefaultSingletonBeanRegistry.getSingleton(DefaultSingletonBeanRegistry.java:221)  Creating shared instance of singleton bean 'org.springframework.transaction.config.internalTransactionalEventListenerFactory'
2016-12-15 11:08:33 org.springframework.beans.factory.support.AbstractAutowireCapableBeanFactory.createBean(AbstractAutowireCapableBeanFactory.java:448)  Creating instance of bean 'org.springframework.transaction.config.internalTransactionalEventListenerFactory'
2016-12-15 11:08:33 org.springframework.beans.factory.support.AbstractAutowireCapableBeanFactory.doCreateBean(AbstractAutowireCapableBeanFactory.java:537)  Eagerly caching bean 'org.springframework.transaction.config.internalTransactionalEventListenerFactory' to allow for resolving potential circular references
2016-12-15 11:08:33 org.springframework.beans.factory.support.AbstractBeanFactory.doGetBean(AbstractBeanFactory.java:251)  Returning cached instance of singleton bean 'org.springframework.transaction.config.internalTransactionAdvisor'
2016-12-15 11:08:33 org.springframework.beans.factory.support.AbstractAutowireCapableBeanFactory.createBean(AbstractAutowireCapableBeanFactory.java:484)  Finished creating instance of bean 'org.springframework.transaction.config.internalTransactionalEventListenerFactory'
2016-12-15 11:08:33 org.springframework.beans.factory.support.AbstractBeanFactory.doGetBean(AbstractBeanFactory.java:251)  Returning cached instance of singleton bean 'org.springframework.aop.config.internalAutoProxyCreator'
2016-12-15 11:08:33 org.springframework.beans.factory.support.AbstractBeanFactory.doGetBean(AbstractBeanFactory.java:251)  Returning cached instance of singleton bean 'org.springframework.transaction.annotation.AnnotationTransactionAttributeSource#0'
2016-12-15 11:08:33 org.springframework.beans.factory.support.DefaultSingletonBeanRegistry.getSingleton(DefaultSingletonBeanRegistry.java:221)  Creating shared instance of singleton bean 'org.springframework.transaction.interceptor.TransactionInterceptor#0'
2016-12-15 11:08:33 org.springframework.beans.factory.support.AbstractAutowireCapableBeanFactory.createBean(AbstractAutowireCapableBeanFactory.java:448)  Creating instance of bean 'org.springframework.transaction.interceptor.TransactionInterceptor#0'
2016-12-15 11:08:33 org.springframework.beans.factory.support.AbstractAutowireCapableBeanFactory.doCreateBean(AbstractAutowireCapableBeanFactory.java:537)  Eagerly caching bean 'org.springframework.transaction.interceptor.TransactionInterceptor#0' to allow for resolving potential circular references
2016-12-15 11:08:33 org.springframework.beans.factory.support.AbstractBeanFactory.doGetBean(AbstractBeanFactory.java:251)  Returning cached instance of singleton bean 'org.springframework.transaction.annotation.AnnotationTransactionAttributeSource#0'
2016-12-15 11:08:33 org.springframework.beans.factory.support.AbstractAutowireCapableBeanFactory.invokeInitMethods(AbstractAutowireCapableBeanFactory.java:1625)  Invoking afterPropertiesSet() on bean with name 'org.springframework.transaction.interceptor.TransactionInterceptor#0'
2016-12-15 11:08:33 org.springframework.beans.factory.support.AbstractAutowireCapableBeanFactory.createBean(AbstractAutowireCapableBeanFactory.java:484)  Finished creating instance of bean 'org.springframework.transaction.interceptor.TransactionInterceptor#0'
2016-12-15 11:08:33 org.springframework.beans.factory.support.AbstractBeanFactory.doGetBean(AbstractBeanFactory.java:251)  Returning cached instance of singleton bean 'org.springframework.transaction.config.internalTransactionAdvisor'
2016-12-15 11:08:33 org.springframework.beans.factory.support.AbstractBeanFactory.doGetBean(AbstractBeanFactory.java:251)  Returning cached instance of singleton bean 'org.springframework.context.annotation.ConfigurationClassPostProcessor.importAwareProcessor'
2016-12-15 11:08:33 org.springframework.beans.factory.support.AbstractBeanFactory.doGetBean(AbstractBeanFactory.java:251)  Returning cached instance of singleton bean 'org.springframework.context.annotation.ConfigurationClassPostProcessor.enhancedConfigurationProcessor'
2016-12-15 11:08:33 org.springframework.beans.factory.support.DefaultSingletonBeanRegistry.getSingleton(DefaultSingletonBeanRegistry.java:221)  Creating shared instance of singleton bean 'dept2Dao'
2016-12-15 11:08:33 org.springframework.beans.factory.support.AbstractAutowireCapableBeanFactory.createBean(AbstractAutowireCapableBeanFactory.java:448)  Creating instance of bean 'dept2Dao'
2016-12-15 11:08:33 org.springframework.beans.factory.support.AbstractAutowireCapableBeanFactory.doCreateBean(AbstractAutowireCapableBeanFactory.java:537)  Eagerly caching bean 'dept2Dao' to allow for resolving potential circular references
2016-12-15 11:08:33 org.springframework.beans.factory.support.AbstractBeanFactory.doGetBean(AbstractBeanFactory.java:251)  Returning cached instance of singleton bean 'sqlSessionFactory'
2016-12-15 11:08:33 org.springframework.beans.factory.support.AbstractAutowireCapableBeanFactory.invokeInitMethods(AbstractAutowireCapableBeanFactory.java:1625)  Invoking afterPropertiesSet() on bean with name 'dept2Dao'
2016-12-15 11:08:33 org.springframework.beans.factory.support.AbstractBeanFactory.doGetBean(AbstractBeanFactory.java:251)  Returning cached instance of singleton bean 'org.springframework.transaction.config.internalTransactionAdvisor'
2016-12-15 11:08:33 org.springframework.beans.factory.support.AbstractAutowireCapableBeanFactory.createBean(AbstractAutowireCapableBeanFactory.java:484)  Finished creating instance of bean 'dept2Dao'
2016-12-15 11:08:33 org.springframework.beans.factory.support.AbstractBeanFactory.doGetBean(AbstractBeanFactory.java:251)  Returning cached instance of singleton bean 'deptDao'
2016-12-15 11:08:33 org.springframework.beans.factory.support.DefaultSingletonBeanRegistry.getSingleton(DefaultSingletonBeanRegistry.java:221)  Creating shared instance of singleton bean 'empDao'
2016-12-15 11:08:33 org.springframework.beans.factory.support.AbstractAutowireCapableBeanFactory.createBean(AbstractAutowireCapableBeanFactory.java:448)  Creating instance of bean 'empDao'
2016-12-15 11:08:33 org.springframework.beans.factory.support.AbstractAutowireCapableBeanFactory.doCreateBean(AbstractAutowireCapableBeanFactory.java:537)  Eagerly caching bean 'empDao' to allow for resolving potential circular references
2016-12-15 11:08:33 org.springframework.beans.factory.support.AbstractBeanFactory.doGetBean(AbstractBeanFactory.java:251)  Returning cached instance of singleton bean 'sqlSessionFactory'
2016-12-15 11:08:33 org.springframework.beans.factory.support.AbstractAutowireCapableBeanFactory.invokeInitMethods(AbstractAutowireCapableBeanFactory.java:1625)  Invoking afterPropertiesSet() on bean with name 'empDao'
2016-12-15 11:08:33 org.springframework.beans.factory.support.AbstractBeanFactory.doGetBean(AbstractBeanFactory.java:251)  Returning cached instance of singleton bean 'org.springframework.transaction.config.internalTransactionAdvisor'
2016-12-15 11:08:33 org.springframework.beans.factory.support.AbstractAutowireCapableBeanFactory.createBean(AbstractAutowireCapableBeanFactory.java:484)  Finished creating instance of bean 'empDao'
2016-12-15 11:08:33 org.springframework.beans.factory.support.AbstractBeanFactory.doGetBean(AbstractBeanFactory.java:251)  Returning cached instance of singleton bean 'org.springframework.context.event.internalEventListenerFactory'
2016-12-15 11:08:33 org.springframework.beans.factory.support.AbstractBeanFactory.doGetBean(AbstractBeanFactory.java:251)  Returning cached instance of singleton bean 'org.springframework.transaction.config.internalTransactionalEventListenerFactory'
2016-12-15 11:08:33 org.springframework.context.support.AbstractApplicationContext.initLifecycleProcessor(AbstractApplicationContext.java:784)  Unable to locate LifecycleProcessor with name 'lifecycleProcessor': using default [org.springframework.context.support.DefaultLifecycleProcessor@2ddc9a9f]
2016-12-15 11:08:33 org.springframework.beans.factory.support.AbstractBeanFactory.doGetBean(AbstractBeanFactory.java:251)  Returning cached instance of singleton bean 'lifecycleProcessor'
2016-12-15 11:08:33 org.springframework.beans.factory.support.AbstractBeanFactory.doGetBean(AbstractBeanFactory.java:251)  Returning cached instance of singleton bean 'sqlSessionFactory'
2016-12-15 11:08:33 org.springframework.core.env.PropertySourcesPropertyResolver.getProperty(PropertySourcesPropertyResolver.java:91)  Could not find key 'spring.liveBeansView.mbeanDomain' in any property source
2016-12-15 11:08:33 org.springframework.beans.factory.support.AbstractBeanFactory.doGetBean(AbstractBeanFactory.java:251)  Returning cached instance of singleton bean 'sqlSessionFactory'
2016-12-15 11:08:33 org.apache.ibatis.logging.commons.JakartaCommonsLoggingImpl.debug(JakartaCommonsLoggingImpl.java:54)  Cache Hit Ratio [com.hc.dao.Dept2Dao]: 0.0
2016-12-15 11:08:33 org.springframework.jdbc.datasource.DataSourceUtils.doGetConnection(DataSourceUtils.java:110)  Fetching JDBC Connection from DataSource
2016-12-15 11:08:33 com.alibaba.druid.pool.DruidDataSource.init(DruidDataSource.java:715)  {dataSource-1} inited
2016-12-15 11:08:33 org.apache.ibatis.logging.commons.JakartaCommonsLoggingImpl.debug(JakartaCommonsLoggingImpl.java:54)  JDBC Connection [com.mysql.jdbc.JDBC4Connection@29f7cefd] will not be managed by Spring
2016-12-15 11:08:33 org.apache.ibatis.logging.commons.JakartaCommonsLoggingImpl.debug(JakartaCommonsLoggingImpl.java:54)  ==>  Preparing: SELECT deptno, dname, loc,kouhao,yusuan from dept WHERE deptno = 10 and dname like '%OUNT5%' 
2016-12-15 11:08:33 org.apache.ibatis.logging.commons.JakartaCommonsLoggingImpl.debug(JakartaCommonsLoggingImpl.java:54)  ==> Parameters: 
2016-12-15 11:08:33 org.apache.ibatis.logging.commons.JakartaCommonsLoggingImpl.debug(JakartaCommonsLoggingImpl.java:54)  <==      Total: 0
2016-12-15 12:10:13 org.springframework.core.env.MutablePropertySources.addLast(MutablePropertySources.java:109)  Adding [systemProperties] PropertySource with lowest search precedence
2016-12-15 12:10:13 org.springframework.core.env.MutablePropertySources.addLast(MutablePropertySources.java:109)  Adding [systemEnvironment] PropertySource with lowest search precedence
2016-12-15 12:10:13 org.springframework.core.env.AbstractEnvironment.<init>(AbstractEnvironment.java:124)  Initialized StandardEnvironment with PropertySources [systemProperties,systemEnvironment]
2016-12-15 12:10:13 org.springframework.context.support.AbstractApplicationContext.prepareRefresh(AbstractApplicationContext.java:582)  Refreshing org.springframework.context.support.ClassPathXmlApplicationContext@45c8e616: startup date [Thu Dec 15 12:10:13 CST 2016]; root of context hierarchy
2016-12-15 12:10:13 org.springframework.core.env.MutablePropertySources.addLast(MutablePropertySources.java:109)  Adding [systemProperties] PropertySource with lowest search precedence
2016-12-15 12:10:13 org.springframework.core.env.MutablePropertySources.addLast(MutablePropertySources.java:109)  Adding [systemEnvironment] PropertySource with lowest search precedence
2016-12-15 12:10:13 org.springframework.core.env.AbstractEnvironment.<init>(AbstractEnvironment.java:124)  Initialized StandardEnvironment with PropertySources [systemProperties,systemEnvironment]
2016-12-15 12:10:13 org.springframework.beans.factory.xml.XmlBeanDefinitionReader.loadBeanDefinitions(XmlBeanDefinitionReader.java:317)  Loading XML bean definitions from class path resource [applicationContext.xml]
2016-12-15 12:10:14 org.springframework.beans.factory.xml.DefaultDocumentLoader.loadDocument(DefaultDocumentLoader.java:73)  Using JAXP provider [com.sun.org.apache.xerces.internal.jaxp.DocumentBuilderFactoryImpl]
2016-12-15 12:10:14 org.springframework.beans.factory.xml.PluggableSchemaResolver.getSchemaMappings(PluggableSchemaResolver.java:141)  Loading schema mappings from [META-INF/spring.schemas]
2016-12-15 12:10:14 org.springframework.beans.factory.xml.PluggableSchemaResolver.getSchemaMappings(PluggableSchemaResolver.java:147)  Loaded schema mappings: {http://www.springframework.org/schema/tx/spring-tx-4.3.xsd=org/springframework/transaction/config/spring-tx-4.3.xsd, http://www.springframework.org/schema/tx/spring-tx-2.5.xsd=org/springframework/transaction/config/spring-tx-2.5.xsd, http://www.springframework.org/schema/cache/spring-cache-4.2.xsd=org/springframework/cache/config/spring-cache-4.2.xsd, http://www.springframework.org/schema/aop/spring-aop-4.1.xsd=org/springframework/aop/config/spring-aop-4.1.xsd, http://www.springframework.org/schema/context/spring-context-3.1.xsd=org/springframework/context/config/spring-context-3.1.xsd, http://www.springframework.org/schema/jdbc/spring-jdbc-4.1.xsd=org/springframework/jdbc/config/spring-jdbc-4.1.xsd, http://www.springframework.org/schema/mvc/spring-mvc-4.1.xsd=org/springframework/web/servlet/config/spring-mvc-4.1.xsd, http://www.springframework.org/schema/util/spring-util-3.0.xsd=org/springframework/beans/factory/xml/spring-util-3.0.xsd, http://mybatis.org/schema/mybatis-spring-1.2.xsd=org/mybatis/spring/config/mybatis-spring-1.2.xsd, http://www.springframework.org/schema/tool/spring-tool.xsd=org/springframework/beans/factory/xml/spring-tool-4.3.xsd, http://www.springframework.org/schema/aop/spring-aop-3.2.xsd=org/springframework/aop/config/spring-aop-3.2.xsd, http://www.springframework.org/schema/lang/spring-lang-4.1.xsd=org/springframework/scripting/config/spring-lang-4.1.xsd, http://www.springframework.org/schema/context/spring-context-4.0.xsd=org/springframework/context/config/spring-context-4.0.xsd, http://www.springframework.org/schema/mvc/spring-mvc-3.2.xsd=org/springframework/web/servlet/config/spring-mvc-3.2.xsd, http://www.springframework.org/schema/beans/spring-beans-4.2.xsd=org/springframework/beans/factory/xml/spring-beans-4.2.xsd, http://www.springframework.org/schema/tool/spring-tool-4.1.xsd=org/springframework/beans/factory/xml/spring-tool-4.1.xsd, http://www.springframework.org/schema/lang/spring-lang-3.2.xsd=org/springframework/scripting/config/spring-lang-3.2.xsd, http://www.springframework.org/schema/cache/spring-cache-3.2.xsd=org/springframework/cache/config/spring-cache-3.2.xsd, http://www.springframework.org/schema/jee/spring-jee-4.1.xsd=org/springframework/ejb/config/spring-jee-4.1.xsd, http://www.springframework.org/schema/jdbc/spring-jdbc-3.1.xsd=org/springframework/jdbc/config/spring-jdbc-3.1.xsd, http://www.springframework.org/schema/util/spring-util-2.0.xsd=org/springframework/beans/factory/xml/spring-util-2.0.xsd, http://www.springframework.org/schema/task/spring-task-4.2.xsd=org/springframework/scheduling/config/spring-task-4.2.xsd, http://www.springframework.org/schema/tool/spring-tool-3.2.xsd=org/springframework/beans/factory/xml/spring-tool-3.2.xsd, http://www.springframework.org/schema/context/spring-context.xsd=org/springframework/context/config/spring-context-4.3.xsd, http://www.springframework.org/schema/tx/spring-tx-4.2.xsd=org/springframework/transaction/config/spring-tx-4.2.xsd, http://www.springframework.org/schema/cache/spring-cache-4.1.xsd=org/springframework/cache/config/spring-cache-4.1.xsd, http://www.springframework.org/schema/aop/spring-aop-4.0.xsd=org/springframework/aop/config/spring-aop-4.0.xsd, http://www.springframework.org/schema/jee/spring-jee-3.2.xsd=org/springframework/ejb/config/spring-jee-3.2.xsd, http://www.springframework.org/schema/context/spring-context-3.0.xsd=org/springframework/context/config/spring-context-3.0.xsd, http://www.springframework.org/schema/jdbc/spring-jdbc-4.0.xsd=org/springframework/jdbc/config/spring-jdbc-4.0.xsd, http://www.springframework.org/schema/mvc/spring-mvc-4.0.xsd=org/springframework/web/servlet/config/spring-mvc-4.0.xsd, http://www.springframework.org/schema/util/spring-util-4.3.xsd=org/springframework/beans/factory/xml/spring-util-4.3.xsd, http://www.springframework.org/schema/util/spring-util-2.5.xsd=org/springframework/beans/factory/xml/spring-util-2.5.xsd, http://www.springframework.org/schema/beans/spring-beans-3.2.xsd=org/springframework/beans/factory/xml/spring-beans-3.2.xsd, http://www.springframework.org/schema/aop/spring-aop-3.1.xsd=org/springframework/aop/config/spring-aop-3.1.xsd, http://www.springframework.org/schema/lang/spring-lang-4.0.xsd=org/springframework/scripting/config/spring-lang-4.0.xsd, http://www.springframework.org/schema/mvc/spring-mvc.xsd=org/springframework/web/servlet/config/spring-mvc-4.3.xsd, http://www.springframework.org/schema/mvc/spring-mvc-3.1.xsd=org/springframework/web/servlet/config/spring-mvc-3.1.xsd, http://www.springframework.org/schema/beans/spring-beans-4.1.xsd=org/springframework/beans/factory/xml/spring-beans-4.1.xsd, http://www.springframework.org/schema/tool/spring-tool-4.0.xsd=org/springframework/beans/factory/xml/spring-tool-4.0.xsd, http://www.springframework.org/schema/tx/spring-tx-3.2.xsd=org/springframework/transaction/config/spring-tx-3.2.xsd, http://www.springframework.org/schema/lang/spring-lang-3.1.xsd=org/springframework/scripting/config/spring-lang-3.1.xsd, http://www.springframework.org/schema/cache/spring-cache-3.1.xsd=org/springframework/cache/config/spring-cache-3.1.xsd, http://www.springframework.org/schema/jee/spring-jee-4.0.xsd=org/springframework/ejb/config/spring-jee-4.0.xsd, http://www.springframework.org/schema/jdbc/spring-jdbc-3.0.xsd=org/springframework/jdbc/config/spring-jdbc-3.0.xsd, http://www.springframework.org/schema/task/spring-task-4.1.xsd=org/springframework/scheduling/config/spring-task-4.1.xsd, http://www.springframework.org/schema/jdbc/spring-jdbc.xsd=org/springframework/jdbc/config/spring-jdbc-4.3.xsd, http://www.springframework.org/schema/tool/spring-tool-3.1.xsd=org/springframework/beans/factory/xml/spring-tool-3.1.xsd, http://www.springframework.org/schema/tx/spring-tx-4.1.xsd=org/springframework/transaction/config/spring-tx-4.1.xsd, http://www.springframework.org/schema/cache/spring-cache-4.0.xsd=org/springframework/cache/config/spring-cache-4.0.xsd, http://www.springframework.org/schema/jee/spring-jee-3.1.xsd=org/springframework/ejb/config/spring-jee-3.1.xsd, http://www.springframework.org/schema/util/spring-util-4.2.xsd=org/springframework/beans/factory/xml/spring-util-4.2.xsd, http://www.springframework.org/schema/task/spring-task-3.2.xsd=org/springframework/scheduling/config/spring-task-3.2.xsd, http://www.springframework.org/schema/beans/spring-beans-3.1.xsd=org/springframework/beans/factory/xml/spring-beans-3.1.xsd, http://www.springframework.org/schema/util/spring-util.xsd=org/springframework/beans/factory/xml/spring-util-4.3.xsd, http://www.springframework.org/schema/aop/spring-aop-3.0.xsd=org/springframework/aop/config/spring-aop-3.0.xsd, http://www.springframework.org/schema/mvc/spring-mvc-3.0.xsd=org/springframework/web/servlet/config/spring-mvc-3.0.xsd, http://www.springframework.org/schema/beans/spring-beans-4.0.xsd=org/springframework/beans/factory/xml/spring-beans-4.0.xsd, http://www.springframework.org/schema/beans/spring-beans.xsd=org/springframework/beans/factory/xml/spring-beans-4.3.xsd, http://mybatis.org/schema/mybatis-spring.xsd=org/mybatis/spring/config/mybatis-spring-1.2.xsd, http://www.springframework.org/schema/tx/spring-tx-3.1.xsd=org/springframework/transaction/config/spring-tx-3.1.xsd, http://www.springframework.org/schema/lang/spring-lang-3.0.xsd=org/springframework/scripting/config/spring-lang-3.0.xsd, http://www.springframework.org/schema/context/spring-context-2.5.xsd=org/springframework/context/config/spring-context-2.5.xsd, http://www.springframework.org/schema/context/spring-context-4.3.xsd=org/springframework/context/config/spring-context-4.3.xsd, http://www.springframework.org/schema/task/spring-task-4.0.xsd=org/springframework/scheduling/config/spring-task-4.0.xsd, http://www.springframework.org/schema/tool/spring-tool-3.0.xsd=org/springframework/beans/factory/xml/spring-tool-3.0.xsd, http://www.springframework.org/schema/tx/spring-tx-4.0.xsd=org/springframework/transaction/config/spring-tx-4.0.xsd, http://www.springframework.org/schema/aop/spring-aop-2.0.xsd=org/springframework/aop/config/spring-aop-2.0.xsd, http://www.springframework.org/schema/jee/spring-jee-3.0.xsd=org/springframework/ejb/config/spring-jee-3.0.xsd, http://www.springframework.org/schema/util/spring-util-4.1.xsd=org/springframework/beans/factory/xml/spring-util-4.1.xsd, http://www.springframework.org/schema/task/spring-task-3.1.xsd=org/springframework/scheduling/config/spring-task-3.1.xsd, http://www.springframework.org/schema/beans/spring-beans-3.0.xsd=org/springframework/beans/factory/xml/spring-beans-3.0.xsd, http://www.springframework.org/schema/jee/spring-jee.xsd=org/springframework/ejb/config/spring-jee-4.3.xsd, http://www.springframework.org/schema/aop/spring-aop-2.5.xsd=org/springframework/aop/config/spring-aop-2.5.xsd, http://www.springframework.org/schema/aop/spring-aop-4.3.xsd=org/springframework/aop/config/spring-aop-4.3.xsd, http://www.springframework.org/schema/lang/spring-lang-2.0.xsd=org/springframework/scripting/config/spring-lang-2.0.xsd, http://www.springframework.org/schema/jdbc/spring-jdbc-4.3.xsd=org/springframework/jdbc/config/spring-jdbc-4.3.xsd, http://www.springframework.org/schema/mvc/spring-mvc-4.3.xsd=org/springframework/web/servlet/config/spring-mvc-4.3.xsd, http://www.springframework.org/schema/util/spring-util-3.2.xsd=org/springframework/beans/factory/xml/spring-util-3.2.xsd, http://www.springframework.org/schema/task/spring-task.xsd=org/springframework/scheduling/config/spring-task-4.3.xsd, http://www.springframework.org/schema/tool/spring-tool-2.0.xsd=org/springframework/beans/factory/xml/spring-tool-2.0.xsd, http://www.springframework.org/schema/tx/spring-tx-3.0.xsd=org/springframework/transaction/config/spring-tx-3.0.xsd, http://www.springframework.org/schema/lang/spring-lang-2.5.xsd=org/springframework/scripting/config/spring-lang-2.5.xsd, http://www.springframework.org/schema/lang/spring-lang-4.3.xsd=org/springframework/scripting/config/spring-lang-4.3.xsd, http://www.springframework.org/schema/context/spring-context-4.2.xsd=org/springframework/context/config/spring-context-4.2.xsd, http://www.springframework.org/schema/jee/spring-jee-2.0.xsd=org/springframework/ejb/config/spring-jee-2.0.xsd, http://www.springframework.org/schema/tool/spring-tool-4.3.xsd=org/springframework/beans/factory/xml/spring-tool-4.3.xsd, http://www.springframework.org/schema/tool/spring-tool-2.5.xsd=org/springframework/beans/factory/xml/spring-tool-2.5.xsd, http://www.springframework.org/schema/jee/spring-jee-4.3.xsd=org/springframework/ejb/config/spring-jee-4.3.xsd, http://www.springframework.org/schema/jee/spring-jee-2.5.xsd=org/springframework/ejb/config/spring-jee-2.5.xsd, http://www.springframework.org/schema/util/spring-util-4.0.xsd=org/springframework/beans/factory/xml/spring-util-4.0.xsd, http://www.springframework.org/schema/task/spring-task-3.0.xsd=org/springframework/scheduling/config/spring-task-3.0.xsd, http://www.springframework.org/schema/cache/spring-cache-4.3.xsd=org/springframework/cache/config/spring-cache-4.3.xsd, http://www.springframework.org/schema/aop/spring-aop-4.2.xsd=org/springframework/aop/config/spring-aop-4.2.xsd, http://www.springframework.org/schema/lang/spring-lang.xsd=org/springframework/scripting/config/spring-lang-4.3.xsd, http://www.springframework.org/schema/context/spring-context-3.2.xsd=org/springframework/context/config/spring-context-3.2.xsd, http://www.springframework.org/schema/jdbc/spring-jdbc-4.2.xsd=org/springframework/jdbc/config/spring-jdbc-4.2.xsd, http://www.springframework.org/schema/mvc/spring-mvc-4.2.xsd=org/springframework/web/servlet/config/spring-mvc-4.2.xsd, http://www.springframework.org/schema/util/spring-util-3.1.xsd=org/springframework/beans/factory/xml/spring-util-3.1.xsd, http://www.springframework.org/schema/beans/spring-beans-2.0.xsd=org/springframework/beans/factory/xml/spring-beans-2.0.xsd, http://www.springframework.org/schema/cache/spring-cache.xsd=org/springframework/cache/config/spring-cache-4.3.xsd, http://www.springframework.org/schema/tx/spring-tx.xsd=org/springframework/transaction/config/spring-tx-4.3.xsd, http://www.springframework.org/schema/lang/spring-lang-4.2.xsd=org/springframework/scripting/config/spring-lang-4.2.xsd, http://www.springframework.org/schema/context/spring-context-4.1.xsd=org/springframework/context/config/spring-context-4.1.xsd, http://www.springframework.org/schema/beans/spring-beans-2.5.xsd=org/springframework/beans/factory/xml/spring-beans-2.5.xsd, http://www.springframework.org/schema/beans/spring-beans-4.3.xsd=org/springframework/beans/factory/xml/spring-beans-4.3.xsd, http://www.springframework.org/schema/tool/spring-tool-4.2.xsd=org/springframework/beans/factory/xml/spring-tool-4.2.xsd, http://www.springframework.org/schema/tx/spring-tx-2.0.xsd=org/springframework/transaction/config/spring-tx-2.0.xsd, http://www.alibaba.com/schema/stat.xsd=META-INF/stat.xsd, http://www.springframework.org/schema/jee/spring-jee-4.2.xsd=org/springframework/ejb/config/spring-jee-4.2.xsd, http://www.springframework.org/schema/jdbc/spring-jdbc-3.2.xsd=org/springframework/jdbc/config/spring-jdbc-3.2.xsd, http://www.springframework.org/schema/task/spring-task-4.3.xsd=org/springframework/scheduling/config/spring-task-4.3.xsd, http://www.springframework.org/schema/aop/spring-aop.xsd=org/springframework/aop/config/spring-aop-4.3.xsd}
2016-12-15 12:10:14 org.springframework.beans.factory.xml.PluggableSchemaResolver.resolveEntity(PluggableSchemaResolver.java:119)  Found XML schema [http://www.springframework.org/schema/beans/spring-beans.xsd] in classpath: org/springframework/beans/factory/xml/spring-beans-4.3.xsd
2016-12-15 12:10:14 org.springframework.beans.factory.xml.PluggableSchemaResolver.resolveEntity(PluggableSchemaResolver.java:119)  Found XML schema [http://www.springframework.org/schema/context/spring-context.xsd] in classpath: org/springframework/context/config/spring-context-4.3.xsd
2016-12-15 12:10:14 org.springframework.beans.factory.xml.PluggableSchemaResolver.resolveEntity(PluggableSchemaResolver.java:119)  Found XML schema [http://www.springframework.org/schema/tool/spring-tool-4.3.xsd] in classpath: org/springframework/beans/factory/xml/spring-tool-4.3.xsd
2016-12-15 12:10:14 org.springframework.beans.factory.xml.PluggableSchemaResolver.resolveEntity(PluggableSchemaResolver.java:119)  Found XML schema [http://www.springframework.org/schema/tx/spring-tx.xsd] in classpath: org/springframework/transaction/config/spring-tx-4.3.xsd
2016-12-15 12:10:14 org.springframework.beans.factory.xml.DefaultBeanDefinitionDocumentReader.registerBeanDefinitions(DefaultBeanDefinitionDocumentReader.java:92)  Loading bean definitions
2016-12-15 12:10:14 org.springframework.beans.factory.xml.DefaultNamespaceHandlerResolver.getHandlerMappings(DefaultNamespaceHandlerResolver.java:157)  Loaded NamespaceHandler mappings: {http://www.springframework.org/schema/p=org.springframework.beans.factory.xml.SimplePropertyNamespaceHandler, http://www.springframework.org/schema/mvc=org.springframework.web.servlet.config.MvcNamespaceHandler, http://www.springframework.org/schema/util=org.springframework.beans.factory.xml.UtilNamespaceHandler, http://www.alibaba.com/schema/stat=com.alibaba.druid.support.spring.stat.config.DruidStatNamespaceHandler, http://www.springframework.org/schema/jee=org.springframework.ejb.config.JeeNamespaceHandler, http://www.springframework.org/schema/aop=org.springframework.aop.config.AopNamespaceHandler, http://www.springframework.org/schema/jdbc=org.springframework.jdbc.config.JdbcNamespaceHandler, http://www.springframework.org/schema/cache=org.springframework.cache.config.CacheNamespaceHandler, http://mybatis.org/schema/mybatis-spring=org.mybatis.spring.config.NamespaceHandler, http://www.springframework.org/schema/c=org.springframework.beans.factory.xml.SimpleConstructorNamespaceHandler, http://www.springframework.org/schema/tx=org.springframework.transaction.config.TxNamespaceHandler, http://www.springframework.org/schema/task=org.springframework.scheduling.config.TaskNamespaceHandler, http://www.springframework.org/schema/lang=org.springframework.scripting.config.LangNamespaceHandler, http://www.springframework.org/schema/context=org.springframework.context.config.ContextNamespaceHandler}
2016-12-15 12:10:14 org.springframework.core.env.MutablePropertySources.addLast(MutablePropertySources.java:109)  Adding [systemProperties] PropertySource with lowest search precedence
2016-12-15 12:10:14 org.springframework.core.env.MutablePropertySources.addLast(MutablePropertySources.java:109)  Adding [systemEnvironment] PropertySource with lowest search precedence
2016-12-15 12:10:14 org.springframework.core.env.AbstractEnvironment.<init>(AbstractEnvironment.java:124)  Initialized StandardEnvironment with PropertySources [systemProperties,systemEnvironment]
2016-12-15 12:10:14 org.springframework.core.io.support.PathMatchingResourcePatternResolver.findAllClassPathResources(PathMatchingResourcePatternResolver.java:317)  Resolved classpath location [com/hc/] to resources [URL [file:/D:/SpringMybatisWebDemo/target/classes/com/hc/]]
2016-12-15 12:10:14 org.springframework.core.io.support.PathMatchingResourcePatternResolver.doFindMatchingFileSystemResources(PathMatchingResourcePatternResolver.java:711)  Looking for matching resources in directory tree [D:\SpringMybatisWebDemo\target\classes\com\hc]
2016-12-15 12:10:14 org.springframework.core.io.support.PathMatchingResourcePatternResolver.doRetrieveMatchingFiles(PathMatchingResourcePatternResolver.java:773)  Searching directory [D:\SpringMybatisWebDemo\target\classes\com\hc] for files matching pattern [D:/SpringMybatisWebDemo/target/classes/com/hc/**/*.class]
2016-12-15 12:10:14 org.springframework.core.io.support.PathMatchingResourcePatternResolver.doRetrieveMatchingFiles(PathMatchingResourcePatternResolver.java:773)  Searching directory [D:\SpringMybatisWebDemo\target\classes\com\hc\action] for files matching pattern [D:/SpringMybatisWebDemo/target/classes/com/hc/**/*.class]
2016-12-15 12:10:14 org.springframework.core.io.support.PathMatchingResourcePatternResolver.doRetrieveMatchingFiles(PathMatchingResourcePatternResolver.java:773)  Searching directory [D:\SpringMybatisWebDemo\target\classes\com\hc\dao] for files matching pattern [D:/SpringMybatisWebDemo/target/classes/com/hc/**/*.class]
2016-12-15 12:10:14 org.springframework.core.io.support.PathMatchingResourcePatternResolver.doRetrieveMatchingFiles(PathMatchingResourcePatternResolver.java:773)  Searching directory [D:\SpringMybatisWebDemo\target\classes\com\hc\domain] for files matching pattern [D:/SpringMybatisWebDemo/target/classes/com/hc/**/*.class]
2016-12-15 12:10:14 org.springframework.core.io.support.PathMatchingResourcePatternResolver.doRetrieveMatchingFiles(PathMatchingResourcePatternResolver.java:773)  Searching directory [D:\SpringMybatisWebDemo\target\classes\com\hc\mapping] for files matching pattern [D:/SpringMybatisWebDemo/target/classes/com/hc/**/*.class]
2016-12-15 12:10:14 org.springframework.core.io.support.PathMatchingResourcePatternResolver.doRetrieveMatchingFiles(PathMatchingResourcePatternResolver.java:773)  Searching directory [D:\SpringMybatisWebDemo\target\classes\com\hc\service] for files matching pattern [D:/SpringMybatisWebDemo/target/classes/com/hc/**/*.class]
2016-12-15 12:10:14 org.springframework.core.io.support.PathMatchingResourcePatternResolver.doRetrieveMatchingFiles(PathMatchingResourcePatternResolver.java:773)  Searching directory [D:\SpringMybatisWebDemo\target\classes\com\hc\service\impl] for files matching pattern [D:/SpringMybatisWebDemo/target/classes/com/hc/**/*.class]
2016-12-15 12:10:14 org.springframework.core.io.support.PathMatchingResourcePatternResolver.findPathMatchingResources(PathMatchingResourcePatternResolver.java:483)  Resolved location pattern [classpath*:com/hc/**/*.class] to resources [file [D:\SpringMybatisWebDemo\target\classes\com\hc\action\DeptController.class], file [D:\SpringMybatisWebDemo\target\classes\com\hc\action\DeptServlet.class], file [D:\SpringMybatisWebDemo\target\classes\com\hc\dao\Dept2Dao.class], file [D:\SpringMybatisWebDemo\target\classes\com\hc\dao\DeptDao.class], file [D:\SpringMybatisWebDemo\target\classes\com\hc\dao\EmpDao.class], file [D:\SpringMybatisWebDemo\target\classes\com\hc\DemoTest.class], file [D:\SpringMybatisWebDemo\target\classes\com\hc\domain\Dept.class], file [D:\SpringMybatisWebDemo\target\classes\com\hc\domain\Dept2.class], file [D:\SpringMybatisWebDemo\target\classes\com\hc\domain\DeptQuery.class], file [D:\SpringMybatisWebDemo\target\classes\com\hc\domain\Emp.class], file [D:\SpringMybatisWebDemo\target\classes\com\hc\service\DeptService.class], file [D:\SpringMybatisWebDemo\target\classes\com\hc\service\impl\DeptServiceImpl.class]]
2016-12-15 12:10:14 org.springframework.context.annotation.ClassPathScanningCandidateComponentProvider.findCandidateComponents(ClassPathScanningCandidateComponentProvider.java:286)  Identified candidate component class: file [D:\SpringMybatisWebDemo\target\classes\com\hc\action\DeptController.class]
2016-12-15 12:10:14 org.springframework.context.annotation.ClassPathScanningCandidateComponentProvider.findCandidateComponents(ClassPathScanningCandidateComponentProvider.java:286)  Identified candidate component class: file [D:\SpringMybatisWebDemo\target\classes\com\hc\service\impl\DeptServiceImpl.class]
2016-12-15 12:10:14 org.springframework.beans.factory.xml.BeanDefinitionParserDelegate.parseBeanDefinitionElement(BeanDefinitionParserDelegate.java:481)  Neither XML 'id' nor 'name' specified - using generated bean name [org.mybatis.spring.mapper.MapperScannerConfigurer#0]
2016-12-15 12:10:14 org.springframework.beans.factory.support.AbstractBeanDefinitionReader.loadBeanDefinitions(AbstractBeanDefinitionReader.java:224)  Loaded 17 bean definitions from location pattern [applicationContext.xml]
2016-12-15 12:10:14 org.springframework.context.support.AbstractApplicationContext.obtainFreshBeanFactory(AbstractApplicationContext.java:616)  Bean factory for org.springframework.context.support.ClassPathXmlApplicationContext@45c8e616: org.springframework.beans.factory.support.DefaultListableBeanFactory@21a947fe: defining beans [deptController,deptServiceImpl,org.springframework.context.annotation.internalConfigurationAnnotationProcessor,org.springframework.context.annotation.internalAutowiredAnnotationProcessor,org.springframework.context.annotation.internalRequiredAnnotationProcessor,org.springframework.context.annotation.internalCommonAnnotationProcessor,org.springframework.context.event.internalEventListenerProcessor,org.springframework.context.event.internalEventListenerFactory,dataSource123,sqlSessionFactory,org.mybatis.spring.mapper.MapperScannerConfigurer#0,txManager,org.springframework.transaction.config.internalTransactionalEventListenerFactory,org.springframework.aop.config.internalAutoProxyCreator,org.springframework.transaction.annotation.AnnotationTransactionAttributeSource#0,org.springframework.transaction.interceptor.TransactionInterceptor#0,org.springframework.transaction.config.internalTransactionAdvisor]; root of factory hierarchy
2016-12-15 12:10:14 org.springframework.beans.factory.support.DefaultSingletonBeanRegistry.getSingleton(DefaultSingletonBeanRegistry.java:221)  Creating shared instance of singleton bean 'org.springframework.context.annotation.internalConfigurationAnnotationProcessor'
2016-12-15 12:10:14 org.springframework.beans.factory.support.AbstractAutowireCapableBeanFactory.createBean(AbstractAutowireCapableBeanFactory.java:448)  Creating instance of bean 'org.springframework.context.annotation.internalConfigurationAnnotationProcessor'
2016-12-15 12:10:14 org.springframework.beans.factory.support.AbstractAutowireCapableBeanFactory.doCreateBean(AbstractAutowireCapableBeanFactory.java:537)  Eagerly caching bean 'org.springframework.context.annotation.internalConfigurationAnnotationProcessor' to allow for resolving potential circular references
2016-12-15 12:10:14 org.springframework.beans.factory.support.AbstractAutowireCapableBeanFactory.createBean(AbstractAutowireCapableBeanFactory.java:484)  Finished creating instance of bean 'org.springframework.context.annotation.internalConfigurationAnnotationProcessor'
2016-12-15 12:10:14 org.springframework.beans.factory.support.DefaultSingletonBeanRegistry.getSingleton(DefaultSingletonBeanRegistry.java:221)  Creating shared instance of singleton bean 'org.mybatis.spring.mapper.MapperScannerConfigurer#0'
2016-12-15 12:10:14 org.springframework.beans.factory.support.AbstractAutowireCapableBeanFactory.createBean(AbstractAutowireCapableBeanFactory.java:448)  Creating instance of bean 'org.mybatis.spring.mapper.MapperScannerConfigurer#0'
2016-12-15 12:10:14 org.springframework.beans.factory.support.AbstractAutowireCapableBeanFactory.doCreateBean(AbstractAutowireCapableBeanFactory.java:537)  Eagerly caching bean 'org.mybatis.spring.mapper.MapperScannerConfigurer#0' to allow for resolving potential circular references
2016-12-15 12:10:14 org.springframework.beans.factory.support.AbstractAutowireCapableBeanFactory.invokeInitMethods(AbstractAutowireCapableBeanFactory.java:1625)  Invoking afterPropertiesSet() on bean with name 'org.mybatis.spring.mapper.MapperScannerConfigurer#0'
2016-12-15 12:10:14 org.springframework.beans.factory.support.AbstractAutowireCapableBeanFactory.createBean(AbstractAutowireCapableBeanFactory.java:484)  Finished creating instance of bean 'org.mybatis.spring.mapper.MapperScannerConfigurer#0'
2016-12-15 12:10:14 org.springframework.core.env.MutablePropertySources.addLast(MutablePropertySources.java:109)  Adding [systemProperties] PropertySource with lowest search precedence
2016-12-15 12:10:14 org.springframework.core.env.MutablePropertySources.addLast(MutablePropertySources.java:109)  Adding [systemEnvironment] PropertySource with lowest search precedence
2016-12-15 12:10:14 org.springframework.core.env.AbstractEnvironment.<init>(AbstractEnvironment.java:124)  Initialized StandardEnvironment with PropertySources [systemProperties,systemEnvironment]
2016-12-15 12:10:14 org.springframework.core.io.support.PathMatchingResourcePatternResolver.findAllClassPathResources(PathMatchingResourcePatternResolver.java:317)  Resolved classpath location [com/hc/dao/] to resources [URL [file:/D:/SpringMybatisWebDemo/target/classes/com/hc/dao/]]
2016-12-15 12:10:14 org.springframework.core.io.support.PathMatchingResourcePatternResolver.doFindMatchingFileSystemResources(PathMatchingResourcePatternResolver.java:711)  Looking for matching resources in directory tree [D:\SpringMybatisWebDemo\target\classes\com\hc\dao]
2016-12-15 12:10:14 org.springframework.core.io.support.PathMatchingResourcePatternResolver.doRetrieveMatchingFiles(PathMatchingResourcePatternResolver.java:773)  Searching directory [D:\SpringMybatisWebDemo\target\classes\com\hc\dao] for files matching pattern [D:/SpringMybatisWebDemo/target/classes/com/hc/dao/**/*.class]
2016-12-15 12:10:14 org.springframework.core.io.support.PathMatchingResourcePatternResolver.findPathMatchingResources(PathMatchingResourcePatternResolver.java:483)  Resolved location pattern [classpath*:com/hc/dao/**/*.class] to resources [file [D:\SpringMybatisWebDemo\target\classes\com\hc\dao\Dept2Dao.class], file [D:\SpringMybatisWebDemo\target\classes\com\hc\dao\DeptDao.class], file [D:\SpringMybatisWebDemo\target\classes\com\hc\dao\EmpDao.class]]
2016-12-15 12:10:14 org.springframework.context.annotation.ClassPathScanningCandidateComponentProvider.findCandidateComponents(ClassPathScanningCandidateComponentProvider.java:286)  Identified candidate component class: file [D:\SpringMybatisWebDemo\target\classes\com\hc\dao\Dept2Dao.class]
2016-12-15 12:10:14 org.springframework.context.annotation.ClassPathScanningCandidateComponentProvider.findCandidateComponents(ClassPathScanningCandidateComponentProvider.java:286)  Identified candidate component class: file [D:\SpringMybatisWebDemo\target\classes\com\hc\dao\DeptDao.class]
2016-12-15 12:10:14 org.springframework.context.annotation.ClassPathScanningCandidateComponentProvider.findCandidateComponents(ClassPathScanningCandidateComponentProvider.java:286)  Identified candidate component class: file [D:\SpringMybatisWebDemo\target\classes\com\hc\dao\EmpDao.class]
2016-12-15 12:10:14 org.mybatis.spring.mapper.ClassPathMapperScanner.processBeanDefinitions(ClassPathMapperScanner.java:181)  Creating MapperFactoryBean with name 'dept2Dao' and 'com.hc.dao.Dept2Dao' mapperInterface
2016-12-15 12:10:14 org.mybatis.spring.mapper.ClassPathMapperScanner.processBeanDefinitions(ClassPathMapperScanner.java:181)  Creating MapperFactoryBean with name 'deptDao' and 'com.hc.dao.DeptDao' mapperInterface
2016-12-15 12:10:14 org.mybatis.spring.mapper.ClassPathMapperScanner.processBeanDefinitions(ClassPathMapperScanner.java:181)  Creating MapperFactoryBean with name 'empDao' and 'com.hc.dao.EmpDao' mapperInterface
2016-12-15 12:10:14 org.springframework.beans.factory.support.DefaultSingletonBeanRegistry.getSingleton(DefaultSingletonBeanRegistry.java:221)  Creating shared instance of singleton bean 'org.springframework.context.annotation.internalAutowiredAnnotationProcessor'
2016-12-15 12:10:14 org.springframework.beans.factory.support.AbstractAutowireCapableBeanFactory.createBean(AbstractAutowireCapableBeanFactory.java:448)  Creating instance of bean 'org.springframework.context.annotation.internalAutowiredAnnotationProcessor'
2016-12-15 12:10:14 org.springframework.beans.factory.support.AbstractAutowireCapableBeanFactory.doCreateBean(AbstractAutowireCapableBeanFactory.java:537)  Eagerly caching bean 'org.springframework.context.annotation.internalAutowiredAnnotationProcessor' to allow for resolving potential circular references
2016-12-15 12:10:14 org.springframework.beans.factory.support.AbstractAutowireCapableBeanFactory.createBean(AbstractAutowireCapableBeanFactory.java:484)  Finished creating instance of bean 'org.springframework.context.annotation.internalAutowiredAnnotationProcessor'
2016-12-15 12:10:14 org.springframework.beans.factory.support.DefaultSingletonBeanRegistry.getSingleton(DefaultSingletonBeanRegistry.java:221)  Creating shared instance of singleton bean 'org.springframework.context.annotation.internalRequiredAnnotationProcessor'
2016-12-15 12:10:14 org.springframework.beans.factory.support.AbstractAutowireCapableBeanFactory.createBean(AbstractAutowireCapableBeanFactory.java:448)  Creating instance of bean 'org.springframework.context.annotation.internalRequiredAnnotationProcessor'
2016-12-15 12:10:14 org.springframework.beans.factory.support.AbstractAutowireCapableBeanFactory.doCreateBean(AbstractAutowireCapableBeanFactory.java:537)  Eagerly caching bean 'org.springframework.context.annotation.internalRequiredAnnotationProcessor' to allow for resolving potential circular references
2016-12-15 12:10:14 org.springframework.beans.factory.support.AbstractAutowireCapableBeanFactory.createBean(AbstractAutowireCapableBeanFactory.java:484)  Finished creating instance of bean 'org.springframework.context.annotation.internalRequiredAnnotationProcessor'
2016-12-15 12:10:14 org.springframework.beans.factory.support.DefaultSingletonBeanRegistry.getSingleton(DefaultSingletonBeanRegistry.java:221)  Creating shared instance of singleton bean 'org.springframework.context.annotation.internalCommonAnnotationProcessor'
2016-12-15 12:10:14 org.springframework.beans.factory.support.AbstractAutowireCapableBeanFactory.createBean(AbstractAutowireCapableBeanFactory.java:448)  Creating instance of bean 'org.springframework.context.annotation.internalCommonAnnotationProcessor'
2016-12-15 12:10:14 org.springframework.beans.factory.support.AbstractAutowireCapableBeanFactory.doCreateBean(AbstractAutowireCapableBeanFactory.java:537)  Eagerly caching bean 'org.springframework.context.annotation.internalCommonAnnotationProcessor' to allow for resolving potential circular references
2016-12-15 12:10:14 org.springframework.beans.factory.support.AbstractAutowireCapableBeanFactory.createBean(AbstractAutowireCapableBeanFactory.java:484)  Finished creating instance of bean 'org.springframework.context.annotation.internalCommonAnnotationProcessor'
2016-12-15 12:10:14 org.springframework.beans.factory.support.DefaultSingletonBeanRegistry.getSingleton(DefaultSingletonBeanRegistry.java:221)  Creating shared instance of singleton bean 'org.springframework.context.annotation.ConfigurationClassPostProcessor.importAwareProcessor'
2016-12-15 12:10:14 org.springframework.beans.factory.support.AbstractAutowireCapableBeanFactory.createBean(AbstractAutowireCapableBeanFactory.java:448)  Creating instance of bean 'org.springframework.context.annotation.ConfigurationClassPostProcessor.importAwareProcessor'
2016-12-15 12:10:14 org.springframework.beans.factory.support.AbstractAutowireCapableBeanFactory.doCreateBean(AbstractAutowireCapableBeanFactory.java:537)  Eagerly caching bean 'org.springframework.context.annotation.ConfigurationClassPostProcessor.importAwareProcessor' to allow for resolving potential circular references
2016-12-15 12:10:14 org.springframework.beans.factory.support.AbstractAutowireCapableBeanFactory.createBean(AbstractAutowireCapableBeanFactory.java:484)  Finished creating instance of bean 'org.springframework.context.annotation.ConfigurationClassPostProcessor.importAwareProcessor'
2016-12-15 12:10:14 org.springframework.beans.factory.support.DefaultSingletonBeanRegistry.getSingleton(DefaultSingletonBeanRegistry.java:221)  Creating shared instance of singleton bean 'org.springframework.context.annotation.ConfigurationClassPostProcessor.enhancedConfigurationProcessor'
2016-12-15 12:10:14 org.springframework.beans.factory.support.AbstractAutowireCapableBeanFactory.createBean(AbstractAutowireCapableBeanFactory.java:448)  Creating instance of bean 'org.springframework.context.annotation.ConfigurationClassPostProcessor.enhancedConfigurationProcessor'
2016-12-15 12:10:14 org.springframework.beans.factory.support.AbstractAutowireCapableBeanFactory.doCreateBean(AbstractAutowireCapableBeanFactory.java:537)  Eagerly caching bean 'org.springframework.context.annotation.ConfigurationClassPostProcessor.enhancedConfigurationProcessor' to allow for resolving potential circular references
2016-12-15 12:10:14 org.springframework.beans.factory.support.AbstractAutowireCapableBeanFactory.createBean(AbstractAutowireCapableBeanFactory.java:484)  Finished creating instance of bean 'org.springframework.context.annotation.ConfigurationClassPostProcessor.enhancedConfigurationProcessor'
2016-12-15 12:10:14 org.springframework.beans.factory.support.DefaultSingletonBeanRegistry.getSingleton(DefaultSingletonBeanRegistry.java:221)  Creating shared instance of singleton bean 'org.springframework.aop.config.internalAutoProxyCreator'
2016-12-15 12:10:14 org.springframework.beans.factory.support.AbstractAutowireCapableBeanFactory.createBean(AbstractAutowireCapableBeanFactory.java:448)  Creating instance of bean 'org.springframework.aop.config.internalAutoProxyCreator'
2016-12-15 12:10:14 org.springframework.beans.factory.support.AbstractAutowireCapableBeanFactory.doCreateBean(AbstractAutowireCapableBeanFactory.java:537)  Eagerly caching bean 'org.springframework.aop.config.internalAutoProxyCreator' to allow for resolving potential circular references
2016-12-15 12:10:14 org.springframework.beans.factory.support.AbstractAutowireCapableBeanFactory.createBean(AbstractAutowireCapableBeanFactory.java:484)  Finished creating instance of bean 'org.springframework.aop.config.internalAutoProxyCreator'
2016-12-15 12:10:14 org.springframework.context.support.AbstractApplicationContext.initMessageSource(AbstractApplicationContext.java:733)  Unable to locate MessageSource with name 'messageSource': using default [org.springframework.context.support.DelegatingMessageSource@3835c46]
2016-12-15 12:10:14 org.springframework.context.support.AbstractApplicationContext.initApplicationEventMulticaster(AbstractApplicationContext.java:757)  Unable to locate ApplicationEventMulticaster with name 'applicationEventMulticaster': using default [org.springframework.context.event.SimpleApplicationEventMulticaster@192d43ce]
2016-12-15 12:10:14 org.springframework.beans.factory.support.DefaultListableBeanFactory.preInstantiateSingletons(DefaultListableBeanFactory.java:723)  Pre-instantiating singletons in org.springframework.beans.factory.support.DefaultListableBeanFactory@21a947fe: defining beans [deptController,deptServiceImpl,org.springframework.context.annotation.internalConfigurationAnnotationProcessor,org.springframework.context.annotation.internalAutowiredAnnotationProcessor,org.springframework.context.annotation.internalRequiredAnnotationProcessor,org.springframework.context.annotation.internalCommonAnnotationProcessor,org.springframework.context.event.internalEventListenerProcessor,org.springframework.context.event.internalEventListenerFactory,dataSource123,sqlSessionFactory,org.mybatis.spring.mapper.MapperScannerConfigurer#0,txManager,org.springframework.transaction.config.internalTransactionalEventListenerFactory,org.springframework.aop.config.internalAutoProxyCreator,org.springframework.transaction.annotation.AnnotationTransactionAttributeSource#0,org.springframework.transaction.interceptor.TransactionInterceptor#0,org.springframework.transaction.config.internalTransactionAdvisor,org.springframework.context.annotation.ConfigurationClassPostProcessor.importAwareProcessor,org.springframework.context.annotation.ConfigurationClassPostProcessor.enhancedConfigurationProcessor,dept2Dao,deptDao,empDao]; root of factory hierarchy
2016-12-15 12:10:14 org.springframework.beans.factory.support.DefaultSingletonBeanRegistry.getSingleton(DefaultSingletonBeanRegistry.java:221)  Creating shared instance of singleton bean 'deptController'
2016-12-15 12:10:14 org.springframework.beans.factory.support.AbstractAutowireCapableBeanFactory.createBean(AbstractAutowireCapableBeanFactory.java:448)  Creating instance of bean 'deptController'
2016-12-15 12:10:14 org.springframework.beans.factory.annotation.InjectionMetadata.checkConfigMembers(InjectionMetadata.java:72)  Registered injected element on class [com.hc.action.DeptController]: AutowiredFieldElement for private com.hc.service.DeptService com.hc.action.DeptController.deptService
2016-12-15 12:10:14 org.springframework.beans.factory.support.AbstractAutowireCapableBeanFactory.doCreateBean(AbstractAutowireCapableBeanFactory.java:537)  Eagerly caching bean 'deptController' to allow for resolving potential circular references
2016-12-15 12:10:14 org.springframework.beans.factory.annotation.InjectionMetadata.inject(InjectionMetadata.java:86)  Processing injected element of bean 'deptController': AutowiredFieldElement for private com.hc.service.DeptService com.hc.action.DeptController.deptService
2016-12-15 12:10:14 org.springframework.beans.factory.support.DefaultSingletonBeanRegistry.getSingleton(DefaultSingletonBeanRegistry.java:221)  Creating shared instance of singleton bean 'deptServiceImpl'
2016-12-15 12:10:14 org.springframework.beans.factory.support.AbstractAutowireCapableBeanFactory.createBean(AbstractAutowireCapableBeanFactory.java:448)  Creating instance of bean 'deptServiceImpl'
2016-12-15 12:10:14 org.springframework.beans.factory.annotation.InjectionMetadata.checkConfigMembers(InjectionMetadata.java:72)  Registered injected element on class [com.hc.service.impl.DeptServiceImpl]: AutowiredFieldElement for private com.hc.dao.DeptDao com.hc.service.impl.DeptServiceImpl.deptDao
2016-12-15 12:10:14 org.springframework.beans.factory.support.AbstractAutowireCapableBeanFactory.doCreateBean(AbstractAutowireCapableBeanFactory.java:537)  Eagerly caching bean 'deptServiceImpl' to allow for resolving potential circular references
2016-12-15 12:10:14 org.springframework.beans.factory.annotation.InjectionMetadata.inject(InjectionMetadata.java:86)  Processing injected element of bean 'deptServiceImpl': AutowiredFieldElement for private com.hc.dao.DeptDao com.hc.service.impl.DeptServiceImpl.deptDao
2016-12-15 12:10:14 org.springframework.beans.factory.support.DefaultSingletonBeanRegistry.getSingleton(DefaultSingletonBeanRegistry.java:221)  Creating shared instance of singleton bean 'deptDao'
2016-12-15 12:10:14 org.springframework.beans.factory.support.AbstractAutowireCapableBeanFactory.createBean(AbstractAutowireCapableBeanFactory.java:448)  Creating instance of bean 'deptDao'
2016-12-15 12:10:14 org.springframework.beans.factory.support.AbstractAutowireCapableBeanFactory.doCreateBean(AbstractAutowireCapableBeanFactory.java:537)  Eagerly caching bean 'deptDao' to allow for resolving potential circular references
2016-12-15 12:10:14 org.springframework.beans.factory.support.DefaultSingletonBeanRegistry.getSingleton(DefaultSingletonBeanRegistry.java:221)  Creating shared instance of singleton bean 'sqlSessionFactory'
2016-12-15 12:10:14 org.springframework.beans.factory.support.AbstractAutowireCapableBeanFactory.createBean(AbstractAutowireCapableBeanFactory.java:448)  Creating instance of bean 'sqlSessionFactory'
2016-12-15 12:10:14 org.springframework.beans.factory.support.AbstractAutowireCapableBeanFactory.doCreateBean(AbstractAutowireCapableBeanFactory.java:537)  Eagerly caching bean 'sqlSessionFactory' to allow for resolving potential circular references
2016-12-15 12:10:14 org.springframework.beans.factory.support.DefaultSingletonBeanRegistry.getSingleton(DefaultSingletonBeanRegistry.java:221)  Creating shared instance of singleton bean 'dataSource123'
2016-12-15 12:10:14 org.springframework.beans.factory.support.AbstractAutowireCapableBeanFactory.createBean(AbstractAutowireCapableBeanFactory.java:448)  Creating instance of bean 'dataSource123'
2016-12-15 12:10:14 org.springframework.beans.factory.support.AbstractAutowireCapableBeanFactory.doCreateBean(AbstractAutowireCapableBeanFactory.java:537)  Eagerly caching bean 'dataSource123' to allow for resolving potential circular references
2016-12-15 12:10:14 org.springframework.beans.factory.support.DefaultSingletonBeanRegistry.getSingleton(DefaultSingletonBeanRegistry.java:221)  Creating shared instance of singleton bean 'org.springframework.transaction.config.internalTransactionAdvisor'
2016-12-15 12:10:14 org.springframework.beans.factory.support.AbstractAutowireCapableBeanFactory.createBean(AbstractAutowireCapableBeanFactory.java:448)  Creating instance of bean 'org.springframework.transaction.config.internalTransactionAdvisor'
2016-12-15 12:10:14 org.springframework.beans.factory.support.AbstractAutowireCapableBeanFactory.doCreateBean(AbstractAutowireCapableBeanFactory.java:537)  Eagerly caching bean 'org.springframework.transaction.config.internalTransactionAdvisor' to allow for resolving potential circular references
2016-12-15 12:10:14 org.springframework.beans.factory.support.DefaultSingletonBeanRegistry.getSingleton(DefaultSingletonBeanRegistry.java:221)  Creating shared instance of singleton bean 'org.springframework.transaction.annotation.AnnotationTransactionAttributeSource#0'
2016-12-15 12:10:14 org.springframework.beans.factory.support.AbstractAutowireCapableBeanFactory.createBean(AbstractAutowireCapableBeanFactory.java:448)  Creating instance of bean 'org.springframework.transaction.annotation.AnnotationTransactionAttributeSource#0'
2016-12-15 12:10:14 org.springframework.beans.factory.support.AbstractAutowireCapableBeanFactory.doCreateBean(AbstractAutowireCapableBeanFactory.java:537)  Eagerly caching bean 'org.springframework.transaction.annotation.AnnotationTransactionAttributeSource#0' to allow for resolving potential circular references
2016-12-15 12:10:14 org.springframework.aop.framework.autoproxy.BeanFactoryAdvisorRetrievalHelper.findAdvisorBeans(BeanFactoryAdvisorRetrievalHelper.java:87)  Skipping currently created advisor 'org.springframework.transaction.config.internalTransactionAdvisor'
2016-12-15 12:10:14 org.springframework.beans.factory.support.AbstractAutowireCapableBeanFactory.createBean(AbstractAutowireCapableBeanFactory.java:484)  Finished creating instance of bean 'org.springframework.transaction.annotation.AnnotationTransactionAttributeSource#0'
2016-12-15 12:10:14 org.springframework.beans.factory.support.AbstractAutowireCapableBeanFactory.createBean(AbstractAutowireCapableBeanFactory.java:484)  Finished creating instance of bean 'org.springframework.transaction.config.internalTransactionAdvisor'
2016-12-15 12:10:14 org.springframework.beans.factory.support.AbstractAutowireCapableBeanFactory.createBean(AbstractAutowireCapableBeanFactory.java:484)  Finished creating instance of bean 'dataSource123'
2016-12-15 12:10:14 org.springframework.beans.factory.support.AbstractAutowireCapableBeanFactory.invokeInitMethods(AbstractAutowireCapableBeanFactory.java:1625)  Invoking afterPropertiesSet() on bean with name 'sqlSessionFactory'
2016-12-15 12:10:14 org.apache.ibatis.logging.commons.JakartaCommonsLoggingImpl.debug(JakartaCommonsLoggingImpl.java:54)  Parsed configuration file: 'class path resource [mybatisMapper.xml]'
2016-12-15 12:10:14 org.apache.ibatis.logging.commons.JakartaCommonsLoggingImpl.debug(JakartaCommonsLoggingImpl.java:54)  Property 'mapperLocations' was not specified or no matching resources found
2016-12-15 12:10:14 org.springframework.beans.factory.support.AbstractBeanFactory.doGetBean(AbstractBeanFactory.java:251)  Returning cached instance of singleton bean 'org.springframework.transaction.config.internalTransactionAdvisor'
2016-12-15 12:10:14 org.springframework.beans.factory.support.AbstractAutowireCapableBeanFactory.createBean(AbstractAutowireCapableBeanFactory.java:484)  Finished creating instance of bean 'sqlSessionFactory'
2016-12-15 12:10:14 org.springframework.beans.factory.support.AbstractBeanFactory.doGetBean(AbstractBeanFactory.java:251)  Returning cached instance of singleton bean 'org.springframework.transaction.config.internalTransactionAdvisor'
2016-12-15 12:10:15 org.springframework.beans.factory.support.AbstractAutowireCapableBeanFactory.invokeInitMethods(AbstractAutowireCapableBeanFactory.java:1625)  Invoking afterPropertiesSet() on bean with name 'deptDao'
2016-12-15 12:10:15 org.springframework.beans.factory.support.AbstractBeanFactory.doGetBean(AbstractBeanFactory.java:251)  Returning cached instance of singleton bean 'org.springframework.transaction.config.internalTransactionAdvisor'
2016-12-15 12:10:15 org.springframework.beans.factory.support.AbstractAutowireCapableBeanFactory.createBean(AbstractAutowireCapableBeanFactory.java:484)  Finished creating instance of bean 'deptDao'
2016-12-15 12:10:15 org.springframework.beans.factory.support.AbstractBeanFactory.doGetBean(AbstractBeanFactory.java:251)  Returning cached instance of singleton bean 'org.springframework.transaction.config.internalTransactionAdvisor'
2016-12-15 12:10:15 org.springframework.beans.factory.annotation.AutowiredAnnotationBeanPostProcessor.registerDependentBeans(AutowiredAnnotationBeanPostProcessor.java:539)  Autowiring by type from bean name 'deptServiceImpl' to bean named 'deptDao'
2016-12-15 12:10:15 org.springframework.beans.factory.support.AbstractBeanFactory.doGetBean(AbstractBeanFactory.java:251)  Returning cached instance of singleton bean 'org.springframework.transaction.config.internalTransactionAdvisor'
2016-12-15 12:10:15 org.springframework.beans.factory.support.AbstractAutowireCapableBeanFactory.createBean(AbstractAutowireCapableBeanFactory.java:484)  Finished creating instance of bean 'deptServiceImpl'
2016-12-15 12:10:15 org.springframework.beans.factory.annotation.AutowiredAnnotationBeanPostProcessor.registerDependentBeans(AutowiredAnnotationBeanPostProcessor.java:539)  Autowiring by type from bean name 'deptController' to bean named 'deptServiceImpl'
2016-12-15 12:10:15 org.springframework.beans.factory.support.AbstractBeanFactory.doGetBean(AbstractBeanFactory.java:251)  Returning cached instance of singleton bean 'org.springframework.transaction.config.internalTransactionAdvisor'
2016-12-15 12:10:15 org.springframework.beans.factory.support.AbstractAutowireCapableBeanFactory.createBean(AbstractAutowireCapableBeanFactory.java:484)  Finished creating instance of bean 'deptController'
2016-12-15 12:10:15 org.springframework.beans.factory.support.AbstractBeanFactory.doGetBean(AbstractBeanFactory.java:251)  Returning cached instance of singleton bean 'deptServiceImpl'
2016-12-15 12:10:15 org.springframework.beans.factory.support.AbstractBeanFactory.doGetBean(AbstractBeanFactory.java:251)  Returning cached instance of singleton bean 'org.springframework.context.annotation.internalConfigurationAnnotationProcessor'
2016-12-15 12:10:15 org.springframework.beans.factory.support.AbstractBeanFactory.doGetBean(AbstractBeanFactory.java:251)  Returning cached instance of singleton bean 'org.springframework.context.annotation.internalAutowiredAnnotationProcessor'
2016-12-15 12:10:15 org.springframework.beans.factory.support.AbstractBeanFactory.doGetBean(AbstractBeanFactory.java:251)  Returning cached instance of singleton bean 'org.springframework.context.annotation.internalRequiredAnnotationProcessor'
2016-12-15 12:10:15 org.springframework.beans.factory.support.AbstractBeanFactory.doGetBean(AbstractBeanFactory.java:251)  Returning cached instance of singleton bean 'org.springframework.context.annotation.internalCommonAnnotationProcessor'
2016-12-15 12:10:15 org.springframework.beans.factory.support.DefaultSingletonBeanRegistry.getSingleton(DefaultSingletonBeanRegistry.java:221)  Creating shared instance of singleton bean 'org.springframework.context.event.internalEventListenerProcessor'
2016-12-15 12:10:15 org.springframework.beans.factory.support.AbstractAutowireCapableBeanFactory.createBean(AbstractAutowireCapableBeanFactory.java:448)  Creating instance of bean 'org.springframework.context.event.internalEventListenerProcessor'
2016-12-15 12:10:15 org.springframework.beans.factory.support.AbstractAutowireCapableBeanFactory.doCreateBean(AbstractAutowireCapableBeanFactory.java:537)  Eagerly caching bean 'org.springframework.context.event.internalEventListenerProcessor' to allow for resolving potential circular references
2016-12-15 12:10:15 org.springframework.beans.factory.support.AbstractBeanFactory.doGetBean(AbstractBeanFactory.java:251)  Returning cached instance of singleton bean 'org.springframework.transaction.config.internalTransactionAdvisor'
2016-12-15 12:10:15 org.springframework.beans.factory.support.AbstractAutowireCapableBeanFactory.createBean(AbstractAutowireCapableBeanFactory.java:484)  Finished creating instance of bean 'org.springframework.context.event.internalEventListenerProcessor'
2016-12-15 12:10:15 org.springframework.beans.factory.support.DefaultSingletonBeanRegistry.getSingleton(DefaultSingletonBeanRegistry.java:221)  Creating shared instance of singleton bean 'org.springframework.context.event.internalEventListenerFactory'
2016-12-15 12:10:15 org.springframework.beans.factory.support.AbstractAutowireCapableBeanFactory.createBean(AbstractAutowireCapableBeanFactory.java:448)  Creating instance of bean 'org.springframework.context.event.internalEventListenerFactory'
2016-12-15 12:10:15 org.springframework.beans.factory.support.AbstractAutowireCapableBeanFactory.doCreateBean(AbstractAutowireCapableBeanFactory.java:537)  Eagerly caching bean 'org.springframework.context.event.internalEventListenerFactory' to allow for resolving potential circular references
2016-12-15 12:10:15 org.springframework.beans.factory.support.AbstractBeanFactory.doGetBean(AbstractBeanFactory.java:251)  Returning cached instance of singleton bean 'org.springframework.transaction.config.internalTransactionAdvisor'
2016-12-15 12:10:15 org.springframework.beans.factory.support.AbstractAutowireCapableBeanFactory.createBean(AbstractAutowireCapableBeanFactory.java:484)  Finished creating instance of bean 'org.springframework.context.event.internalEventListenerFactory'
2016-12-15 12:10:15 org.springframework.beans.factory.support.AbstractBeanFactory.doGetBean(AbstractBeanFactory.java:251)  Returning cached instance of singleton bean 'dataSource123'
2016-12-15 12:10:15 org.springframework.beans.factory.support.AbstractBeanFactory.doGetBean(AbstractBeanFactory.java:251)  Returning cached instance of singleton bean 'sqlSessionFactory'
2016-12-15 12:10:15 org.springframework.beans.factory.support.AbstractBeanFactory.doGetBean(AbstractBeanFactory.java:251)  Returning cached instance of singleton bean 'org.mybatis.spring.mapper.MapperScannerConfigurer#0'
2016-12-15 12:10:15 org.springframework.beans.factory.support.DefaultSingletonBeanRegistry.getSingleton(DefaultSingletonBeanRegistry.java:221)  Creating shared instance of singleton bean 'txManager'
2016-12-15 12:10:15 org.springframework.beans.factory.support.AbstractAutowireCapableBeanFactory.createBean(AbstractAutowireCapableBeanFactory.java:448)  Creating instance of bean 'txManager'
2016-12-15 12:10:15 org.springframework.beans.factory.support.AbstractAutowireCapableBeanFactory.doCreateBean(AbstractAutowireCapableBeanFactory.java:537)  Eagerly caching bean 'txManager' to allow for resolving potential circular references
2016-12-15 12:10:15 org.springframework.beans.factory.support.AbstractBeanFactory.doGetBean(AbstractBeanFactory.java:251)  Returning cached instance of singleton bean 'dataSource123'
2016-12-15 12:10:15 org.springframework.beans.factory.support.AbstractAutowireCapableBeanFactory.invokeInitMethods(AbstractAutowireCapableBeanFactory.java:1625)  Invoking afterPropertiesSet() on bean with name 'txManager'
2016-12-15 12:10:15 org.springframework.beans.factory.support.AbstractBeanFactory.doGetBean(AbstractBeanFactory.java:251)  Returning cached instance of singleton bean 'org.springframework.transaction.config.internalTransactionAdvisor'
2016-12-15 12:10:15 org.springframework.beans.factory.support.AbstractAutowireCapableBeanFactory.createBean(AbstractAutowireCapableBeanFactory.java:484)  Finished creating instance of bean 'txManager'
2016-12-15 12:10:15 org.springframework.beans.factory.support.DefaultSingletonBeanRegistry.getSingleton(DefaultSingletonBeanRegistry.java:221)  Creating shared instance of singleton bean 'org.springframework.transaction.config.internalTransactionalEventListenerFactory'
2016-12-15 12:10:15 org.springframework.beans.factory.support.AbstractAutowireCapableBeanFactory.createBean(AbstractAutowireCapableBeanFactory.java:448)  Creating instance of bean 'org.springframework.transaction.config.internalTransactionalEventListenerFactory'
2016-12-15 12:10:15 org.springframework.beans.factory.support.AbstractAutowireCapableBeanFactory.doCreateBean(AbstractAutowireCapableBeanFactory.java:537)  Eagerly caching bean 'org.springframework.transaction.config.internalTransactionalEventListenerFactory' to allow for resolving potential circular references
2016-12-15 12:10:15 org.springframework.beans.factory.support.AbstractBeanFactory.doGetBean(AbstractBeanFactory.java:251)  Returning cached instance of singleton bean 'org.springframework.transaction.config.internalTransactionAdvisor'
2016-12-15 12:10:15 org.springframework.beans.factory.support.AbstractAutowireCapableBeanFactory.createBean(AbstractAutowireCapableBeanFactory.java:484)  Finished creating instance of bean 'org.springframework.transaction.config.internalTransactionalEventListenerFactory'
2016-12-15 12:10:15 org.springframework.beans.factory.support.AbstractBeanFactory.doGetBean(AbstractBeanFactory.java:251)  Returning cached instance of singleton bean 'org.springframework.aop.config.internalAutoProxyCreator'
2016-12-15 12:10:15 org.springframework.beans.factory.support.AbstractBeanFactory.doGetBean(AbstractBeanFactory.java:251)  Returning cached instance of singleton bean 'org.springframework.transaction.annotation.AnnotationTransactionAttributeSource#0'
2016-12-15 12:10:15 org.springframework.beans.factory.support.DefaultSingletonBeanRegistry.getSingleton(DefaultSingletonBeanRegistry.java:221)  Creating shared instance of singleton bean 'org.springframework.transaction.interceptor.TransactionInterceptor#0'
2016-12-15 12:10:15 org.springframework.beans.factory.support.AbstractAutowireCapableBeanFactory.createBean(AbstractAutowireCapableBeanFactory.java:448)  Creating instance of bean 'org.springframework.transaction.interceptor.TransactionInterceptor#0'
2016-12-15 12:10:15 org.springframework.beans.factory.support.AbstractAutowireCapableBeanFactory.doCreateBean(AbstractAutowireCapableBeanFactory.java:537)  Eagerly caching bean 'org.springframework.transaction.interceptor.TransactionInterceptor#0' to allow for resolving potential circular references
2016-12-15 12:10:15 org.springframework.beans.factory.support.AbstractBeanFactory.doGetBean(AbstractBeanFactory.java:251)  Returning cached instance of singleton bean 'org.springframework.transaction.annotation.AnnotationTransactionAttributeSource#0'
2016-12-15 12:10:15 org.springframework.beans.factory.support.AbstractAutowireCapableBeanFactory.invokeInitMethods(AbstractAutowireCapableBeanFactory.java:1625)  Invoking afterPropertiesSet() on bean with name 'org.springframework.transaction.interceptor.TransactionInterceptor#0'
2016-12-15 12:10:15 org.springframework.beans.factory.support.AbstractAutowireCapableBeanFactory.createBean(AbstractAutowireCapableBeanFactory.java:484)  Finished creating instance of bean 'org.springframework.transaction.interceptor.TransactionInterceptor#0'
2016-12-15 12:10:15 org.springframework.beans.factory.support.AbstractBeanFactory.doGetBean(AbstractBeanFactory.java:251)  Returning cached instance of singleton bean 'org.springframework.transaction.config.internalTransactionAdvisor'
2016-12-15 12:10:15 org.springframework.beans.factory.support.AbstractBeanFactory.doGetBean(AbstractBeanFactory.java:251)  Returning cached instance of singleton bean 'org.springframework.context.annotation.ConfigurationClassPostProcessor.importAwareProcessor'
2016-12-15 12:10:15 org.springframework.beans.factory.support.AbstractBeanFactory.doGetBean(AbstractBeanFactory.java:251)  Returning cached instance of singleton bean 'org.springframework.context.annotation.ConfigurationClassPostProcessor.enhancedConfigurationProcessor'
2016-12-15 12:10:15 org.springframework.beans.factory.support.DefaultSingletonBeanRegistry.getSingleton(DefaultSingletonBeanRegistry.java:221)  Creating shared instance of singleton bean 'dept2Dao'
2016-12-15 12:10:15 org.springframework.beans.factory.support.AbstractAutowireCapableBeanFactory.createBean(AbstractAutowireCapableBeanFactory.java:448)  Creating instance of bean 'dept2Dao'
2016-12-15 12:10:15 org.springframework.beans.factory.support.AbstractAutowireCapableBeanFactory.doCreateBean(AbstractAutowireCapableBeanFactory.java:537)  Eagerly caching bean 'dept2Dao' to allow for resolving potential circular references
2016-12-15 12:10:15 org.springframework.beans.factory.support.AbstractBeanFactory.doGetBean(AbstractBeanFactory.java:251)  Returning cached instance of singleton bean 'sqlSessionFactory'
2016-12-15 12:10:15 org.springframework.beans.factory.support.AbstractAutowireCapableBeanFactory.invokeInitMethods(AbstractAutowireCapableBeanFactory.java:1625)  Invoking afterPropertiesSet() on bean with name 'dept2Dao'
2016-12-15 12:10:15 org.springframework.beans.factory.support.AbstractBeanFactory.doGetBean(AbstractBeanFactory.java:251)  Returning cached instance of singleton bean 'org.springframework.transaction.config.internalTransactionAdvisor'
2016-12-15 12:10:15 org.springframework.beans.factory.support.AbstractAutowireCapableBeanFactory.createBean(AbstractAutowireCapableBeanFactory.java:484)  Finished creating instance of bean 'dept2Dao'
2016-12-15 12:10:15 org.springframework.beans.factory.support.AbstractBeanFactory.doGetBean(AbstractBeanFactory.java:251)  Returning cached instance of singleton bean 'deptDao'
2016-12-15 12:10:15 org.springframework.beans.factory.support.DefaultSingletonBeanRegistry.getSingleton(DefaultSingletonBeanRegistry.java:221)  Creating shared instance of singleton bean 'empDao'
2016-12-15 12:10:15 org.springframework.beans.factory.support.AbstractAutowireCapableBeanFactory.createBean(AbstractAutowireCapableBeanFactory.java:448)  Creating instance of bean 'empDao'
2016-12-15 12:10:15 org.springframework.beans.factory.support.AbstractAutowireCapableBeanFactory.doCreateBean(AbstractAutowireCapableBeanFactory.java:537)  Eagerly caching bean 'empDao' to allow for resolving potential circular references
2016-12-15 12:10:15 org.springframework.beans.factory.support.AbstractBeanFactory.doGetBean(AbstractBeanFactory.java:251)  Returning cached instance of singleton bean 'sqlSessionFactory'
2016-12-15 12:10:15 org.springframework.beans.factory.support.AbstractAutowireCapableBeanFactory.invokeInitMethods(AbstractAutowireCapableBeanFactory.java:1625)  Invoking afterPropertiesSet() on bean with name 'empDao'
2016-12-15 12:10:15 org.springframework.beans.factory.support.AbstractBeanFactory.doGetBean(AbstractBeanFactory.java:251)  Returning cached instance of singleton bean 'org.springframework.transaction.config.internalTransactionAdvisor'
2016-12-15 12:10:15 org.springframework.beans.factory.support.AbstractAutowireCapableBeanFactory.createBean(AbstractAutowireCapableBeanFactory.java:484)  Finished creating instance of bean 'empDao'
2016-12-15 12:10:15 org.springframework.beans.factory.support.AbstractBeanFactory.doGetBean(AbstractBeanFactory.java:251)  Returning cached instance of singleton bean 'org.springframework.context.event.internalEventListenerFactory'
2016-12-15 12:10:15 org.springframework.beans.factory.support.AbstractBeanFactory.doGetBean(AbstractBeanFactory.java:251)  Returning cached instance of singleton bean 'org.springframework.transaction.config.internalTransactionalEventListenerFactory'
2016-12-15 12:10:15 org.springframework.context.support.AbstractApplicationContext.initLifecycleProcessor(AbstractApplicationContext.java:784)  Unable to locate LifecycleProcessor with name 'lifecycleProcessor': using default [org.springframework.context.support.DefaultLifecycleProcessor@5ab956d7]
2016-12-15 12:10:15 org.springframework.beans.factory.support.AbstractBeanFactory.doGetBean(AbstractBeanFactory.java:251)  Returning cached instance of singleton bean 'lifecycleProcessor'
2016-12-15 12:10:15 org.springframework.beans.factory.support.AbstractBeanFactory.doGetBean(AbstractBeanFactory.java:251)  Returning cached instance of singleton bean 'sqlSessionFactory'
2016-12-15 12:10:15 org.springframework.core.env.PropertySourcesPropertyResolver.getProperty(PropertySourcesPropertyResolver.java:91)  Could not find key 'spring.liveBeansView.mbeanDomain' in any property source
2016-12-15 12:10:15 org.springframework.beans.factory.support.AbstractBeanFactory.doGetBean(AbstractBeanFactory.java:251)  Returning cached instance of singleton bean 'sqlSessionFactory'
2016-12-15 12:10:15 org.apache.ibatis.logging.commons.JakartaCommonsLoggingImpl.debug(JakartaCommonsLoggingImpl.java:54)  Cache Hit Ratio [com.hc.dao.Dept2Dao]: 0.0
2016-12-15 12:10:15 org.springframework.jdbc.datasource.DataSourceUtils.doGetConnection(DataSourceUtils.java:110)  Fetching JDBC Connection from DataSource
2016-12-15 12:10:15 com.alibaba.druid.pool.DruidDataSource.init(DruidDataSource.java:715)  {dataSource-1} inited
2016-12-15 12:10:15 org.apache.ibatis.logging.commons.JakartaCommonsLoggingImpl.debug(JakartaCommonsLoggingImpl.java:54)  JDBC Connection [com.mysql.jdbc.JDBC4Connection@69ee81fc] will not be managed by Spring
2016-12-15 12:10:15 org.apache.ibatis.logging.commons.JakartaCommonsLoggingImpl.debug(JakartaCommonsLoggingImpl.java:54)  ==>  Preparing: SELECT deptno, dname, loc,kouhao,yusuan from dept WHERE deptno = 10 and dname like '%OUNT%' 
2016-12-15 12:10:15 org.apache.ibatis.logging.commons.JakartaCommonsLoggingImpl.debug(JakartaCommonsLoggingImpl.java:54)  ==> Parameters: 
2016-12-15 12:10:15 org.apache.ibatis.logging.commons.JakartaCommonsLoggingImpl.debug(JakartaCommonsLoggingImpl.java:54)  <==      Total: 1
2016-12-16 09:48:08 org.springframework.core.env.MutablePropertySources.addLast(MutablePropertySources.java:109)  Adding [systemProperties] PropertySource with lowest search precedence
2016-12-16 09:48:08 org.springframework.core.env.MutablePropertySources.addLast(MutablePropertySources.java:109)  Adding [systemEnvironment] PropertySource with lowest search precedence
2016-12-16 09:48:08 org.springframework.core.env.AbstractEnvironment.<init>(AbstractEnvironment.java:124)  Initialized StandardEnvironment with PropertySources [systemProperties,systemEnvironment]
2016-12-16 09:48:08 org.springframework.context.support.AbstractApplicationContext.prepareRefresh(AbstractApplicationContext.java:582)  Refreshing org.springframework.context.support.ClassPathXmlApplicationContext@45c8e616: startup date [Fri Dec 16 09:48:08 CST 2016]; root of context hierarchy
2016-12-16 09:48:08 org.springframework.core.env.MutablePropertySources.addLast(MutablePropertySources.java:109)  Adding [systemProperties] PropertySource with lowest search precedence
2016-12-16 09:48:08 org.springframework.core.env.MutablePropertySources.addLast(MutablePropertySources.java:109)  Adding [systemEnvironment] PropertySource with lowest search precedence
2016-12-16 09:48:08 org.springframework.core.env.AbstractEnvironment.<init>(AbstractEnvironment.java:124)  Initialized StandardEnvironment with PropertySources [systemProperties,systemEnvironment]
2016-12-16 09:48:08 org.springframework.beans.factory.xml.XmlBeanDefinitionReader.loadBeanDefinitions(XmlBeanDefinitionReader.java:317)  Loading XML bean definitions from class path resource [applicationContext.xml]
2016-12-16 09:48:08 org.springframework.beans.factory.xml.DefaultDocumentLoader.loadDocument(DefaultDocumentLoader.java:73)  Using JAXP provider [com.sun.org.apache.xerces.internal.jaxp.DocumentBuilderFactoryImpl]
2016-12-16 09:48:08 org.springframework.beans.factory.xml.PluggableSchemaResolver.getSchemaMappings(PluggableSchemaResolver.java:141)  Loading schema mappings from [META-INF/spring.schemas]
2016-12-16 09:48:08 org.springframework.beans.factory.xml.PluggableSchemaResolver.getSchemaMappings(PluggableSchemaResolver.java:147)  Loaded schema mappings: {http://www.springframework.org/schema/tx/spring-tx-4.3.xsd=org/springframework/transaction/config/spring-tx-4.3.xsd, http://www.springframework.org/schema/tx/spring-tx-2.5.xsd=org/springframework/transaction/config/spring-tx-2.5.xsd, http://www.springframework.org/schema/cache/spring-cache-4.2.xsd=org/springframework/cache/config/spring-cache-4.2.xsd, http://www.springframework.org/schema/aop/spring-aop-4.1.xsd=org/springframework/aop/config/spring-aop-4.1.xsd, http://www.springframework.org/schema/context/spring-context-3.1.xsd=org/springframework/context/config/spring-context-3.1.xsd, http://www.springframework.org/schema/jdbc/spring-jdbc-4.1.xsd=org/springframework/jdbc/config/spring-jdbc-4.1.xsd, http://www.springframework.org/schema/mvc/spring-mvc-4.1.xsd=org/springframework/web/servlet/config/spring-mvc-4.1.xsd, http://www.springframework.org/schema/util/spring-util-3.0.xsd=org/springframework/beans/factory/xml/spring-util-3.0.xsd, http://mybatis.org/schema/mybatis-spring-1.2.xsd=org/mybatis/spring/config/mybatis-spring-1.2.xsd, http://www.springframework.org/schema/tool/spring-tool.xsd=org/springframework/beans/factory/xml/spring-tool-4.3.xsd, http://www.springframework.org/schema/aop/spring-aop-3.2.xsd=org/springframework/aop/config/spring-aop-3.2.xsd, http://www.springframework.org/schema/lang/spring-lang-4.1.xsd=org/springframework/scripting/config/spring-lang-4.1.xsd, http://www.springframework.org/schema/context/spring-context-4.0.xsd=org/springframework/context/config/spring-context-4.0.xsd, http://www.springframework.org/schema/mvc/spring-mvc-3.2.xsd=org/springframework/web/servlet/config/spring-mvc-3.2.xsd, http://www.springframework.org/schema/beans/spring-beans-4.2.xsd=org/springframework/beans/factory/xml/spring-beans-4.2.xsd, http://www.springframework.org/schema/tool/spring-tool-4.1.xsd=org/springframework/beans/factory/xml/spring-tool-4.1.xsd, http://www.springframework.org/schema/lang/spring-lang-3.2.xsd=org/springframework/scripting/config/spring-lang-3.2.xsd, http://www.springframework.org/schema/cache/spring-cache-3.2.xsd=org/springframework/cache/config/spring-cache-3.2.xsd, http://www.springframework.org/schema/jee/spring-jee-4.1.xsd=org/springframework/ejb/config/spring-jee-4.1.xsd, http://www.springframework.org/schema/jdbc/spring-jdbc-3.1.xsd=org/springframework/jdbc/config/spring-jdbc-3.1.xsd, http://www.springframework.org/schema/util/spring-util-2.0.xsd=org/springframework/beans/factory/xml/spring-util-2.0.xsd, http://www.springframework.org/schema/task/spring-task-4.2.xsd=org/springframework/scheduling/config/spring-task-4.2.xsd, http://www.springframework.org/schema/tool/spring-tool-3.2.xsd=org/springframework/beans/factory/xml/spring-tool-3.2.xsd, http://www.springframework.org/schema/context/spring-context.xsd=org/springframework/context/config/spring-context-4.3.xsd, http://www.springframework.org/schema/tx/spring-tx-4.2.xsd=org/springframework/transaction/config/spring-tx-4.2.xsd, http://www.springframework.org/schema/cache/spring-cache-4.1.xsd=org/springframework/cache/config/spring-cache-4.1.xsd, http://www.springframework.org/schema/aop/spring-aop-4.0.xsd=org/springframework/aop/config/spring-aop-4.0.xsd, http://www.springframework.org/schema/jee/spring-jee-3.2.xsd=org/springframework/ejb/config/spring-jee-3.2.xsd, http://www.springframework.org/schema/context/spring-context-3.0.xsd=org/springframework/context/config/spring-context-3.0.xsd, http://www.springframework.org/schema/jdbc/spring-jdbc-4.0.xsd=org/springframework/jdbc/config/spring-jdbc-4.0.xsd, http://www.springframework.org/schema/mvc/spring-mvc-4.0.xsd=org/springframework/web/servlet/config/spring-mvc-4.0.xsd, http://www.springframework.org/schema/util/spring-util-4.3.xsd=org/springframework/beans/factory/xml/spring-util-4.3.xsd, http://www.springframework.org/schema/util/spring-util-2.5.xsd=org/springframework/beans/factory/xml/spring-util-2.5.xsd, http://www.springframework.org/schema/beans/spring-beans-3.2.xsd=org/springframework/beans/factory/xml/spring-beans-3.2.xsd, http://www.springframework.org/schema/aop/spring-aop-3.1.xsd=org/springframework/aop/config/spring-aop-3.1.xsd, http://www.springframework.org/schema/lang/spring-lang-4.0.xsd=org/springframework/scripting/config/spring-lang-4.0.xsd, http://www.springframework.org/schema/mvc/spring-mvc.xsd=org/springframework/web/servlet/config/spring-mvc-4.3.xsd, http://www.springframework.org/schema/mvc/spring-mvc-3.1.xsd=org/springframework/web/servlet/config/spring-mvc-3.1.xsd, http://www.springframework.org/schema/beans/spring-beans-4.1.xsd=org/springframework/beans/factory/xml/spring-beans-4.1.xsd, http://www.springframework.org/schema/tool/spring-tool-4.0.xsd=org/springframework/beans/factory/xml/spring-tool-4.0.xsd, http://www.springframework.org/schema/tx/spring-tx-3.2.xsd=org/springframework/transaction/config/spring-tx-3.2.xsd, http://www.springframework.org/schema/lang/spring-lang-3.1.xsd=org/springframework/scripting/config/spring-lang-3.1.xsd, http://www.springframework.org/schema/cache/spring-cache-3.1.xsd=org/springframework/cache/config/spring-cache-3.1.xsd, http://www.springframework.org/schema/jee/spring-jee-4.0.xsd=org/springframework/ejb/config/spring-jee-4.0.xsd, http://www.springframework.org/schema/jdbc/spring-jdbc-3.0.xsd=org/springframework/jdbc/config/spring-jdbc-3.0.xsd, http://www.springframework.org/schema/task/spring-task-4.1.xsd=org/springframework/scheduling/config/spring-task-4.1.xsd, http://www.springframework.org/schema/jdbc/spring-jdbc.xsd=org/springframework/jdbc/config/spring-jdbc-4.3.xsd, http://www.springframework.org/schema/tool/spring-tool-3.1.xsd=org/springframework/beans/factory/xml/spring-tool-3.1.xsd, http://www.springframework.org/schema/tx/spring-tx-4.1.xsd=org/springframework/transaction/config/spring-tx-4.1.xsd, http://www.springframework.org/schema/cache/spring-cache-4.0.xsd=org/springframework/cache/config/spring-cache-4.0.xsd, http://www.springframework.org/schema/jee/spring-jee-3.1.xsd=org/springframework/ejb/config/spring-jee-3.1.xsd, http://www.springframework.org/schema/util/spring-util-4.2.xsd=org/springframework/beans/factory/xml/spring-util-4.2.xsd, http://www.springframework.org/schema/task/spring-task-3.2.xsd=org/springframework/scheduling/config/spring-task-3.2.xsd, http://www.springframework.org/schema/beans/spring-beans-3.1.xsd=org/springframework/beans/factory/xml/spring-beans-3.1.xsd, http://www.springframework.org/schema/util/spring-util.xsd=org/springframework/beans/factory/xml/spring-util-4.3.xsd, http://www.springframework.org/schema/aop/spring-aop-3.0.xsd=org/springframework/aop/config/spring-aop-3.0.xsd, http://www.springframework.org/schema/mvc/spring-mvc-3.0.xsd=org/springframework/web/servlet/config/spring-mvc-3.0.xsd, http://www.springframework.org/schema/beans/spring-beans-4.0.xsd=org/springframework/beans/factory/xml/spring-beans-4.0.xsd, http://www.springframework.org/schema/beans/spring-beans.xsd=org/springframework/beans/factory/xml/spring-beans-4.3.xsd, http://mybatis.org/schema/mybatis-spring.xsd=org/mybatis/spring/config/mybatis-spring-1.2.xsd, http://www.springframework.org/schema/tx/spring-tx-3.1.xsd=org/springframework/transaction/config/spring-tx-3.1.xsd, http://www.springframework.org/schema/lang/spring-lang-3.0.xsd=org/springframework/scripting/config/spring-lang-3.0.xsd, http://www.springframework.org/schema/context/spring-context-2.5.xsd=org/springframework/context/config/spring-context-2.5.xsd, http://www.springframework.org/schema/context/spring-context-4.3.xsd=org/springframework/context/config/spring-context-4.3.xsd, http://www.springframework.org/schema/task/spring-task-4.0.xsd=org/springframework/scheduling/config/spring-task-4.0.xsd, http://www.springframework.org/schema/tool/spring-tool-3.0.xsd=org/springframework/beans/factory/xml/spring-tool-3.0.xsd, http://www.springframework.org/schema/tx/spring-tx-4.0.xsd=org/springframework/transaction/config/spring-tx-4.0.xsd, http://www.springframework.org/schema/aop/spring-aop-2.0.xsd=org/springframework/aop/config/spring-aop-2.0.xsd, http://www.springframework.org/schema/jee/spring-jee-3.0.xsd=org/springframework/ejb/config/spring-jee-3.0.xsd, http://www.springframework.org/schema/util/spring-util-4.1.xsd=org/springframework/beans/factory/xml/spring-util-4.1.xsd, http://www.springframework.org/schema/task/spring-task-3.1.xsd=org/springframework/scheduling/config/spring-task-3.1.xsd, http://www.springframework.org/schema/beans/spring-beans-3.0.xsd=org/springframework/beans/factory/xml/spring-beans-3.0.xsd, http://www.springframework.org/schema/jee/spring-jee.xsd=org/springframework/ejb/config/spring-jee-4.3.xsd, http://www.springframework.org/schema/aop/spring-aop-2.5.xsd=org/springframework/aop/config/spring-aop-2.5.xsd, http://www.springframework.org/schema/aop/spring-aop-4.3.xsd=org/springframework/aop/config/spring-aop-4.3.xsd, http://www.springframework.org/schema/lang/spring-lang-2.0.xsd=org/springframework/scripting/config/spring-lang-2.0.xsd, http://www.springframework.org/schema/jdbc/spring-jdbc-4.3.xsd=org/springframework/jdbc/config/spring-jdbc-4.3.xsd, http://www.springframework.org/schema/mvc/spring-mvc-4.3.xsd=org/springframework/web/servlet/config/spring-mvc-4.3.xsd, http://www.springframework.org/schema/util/spring-util-3.2.xsd=org/springframework/beans/factory/xml/spring-util-3.2.xsd, http://www.springframework.org/schema/task/spring-task.xsd=org/springframework/scheduling/config/spring-task-4.3.xsd, http://www.springframework.org/schema/tool/spring-tool-2.0.xsd=org/springframework/beans/factory/xml/spring-tool-2.0.xsd, http://www.springframework.org/schema/tx/spring-tx-3.0.xsd=org/springframework/transaction/config/spring-tx-3.0.xsd, http://www.springframework.org/schema/lang/spring-lang-2.5.xsd=org/springframework/scripting/config/spring-lang-2.5.xsd, http://www.springframework.org/schema/lang/spring-lang-4.3.xsd=org/springframework/scripting/config/spring-lang-4.3.xsd, http://www.springframework.org/schema/context/spring-context-4.2.xsd=org/springframework/context/config/spring-context-4.2.xsd, http://www.springframework.org/schema/jee/spring-jee-2.0.xsd=org/springframework/ejb/config/spring-jee-2.0.xsd, http://www.springframework.org/schema/tool/spring-tool-4.3.xsd=org/springframework/beans/factory/xml/spring-tool-4.3.xsd, http://www.springframework.org/schema/tool/spring-tool-2.5.xsd=org/springframework/beans/factory/xml/spring-tool-2.5.xsd, http://www.springframework.org/schema/jee/spring-jee-4.3.xsd=org/springframework/ejb/config/spring-jee-4.3.xsd, http://www.springframework.org/schema/jee/spring-jee-2.5.xsd=org/springframework/ejb/config/spring-jee-2.5.xsd, http://www.springframework.org/schema/util/spring-util-4.0.xsd=org/springframework/beans/factory/xml/spring-util-4.0.xsd, http://www.springframework.org/schema/task/spring-task-3.0.xsd=org/springframework/scheduling/config/spring-task-3.0.xsd, http://www.springframework.org/schema/cache/spring-cache-4.3.xsd=org/springframework/cache/config/spring-cache-4.3.xsd, http://www.springframework.org/schema/aop/spring-aop-4.2.xsd=org/springframework/aop/config/spring-aop-4.2.xsd, http://www.springframework.org/schema/lang/spring-lang.xsd=org/springframework/scripting/config/spring-lang-4.3.xsd, http://www.springframework.org/schema/context/spring-context-3.2.xsd=org/springframework/context/config/spring-context-3.2.xsd, http://www.springframework.org/schema/jdbc/spring-jdbc-4.2.xsd=org/springframework/jdbc/config/spring-jdbc-4.2.xsd, http://www.springframework.org/schema/mvc/spring-mvc-4.2.xsd=org/springframework/web/servlet/config/spring-mvc-4.2.xsd, http://www.springframework.org/schema/util/spring-util-3.1.xsd=org/springframework/beans/factory/xml/spring-util-3.1.xsd, http://www.springframework.org/schema/beans/spring-beans-2.0.xsd=org/springframework/beans/factory/xml/spring-beans-2.0.xsd, http://www.springframework.org/schema/cache/spring-cache.xsd=org/springframework/cache/config/spring-cache-4.3.xsd, http://www.springframework.org/schema/tx/spring-tx.xsd=org/springframework/transaction/config/spring-tx-4.3.xsd, http://www.springframework.org/schema/lang/spring-lang-4.2.xsd=org/springframework/scripting/config/spring-lang-4.2.xsd, http://www.springframework.org/schema/context/spring-context-4.1.xsd=org/springframework/context/config/spring-context-4.1.xsd, http://www.springframework.org/schema/beans/spring-beans-2.5.xsd=org/springframework/beans/factory/xml/spring-beans-2.5.xsd, http://www.springframework.org/schema/beans/spring-beans-4.3.xsd=org/springframework/beans/factory/xml/spring-beans-4.3.xsd, http://www.springframework.org/schema/tool/spring-tool-4.2.xsd=org/springframework/beans/factory/xml/spring-tool-4.2.xsd, http://www.springframework.org/schema/tx/spring-tx-2.0.xsd=org/springframework/transaction/config/spring-tx-2.0.xsd, http://www.alibaba.com/schema/stat.xsd=META-INF/stat.xsd, http://www.springframework.org/schema/jee/spring-jee-4.2.xsd=org/springframework/ejb/config/spring-jee-4.2.xsd, http://www.springframework.org/schema/jdbc/spring-jdbc-3.2.xsd=org/springframework/jdbc/config/spring-jdbc-3.2.xsd, http://www.springframework.org/schema/task/spring-task-4.3.xsd=org/springframework/scheduling/config/spring-task-4.3.xsd, http://www.springframework.org/schema/aop/spring-aop.xsd=org/springframework/aop/config/spring-aop-4.3.xsd}
2016-12-16 09:48:08 org.springframework.beans.factory.xml.PluggableSchemaResolver.resolveEntity(PluggableSchemaResolver.java:119)  Found XML schema [http://www.springframework.org/schema/beans/spring-beans.xsd] in classpath: org/springframework/beans/factory/xml/spring-beans-4.3.xsd
2016-12-16 09:48:08 org.springframework.beans.factory.xml.PluggableSchemaResolver.resolveEntity(PluggableSchemaResolver.java:119)  Found XML schema [http://www.springframework.org/schema/context/spring-context.xsd] in classpath: org/springframework/context/config/spring-context-4.3.xsd
2016-12-16 09:48:08 org.springframework.beans.factory.xml.PluggableSchemaResolver.resolveEntity(PluggableSchemaResolver.java:119)  Found XML schema [http://www.springframework.org/schema/tool/spring-tool-4.3.xsd] in classpath: org/springframework/beans/factory/xml/spring-tool-4.3.xsd
2016-12-16 09:48:08 org.springframework.beans.factory.xml.PluggableSchemaResolver.resolveEntity(PluggableSchemaResolver.java:119)  Found XML schema [http://www.springframework.org/schema/tx/spring-tx.xsd] in classpath: org/springframework/transaction/config/spring-tx-4.3.xsd
2016-12-16 09:48:08 org.springframework.beans.factory.xml.DefaultBeanDefinitionDocumentReader.registerBeanDefinitions(DefaultBeanDefinitionDocumentReader.java:92)  Loading bean definitions
2016-12-16 09:48:08 org.springframework.beans.factory.xml.DefaultNamespaceHandlerResolver.getHandlerMappings(DefaultNamespaceHandlerResolver.java:157)  Loaded NamespaceHandler mappings: {http://www.springframework.org/schema/p=org.springframework.beans.factory.xml.SimplePropertyNamespaceHandler, http://www.springframework.org/schema/mvc=org.springframework.web.servlet.config.MvcNamespaceHandler, http://www.springframework.org/schema/util=org.springframework.beans.factory.xml.UtilNamespaceHandler, http://www.alibaba.com/schema/stat=com.alibaba.druid.support.spring.stat.config.DruidStatNamespaceHandler, http://www.springframework.org/schema/jee=org.springframework.ejb.config.JeeNamespaceHandler, http://www.springframework.org/schema/aop=org.springframework.aop.config.AopNamespaceHandler, http://www.springframework.org/schema/jdbc=org.springframework.jdbc.config.JdbcNamespaceHandler, http://www.springframework.org/schema/cache=org.springframework.cache.config.CacheNamespaceHandler, http://mybatis.org/schema/mybatis-spring=org.mybatis.spring.config.NamespaceHandler, http://www.springframework.org/schema/c=org.springframework.beans.factory.xml.SimpleConstructorNamespaceHandler, http://www.springframework.org/schema/tx=org.springframework.transaction.config.TxNamespaceHandler, http://www.springframework.org/schema/task=org.springframework.scheduling.config.TaskNamespaceHandler, http://www.springframework.org/schema/lang=org.springframework.scripting.config.LangNamespaceHandler, http://www.springframework.org/schema/context=org.springframework.context.config.ContextNamespaceHandler}
2016-12-16 09:48:08 org.springframework.core.env.MutablePropertySources.addLast(MutablePropertySources.java:109)  Adding [systemProperties] PropertySource with lowest search precedence
2016-12-16 09:48:08 org.springframework.core.env.MutablePropertySources.addLast(MutablePropertySources.java:109)  Adding [systemEnvironment] PropertySource with lowest search precedence
2016-12-16 09:48:08 org.springframework.core.env.AbstractEnvironment.<init>(AbstractEnvironment.java:124)  Initialized StandardEnvironment with PropertySources [systemProperties,systemEnvironment]
2016-12-16 09:48:08 org.springframework.core.io.support.PathMatchingResourcePatternResolver.findAllClassPathResources(PathMatchingResourcePatternResolver.java:317)  Resolved classpath location [com/hc/] to resources [URL [file:/D:/SpringMybatisWebDemo/target/classes/com/hc/]]
2016-12-16 09:48:08 org.springframework.core.io.support.PathMatchingResourcePatternResolver.doFindMatchingFileSystemResources(PathMatchingResourcePatternResolver.java:711)  Looking for matching resources in directory tree [D:\SpringMybatisWebDemo\target\classes\com\hc]
2016-12-16 09:48:08 org.springframework.core.io.support.PathMatchingResourcePatternResolver.doRetrieveMatchingFiles(PathMatchingResourcePatternResolver.java:773)  Searching directory [D:\SpringMybatisWebDemo\target\classes\com\hc] for files matching pattern [D:/SpringMybatisWebDemo/target/classes/com/hc/**/*.class]
2016-12-16 09:48:08 org.springframework.core.io.support.PathMatchingResourcePatternResolver.doRetrieveMatchingFiles(PathMatchingResourcePatternResolver.java:773)  Searching directory [D:\SpringMybatisWebDemo\target\classes\com\hc\action] for files matching pattern [D:/SpringMybatisWebDemo/target/classes/com/hc/**/*.class]
2016-12-16 09:48:08 org.springframework.core.io.support.PathMatchingResourcePatternResolver.doRetrieveMatchingFiles(PathMatchingResourcePatternResolver.java:773)  Searching directory [D:\SpringMybatisWebDemo\target\classes\com\hc\dao] for files matching pattern [D:/SpringMybatisWebDemo/target/classes/com/hc/**/*.class]
2016-12-16 09:48:08 org.springframework.core.io.support.PathMatchingResourcePatternResolver.doRetrieveMatchingFiles(PathMatchingResourcePatternResolver.java:773)  Searching directory [D:\SpringMybatisWebDemo\target\classes\com\hc\domain] for files matching pattern [D:/SpringMybatisWebDemo/target/classes/com/hc/**/*.class]
2016-12-16 09:48:08 org.springframework.core.io.support.PathMatchingResourcePatternResolver.doRetrieveMatchingFiles(PathMatchingResourcePatternResolver.java:773)  Searching directory [D:\SpringMybatisWebDemo\target\classes\com\hc\mapping] for files matching pattern [D:/SpringMybatisWebDemo/target/classes/com/hc/**/*.class]
2016-12-16 09:48:08 org.springframework.core.io.support.PathMatchingResourcePatternResolver.doRetrieveMatchingFiles(PathMatchingResourcePatternResolver.java:773)  Searching directory [D:\SpringMybatisWebDemo\target\classes\com\hc\service] for files matching pattern [D:/SpringMybatisWebDemo/target/classes/com/hc/**/*.class]
2016-12-16 09:48:08 org.springframework.core.io.support.PathMatchingResourcePatternResolver.doRetrieveMatchingFiles(PathMatchingResourcePatternResolver.java:773)  Searching directory [D:\SpringMybatisWebDemo\target\classes\com\hc\service\impl] for files matching pattern [D:/SpringMybatisWebDemo/target/classes/com/hc/**/*.class]
2016-12-16 09:48:08 org.springframework.core.io.support.PathMatchingResourcePatternResolver.doRetrieveMatchingFiles(PathMatchingResourcePatternResolver.java:773)  Searching directory [D:\SpringMybatisWebDemo\target\classes\com\hc\utils] for files matching pattern [D:/SpringMybatisWebDemo/target/classes/com/hc/**/*.class]
2016-12-16 09:48:08 org.springframework.core.io.support.PathMatchingResourcePatternResolver.findPathMatchingResources(PathMatchingResourcePatternResolver.java:483)  Resolved location pattern [classpath*:com/hc/**/*.class] to resources [file [D:\SpringMybatisWebDemo\target\classes\com\hc\action\DeptController.class], file [D:\SpringMybatisWebDemo\target\classes\com\hc\action\DeptServlet.class], file [D:\SpringMybatisWebDemo\target\classes\com\hc\dao\Dept2Dao.class], file [D:\SpringMybatisWebDemo\target\classes\com\hc\dao\DeptDao.class], file [D:\SpringMybatisWebDemo\target\classes\com\hc\dao\EmpDao.class], file [D:\SpringMybatisWebDemo\target\classes\com\hc\DemoTest.class], file [D:\SpringMybatisWebDemo\target\classes\com\hc\domain\Dept.class], file [D:\SpringMybatisWebDemo\target\classes\com\hc\domain\Dept2.class], file [D:\SpringMybatisWebDemo\target\classes\com\hc\domain\DeptQuery.class], file [D:\SpringMybatisWebDemo\target\classes\com\hc\domain\Emp.class], file [D:\SpringMybatisWebDemo\target\classes\com\hc\service\DeptService.class], file [D:\SpringMybatisWebDemo\target\classes\com\hc\service\impl\DeptServiceImpl.class], file [D:\SpringMybatisWebDemo\target\classes\com\hc\utils\String2DateTime.class]]
2016-12-16 09:48:08 org.springframework.context.annotation.ClassPathScanningCandidateComponentProvider.findCandidateComponents(ClassPathScanningCandidateComponentProvider.java:286)  Identified candidate component class: file [D:\SpringMybatisWebDemo\target\classes\com\hc\action\DeptController.class]
2016-12-16 09:48:08 org.springframework.context.annotation.ClassPathScanningCandidateComponentProvider.findCandidateComponents(ClassPathScanningCandidateComponentProvider.java:286)  Identified candidate component class: file [D:\SpringMybatisWebDemo\target\classes\com\hc\service\impl\DeptServiceImpl.class]
2016-12-16 09:48:08 org.springframework.beans.factory.xml.BeanDefinitionParserDelegate.parseBeanDefinitionElement(BeanDefinitionParserDelegate.java:481)  Neither XML 'id' nor 'name' specified - using generated bean name [org.mybatis.spring.mapper.MapperScannerConfigurer#0]
2016-12-16 09:48:08 org.springframework.beans.factory.support.AbstractBeanDefinitionReader.loadBeanDefinitions(AbstractBeanDefinitionReader.java:224)  Loaded 17 bean definitions from location pattern [applicationContext.xml]
2016-12-16 09:48:08 org.springframework.context.support.AbstractApplicationContext.obtainFreshBeanFactory(AbstractApplicationContext.java:616)  Bean factory for org.springframework.context.support.ClassPathXmlApplicationContext@45c8e616: org.springframework.beans.factory.support.DefaultListableBeanFactory@6c3f5566: defining beans [deptController,deptServiceImpl,org.springframework.context.annotation.internalConfigurationAnnotationProcessor,org.springframework.context.annotation.internalAutowiredAnnotationProcessor,org.springframework.context.annotation.internalRequiredAnnotationProcessor,org.springframework.context.annotation.internalCommonAnnotationProcessor,org.springframework.context.event.internalEventListenerProcessor,org.springframework.context.event.internalEventListenerFactory,dataSource123,sqlSessionFactory,org.mybatis.spring.mapper.MapperScannerConfigurer#0,txManager,org.springframework.transaction.config.internalTransactionalEventListenerFactory,org.springframework.aop.config.internalAutoProxyCreator,org.springframework.transaction.annotation.AnnotationTransactionAttributeSource#0,org.springframework.transaction.interceptor.TransactionInterceptor#0,org.springframework.transaction.config.internalTransactionAdvisor]; root of factory hierarchy
2016-12-16 09:48:08 org.springframework.beans.factory.support.DefaultSingletonBeanRegistry.getSingleton(DefaultSingletonBeanRegistry.java:221)  Creating shared instance of singleton bean 'org.springframework.context.annotation.internalConfigurationAnnotationProcessor'
2016-12-16 09:48:08 org.springframework.beans.factory.support.AbstractAutowireCapableBeanFactory.createBean(AbstractAutowireCapableBeanFactory.java:448)  Creating instance of bean 'org.springframework.context.annotation.internalConfigurationAnnotationProcessor'
2016-12-16 09:48:08 org.springframework.beans.factory.support.AbstractAutowireCapableBeanFactory.doCreateBean(AbstractAutowireCapableBeanFactory.java:537)  Eagerly caching bean 'org.springframework.context.annotation.internalConfigurationAnnotationProcessor' to allow for resolving potential circular references
2016-12-16 09:48:08 org.springframework.beans.factory.support.AbstractAutowireCapableBeanFactory.createBean(AbstractAutowireCapableBeanFactory.java:484)  Finished creating instance of bean 'org.springframework.context.annotation.internalConfigurationAnnotationProcessor'
2016-12-16 09:48:08 org.springframework.beans.factory.support.DefaultSingletonBeanRegistry.getSingleton(DefaultSingletonBeanRegistry.java:221)  Creating shared instance of singleton bean 'org.mybatis.spring.mapper.MapperScannerConfigurer#0'
2016-12-16 09:48:08 org.springframework.beans.factory.support.AbstractAutowireCapableBeanFactory.createBean(AbstractAutowireCapableBeanFactory.java:448)  Creating instance of bean 'org.mybatis.spring.mapper.MapperScannerConfigurer#0'
2016-12-16 09:48:08 org.springframework.beans.factory.support.AbstractAutowireCapableBeanFactory.doCreateBean(AbstractAutowireCapableBeanFactory.java:537)  Eagerly caching bean 'org.mybatis.spring.mapper.MapperScannerConfigurer#0' to allow for resolving potential circular references
2016-12-16 09:48:08 org.springframework.beans.factory.support.AbstractAutowireCapableBeanFactory.invokeInitMethods(AbstractAutowireCapableBeanFactory.java:1625)  Invoking afterPropertiesSet() on bean with name 'org.mybatis.spring.mapper.MapperScannerConfigurer#0'
2016-12-16 09:48:08 org.springframework.beans.factory.support.AbstractAutowireCapableBeanFactory.createBean(AbstractAutowireCapableBeanFactory.java:484)  Finished creating instance of bean 'org.mybatis.spring.mapper.MapperScannerConfigurer#0'
2016-12-16 09:48:08 org.springframework.core.env.MutablePropertySources.addLast(MutablePropertySources.java:109)  Adding [systemProperties] PropertySource with lowest search precedence
2016-12-16 09:48:08 org.springframework.core.env.MutablePropertySources.addLast(MutablePropertySources.java:109)  Adding [systemEnvironment] PropertySource with lowest search precedence
2016-12-16 09:48:08 org.springframework.core.env.AbstractEnvironment.<init>(AbstractEnvironment.java:124)  Initialized StandardEnvironment with PropertySources [systemProperties,systemEnvironment]
2016-12-16 09:48:08 org.springframework.core.io.support.PathMatchingResourcePatternResolver.findAllClassPathResources(PathMatchingResourcePatternResolver.java:317)  Resolved classpath location [com/hc/dao/] to resources [URL [file:/D:/SpringMybatisWebDemo/target/classes/com/hc/dao/]]
2016-12-16 09:48:08 org.springframework.core.io.support.PathMatchingResourcePatternResolver.doFindMatchingFileSystemResources(PathMatchingResourcePatternResolver.java:711)  Looking for matching resources in directory tree [D:\SpringMybatisWebDemo\target\classes\com\hc\dao]
2016-12-16 09:48:08 org.springframework.core.io.support.PathMatchingResourcePatternResolver.doRetrieveMatchingFiles(PathMatchingResourcePatternResolver.java:773)  Searching directory [D:\SpringMybatisWebDemo\target\classes\com\hc\dao] for files matching pattern [D:/SpringMybatisWebDemo/target/classes/com/hc/dao/**/*.class]
2016-12-16 09:48:08 org.springframework.core.io.support.PathMatchingResourcePatternResolver.findPathMatchingResources(PathMatchingResourcePatternResolver.java:483)  Resolved location pattern [classpath*:com/hc/dao/**/*.class] to resources [file [D:\SpringMybatisWebDemo\target\classes\com\hc\dao\Dept2Dao.class], file [D:\SpringMybatisWebDemo\target\classes\com\hc\dao\DeptDao.class], file [D:\SpringMybatisWebDemo\target\classes\com\hc\dao\EmpDao.class]]
2016-12-16 09:48:08 org.springframework.context.annotation.ClassPathScanningCandidateComponentProvider.findCandidateComponents(ClassPathScanningCandidateComponentProvider.java:286)  Identified candidate component class: file [D:\SpringMybatisWebDemo\target\classes\com\hc\dao\Dept2Dao.class]
2016-12-16 09:48:08 org.springframework.context.annotation.ClassPathScanningCandidateComponentProvider.findCandidateComponents(ClassPathScanningCandidateComponentProvider.java:286)  Identified candidate component class: file [D:\SpringMybatisWebDemo\target\classes\com\hc\dao\DeptDao.class]
2016-12-16 09:48:08 org.springframework.context.annotation.ClassPathScanningCandidateComponentProvider.findCandidateComponents(ClassPathScanningCandidateComponentProvider.java:286)  Identified candidate component class: file [D:\SpringMybatisWebDemo\target\classes\com\hc\dao\EmpDao.class]
2016-12-16 09:48:08 org.mybatis.spring.mapper.ClassPathMapperScanner.processBeanDefinitions(ClassPathMapperScanner.java:181)  Creating MapperFactoryBean with name 'dept2Dao' and 'com.hc.dao.Dept2Dao' mapperInterface
2016-12-16 09:48:08 org.mybatis.spring.mapper.ClassPathMapperScanner.processBeanDefinitions(ClassPathMapperScanner.java:181)  Creating MapperFactoryBean with name 'deptDao' and 'com.hc.dao.DeptDao' mapperInterface
2016-12-16 09:48:08 org.mybatis.spring.mapper.ClassPathMapperScanner.processBeanDefinitions(ClassPathMapperScanner.java:181)  Creating MapperFactoryBean with name 'empDao' and 'com.hc.dao.EmpDao' mapperInterface
2016-12-16 09:48:08 org.springframework.beans.factory.support.DefaultSingletonBeanRegistry.getSingleton(DefaultSingletonBeanRegistry.java:221)  Creating shared instance of singleton bean 'org.springframework.context.annotation.internalAutowiredAnnotationProcessor'
2016-12-16 09:48:08 org.springframework.beans.factory.support.AbstractAutowireCapableBeanFactory.createBean(AbstractAutowireCapableBeanFactory.java:448)  Creating instance of bean 'org.springframework.context.annotation.internalAutowiredAnnotationProcessor'
2016-12-16 09:48:08 org.springframework.beans.factory.support.AbstractAutowireCapableBeanFactory.doCreateBean(AbstractAutowireCapableBeanFactory.java:537)  Eagerly caching bean 'org.springframework.context.annotation.internalAutowiredAnnotationProcessor' to allow for resolving potential circular references
2016-12-16 09:48:08 org.springframework.beans.factory.support.AbstractAutowireCapableBeanFactory.createBean(AbstractAutowireCapableBeanFactory.java:484)  Finished creating instance of bean 'org.springframework.context.annotation.internalAutowiredAnnotationProcessor'
2016-12-16 09:48:08 org.springframework.beans.factory.support.DefaultSingletonBeanRegistry.getSingleton(DefaultSingletonBeanRegistry.java:221)  Creating shared instance of singleton bean 'org.springframework.context.annotation.internalRequiredAnnotationProcessor'
2016-12-16 09:48:08 org.springframework.beans.factory.support.AbstractAutowireCapableBeanFactory.createBean(AbstractAutowireCapableBeanFactory.java:448)  Creating instance of bean 'org.springframework.context.annotation.internalRequiredAnnotationProcessor'
2016-12-16 09:48:08 org.springframework.beans.factory.support.AbstractAutowireCapableBeanFactory.doCreateBean(AbstractAutowireCapableBeanFactory.java:537)  Eagerly caching bean 'org.springframework.context.annotation.internalRequiredAnnotationProcessor' to allow for resolving potential circular references
2016-12-16 09:48:08 org.springframework.beans.factory.support.AbstractAutowireCapableBeanFactory.createBean(AbstractAutowireCapableBeanFactory.java:484)  Finished creating instance of bean 'org.springframework.context.annotation.internalRequiredAnnotationProcessor'
2016-12-16 09:48:08 org.springframework.beans.factory.support.DefaultSingletonBeanRegistry.getSingleton(DefaultSingletonBeanRegistry.java:221)  Creating shared instance of singleton bean 'org.springframework.context.annotation.internalCommonAnnotationProcessor'
2016-12-16 09:48:08 org.springframework.beans.factory.support.AbstractAutowireCapableBeanFactory.createBean(AbstractAutowireCapableBeanFactory.java:448)  Creating instance of bean 'org.springframework.context.annotation.internalCommonAnnotationProcessor'
2016-12-16 09:48:08 org.springframework.beans.factory.support.AbstractAutowireCapableBeanFactory.doCreateBean(AbstractAutowireCapableBeanFactory.java:537)  Eagerly caching bean 'org.springframework.context.annotation.internalCommonAnnotationProcessor' to allow for resolving potential circular references
2016-12-16 09:48:08 org.springframework.beans.factory.support.AbstractAutowireCapableBeanFactory.createBean(AbstractAutowireCapableBeanFactory.java:484)  Finished creating instance of bean 'org.springframework.context.annotation.internalCommonAnnotationProcessor'
2016-12-16 09:48:08 org.springframework.beans.factory.support.DefaultSingletonBeanRegistry.getSingleton(DefaultSingletonBeanRegistry.java:221)  Creating shared instance of singleton bean 'org.springframework.context.annotation.ConfigurationClassPostProcessor.importAwareProcessor'
2016-12-16 09:48:08 org.springframework.beans.factory.support.AbstractAutowireCapableBeanFactory.createBean(AbstractAutowireCapableBeanFactory.java:448)  Creating instance of bean 'org.springframework.context.annotation.ConfigurationClassPostProcessor.importAwareProcessor'
2016-12-16 09:48:08 org.springframework.beans.factory.support.AbstractAutowireCapableBeanFactory.doCreateBean(AbstractAutowireCapableBeanFactory.java:537)  Eagerly caching bean 'org.springframework.context.annotation.ConfigurationClassPostProcessor.importAwareProcessor' to allow for resolving potential circular references
2016-12-16 09:48:08 org.springframework.beans.factory.support.AbstractAutowireCapableBeanFactory.createBean(AbstractAutowireCapableBeanFactory.java:484)  Finished creating instance of bean 'org.springframework.context.annotation.ConfigurationClassPostProcessor.importAwareProcessor'
2016-12-16 09:48:08 org.springframework.beans.factory.support.DefaultSingletonBeanRegistry.getSingleton(DefaultSingletonBeanRegistry.java:221)  Creating shared instance of singleton bean 'org.springframework.context.annotation.ConfigurationClassPostProcessor.enhancedConfigurationProcessor'
2016-12-16 09:48:08 org.springframework.beans.factory.support.AbstractAutowireCapableBeanFactory.createBean(AbstractAutowireCapableBeanFactory.java:448)  Creating instance of bean 'org.springframework.context.annotation.ConfigurationClassPostProcessor.enhancedConfigurationProcessor'
2016-12-16 09:48:08 org.springframework.beans.factory.support.AbstractAutowireCapableBeanFactory.doCreateBean(AbstractAutowireCapableBeanFactory.java:537)  Eagerly caching bean 'org.springframework.context.annotation.ConfigurationClassPostProcessor.enhancedConfigurationProcessor' to allow for resolving potential circular references
2016-12-16 09:48:08 org.springframework.beans.factory.support.AbstractAutowireCapableBeanFactory.createBean(AbstractAutowireCapableBeanFactory.java:484)  Finished creating instance of bean 'org.springframework.context.annotation.ConfigurationClassPostProcessor.enhancedConfigurationProcessor'
2016-12-16 09:48:08 org.springframework.beans.factory.support.DefaultSingletonBeanRegistry.getSingleton(DefaultSingletonBeanRegistry.java:221)  Creating shared instance of singleton bean 'org.springframework.aop.config.internalAutoProxyCreator'
2016-12-16 09:48:08 org.springframework.beans.factory.support.AbstractAutowireCapableBeanFactory.createBean(AbstractAutowireCapableBeanFactory.java:448)  Creating instance of bean 'org.springframework.aop.config.internalAutoProxyCreator'
2016-12-16 09:48:08 org.springframework.beans.factory.support.AbstractAutowireCapableBeanFactory.doCreateBean(AbstractAutowireCapableBeanFactory.java:537)  Eagerly caching bean 'org.springframework.aop.config.internalAutoProxyCreator' to allow for resolving potential circular references
2016-12-16 09:48:08 org.springframework.beans.factory.support.AbstractAutowireCapableBeanFactory.createBean(AbstractAutowireCapableBeanFactory.java:484)  Finished creating instance of bean 'org.springframework.aop.config.internalAutoProxyCreator'
2016-12-16 09:48:08 org.springframework.context.support.AbstractApplicationContext.initMessageSource(AbstractApplicationContext.java:733)  Unable to locate MessageSource with name 'messageSource': using default [org.springframework.context.support.DelegatingMessageSource@43195e57]
2016-12-16 09:48:08 org.springframework.context.support.AbstractApplicationContext.initApplicationEventMulticaster(AbstractApplicationContext.java:757)  Unable to locate ApplicationEventMulticaster with name 'applicationEventMulticaster': using default [org.springframework.context.event.SimpleApplicationEventMulticaster@f5ac9e4]
2016-12-16 09:48:08 org.springframework.beans.factory.support.DefaultListableBeanFactory.preInstantiateSingletons(DefaultListableBeanFactory.java:723)  Pre-instantiating singletons in org.springframework.beans.factory.support.DefaultListableBeanFactory@6c3f5566: defining beans [deptController,deptServiceImpl,org.springframework.context.annotation.internalConfigurationAnnotationProcessor,org.springframework.context.annotation.internalAutowiredAnnotationProcessor,org.springframework.context.annotation.internalRequiredAnnotationProcessor,org.springframework.context.annotation.internalCommonAnnotationProcessor,org.springframework.context.event.internalEventListenerProcessor,org.springframework.context.event.internalEventListenerFactory,dataSource123,sqlSessionFactory,org.mybatis.spring.mapper.MapperScannerConfigurer#0,txManager,org.springframework.transaction.config.internalTransactionalEventListenerFactory,org.springframework.aop.config.internalAutoProxyCreator,org.springframework.transaction.annotation.AnnotationTransactionAttributeSource#0,org.springframework.transaction.interceptor.TransactionInterceptor#0,org.springframework.transaction.config.internalTransactionAdvisor,org.springframework.context.annotation.ConfigurationClassPostProcessor.importAwareProcessor,org.springframework.context.annotation.ConfigurationClassPostProcessor.enhancedConfigurationProcessor,dept2Dao,deptDao,empDao]; root of factory hierarchy
2016-12-16 09:48:08 org.springframework.beans.factory.support.DefaultSingletonBeanRegistry.getSingleton(DefaultSingletonBeanRegistry.java:221)  Creating shared instance of singleton bean 'deptController'
2016-12-16 09:48:08 org.springframework.beans.factory.support.AbstractAutowireCapableBeanFactory.createBean(AbstractAutowireCapableBeanFactory.java:448)  Creating instance of bean 'deptController'
2016-12-16 09:48:08 org.springframework.beans.factory.annotation.InjectionMetadata.checkConfigMembers(InjectionMetadata.java:72)  Registered injected element on class [com.hc.action.DeptController]: AutowiredFieldElement for private com.hc.service.DeptService com.hc.action.DeptController.deptService
2016-12-16 09:48:08 org.springframework.beans.factory.support.AbstractAutowireCapableBeanFactory.doCreateBean(AbstractAutowireCapableBeanFactory.java:537)  Eagerly caching bean 'deptController' to allow for resolving potential circular references
2016-12-16 09:48:08 org.springframework.beans.factory.annotation.InjectionMetadata.inject(InjectionMetadata.java:86)  Processing injected element of bean 'deptController': AutowiredFieldElement for private com.hc.service.DeptService com.hc.action.DeptController.deptService
2016-12-16 09:48:09 org.springframework.beans.factory.support.DefaultSingletonBeanRegistry.getSingleton(DefaultSingletonBeanRegistry.java:221)  Creating shared instance of singleton bean 'deptServiceImpl'
2016-12-16 09:48:09 org.springframework.beans.factory.support.AbstractAutowireCapableBeanFactory.createBean(AbstractAutowireCapableBeanFactory.java:448)  Creating instance of bean 'deptServiceImpl'
2016-12-16 09:48:09 org.springframework.beans.factory.annotation.InjectionMetadata.checkConfigMembers(InjectionMetadata.java:72)  Registered injected element on class [com.hc.service.impl.DeptServiceImpl]: AutowiredFieldElement for private com.hc.dao.DeptDao com.hc.service.impl.DeptServiceImpl.deptDao
2016-12-16 09:48:09 org.springframework.beans.factory.support.AbstractAutowireCapableBeanFactory.doCreateBean(AbstractAutowireCapableBeanFactory.java:537)  Eagerly caching bean 'deptServiceImpl' to allow for resolving potential circular references
2016-12-16 09:48:09 org.springframework.beans.factory.annotation.InjectionMetadata.inject(InjectionMetadata.java:86)  Processing injected element of bean 'deptServiceImpl': AutowiredFieldElement for private com.hc.dao.DeptDao com.hc.service.impl.DeptServiceImpl.deptDao
2016-12-16 09:48:09 org.springframework.beans.factory.support.DefaultSingletonBeanRegistry.getSingleton(DefaultSingletonBeanRegistry.java:221)  Creating shared instance of singleton bean 'deptDao'
2016-12-16 09:48:09 org.springframework.beans.factory.support.AbstractAutowireCapableBeanFactory.createBean(AbstractAutowireCapableBeanFactory.java:448)  Creating instance of bean 'deptDao'
2016-12-16 09:48:09 org.springframework.beans.factory.support.AbstractAutowireCapableBeanFactory.doCreateBean(AbstractAutowireCapableBeanFactory.java:537)  Eagerly caching bean 'deptDao' to allow for resolving potential circular references
2016-12-16 09:48:09 org.springframework.beans.factory.support.DefaultSingletonBeanRegistry.getSingleton(DefaultSingletonBeanRegistry.java:221)  Creating shared instance of singleton bean 'sqlSessionFactory'
2016-12-16 09:48:09 org.springframework.beans.factory.support.AbstractAutowireCapableBeanFactory.createBean(AbstractAutowireCapableBeanFactory.java:448)  Creating instance of bean 'sqlSessionFactory'
2016-12-16 09:48:09 org.springframework.beans.factory.support.AbstractAutowireCapableBeanFactory.doCreateBean(AbstractAutowireCapableBeanFactory.java:537)  Eagerly caching bean 'sqlSessionFactory' to allow for resolving potential circular references
2016-12-16 09:48:09 org.springframework.beans.factory.support.DefaultSingletonBeanRegistry.getSingleton(DefaultSingletonBeanRegistry.java:221)  Creating shared instance of singleton bean 'dataSource123'
2016-12-16 09:48:09 org.springframework.beans.factory.support.AbstractAutowireCapableBeanFactory.createBean(AbstractAutowireCapableBeanFactory.java:448)  Creating instance of bean 'dataSource123'
2016-12-16 09:48:09 org.springframework.beans.factory.support.AbstractAutowireCapableBeanFactory.doCreateBean(AbstractAutowireCapableBeanFactory.java:537)  Eagerly caching bean 'dataSource123' to allow for resolving potential circular references
2016-12-16 09:48:09 org.springframework.beans.factory.support.DefaultSingletonBeanRegistry.getSingleton(DefaultSingletonBeanRegistry.java:221)  Creating shared instance of singleton bean 'org.springframework.transaction.config.internalTransactionAdvisor'
2016-12-16 09:48:09 org.springframework.beans.factory.support.AbstractAutowireCapableBeanFactory.createBean(AbstractAutowireCapableBeanFactory.java:448)  Creating instance of bean 'org.springframework.transaction.config.internalTransactionAdvisor'
2016-12-16 09:48:09 org.springframework.beans.factory.support.AbstractAutowireCapableBeanFactory.doCreateBean(AbstractAutowireCapableBeanFactory.java:537)  Eagerly caching bean 'org.springframework.transaction.config.internalTransactionAdvisor' to allow for resolving potential circular references
2016-12-16 09:48:09 org.springframework.beans.factory.support.DefaultSingletonBeanRegistry.getSingleton(DefaultSingletonBeanRegistry.java:221)  Creating shared instance of singleton bean 'org.springframework.transaction.annotation.AnnotationTransactionAttributeSource#0'
2016-12-16 09:48:09 org.springframework.beans.factory.support.AbstractAutowireCapableBeanFactory.createBean(AbstractAutowireCapableBeanFactory.java:448)  Creating instance of bean 'org.springframework.transaction.annotation.AnnotationTransactionAttributeSource#0'
2016-12-16 09:48:09 org.springframework.beans.factory.support.AbstractAutowireCapableBeanFactory.doCreateBean(AbstractAutowireCapableBeanFactory.java:537)  Eagerly caching bean 'org.springframework.transaction.annotation.AnnotationTransactionAttributeSource#0' to allow for resolving potential circular references
2016-12-16 09:48:09 org.springframework.aop.framework.autoproxy.BeanFactoryAdvisorRetrievalHelper.findAdvisorBeans(BeanFactoryAdvisorRetrievalHelper.java:87)  Skipping currently created advisor 'org.springframework.transaction.config.internalTransactionAdvisor'
2016-12-16 09:48:09 org.springframework.beans.factory.support.AbstractAutowireCapableBeanFactory.createBean(AbstractAutowireCapableBeanFactory.java:484)  Finished creating instance of bean 'org.springframework.transaction.annotation.AnnotationTransactionAttributeSource#0'
2016-12-16 09:48:09 org.springframework.beans.factory.support.AbstractAutowireCapableBeanFactory.createBean(AbstractAutowireCapableBeanFactory.java:484)  Finished creating instance of bean 'org.springframework.transaction.config.internalTransactionAdvisor'
2016-12-16 09:48:09 org.springframework.beans.factory.support.AbstractAutowireCapableBeanFactory.createBean(AbstractAutowireCapableBeanFactory.java:484)  Finished creating instance of bean 'dataSource123'
2016-12-16 09:48:09 org.springframework.beans.factory.support.AbstractAutowireCapableBeanFactory.invokeInitMethods(AbstractAutowireCapableBeanFactory.java:1625)  Invoking afterPropertiesSet() on bean with name 'sqlSessionFactory'
2016-12-16 09:48:09 org.apache.ibatis.logging.commons.JakartaCommonsLoggingImpl.debug(JakartaCommonsLoggingImpl.java:54)  Parsed configuration file: 'class path resource [mybatisMapper.xml]'
2016-12-16 09:48:09 org.apache.ibatis.logging.commons.JakartaCommonsLoggingImpl.debug(JakartaCommonsLoggingImpl.java:54)  Property 'mapperLocations' was not specified or no matching resources found
2016-12-16 09:48:09 org.springframework.beans.factory.support.AbstractBeanFactory.doGetBean(AbstractBeanFactory.java:251)  Returning cached instance of singleton bean 'org.springframework.transaction.config.internalTransactionAdvisor'
2016-12-16 09:48:09 org.springframework.beans.factory.support.AbstractAutowireCapableBeanFactory.createBean(AbstractAutowireCapableBeanFactory.java:484)  Finished creating instance of bean 'sqlSessionFactory'
2016-12-16 09:48:09 org.springframework.beans.factory.support.AbstractBeanFactory.doGetBean(AbstractBeanFactory.java:251)  Returning cached instance of singleton bean 'org.springframework.transaction.config.internalTransactionAdvisor'
2016-12-16 09:48:09 org.springframework.beans.factory.support.AbstractAutowireCapableBeanFactory.invokeInitMethods(AbstractAutowireCapableBeanFactory.java:1625)  Invoking afterPropertiesSet() on bean with name 'deptDao'
2016-12-16 09:48:09 org.springframework.beans.factory.support.AbstractBeanFactory.doGetBean(AbstractBeanFactory.java:251)  Returning cached instance of singleton bean 'org.springframework.transaction.config.internalTransactionAdvisor'
2016-12-16 09:48:09 org.springframework.beans.factory.support.AbstractAutowireCapableBeanFactory.createBean(AbstractAutowireCapableBeanFactory.java:484)  Finished creating instance of bean 'deptDao'
2016-12-16 09:48:09 org.springframework.beans.factory.support.AbstractBeanFactory.doGetBean(AbstractBeanFactory.java:251)  Returning cached instance of singleton bean 'org.springframework.transaction.config.internalTransactionAdvisor'
2016-12-16 09:48:09 org.springframework.beans.factory.annotation.AutowiredAnnotationBeanPostProcessor.registerDependentBeans(AutowiredAnnotationBeanPostProcessor.java:539)  Autowiring by type from bean name 'deptServiceImpl' to bean named 'deptDao'
2016-12-16 09:48:09 org.springframework.beans.factory.support.AbstractBeanFactory.doGetBean(AbstractBeanFactory.java:251)  Returning cached instance of singleton bean 'org.springframework.transaction.config.internalTransactionAdvisor'
2016-12-16 09:48:09 org.springframework.beans.factory.support.AbstractAutowireCapableBeanFactory.createBean(AbstractAutowireCapableBeanFactory.java:484)  Finished creating instance of bean 'deptServiceImpl'
2016-12-16 09:48:09 org.springframework.beans.factory.annotation.AutowiredAnnotationBeanPostProcessor.registerDependentBeans(AutowiredAnnotationBeanPostProcessor.java:539)  Autowiring by type from bean name 'deptController' to bean named 'deptServiceImpl'
2016-12-16 09:48:09 org.springframework.beans.factory.support.AbstractBeanFactory.doGetBean(AbstractBeanFactory.java:251)  Returning cached instance of singleton bean 'org.springframework.transaction.config.internalTransactionAdvisor'
2016-12-16 09:48:09 org.springframework.beans.factory.support.AbstractAutowireCapableBeanFactory.createBean(AbstractAutowireCapableBeanFactory.java:484)  Finished creating instance of bean 'deptController'
2016-12-16 09:48:09 org.springframework.beans.factory.support.AbstractBeanFactory.doGetBean(AbstractBeanFactory.java:251)  Returning cached instance of singleton bean 'deptServiceImpl'
2016-12-16 09:48:09 org.springframework.beans.factory.support.AbstractBeanFactory.doGetBean(AbstractBeanFactory.java:251)  Returning cached instance of singleton bean 'org.springframework.context.annotation.internalConfigurationAnnotationProcessor'
2016-12-16 09:48:09 org.springframework.beans.factory.support.AbstractBeanFactory.doGetBean(AbstractBeanFactory.java:251)  Returning cached instance of singleton bean 'org.springframework.context.annotation.internalAutowiredAnnotationProcessor'
2016-12-16 09:48:09 org.springframework.beans.factory.support.AbstractBeanFactory.doGetBean(AbstractBeanFactory.java:251)  Returning cached instance of singleton bean 'org.springframework.context.annotation.internalRequiredAnnotationProcessor'
2016-12-16 09:48:09 org.springframework.beans.factory.support.AbstractBeanFactory.doGetBean(AbstractBeanFactory.java:251)  Returning cached instance of singleton bean 'org.springframework.context.annotation.internalCommonAnnotationProcessor'
2016-12-16 09:48:09 org.springframework.beans.factory.support.DefaultSingletonBeanRegistry.getSingleton(DefaultSingletonBeanRegistry.java:221)  Creating shared instance of singleton bean 'org.springframework.context.event.internalEventListenerProcessor'
2016-12-16 09:48:09 org.springframework.beans.factory.support.AbstractAutowireCapableBeanFactory.createBean(AbstractAutowireCapableBeanFactory.java:448)  Creating instance of bean 'org.springframework.context.event.internalEventListenerProcessor'
2016-12-16 09:48:09 org.springframework.beans.factory.support.AbstractAutowireCapableBeanFactory.doCreateBean(AbstractAutowireCapableBeanFactory.java:537)  Eagerly caching bean 'org.springframework.context.event.internalEventListenerProcessor' to allow for resolving potential circular references
2016-12-16 09:48:09 org.springframework.beans.factory.support.AbstractBeanFactory.doGetBean(AbstractBeanFactory.java:251)  Returning cached instance of singleton bean 'org.springframework.transaction.config.internalTransactionAdvisor'
2016-12-16 09:48:09 org.springframework.beans.factory.support.AbstractAutowireCapableBeanFactory.createBean(AbstractAutowireCapableBeanFactory.java:484)  Finished creating instance of bean 'org.springframework.context.event.internalEventListenerProcessor'
2016-12-16 09:48:09 org.springframework.beans.factory.support.DefaultSingletonBeanRegistry.getSingleton(DefaultSingletonBeanRegistry.java:221)  Creating shared instance of singleton bean 'org.springframework.context.event.internalEventListenerFactory'
2016-12-16 09:48:09 org.springframework.beans.factory.support.AbstractAutowireCapableBeanFactory.createBean(AbstractAutowireCapableBeanFactory.java:448)  Creating instance of bean 'org.springframework.context.event.internalEventListenerFactory'
2016-12-16 09:48:09 org.springframework.beans.factory.support.AbstractAutowireCapableBeanFactory.doCreateBean(AbstractAutowireCapableBeanFactory.java:537)  Eagerly caching bean 'org.springframework.context.event.internalEventListenerFactory' to allow for resolving potential circular references
2016-12-16 09:48:09 org.springframework.beans.factory.support.AbstractBeanFactory.doGetBean(AbstractBeanFactory.java:251)  Returning cached instance of singleton bean 'org.springframework.transaction.config.internalTransactionAdvisor'
2016-12-16 09:48:09 org.springframework.beans.factory.support.AbstractAutowireCapableBeanFactory.createBean(AbstractAutowireCapableBeanFactory.java:484)  Finished creating instance of bean 'org.springframework.context.event.internalEventListenerFactory'
2016-12-16 09:48:09 org.springframework.beans.factory.support.AbstractBeanFactory.doGetBean(AbstractBeanFactory.java:251)  Returning cached instance of singleton bean 'dataSource123'
2016-12-16 09:48:09 org.springframework.beans.factory.support.AbstractBeanFactory.doGetBean(AbstractBeanFactory.java:251)  Returning cached instance of singleton bean 'sqlSessionFactory'
2016-12-16 09:48:09 org.springframework.beans.factory.support.AbstractBeanFactory.doGetBean(AbstractBeanFactory.java:251)  Returning cached instance of singleton bean 'org.mybatis.spring.mapper.MapperScannerConfigurer#0'
2016-12-16 09:48:09 org.springframework.beans.factory.support.DefaultSingletonBeanRegistry.getSingleton(DefaultSingletonBeanRegistry.java:221)  Creating shared instance of singleton bean 'txManager'
2016-12-16 09:48:09 org.springframework.beans.factory.support.AbstractAutowireCapableBeanFactory.createBean(AbstractAutowireCapableBeanFactory.java:448)  Creating instance of bean 'txManager'
2016-12-16 09:48:09 org.springframework.beans.factory.support.AbstractAutowireCapableBeanFactory.doCreateBean(AbstractAutowireCapableBeanFactory.java:537)  Eagerly caching bean 'txManager' to allow for resolving potential circular references
2016-12-16 09:48:09 org.springframework.beans.factory.support.AbstractBeanFactory.doGetBean(AbstractBeanFactory.java:251)  Returning cached instance of singleton bean 'dataSource123'
2016-12-16 09:48:09 org.springframework.beans.factory.support.AbstractAutowireCapableBeanFactory.invokeInitMethods(AbstractAutowireCapableBeanFactory.java:1625)  Invoking afterPropertiesSet() on bean with name 'txManager'
2016-12-16 09:48:09 org.springframework.beans.factory.support.AbstractBeanFactory.doGetBean(AbstractBeanFactory.java:251)  Returning cached instance of singleton bean 'org.springframework.transaction.config.internalTransactionAdvisor'
2016-12-16 09:48:09 org.springframework.beans.factory.support.AbstractAutowireCapableBeanFactory.createBean(AbstractAutowireCapableBeanFactory.java:484)  Finished creating instance of bean 'txManager'
2016-12-16 09:48:09 org.springframework.beans.factory.support.DefaultSingletonBeanRegistry.getSingleton(DefaultSingletonBeanRegistry.java:221)  Creating shared instance of singleton bean 'org.springframework.transaction.config.internalTransactionalEventListenerFactory'
2016-12-16 09:48:09 org.springframework.beans.factory.support.AbstractAutowireCapableBeanFactory.createBean(AbstractAutowireCapableBeanFactory.java:448)  Creating instance of bean 'org.springframework.transaction.config.internalTransactionalEventListenerFactory'
2016-12-16 09:48:09 org.springframework.beans.factory.support.AbstractAutowireCapableBeanFactory.doCreateBean(AbstractAutowireCapableBeanFactory.java:537)  Eagerly caching bean 'org.springframework.transaction.config.internalTransactionalEventListenerFactory' to allow for resolving potential circular references
2016-12-16 09:48:09 org.springframework.beans.factory.support.AbstractBeanFactory.doGetBean(AbstractBeanFactory.java:251)  Returning cached instance of singleton bean 'org.springframework.transaction.config.internalTransactionAdvisor'
2016-12-16 09:48:09 org.springframework.beans.factory.support.AbstractAutowireCapableBeanFactory.createBean(AbstractAutowireCapableBeanFactory.java:484)  Finished creating instance of bean 'org.springframework.transaction.config.internalTransactionalEventListenerFactory'
2016-12-16 09:48:09 org.springframework.beans.factory.support.AbstractBeanFactory.doGetBean(AbstractBeanFactory.java:251)  Returning cached instance of singleton bean 'org.springframework.aop.config.internalAutoProxyCreator'
2016-12-16 09:48:09 org.springframework.beans.factory.support.AbstractBeanFactory.doGetBean(AbstractBeanFactory.java:251)  Returning cached instance of singleton bean 'org.springframework.transaction.annotation.AnnotationTransactionAttributeSource#0'
2016-12-16 09:48:09 org.springframework.beans.factory.support.DefaultSingletonBeanRegistry.getSingleton(DefaultSingletonBeanRegistry.java:221)  Creating shared instance of singleton bean 'org.springframework.transaction.interceptor.TransactionInterceptor#0'
2016-12-16 09:48:09 org.springframework.beans.factory.support.AbstractAutowireCapableBeanFactory.createBean(AbstractAutowireCapableBeanFactory.java:448)  Creating instance of bean 'org.springframework.transaction.interceptor.TransactionInterceptor#0'
2016-12-16 09:48:09 org.springframework.beans.factory.support.AbstractAutowireCapableBeanFactory.doCreateBean(AbstractAutowireCapableBeanFactory.java:537)  Eagerly caching bean 'org.springframework.transaction.interceptor.TransactionInterceptor#0' to allow for resolving potential circular references
2016-12-16 09:48:09 org.springframework.beans.factory.support.AbstractBeanFactory.doGetBean(AbstractBeanFactory.java:251)  Returning cached instance of singleton bean 'org.springframework.transaction.annotation.AnnotationTransactionAttributeSource#0'
2016-12-16 09:48:09 org.springframework.beans.factory.support.AbstractAutowireCapableBeanFactory.invokeInitMethods(AbstractAutowireCapableBeanFactory.java:1625)  Invoking afterPropertiesSet() on bean with name 'org.springframework.transaction.interceptor.TransactionInterceptor#0'
2016-12-16 09:48:09 org.springframework.beans.factory.support.AbstractAutowireCapableBeanFactory.createBean(AbstractAutowireCapableBeanFactory.java:484)  Finished creating instance of bean 'org.springframework.transaction.interceptor.TransactionInterceptor#0'
2016-12-16 09:48:09 org.springframework.beans.factory.support.AbstractBeanFactory.doGetBean(AbstractBeanFactory.java:251)  Returning cached instance of singleton bean 'org.springframework.transaction.config.internalTransactionAdvisor'
2016-12-16 09:48:09 org.springframework.beans.factory.support.AbstractBeanFactory.doGetBean(AbstractBeanFactory.java:251)  Returning cached instance of singleton bean 'org.springframework.context.annotation.ConfigurationClassPostProcessor.importAwareProcessor'
2016-12-16 09:48:09 org.springframework.beans.factory.support.AbstractBeanFactory.doGetBean(AbstractBeanFactory.java:251)  Returning cached instance of singleton bean 'org.springframework.context.annotation.ConfigurationClassPostProcessor.enhancedConfigurationProcessor'
2016-12-16 09:48:09 org.springframework.beans.factory.support.DefaultSingletonBeanRegistry.getSingleton(DefaultSingletonBeanRegistry.java:221)  Creating shared instance of singleton bean 'dept2Dao'
2016-12-16 09:48:09 org.springframework.beans.factory.support.AbstractAutowireCapableBeanFactory.createBean(AbstractAutowireCapableBeanFactory.java:448)  Creating instance of bean 'dept2Dao'
2016-12-16 09:48:09 org.springframework.beans.factory.support.AbstractAutowireCapableBeanFactory.doCreateBean(AbstractAutowireCapableBeanFactory.java:537)  Eagerly caching bean 'dept2Dao' to allow for resolving potential circular references
2016-12-16 09:48:09 org.springframework.beans.factory.support.AbstractBeanFactory.doGetBean(AbstractBeanFactory.java:251)  Returning cached instance of singleton bean 'sqlSessionFactory'
2016-12-16 09:48:09 org.springframework.beans.factory.support.AbstractAutowireCapableBeanFactory.invokeInitMethods(AbstractAutowireCapableBeanFactory.java:1625)  Invoking afterPropertiesSet() on bean with name 'dept2Dao'
2016-12-16 09:48:09 org.springframework.beans.factory.support.AbstractBeanFactory.doGetBean(AbstractBeanFactory.java:251)  Returning cached instance of singleton bean 'org.springframework.transaction.config.internalTransactionAdvisor'
2016-12-16 09:48:09 org.springframework.beans.factory.support.AbstractAutowireCapableBeanFactory.createBean(AbstractAutowireCapableBeanFactory.java:484)  Finished creating instance of bean 'dept2Dao'
2016-12-16 09:48:09 org.springframework.beans.factory.support.AbstractBeanFactory.doGetBean(AbstractBeanFactory.java:251)  Returning cached instance of singleton bean 'deptDao'
2016-12-16 09:48:09 org.springframework.beans.factory.support.DefaultSingletonBeanRegistry.getSingleton(DefaultSingletonBeanRegistry.java:221)  Creating shared instance of singleton bean 'empDao'
2016-12-16 09:48:09 org.springframework.beans.factory.support.AbstractAutowireCapableBeanFactory.createBean(AbstractAutowireCapableBeanFactory.java:448)  Creating instance of bean 'empDao'
2016-12-16 09:48:09 org.springframework.beans.factory.support.AbstractAutowireCapableBeanFactory.doCreateBean(AbstractAutowireCapableBeanFactory.java:537)  Eagerly caching bean 'empDao' to allow for resolving potential circular references
2016-12-16 09:48:09 org.springframework.beans.factory.support.AbstractBeanFactory.doGetBean(AbstractBeanFactory.java:251)  Returning cached instance of singleton bean 'sqlSessionFactory'
2016-12-16 09:48:09 org.springframework.beans.factory.support.AbstractAutowireCapableBeanFactory.invokeInitMethods(AbstractAutowireCapableBeanFactory.java:1625)  Invoking afterPropertiesSet() on bean with name 'empDao'
2016-12-16 09:48:09 org.springframework.beans.factory.support.AbstractBeanFactory.doGetBean(AbstractBeanFactory.java:251)  Returning cached instance of singleton bean 'org.springframework.transaction.config.internalTransactionAdvisor'
2016-12-16 09:48:09 org.springframework.beans.factory.support.AbstractAutowireCapableBeanFactory.createBean(AbstractAutowireCapableBeanFactory.java:484)  Finished creating instance of bean 'empDao'
2016-12-16 09:48:09 org.springframework.beans.factory.support.AbstractBeanFactory.doGetBean(AbstractBeanFactory.java:251)  Returning cached instance of singleton bean 'org.springframework.context.event.internalEventListenerFactory'
2016-12-16 09:48:09 org.springframework.beans.factory.support.AbstractBeanFactory.doGetBean(AbstractBeanFactory.java:251)  Returning cached instance of singleton bean 'org.springframework.transaction.config.internalTransactionalEventListenerFactory'
2016-12-16 09:48:09 org.springframework.context.support.AbstractApplicationContext.initLifecycleProcessor(AbstractApplicationContext.java:784)  Unable to locate LifecycleProcessor with name 'lifecycleProcessor': using default [org.springframework.context.support.DefaultLifecycleProcessor@1ed4ae0f]
2016-12-16 09:48:09 org.springframework.beans.factory.support.AbstractBeanFactory.doGetBean(AbstractBeanFactory.java:251)  Returning cached instance of singleton bean 'lifecycleProcessor'
2016-12-16 09:48:09 org.springframework.beans.factory.support.AbstractBeanFactory.doGetBean(AbstractBeanFactory.java:251)  Returning cached instance of singleton bean 'sqlSessionFactory'
2016-12-16 09:48:09 org.springframework.core.env.PropertySourcesPropertyResolver.getProperty(PropertySourcesPropertyResolver.java:91)  Could not find key 'spring.liveBeansView.mbeanDomain' in any property source
2016-12-16 09:48:09 org.springframework.beans.factory.support.AbstractBeanFactory.doGetBean(AbstractBeanFactory.java:251)  Returning cached instance of singleton bean 'sqlSessionFactory'
2016-12-16 09:49:14 org.springframework.core.env.MutablePropertySources.addLast(MutablePropertySources.java:109)  Adding [systemProperties] PropertySource with lowest search precedence
2016-12-16 09:49:14 org.springframework.core.env.MutablePropertySources.addLast(MutablePropertySources.java:109)  Adding [systemEnvironment] PropertySource with lowest search precedence
2016-12-16 09:49:14 org.springframework.core.env.AbstractEnvironment.<init>(AbstractEnvironment.java:124)  Initialized StandardEnvironment with PropertySources [systemProperties,systemEnvironment]
2016-12-16 09:49:14 org.springframework.context.support.AbstractApplicationContext.prepareRefresh(AbstractApplicationContext.java:582)  Refreshing org.springframework.context.support.ClassPathXmlApplicationContext@45c8e616: startup date [Fri Dec 16 09:49:14 CST 2016]; root of context hierarchy
2016-12-16 09:49:14 org.springframework.core.env.MutablePropertySources.addLast(MutablePropertySources.java:109)  Adding [systemProperties] PropertySource with lowest search precedence
2016-12-16 09:49:14 org.springframework.core.env.MutablePropertySources.addLast(MutablePropertySources.java:109)  Adding [systemEnvironment] PropertySource with lowest search precedence
2016-12-16 09:49:14 org.springframework.core.env.AbstractEnvironment.<init>(AbstractEnvironment.java:124)  Initialized StandardEnvironment with PropertySources [systemProperties,systemEnvironment]
2016-12-16 09:49:14 org.springframework.beans.factory.xml.XmlBeanDefinitionReader.loadBeanDefinitions(XmlBeanDefinitionReader.java:317)  Loading XML bean definitions from class path resource [applicationContext.xml]
2016-12-16 09:49:14 org.springframework.beans.factory.xml.DefaultDocumentLoader.loadDocument(DefaultDocumentLoader.java:73)  Using JAXP provider [com.sun.org.apache.xerces.internal.jaxp.DocumentBuilderFactoryImpl]
2016-12-16 09:49:14 org.springframework.beans.factory.xml.PluggableSchemaResolver.getSchemaMappings(PluggableSchemaResolver.java:141)  Loading schema mappings from [META-INF/spring.schemas]
2016-12-16 09:49:14 org.springframework.beans.factory.xml.PluggableSchemaResolver.getSchemaMappings(PluggableSchemaResolver.java:147)  Loaded schema mappings: {http://www.springframework.org/schema/tx/spring-tx-4.3.xsd=org/springframework/transaction/config/spring-tx-4.3.xsd, http://www.springframework.org/schema/tx/spring-tx-2.5.xsd=org/springframework/transaction/config/spring-tx-2.5.xsd, http://www.springframework.org/schema/cache/spring-cache-4.2.xsd=org/springframework/cache/config/spring-cache-4.2.xsd, http://www.springframework.org/schema/aop/spring-aop-4.1.xsd=org/springframework/aop/config/spring-aop-4.1.xsd, http://www.springframework.org/schema/context/spring-context-3.1.xsd=org/springframework/context/config/spring-context-3.1.xsd, http://www.springframework.org/schema/jdbc/spring-jdbc-4.1.xsd=org/springframework/jdbc/config/spring-jdbc-4.1.xsd, http://www.springframework.org/schema/mvc/spring-mvc-4.1.xsd=org/springframework/web/servlet/config/spring-mvc-4.1.xsd, http://www.springframework.org/schema/util/spring-util-3.0.xsd=org/springframework/beans/factory/xml/spring-util-3.0.xsd, http://mybatis.org/schema/mybatis-spring-1.2.xsd=org/mybatis/spring/config/mybatis-spring-1.2.xsd, http://www.springframework.org/schema/tool/spring-tool.xsd=org/springframework/beans/factory/xml/spring-tool-4.3.xsd, http://www.springframework.org/schema/aop/spring-aop-3.2.xsd=org/springframework/aop/config/spring-aop-3.2.xsd, http://www.springframework.org/schema/lang/spring-lang-4.1.xsd=org/springframework/scripting/config/spring-lang-4.1.xsd, http://www.springframework.org/schema/context/spring-context-4.0.xsd=org/springframework/context/config/spring-context-4.0.xsd, http://www.springframework.org/schema/mvc/spring-mvc-3.2.xsd=org/springframework/web/servlet/config/spring-mvc-3.2.xsd, http://www.springframework.org/schema/beans/spring-beans-4.2.xsd=org/springframework/beans/factory/xml/spring-beans-4.2.xsd, http://www.springframework.org/schema/tool/spring-tool-4.1.xsd=org/springframework/beans/factory/xml/spring-tool-4.1.xsd, http://www.springframework.org/schema/lang/spring-lang-3.2.xsd=org/springframework/scripting/config/spring-lang-3.2.xsd, http://www.springframework.org/schema/cache/spring-cache-3.2.xsd=org/springframework/cache/config/spring-cache-3.2.xsd, http://www.springframework.org/schema/jee/spring-jee-4.1.xsd=org/springframework/ejb/config/spring-jee-4.1.xsd, http://www.springframework.org/schema/jdbc/spring-jdbc-3.1.xsd=org/springframework/jdbc/config/spring-jdbc-3.1.xsd, http://www.springframework.org/schema/util/spring-util-2.0.xsd=org/springframework/beans/factory/xml/spring-util-2.0.xsd, http://www.springframework.org/schema/task/spring-task-4.2.xsd=org/springframework/scheduling/config/spring-task-4.2.xsd, http://www.springframework.org/schema/tool/spring-tool-3.2.xsd=org/springframework/beans/factory/xml/spring-tool-3.2.xsd, http://www.springframework.org/schema/context/spring-context.xsd=org/springframework/context/config/spring-context-4.3.xsd, http://www.springframework.org/schema/tx/spring-tx-4.2.xsd=org/springframework/transaction/config/spring-tx-4.2.xsd, http://www.springframework.org/schema/cache/spring-cache-4.1.xsd=org/springframework/cache/config/spring-cache-4.1.xsd, http://www.springframework.org/schema/aop/spring-aop-4.0.xsd=org/springframework/aop/config/spring-aop-4.0.xsd, http://www.springframework.org/schema/jee/spring-jee-3.2.xsd=org/springframework/ejb/config/spring-jee-3.2.xsd, http://www.springframework.org/schema/context/spring-context-3.0.xsd=org/springframework/context/config/spring-context-3.0.xsd, http://www.springframework.org/schema/jdbc/spring-jdbc-4.0.xsd=org/springframework/jdbc/config/spring-jdbc-4.0.xsd, http://www.springframework.org/schema/mvc/spring-mvc-4.0.xsd=org/springframework/web/servlet/config/spring-mvc-4.0.xsd, http://www.springframework.org/schema/util/spring-util-4.3.xsd=org/springframework/beans/factory/xml/spring-util-4.3.xsd, http://www.springframework.org/schema/util/spring-util-2.5.xsd=org/springframework/beans/factory/xml/spring-util-2.5.xsd, http://www.springframework.org/schema/beans/spring-beans-3.2.xsd=org/springframework/beans/factory/xml/spring-beans-3.2.xsd, http://www.springframework.org/schema/aop/spring-aop-3.1.xsd=org/springframework/aop/config/spring-aop-3.1.xsd, http://www.springframework.org/schema/lang/spring-lang-4.0.xsd=org/springframework/scripting/config/spring-lang-4.0.xsd, http://www.springframework.org/schema/mvc/spring-mvc.xsd=org/springframework/web/servlet/config/spring-mvc-4.3.xsd, http://www.springframework.org/schema/mvc/spring-mvc-3.1.xsd=org/springframework/web/servlet/config/spring-mvc-3.1.xsd, http://www.springframework.org/schema/beans/spring-beans-4.1.xsd=org/springframework/beans/factory/xml/spring-beans-4.1.xsd, http://www.springframework.org/schema/tool/spring-tool-4.0.xsd=org/springframework/beans/factory/xml/spring-tool-4.0.xsd, http://www.springframework.org/schema/tx/spring-tx-3.2.xsd=org/springframework/transaction/config/spring-tx-3.2.xsd, http://www.springframework.org/schema/lang/spring-lang-3.1.xsd=org/springframework/scripting/config/spring-lang-3.1.xsd, http://www.springframework.org/schema/cache/spring-cache-3.1.xsd=org/springframework/cache/config/spring-cache-3.1.xsd, http://www.springframework.org/schema/jee/spring-jee-4.0.xsd=org/springframework/ejb/config/spring-jee-4.0.xsd, http://www.springframework.org/schema/jdbc/spring-jdbc-3.0.xsd=org/springframework/jdbc/config/spring-jdbc-3.0.xsd, http://www.springframework.org/schema/task/spring-task-4.1.xsd=org/springframework/scheduling/config/spring-task-4.1.xsd, http://www.springframework.org/schema/jdbc/spring-jdbc.xsd=org/springframework/jdbc/config/spring-jdbc-4.3.xsd, http://www.springframework.org/schema/tool/spring-tool-3.1.xsd=org/springframework/beans/factory/xml/spring-tool-3.1.xsd, http://www.springframework.org/schema/tx/spring-tx-4.1.xsd=org/springframework/transaction/config/spring-tx-4.1.xsd, http://www.springframework.org/schema/cache/spring-cache-4.0.xsd=org/springframework/cache/config/spring-cache-4.0.xsd, http://www.springframework.org/schema/jee/spring-jee-3.1.xsd=org/springframework/ejb/config/spring-jee-3.1.xsd, http://www.springframework.org/schema/util/spring-util-4.2.xsd=org/springframework/beans/factory/xml/spring-util-4.2.xsd, http://www.springframework.org/schema/task/spring-task-3.2.xsd=org/springframework/scheduling/config/spring-task-3.2.xsd, http://www.springframework.org/schema/beans/spring-beans-3.1.xsd=org/springframework/beans/factory/xml/spring-beans-3.1.xsd, http://www.springframework.org/schema/util/spring-util.xsd=org/springframework/beans/factory/xml/spring-util-4.3.xsd, http://www.springframework.org/schema/aop/spring-aop-3.0.xsd=org/springframework/aop/config/spring-aop-3.0.xsd, http://www.springframework.org/schema/mvc/spring-mvc-3.0.xsd=org/springframework/web/servlet/config/spring-mvc-3.0.xsd, http://www.springframework.org/schema/beans/spring-beans-4.0.xsd=org/springframework/beans/factory/xml/spring-beans-4.0.xsd, http://www.springframework.org/schema/beans/spring-beans.xsd=org/springframework/beans/factory/xml/spring-beans-4.3.xsd, http://mybatis.org/schema/mybatis-spring.xsd=org/mybatis/spring/config/mybatis-spring-1.2.xsd, http://www.springframework.org/schema/tx/spring-tx-3.1.xsd=org/springframework/transaction/config/spring-tx-3.1.xsd, http://www.springframework.org/schema/lang/spring-lang-3.0.xsd=org/springframework/scripting/config/spring-lang-3.0.xsd, http://www.springframework.org/schema/context/spring-context-2.5.xsd=org/springframework/context/config/spring-context-2.5.xsd, http://www.springframework.org/schema/context/spring-context-4.3.xsd=org/springframework/context/config/spring-context-4.3.xsd, http://www.springframework.org/schema/task/spring-task-4.0.xsd=org/springframework/scheduling/config/spring-task-4.0.xsd, http://www.springframework.org/schema/tool/spring-tool-3.0.xsd=org/springframework/beans/factory/xml/spring-tool-3.0.xsd, http://www.springframework.org/schema/tx/spring-tx-4.0.xsd=org/springframework/transaction/config/spring-tx-4.0.xsd, http://www.springframework.org/schema/aop/spring-aop-2.0.xsd=org/springframework/aop/config/spring-aop-2.0.xsd, http://www.springframework.org/schema/jee/spring-jee-3.0.xsd=org/springframework/ejb/config/spring-jee-3.0.xsd, http://www.springframework.org/schema/util/spring-util-4.1.xsd=org/springframework/beans/factory/xml/spring-util-4.1.xsd, http://www.springframework.org/schema/task/spring-task-3.1.xsd=org/springframework/scheduling/config/spring-task-3.1.xsd, http://www.springframework.org/schema/beans/spring-beans-3.0.xsd=org/springframework/beans/factory/xml/spring-beans-3.0.xsd, http://www.springframework.org/schema/jee/spring-jee.xsd=org/springframework/ejb/config/spring-jee-4.3.xsd, http://www.springframework.org/schema/aop/spring-aop-2.5.xsd=org/springframework/aop/config/spring-aop-2.5.xsd, http://www.springframework.org/schema/aop/spring-aop-4.3.xsd=org/springframework/aop/config/spring-aop-4.3.xsd, http://www.springframework.org/schema/lang/spring-lang-2.0.xsd=org/springframework/scripting/config/spring-lang-2.0.xsd, http://www.springframework.org/schema/jdbc/spring-jdbc-4.3.xsd=org/springframework/jdbc/config/spring-jdbc-4.3.xsd, http://www.springframework.org/schema/mvc/spring-mvc-4.3.xsd=org/springframework/web/servlet/config/spring-mvc-4.3.xsd, http://www.springframework.org/schema/util/spring-util-3.2.xsd=org/springframework/beans/factory/xml/spring-util-3.2.xsd, http://www.springframework.org/schema/task/spring-task.xsd=org/springframework/scheduling/config/spring-task-4.3.xsd, http://www.springframework.org/schema/tool/spring-tool-2.0.xsd=org/springframework/beans/factory/xml/spring-tool-2.0.xsd, http://www.springframework.org/schema/tx/spring-tx-3.0.xsd=org/springframework/transaction/config/spring-tx-3.0.xsd, http://www.springframework.org/schema/lang/spring-lang-2.5.xsd=org/springframework/scripting/config/spring-lang-2.5.xsd, http://www.springframework.org/schema/lang/spring-lang-4.3.xsd=org/springframework/scripting/config/spring-lang-4.3.xsd, http://www.springframework.org/schema/context/spring-context-4.2.xsd=org/springframework/context/config/spring-context-4.2.xsd, http://www.springframework.org/schema/jee/spring-jee-2.0.xsd=org/springframework/ejb/config/spring-jee-2.0.xsd, http://www.springframework.org/schema/tool/spring-tool-4.3.xsd=org/springframework/beans/factory/xml/spring-tool-4.3.xsd, http://www.springframework.org/schema/tool/spring-tool-2.5.xsd=org/springframework/beans/factory/xml/spring-tool-2.5.xsd, http://www.springframework.org/schema/jee/spring-jee-4.3.xsd=org/springframework/ejb/config/spring-jee-4.3.xsd, http://www.springframework.org/schema/jee/spring-jee-2.5.xsd=org/springframework/ejb/config/spring-jee-2.5.xsd, http://www.springframework.org/schema/util/spring-util-4.0.xsd=org/springframework/beans/factory/xml/spring-util-4.0.xsd, http://www.springframework.org/schema/task/spring-task-3.0.xsd=org/springframework/scheduling/config/spring-task-3.0.xsd, http://www.springframework.org/schema/cache/spring-cache-4.3.xsd=org/springframework/cache/config/spring-cache-4.3.xsd, http://www.springframework.org/schema/aop/spring-aop-4.2.xsd=org/springframework/aop/config/spring-aop-4.2.xsd, http://www.springframework.org/schema/lang/spring-lang.xsd=org/springframework/scripting/config/spring-lang-4.3.xsd, http://www.springframework.org/schema/context/spring-context-3.2.xsd=org/springframework/context/config/spring-context-3.2.xsd, http://www.springframework.org/schema/jdbc/spring-jdbc-4.2.xsd=org/springframework/jdbc/config/spring-jdbc-4.2.xsd, http://www.springframework.org/schema/mvc/spring-mvc-4.2.xsd=org/springframework/web/servlet/config/spring-mvc-4.2.xsd, http://www.springframework.org/schema/util/spring-util-3.1.xsd=org/springframework/beans/factory/xml/spring-util-3.1.xsd, http://www.springframework.org/schema/beans/spring-beans-2.0.xsd=org/springframework/beans/factory/xml/spring-beans-2.0.xsd, http://www.springframework.org/schema/cache/spring-cache.xsd=org/springframework/cache/config/spring-cache-4.3.xsd, http://www.springframework.org/schema/tx/spring-tx.xsd=org/springframework/transaction/config/spring-tx-4.3.xsd, http://www.springframework.org/schema/lang/spring-lang-4.2.xsd=org/springframework/scripting/config/spring-lang-4.2.xsd, http://www.springframework.org/schema/context/spring-context-4.1.xsd=org/springframework/context/config/spring-context-4.1.xsd, http://www.springframework.org/schema/beans/spring-beans-2.5.xsd=org/springframework/beans/factory/xml/spring-beans-2.5.xsd, http://www.springframework.org/schema/beans/spring-beans-4.3.xsd=org/springframework/beans/factory/xml/spring-beans-4.3.xsd, http://www.springframework.org/schema/tool/spring-tool-4.2.xsd=org/springframework/beans/factory/xml/spring-tool-4.2.xsd, http://www.springframework.org/schema/tx/spring-tx-2.0.xsd=org/springframework/transaction/config/spring-tx-2.0.xsd, http://www.alibaba.com/schema/stat.xsd=META-INF/stat.xsd, http://www.springframework.org/schema/jee/spring-jee-4.2.xsd=org/springframework/ejb/config/spring-jee-4.2.xsd, http://www.springframework.org/schema/jdbc/spring-jdbc-3.2.xsd=org/springframework/jdbc/config/spring-jdbc-3.2.xsd, http://www.springframework.org/schema/task/spring-task-4.3.xsd=org/springframework/scheduling/config/spring-task-4.3.xsd, http://www.springframework.org/schema/aop/spring-aop.xsd=org/springframework/aop/config/spring-aop-4.3.xsd}
2016-12-16 09:49:14 org.springframework.beans.factory.xml.PluggableSchemaResolver.resolveEntity(PluggableSchemaResolver.java:119)  Found XML schema [http://www.springframework.org/schema/beans/spring-beans.xsd] in classpath: org/springframework/beans/factory/xml/spring-beans-4.3.xsd
2016-12-16 09:49:14 org.springframework.beans.factory.xml.PluggableSchemaResolver.resolveEntity(PluggableSchemaResolver.java:119)  Found XML schema [http://www.springframework.org/schema/context/spring-context.xsd] in classpath: org/springframework/context/config/spring-context-4.3.xsd
2016-12-16 09:49:14 org.springframework.beans.factory.xml.PluggableSchemaResolver.resolveEntity(PluggableSchemaResolver.java:119)  Found XML schema [http://www.springframework.org/schema/tool/spring-tool-4.3.xsd] in classpath: org/springframework/beans/factory/xml/spring-tool-4.3.xsd
2016-12-16 09:49:14 org.springframework.beans.factory.xml.PluggableSchemaResolver.resolveEntity(PluggableSchemaResolver.java:119)  Found XML schema [http://www.springframework.org/schema/tx/spring-tx.xsd] in classpath: org/springframework/transaction/config/spring-tx-4.3.xsd
2016-12-16 09:49:14 org.springframework.beans.factory.xml.DefaultBeanDefinitionDocumentReader.registerBeanDefinitions(DefaultBeanDefinitionDocumentReader.java:92)  Loading bean definitions
2016-12-16 09:49:14 org.springframework.beans.factory.xml.DefaultNamespaceHandlerResolver.getHandlerMappings(DefaultNamespaceHandlerResolver.java:157)  Loaded NamespaceHandler mappings: {http://www.springframework.org/schema/p=org.springframework.beans.factory.xml.SimplePropertyNamespaceHandler, http://www.springframework.org/schema/mvc=org.springframework.web.servlet.config.MvcNamespaceHandler, http://www.springframework.org/schema/util=org.springframework.beans.factory.xml.UtilNamespaceHandler, http://www.alibaba.com/schema/stat=com.alibaba.druid.support.spring.stat.config.DruidStatNamespaceHandler, http://www.springframework.org/schema/jee=org.springframework.ejb.config.JeeNamespaceHandler, http://www.springframework.org/schema/aop=org.springframework.aop.config.AopNamespaceHandler, http://www.springframework.org/schema/jdbc=org.springframework.jdbc.config.JdbcNamespaceHandler, http://www.springframework.org/schema/cache=org.springframework.cache.config.CacheNamespaceHandler, http://mybatis.org/schema/mybatis-spring=org.mybatis.spring.config.NamespaceHandler, http://www.springframework.org/schema/c=org.springframework.beans.factory.xml.SimpleConstructorNamespaceHandler, http://www.springframework.org/schema/tx=org.springframework.transaction.config.TxNamespaceHandler, http://www.springframework.org/schema/task=org.springframework.scheduling.config.TaskNamespaceHandler, http://www.springframework.org/schema/lang=org.springframework.scripting.config.LangNamespaceHandler, http://www.springframework.org/schema/context=org.springframework.context.config.ContextNamespaceHandler}
2016-12-16 09:49:15 org.springframework.core.env.MutablePropertySources.addLast(MutablePropertySources.java:109)  Adding [systemProperties] PropertySource with lowest search precedence
2016-12-16 09:49:15 org.springframework.core.env.MutablePropertySources.addLast(MutablePropertySources.java:109)  Adding [systemEnvironment] PropertySource with lowest search precedence
2016-12-16 09:49:15 org.springframework.core.env.AbstractEnvironment.<init>(AbstractEnvironment.java:124)  Initialized StandardEnvironment with PropertySources [systemProperties,systemEnvironment]
2016-12-16 09:49:15 org.springframework.core.io.support.PathMatchingResourcePatternResolver.findAllClassPathResources(PathMatchingResourcePatternResolver.java:317)  Resolved classpath location [com/hc/] to resources [URL [file:/D:/SpringMybatisWebDemo/target/classes/com/hc/]]
2016-12-16 09:49:15 org.springframework.core.io.support.PathMatchingResourcePatternResolver.doFindMatchingFileSystemResources(PathMatchingResourcePatternResolver.java:711)  Looking for matching resources in directory tree [D:\SpringMybatisWebDemo\target\classes\com\hc]
2016-12-16 09:49:15 org.springframework.core.io.support.PathMatchingResourcePatternResolver.doRetrieveMatchingFiles(PathMatchingResourcePatternResolver.java:773)  Searching directory [D:\SpringMybatisWebDemo\target\classes\com\hc] for files matching pattern [D:/SpringMybatisWebDemo/target/classes/com/hc/**/*.class]
2016-12-16 09:49:15 org.springframework.core.io.support.PathMatchingResourcePatternResolver.doRetrieveMatchingFiles(PathMatchingResourcePatternResolver.java:773)  Searching directory [D:\SpringMybatisWebDemo\target\classes\com\hc\action] for files matching pattern [D:/SpringMybatisWebDemo/target/classes/com/hc/**/*.class]
2016-12-16 09:49:15 org.springframework.core.io.support.PathMatchingResourcePatternResolver.doRetrieveMatchingFiles(PathMatchingResourcePatternResolver.java:773)  Searching directory [D:\SpringMybatisWebDemo\target\classes\com\hc\dao] for files matching pattern [D:/SpringMybatisWebDemo/target/classes/com/hc/**/*.class]
2016-12-16 09:49:15 org.springframework.core.io.support.PathMatchingResourcePatternResolver.doRetrieveMatchingFiles(PathMatchingResourcePatternResolver.java:773)  Searching directory [D:\SpringMybatisWebDemo\target\classes\com\hc\domain] for files matching pattern [D:/SpringMybatisWebDemo/target/classes/com/hc/**/*.class]
2016-12-16 09:49:15 org.springframework.core.io.support.PathMatchingResourcePatternResolver.doRetrieveMatchingFiles(PathMatchingResourcePatternResolver.java:773)  Searching directory [D:\SpringMybatisWebDemo\target\classes\com\hc\mapping] for files matching pattern [D:/SpringMybatisWebDemo/target/classes/com/hc/**/*.class]
2016-12-16 09:49:15 org.springframework.core.io.support.PathMatchingResourcePatternResolver.doRetrieveMatchingFiles(PathMatchingResourcePatternResolver.java:773)  Searching directory [D:\SpringMybatisWebDemo\target\classes\com\hc\service] for files matching pattern [D:/SpringMybatisWebDemo/target/classes/com/hc/**/*.class]
2016-12-16 09:49:15 org.springframework.core.io.support.PathMatchingResourcePatternResolver.doRetrieveMatchingFiles(PathMatchingResourcePatternResolver.java:773)  Searching directory [D:\SpringMybatisWebDemo\target\classes\com\hc\service\impl] for files matching pattern [D:/SpringMybatisWebDemo/target/classes/com/hc/**/*.class]
2016-12-16 09:49:15 org.springframework.core.io.support.PathMatchingResourcePatternResolver.doRetrieveMatchingFiles(PathMatchingResourcePatternResolver.java:773)  Searching directory [D:\SpringMybatisWebDemo\target\classes\com\hc\utils] for files matching pattern [D:/SpringMybatisWebDemo/target/classes/com/hc/**/*.class]
2016-12-16 09:49:15 org.springframework.core.io.support.PathMatchingResourcePatternResolver.findPathMatchingResources(PathMatchingResourcePatternResolver.java:483)  Resolved location pattern [classpath*:com/hc/**/*.class] to resources [file [D:\SpringMybatisWebDemo\target\classes\com\hc\action\DeptController.class], file [D:\SpringMybatisWebDemo\target\classes\com\hc\action\DeptServlet.class], file [D:\SpringMybatisWebDemo\target\classes\com\hc\dao\Dept2Dao.class], file [D:\SpringMybatisWebDemo\target\classes\com\hc\dao\DeptDao.class], file [D:\SpringMybatisWebDemo\target\classes\com\hc\dao\EmpDao.class], file [D:\SpringMybatisWebDemo\target\classes\com\hc\DemoTest.class], file [D:\SpringMybatisWebDemo\target\classes\com\hc\domain\Dept.class], file [D:\SpringMybatisWebDemo\target\classes\com\hc\domain\Dept2.class], file [D:\SpringMybatisWebDemo\target\classes\com\hc\domain\DeptQuery.class], file [D:\SpringMybatisWebDemo\target\classes\com\hc\domain\Emp.class], file [D:\SpringMybatisWebDemo\target\classes\com\hc\service\DeptService.class], file [D:\SpringMybatisWebDemo\target\classes\com\hc\service\impl\DeptServiceImpl.class], file [D:\SpringMybatisWebDemo\target\classes\com\hc\utils\String2DateTime.class]]
2016-12-16 09:49:15 org.springframework.context.annotation.ClassPathScanningCandidateComponentProvider.findCandidateComponents(ClassPathScanningCandidateComponentProvider.java:286)  Identified candidate component class: file [D:\SpringMybatisWebDemo\target\classes\com\hc\action\DeptController.class]
2016-12-16 09:49:15 org.springframework.context.annotation.ClassPathScanningCandidateComponentProvider.findCandidateComponents(ClassPathScanningCandidateComponentProvider.java:286)  Identified candidate component class: file [D:\SpringMybatisWebDemo\target\classes\com\hc\service\impl\DeptServiceImpl.class]
2016-12-16 09:49:15 org.springframework.beans.factory.xml.BeanDefinitionParserDelegate.parseBeanDefinitionElement(BeanDefinitionParserDelegate.java:481)  Neither XML 'id' nor 'name' specified - using generated bean name [org.mybatis.spring.mapper.MapperScannerConfigurer#0]
2016-12-16 09:49:15 org.springframework.beans.factory.support.AbstractBeanDefinitionReader.loadBeanDefinitions(AbstractBeanDefinitionReader.java:224)  Loaded 17 bean definitions from location pattern [applicationContext.xml]
2016-12-16 09:49:15 org.springframework.context.support.AbstractApplicationContext.obtainFreshBeanFactory(AbstractApplicationContext.java:616)  Bean factory for org.springframework.context.support.ClassPathXmlApplicationContext@45c8e616: org.springframework.beans.factory.support.DefaultListableBeanFactory@6c3f5566: defining beans [deptController,deptServiceImpl,org.springframework.context.annotation.internalConfigurationAnnotationProcessor,org.springframework.context.annotation.internalAutowiredAnnotationProcessor,org.springframework.context.annotation.internalRequiredAnnotationProcessor,org.springframework.context.annotation.internalCommonAnnotationProcessor,org.springframework.context.event.internalEventListenerProcessor,org.springframework.context.event.internalEventListenerFactory,dataSource123,sqlSessionFactory,org.mybatis.spring.mapper.MapperScannerConfigurer#0,txManager,org.springframework.transaction.config.internalTransactionalEventListenerFactory,org.springframework.aop.config.internalAutoProxyCreator,org.springframework.transaction.annotation.AnnotationTransactionAttributeSource#0,org.springframework.transaction.interceptor.TransactionInterceptor#0,org.springframework.transaction.config.internalTransactionAdvisor]; root of factory hierarchy
2016-12-16 09:49:15 org.springframework.beans.factory.support.DefaultSingletonBeanRegistry.getSingleton(DefaultSingletonBeanRegistry.java:221)  Creating shared instance of singleton bean 'org.springframework.context.annotation.internalConfigurationAnnotationProcessor'
2016-12-16 09:49:15 org.springframework.beans.factory.support.AbstractAutowireCapableBeanFactory.createBean(AbstractAutowireCapableBeanFactory.java:448)  Creating instance of bean 'org.springframework.context.annotation.internalConfigurationAnnotationProcessor'
2016-12-16 09:49:15 org.springframework.beans.factory.support.AbstractAutowireCapableBeanFactory.doCreateBean(AbstractAutowireCapableBeanFactory.java:537)  Eagerly caching bean 'org.springframework.context.annotation.internalConfigurationAnnotationProcessor' to allow for resolving potential circular references
2016-12-16 09:49:15 org.springframework.beans.factory.support.AbstractAutowireCapableBeanFactory.createBean(AbstractAutowireCapableBeanFactory.java:484)  Finished creating instance of bean 'org.springframework.context.annotation.internalConfigurationAnnotationProcessor'
2016-12-16 09:49:15 org.springframework.beans.factory.support.DefaultSingletonBeanRegistry.getSingleton(DefaultSingletonBeanRegistry.java:221)  Creating shared instance of singleton bean 'org.mybatis.spring.mapper.MapperScannerConfigurer#0'
2016-12-16 09:49:15 org.springframework.beans.factory.support.AbstractAutowireCapableBeanFactory.createBean(AbstractAutowireCapableBeanFactory.java:448)  Creating instance of bean 'org.mybatis.spring.mapper.MapperScannerConfigurer#0'
2016-12-16 09:49:15 org.springframework.beans.factory.support.AbstractAutowireCapableBeanFactory.doCreateBean(AbstractAutowireCapableBeanFactory.java:537)  Eagerly caching bean 'org.mybatis.spring.mapper.MapperScannerConfigurer#0' to allow for resolving potential circular references
2016-12-16 09:49:15 org.springframework.beans.factory.support.AbstractAutowireCapableBeanFactory.invokeInitMethods(AbstractAutowireCapableBeanFactory.java:1625)  Invoking afterPropertiesSet() on bean with name 'org.mybatis.spring.mapper.MapperScannerConfigurer#0'
2016-12-16 09:49:15 org.springframework.beans.factory.support.AbstractAutowireCapableBeanFactory.createBean(AbstractAutowireCapableBeanFactory.java:484)  Finished creating instance of bean 'org.mybatis.spring.mapper.MapperScannerConfigurer#0'
2016-12-16 09:49:15 org.springframework.core.env.MutablePropertySources.addLast(MutablePropertySources.java:109)  Adding [systemProperties] PropertySource with lowest search precedence
2016-12-16 09:49:15 org.springframework.core.env.MutablePropertySources.addLast(MutablePropertySources.java:109)  Adding [systemEnvironment] PropertySource with lowest search precedence
2016-12-16 09:49:15 org.springframework.core.env.AbstractEnvironment.<init>(AbstractEnvironment.java:124)  Initialized StandardEnvironment with PropertySources [systemProperties,systemEnvironment]
2016-12-16 09:49:15 org.springframework.core.io.support.PathMatchingResourcePatternResolver.findAllClassPathResources(PathMatchingResourcePatternResolver.java:317)  Resolved classpath location [com/hc/dao/] to resources [URL [file:/D:/SpringMybatisWebDemo/target/classes/com/hc/dao/]]
2016-12-16 09:49:15 org.springframework.core.io.support.PathMatchingResourcePatternResolver.doFindMatchingFileSystemResources(PathMatchingResourcePatternResolver.java:711)  Looking for matching resources in directory tree [D:\SpringMybatisWebDemo\target\classes\com\hc\dao]
2016-12-16 09:49:15 org.springframework.core.io.support.PathMatchingResourcePatternResolver.doRetrieveMatchingFiles(PathMatchingResourcePatternResolver.java:773)  Searching directory [D:\SpringMybatisWebDemo\target\classes\com\hc\dao] for files matching pattern [D:/SpringMybatisWebDemo/target/classes/com/hc/dao/**/*.class]
2016-12-16 09:49:15 org.springframework.core.io.support.PathMatchingResourcePatternResolver.findPathMatchingResources(PathMatchingResourcePatternResolver.java:483)  Resolved location pattern [classpath*:com/hc/dao/**/*.class] to resources [file [D:\SpringMybatisWebDemo\target\classes\com\hc\dao\Dept2Dao.class], file [D:\SpringMybatisWebDemo\target\classes\com\hc\dao\DeptDao.class], file [D:\SpringMybatisWebDemo\target\classes\com\hc\dao\EmpDao.class]]
2016-12-16 09:49:15 org.springframework.context.annotation.ClassPathScanningCandidateComponentProvider.findCandidateComponents(ClassPathScanningCandidateComponentProvider.java:286)  Identified candidate component class: file [D:\SpringMybatisWebDemo\target\classes\com\hc\dao\Dept2Dao.class]
2016-12-16 09:49:15 org.springframework.context.annotation.ClassPathScanningCandidateComponentProvider.findCandidateComponents(ClassPathScanningCandidateComponentProvider.java:286)  Identified candidate component class: file [D:\SpringMybatisWebDemo\target\classes\com\hc\dao\DeptDao.class]
2016-12-16 09:49:15 org.springframework.context.annotation.ClassPathScanningCandidateComponentProvider.findCandidateComponents(ClassPathScanningCandidateComponentProvider.java:286)  Identified candidate component class: file [D:\SpringMybatisWebDemo\target\classes\com\hc\dao\EmpDao.class]
2016-12-16 09:49:15 org.mybatis.spring.mapper.ClassPathMapperScanner.processBeanDefinitions(ClassPathMapperScanner.java:181)  Creating MapperFactoryBean with name 'dept2Dao' and 'com.hc.dao.Dept2Dao' mapperInterface
2016-12-16 09:49:15 org.mybatis.spring.mapper.ClassPathMapperScanner.processBeanDefinitions(ClassPathMapperScanner.java:181)  Creating MapperFactoryBean with name 'deptDao' and 'com.hc.dao.DeptDao' mapperInterface
2016-12-16 09:49:15 org.mybatis.spring.mapper.ClassPathMapperScanner.processBeanDefinitions(ClassPathMapperScanner.java:181)  Creating MapperFactoryBean with name 'empDao' and 'com.hc.dao.EmpDao' mapperInterface
2016-12-16 09:49:15 org.springframework.beans.factory.support.DefaultSingletonBeanRegistry.getSingleton(DefaultSingletonBeanRegistry.java:221)  Creating shared instance of singleton bean 'org.springframework.context.annotation.internalAutowiredAnnotationProcessor'
2016-12-16 09:49:15 org.springframework.beans.factory.support.AbstractAutowireCapableBeanFactory.createBean(AbstractAutowireCapableBeanFactory.java:448)  Creating instance of bean 'org.springframework.context.annotation.internalAutowiredAnnotationProcessor'
2016-12-16 09:49:15 org.springframework.beans.factory.support.AbstractAutowireCapableBeanFactory.doCreateBean(AbstractAutowireCapableBeanFactory.java:537)  Eagerly caching bean 'org.springframework.context.annotation.internalAutowiredAnnotationProcessor' to allow for resolving potential circular references
2016-12-16 09:49:15 org.springframework.beans.factory.support.AbstractAutowireCapableBeanFactory.createBean(AbstractAutowireCapableBeanFactory.java:484)  Finished creating instance of bean 'org.springframework.context.annotation.internalAutowiredAnnotationProcessor'
2016-12-16 09:49:15 org.springframework.beans.factory.support.DefaultSingletonBeanRegistry.getSingleton(DefaultSingletonBeanRegistry.java:221)  Creating shared instance of singleton bean 'org.springframework.context.annotation.internalRequiredAnnotationProcessor'
2016-12-16 09:49:15 org.springframework.beans.factory.support.AbstractAutowireCapableBeanFactory.createBean(AbstractAutowireCapableBeanFactory.java:448)  Creating instance of bean 'org.springframework.context.annotation.internalRequiredAnnotationProcessor'
2016-12-16 09:49:15 org.springframework.beans.factory.support.AbstractAutowireCapableBeanFactory.doCreateBean(AbstractAutowireCapableBeanFactory.java:537)  Eagerly caching bean 'org.springframework.context.annotation.internalRequiredAnnotationProcessor' to allow for resolving potential circular references
2016-12-16 09:49:15 org.springframework.beans.factory.support.AbstractAutowireCapableBeanFactory.createBean(AbstractAutowireCapableBeanFactory.java:484)  Finished creating instance of bean 'org.springframework.context.annotation.internalRequiredAnnotationProcessor'
2016-12-16 09:49:15 org.springframework.beans.factory.support.DefaultSingletonBeanRegistry.getSingleton(DefaultSingletonBeanRegistry.java:221)  Creating shared instance of singleton bean 'org.springframework.context.annotation.internalCommonAnnotationProcessor'
2016-12-16 09:49:15 org.springframework.beans.factory.support.AbstractAutowireCapableBeanFactory.createBean(AbstractAutowireCapableBeanFactory.java:448)  Creating instance of bean 'org.springframework.context.annotation.internalCommonAnnotationProcessor'
2016-12-16 09:49:15 org.springframework.beans.factory.support.AbstractAutowireCapableBeanFactory.doCreateBean(AbstractAutowireCapableBeanFactory.java:537)  Eagerly caching bean 'org.springframework.context.annotation.internalCommonAnnotationProcessor' to allow for resolving potential circular references
2016-12-16 09:49:15 org.springframework.beans.factory.support.AbstractAutowireCapableBeanFactory.createBean(AbstractAutowireCapableBeanFactory.java:484)  Finished creating instance of bean 'org.springframework.context.annotation.internalCommonAnnotationProcessor'
2016-12-16 09:49:15 org.springframework.beans.factory.support.DefaultSingletonBeanRegistry.getSingleton(DefaultSingletonBeanRegistry.java:221)  Creating shared instance of singleton bean 'org.springframework.context.annotation.ConfigurationClassPostProcessor.importAwareProcessor'
2016-12-16 09:49:15 org.springframework.beans.factory.support.AbstractAutowireCapableBeanFactory.createBean(AbstractAutowireCapableBeanFactory.java:448)  Creating instance of bean 'org.springframework.context.annotation.ConfigurationClassPostProcessor.importAwareProcessor'
2016-12-16 09:49:15 org.springframework.beans.factory.support.AbstractAutowireCapableBeanFactory.doCreateBean(AbstractAutowireCapableBeanFactory.java:537)  Eagerly caching bean 'org.springframework.context.annotation.ConfigurationClassPostProcessor.importAwareProcessor' to allow for resolving potential circular references
2016-12-16 09:49:15 org.springframework.beans.factory.support.AbstractAutowireCapableBeanFactory.createBean(AbstractAutowireCapableBeanFactory.java:484)  Finished creating instance of bean 'org.springframework.context.annotation.ConfigurationClassPostProcessor.importAwareProcessor'
2016-12-16 09:49:15 org.springframework.beans.factory.support.DefaultSingletonBeanRegistry.getSingleton(DefaultSingletonBeanRegistry.java:221)  Creating shared instance of singleton bean 'org.springframework.context.annotation.ConfigurationClassPostProcessor.enhancedConfigurationProcessor'
2016-12-16 09:49:15 org.springframework.beans.factory.support.AbstractAutowireCapableBeanFactory.createBean(AbstractAutowireCapableBeanFactory.java:448)  Creating instance of bean 'org.springframework.context.annotation.ConfigurationClassPostProcessor.enhancedConfigurationProcessor'
2016-12-16 09:49:15 org.springframework.beans.factory.support.AbstractAutowireCapableBeanFactory.doCreateBean(AbstractAutowireCapableBeanFactory.java:537)  Eagerly caching bean 'org.springframework.context.annotation.ConfigurationClassPostProcessor.enhancedConfigurationProcessor' to allow for resolving potential circular references
2016-12-16 09:49:15 org.springframework.beans.factory.support.AbstractAutowireCapableBeanFactory.createBean(AbstractAutowireCapableBeanFactory.java:484)  Finished creating instance of bean 'org.springframework.context.annotation.ConfigurationClassPostProcessor.enhancedConfigurationProcessor'
2016-12-16 09:49:15 org.springframework.beans.factory.support.DefaultSingletonBeanRegistry.getSingleton(DefaultSingletonBeanRegistry.java:221)  Creating shared instance of singleton bean 'org.springframework.aop.config.internalAutoProxyCreator'
2016-12-16 09:49:15 org.springframework.beans.factory.support.AbstractAutowireCapableBeanFactory.createBean(AbstractAutowireCapableBeanFactory.java:448)  Creating instance of bean 'org.springframework.aop.config.internalAutoProxyCreator'
2016-12-16 09:49:15 org.springframework.beans.factory.support.AbstractAutowireCapableBeanFactory.doCreateBean(AbstractAutowireCapableBeanFactory.java:537)  Eagerly caching bean 'org.springframework.aop.config.internalAutoProxyCreator' to allow for resolving potential circular references
2016-12-16 09:49:15 org.springframework.beans.factory.support.AbstractAutowireCapableBeanFactory.createBean(AbstractAutowireCapableBeanFactory.java:484)  Finished creating instance of bean 'org.springframework.aop.config.internalAutoProxyCreator'
2016-12-16 09:49:15 org.springframework.context.support.AbstractApplicationContext.initMessageSource(AbstractApplicationContext.java:733)  Unable to locate MessageSource with name 'messageSource': using default [org.springframework.context.support.DelegatingMessageSource@43195e57]
2016-12-16 09:49:15 org.springframework.context.support.AbstractApplicationContext.initApplicationEventMulticaster(AbstractApplicationContext.java:757)  Unable to locate ApplicationEventMulticaster with name 'applicationEventMulticaster': using default [org.springframework.context.event.SimpleApplicationEventMulticaster@f5ac9e4]
2016-12-16 09:49:15 org.springframework.beans.factory.support.DefaultListableBeanFactory.preInstantiateSingletons(DefaultListableBeanFactory.java:723)  Pre-instantiating singletons in org.springframework.beans.factory.support.DefaultListableBeanFactory@6c3f5566: defining beans [deptController,deptServiceImpl,org.springframework.context.annotation.internalConfigurationAnnotationProcessor,org.springframework.context.annotation.internalAutowiredAnnotationProcessor,org.springframework.context.annotation.internalRequiredAnnotationProcessor,org.springframework.context.annotation.internalCommonAnnotationProcessor,org.springframework.context.event.internalEventListenerProcessor,org.springframework.context.event.internalEventListenerFactory,dataSource123,sqlSessionFactory,org.mybatis.spring.mapper.MapperScannerConfigurer#0,txManager,org.springframework.transaction.config.internalTransactionalEventListenerFactory,org.springframework.aop.config.internalAutoProxyCreator,org.springframework.transaction.annotation.AnnotationTransactionAttributeSource#0,org.springframework.transaction.interceptor.TransactionInterceptor#0,org.springframework.transaction.config.internalTransactionAdvisor,org.springframework.context.annotation.ConfigurationClassPostProcessor.importAwareProcessor,org.springframework.context.annotation.ConfigurationClassPostProcessor.enhancedConfigurationProcessor,dept2Dao,deptDao,empDao]; root of factory hierarchy
2016-12-16 09:49:15 org.springframework.beans.factory.support.DefaultSingletonBeanRegistry.getSingleton(DefaultSingletonBeanRegistry.java:221)  Creating shared instance of singleton bean 'deptController'
2016-12-16 09:49:15 org.springframework.beans.factory.support.AbstractAutowireCapableBeanFactory.createBean(AbstractAutowireCapableBeanFactory.java:448)  Creating instance of bean 'deptController'
2016-12-16 09:49:15 org.springframework.beans.factory.annotation.InjectionMetadata.checkConfigMembers(InjectionMetadata.java:72)  Registered injected element on class [com.hc.action.DeptController]: AutowiredFieldElement for private com.hc.service.DeptService com.hc.action.DeptController.deptService
2016-12-16 09:49:15 org.springframework.beans.factory.support.AbstractAutowireCapableBeanFactory.doCreateBean(AbstractAutowireCapableBeanFactory.java:537)  Eagerly caching bean 'deptController' to allow for resolving potential circular references
2016-12-16 09:49:15 org.springframework.beans.factory.annotation.InjectionMetadata.inject(InjectionMetadata.java:86)  Processing injected element of bean 'deptController': AutowiredFieldElement for private com.hc.service.DeptService com.hc.action.DeptController.deptService
2016-12-16 09:49:15 org.springframework.beans.factory.support.DefaultSingletonBeanRegistry.getSingleton(DefaultSingletonBeanRegistry.java:221)  Creating shared instance of singleton bean 'deptServiceImpl'
2016-12-16 09:49:15 org.springframework.beans.factory.support.AbstractAutowireCapableBeanFactory.createBean(AbstractAutowireCapableBeanFactory.java:448)  Creating instance of bean 'deptServiceImpl'
2016-12-16 09:49:15 org.springframework.beans.factory.annotation.InjectionMetadata.checkConfigMembers(InjectionMetadata.java:72)  Registered injected element on class [com.hc.service.impl.DeptServiceImpl]: AutowiredFieldElement for private com.hc.dao.DeptDao com.hc.service.impl.DeptServiceImpl.deptDao
2016-12-16 09:49:15 org.springframework.beans.factory.support.AbstractAutowireCapableBeanFactory.doCreateBean(AbstractAutowireCapableBeanFactory.java:537)  Eagerly caching bean 'deptServiceImpl' to allow for resolving potential circular references
2016-12-16 09:49:15 org.springframework.beans.factory.annotation.InjectionMetadata.inject(InjectionMetadata.java:86)  Processing injected element of bean 'deptServiceImpl': AutowiredFieldElement for private com.hc.dao.DeptDao com.hc.service.impl.DeptServiceImpl.deptDao
2016-12-16 09:49:15 org.springframework.beans.factory.support.DefaultSingletonBeanRegistry.getSingleton(DefaultSingletonBeanRegistry.java:221)  Creating shared instance of singleton bean 'deptDao'
2016-12-16 09:49:15 org.springframework.beans.factory.support.AbstractAutowireCapableBeanFactory.createBean(AbstractAutowireCapableBeanFactory.java:448)  Creating instance of bean 'deptDao'
2016-12-16 09:49:15 org.springframework.beans.factory.support.AbstractAutowireCapableBeanFactory.doCreateBean(AbstractAutowireCapableBeanFactory.java:537)  Eagerly caching bean 'deptDao' to allow for resolving potential circular references
2016-12-16 09:49:15 org.springframework.beans.factory.support.DefaultSingletonBeanRegistry.getSingleton(DefaultSingletonBeanRegistry.java:221)  Creating shared instance of singleton bean 'sqlSessionFactory'
2016-12-16 09:49:15 org.springframework.beans.factory.support.AbstractAutowireCapableBeanFactory.createBean(AbstractAutowireCapableBeanFactory.java:448)  Creating instance of bean 'sqlSessionFactory'
2016-12-16 09:49:15 org.springframework.beans.factory.support.AbstractAutowireCapableBeanFactory.doCreateBean(AbstractAutowireCapableBeanFactory.java:537)  Eagerly caching bean 'sqlSessionFactory' to allow for resolving potential circular references
2016-12-16 09:49:15 org.springframework.beans.factory.support.DefaultSingletonBeanRegistry.getSingleton(DefaultSingletonBeanRegistry.java:221)  Creating shared instance of singleton bean 'dataSource123'
2016-12-16 09:49:15 org.springframework.beans.factory.support.AbstractAutowireCapableBeanFactory.createBean(AbstractAutowireCapableBeanFactory.java:448)  Creating instance of bean 'dataSource123'
2016-12-16 09:49:15 org.springframework.beans.factory.support.AbstractAutowireCapableBeanFactory.doCreateBean(AbstractAutowireCapableBeanFactory.java:537)  Eagerly caching bean 'dataSource123' to allow for resolving potential circular references
2016-12-16 09:49:15 org.springframework.beans.factory.support.DefaultSingletonBeanRegistry.getSingleton(DefaultSingletonBeanRegistry.java:221)  Creating shared instance of singleton bean 'org.springframework.transaction.config.internalTransactionAdvisor'
2016-12-16 09:49:15 org.springframework.beans.factory.support.AbstractAutowireCapableBeanFactory.createBean(AbstractAutowireCapableBeanFactory.java:448)  Creating instance of bean 'org.springframework.transaction.config.internalTransactionAdvisor'
2016-12-16 09:49:15 org.springframework.beans.factory.support.AbstractAutowireCapableBeanFactory.doCreateBean(AbstractAutowireCapableBeanFactory.java:537)  Eagerly caching bean 'org.springframework.transaction.config.internalTransactionAdvisor' to allow for resolving potential circular references
2016-12-16 09:49:15 org.springframework.beans.factory.support.DefaultSingletonBeanRegistry.getSingleton(DefaultSingletonBeanRegistry.java:221)  Creating shared instance of singleton bean 'org.springframework.transaction.annotation.AnnotationTransactionAttributeSource#0'
2016-12-16 09:49:15 org.springframework.beans.factory.support.AbstractAutowireCapableBeanFactory.createBean(AbstractAutowireCapableBeanFactory.java:448)  Creating instance of bean 'org.springframework.transaction.annotation.AnnotationTransactionAttributeSource#0'
2016-12-16 09:49:15 org.springframework.beans.factory.support.AbstractAutowireCapableBeanFactory.doCreateBean(AbstractAutowireCapableBeanFactory.java:537)  Eagerly caching bean 'org.springframework.transaction.annotation.AnnotationTransactionAttributeSource#0' to allow for resolving potential circular references
2016-12-16 09:49:15 org.springframework.aop.framework.autoproxy.BeanFactoryAdvisorRetrievalHelper.findAdvisorBeans(BeanFactoryAdvisorRetrievalHelper.java:87)  Skipping currently created advisor 'org.springframework.transaction.config.internalTransactionAdvisor'
2016-12-16 09:49:15 org.springframework.beans.factory.support.AbstractAutowireCapableBeanFactory.createBean(AbstractAutowireCapableBeanFactory.java:484)  Finished creating instance of bean 'org.springframework.transaction.annotation.AnnotationTransactionAttributeSource#0'
2016-12-16 09:49:15 org.springframework.beans.factory.support.AbstractAutowireCapableBeanFactory.createBean(AbstractAutowireCapableBeanFactory.java:484)  Finished creating instance of bean 'org.springframework.transaction.config.internalTransactionAdvisor'
2016-12-16 09:49:15 org.springframework.beans.factory.support.AbstractAutowireCapableBeanFactory.createBean(AbstractAutowireCapableBeanFactory.java:484)  Finished creating instance of bean 'dataSource123'
2016-12-16 09:49:15 org.springframework.beans.factory.support.AbstractAutowireCapableBeanFactory.invokeInitMethods(AbstractAutowireCapableBeanFactory.java:1625)  Invoking afterPropertiesSet() on bean with name 'sqlSessionFactory'
2016-12-16 09:49:15 org.apache.ibatis.logging.commons.JakartaCommonsLoggingImpl.debug(JakartaCommonsLoggingImpl.java:54)  Parsed configuration file: 'class path resource [mybatisMapper.xml]'
2016-12-16 09:49:15 org.apache.ibatis.logging.commons.JakartaCommonsLoggingImpl.debug(JakartaCommonsLoggingImpl.java:54)  Property 'mapperLocations' was not specified or no matching resources found
2016-12-16 09:49:15 org.springframework.beans.factory.support.AbstractBeanFactory.doGetBean(AbstractBeanFactory.java:251)  Returning cached instance of singleton bean 'org.springframework.transaction.config.internalTransactionAdvisor'
2016-12-16 09:49:15 org.springframework.beans.factory.support.AbstractAutowireCapableBeanFactory.createBean(AbstractAutowireCapableBeanFactory.java:484)  Finished creating instance of bean 'sqlSessionFactory'
2016-12-16 09:49:15 org.springframework.beans.factory.support.AbstractBeanFactory.doGetBean(AbstractBeanFactory.java:251)  Returning cached instance of singleton bean 'org.springframework.transaction.config.internalTransactionAdvisor'
2016-12-16 09:49:15 org.springframework.beans.factory.support.AbstractAutowireCapableBeanFactory.invokeInitMethods(AbstractAutowireCapableBeanFactory.java:1625)  Invoking afterPropertiesSet() on bean with name 'deptDao'
2016-12-16 09:49:15 org.springframework.beans.factory.support.AbstractBeanFactory.doGetBean(AbstractBeanFactory.java:251)  Returning cached instance of singleton bean 'org.springframework.transaction.config.internalTransactionAdvisor'
2016-12-16 09:49:15 org.springframework.beans.factory.support.AbstractAutowireCapableBeanFactory.createBean(AbstractAutowireCapableBeanFactory.java:484)  Finished creating instance of bean 'deptDao'
2016-12-16 09:49:15 org.springframework.beans.factory.support.AbstractBeanFactory.doGetBean(AbstractBeanFactory.java:251)  Returning cached instance of singleton bean 'org.springframework.transaction.config.internalTransactionAdvisor'
2016-12-16 09:49:15 org.springframework.beans.factory.annotation.AutowiredAnnotationBeanPostProcessor.registerDependentBeans(AutowiredAnnotationBeanPostProcessor.java:539)  Autowiring by type from bean name 'deptServiceImpl' to bean named 'deptDao'
2016-12-16 09:49:15 org.springframework.beans.factory.support.AbstractBeanFactory.doGetBean(AbstractBeanFactory.java:251)  Returning cached instance of singleton bean 'org.springframework.transaction.config.internalTransactionAdvisor'
2016-12-16 09:49:15 org.springframework.beans.factory.support.AbstractAutowireCapableBeanFactory.createBean(AbstractAutowireCapableBeanFactory.java:484)  Finished creating instance of bean 'deptServiceImpl'
2016-12-16 09:49:15 org.springframework.beans.factory.annotation.AutowiredAnnotationBeanPostProcessor.registerDependentBeans(AutowiredAnnotationBeanPostProcessor.java:539)  Autowiring by type from bean name 'deptController' to bean named 'deptServiceImpl'
2016-12-16 09:49:15 org.springframework.beans.factory.support.AbstractBeanFactory.doGetBean(AbstractBeanFactory.java:251)  Returning cached instance of singleton bean 'org.springframework.transaction.config.internalTransactionAdvisor'
2016-12-16 09:49:15 org.springframework.beans.factory.support.AbstractAutowireCapableBeanFactory.createBean(AbstractAutowireCapableBeanFactory.java:484)  Finished creating instance of bean 'deptController'
2016-12-16 09:49:15 org.springframework.beans.factory.support.AbstractBeanFactory.doGetBean(AbstractBeanFactory.java:251)  Returning cached instance of singleton bean 'deptServiceImpl'
2016-12-16 09:49:15 org.springframework.beans.factory.support.AbstractBeanFactory.doGetBean(AbstractBeanFactory.java:251)  Returning cached instance of singleton bean 'org.springframework.context.annotation.internalConfigurationAnnotationProcessor'
2016-12-16 09:49:15 org.springframework.beans.factory.support.AbstractBeanFactory.doGetBean(AbstractBeanFactory.java:251)  Returning cached instance of singleton bean 'org.springframework.context.annotation.internalAutowiredAnnotationProcessor'
2016-12-16 09:49:15 org.springframework.beans.factory.support.AbstractBeanFactory.doGetBean(AbstractBeanFactory.java:251)  Returning cached instance of singleton bean 'org.springframework.context.annotation.internalRequiredAnnotationProcessor'
2016-12-16 09:49:15 org.springframework.beans.factory.support.AbstractBeanFactory.doGetBean(AbstractBeanFactory.java:251)  Returning cached instance of singleton bean 'org.springframework.context.annotation.internalCommonAnnotationProcessor'
2016-12-16 09:49:15 org.springframework.beans.factory.support.DefaultSingletonBeanRegistry.getSingleton(DefaultSingletonBeanRegistry.java:221)  Creating shared instance of singleton bean 'org.springframework.context.event.internalEventListenerProcessor'
2016-12-16 09:49:15 org.springframework.beans.factory.support.AbstractAutowireCapableBeanFactory.createBean(AbstractAutowireCapableBeanFactory.java:448)  Creating instance of bean 'org.springframework.context.event.internalEventListenerProcessor'
2016-12-16 09:49:15 org.springframework.beans.factory.support.AbstractAutowireCapableBeanFactory.doCreateBean(AbstractAutowireCapableBeanFactory.java:537)  Eagerly caching bean 'org.springframework.context.event.internalEventListenerProcessor' to allow for resolving potential circular references
2016-12-16 09:49:15 org.springframework.beans.factory.support.AbstractBeanFactory.doGetBean(AbstractBeanFactory.java:251)  Returning cached instance of singleton bean 'org.springframework.transaction.config.internalTransactionAdvisor'
2016-12-16 09:49:15 org.springframework.beans.factory.support.AbstractAutowireCapableBeanFactory.createBean(AbstractAutowireCapableBeanFactory.java:484)  Finished creating instance of bean 'org.springframework.context.event.internalEventListenerProcessor'
2016-12-16 09:49:15 org.springframework.beans.factory.support.DefaultSingletonBeanRegistry.getSingleton(DefaultSingletonBeanRegistry.java:221)  Creating shared instance of singleton bean 'org.springframework.context.event.internalEventListenerFactory'
2016-12-16 09:49:15 org.springframework.beans.factory.support.AbstractAutowireCapableBeanFactory.createBean(AbstractAutowireCapableBeanFactory.java:448)  Creating instance of bean 'org.springframework.context.event.internalEventListenerFactory'
2016-12-16 09:49:15 org.springframework.beans.factory.support.AbstractAutowireCapableBeanFactory.doCreateBean(AbstractAutowireCapableBeanFactory.java:537)  Eagerly caching bean 'org.springframework.context.event.internalEventListenerFactory' to allow for resolving potential circular references
2016-12-16 09:49:15 org.springframework.beans.factory.support.AbstractBeanFactory.doGetBean(AbstractBeanFactory.java:251)  Returning cached instance of singleton bean 'org.springframework.transaction.config.internalTransactionAdvisor'
2016-12-16 09:49:15 org.springframework.beans.factory.support.AbstractAutowireCapableBeanFactory.createBean(AbstractAutowireCapableBeanFactory.java:484)  Finished creating instance of bean 'org.springframework.context.event.internalEventListenerFactory'
2016-12-16 09:49:15 org.springframework.beans.factory.support.AbstractBeanFactory.doGetBean(AbstractBeanFactory.java:251)  Returning cached instance of singleton bean 'dataSource123'
2016-12-16 09:49:15 org.springframework.beans.factory.support.AbstractBeanFactory.doGetBean(AbstractBeanFactory.java:251)  Returning cached instance of singleton bean 'sqlSessionFactory'
2016-12-16 09:49:15 org.springframework.beans.factory.support.AbstractBeanFactory.doGetBean(AbstractBeanFactory.java:251)  Returning cached instance of singleton bean 'org.mybatis.spring.mapper.MapperScannerConfigurer#0'
2016-12-16 09:49:15 org.springframework.beans.factory.support.DefaultSingletonBeanRegistry.getSingleton(DefaultSingletonBeanRegistry.java:221)  Creating shared instance of singleton bean 'txManager'
2016-12-16 09:49:15 org.springframework.beans.factory.support.AbstractAutowireCapableBeanFactory.createBean(AbstractAutowireCapableBeanFactory.java:448)  Creating instance of bean 'txManager'
2016-12-16 09:49:15 org.springframework.beans.factory.support.AbstractAutowireCapableBeanFactory.doCreateBean(AbstractAutowireCapableBeanFactory.java:537)  Eagerly caching bean 'txManager' to allow for resolving potential circular references
2016-12-16 09:49:15 org.springframework.beans.factory.support.AbstractBeanFactory.doGetBean(AbstractBeanFactory.java:251)  Returning cached instance of singleton bean 'dataSource123'
2016-12-16 09:49:15 org.springframework.beans.factory.support.AbstractAutowireCapableBeanFactory.invokeInitMethods(AbstractAutowireCapableBeanFactory.java:1625)  Invoking afterPropertiesSet() on bean with name 'txManager'
2016-12-16 09:49:15 org.springframework.beans.factory.support.AbstractBeanFactory.doGetBean(AbstractBeanFactory.java:251)  Returning cached instance of singleton bean 'org.springframework.transaction.config.internalTransactionAdvisor'
2016-12-16 09:49:15 org.springframework.beans.factory.support.AbstractAutowireCapableBeanFactory.createBean(AbstractAutowireCapableBeanFactory.java:484)  Finished creating instance of bean 'txManager'
2016-12-16 09:49:15 org.springframework.beans.factory.support.DefaultSingletonBeanRegistry.getSingleton(DefaultSingletonBeanRegistry.java:221)  Creating shared instance of singleton bean 'org.springframework.transaction.config.internalTransactionalEventListenerFactory'
2016-12-16 09:49:15 org.springframework.beans.factory.support.AbstractAutowireCapableBeanFactory.createBean(AbstractAutowireCapableBeanFactory.java:448)  Creating instance of bean 'org.springframework.transaction.config.internalTransactionalEventListenerFactory'
2016-12-16 09:49:15 org.springframework.beans.factory.support.AbstractAutowireCapableBeanFactory.doCreateBean(AbstractAutowireCapableBeanFactory.java:537)  Eagerly caching bean 'org.springframework.transaction.config.internalTransactionalEventListenerFactory' to allow for resolving potential circular references
2016-12-16 09:49:15 org.springframework.beans.factory.support.AbstractBeanFactory.doGetBean(AbstractBeanFactory.java:251)  Returning cached instance of singleton bean 'org.springframework.transaction.config.internalTransactionAdvisor'
2016-12-16 09:49:15 org.springframework.beans.factory.support.AbstractAutowireCapableBeanFactory.createBean(AbstractAutowireCapableBeanFactory.java:484)  Finished creating instance of bean 'org.springframework.transaction.config.internalTransactionalEventListenerFactory'
2016-12-16 09:49:15 org.springframework.beans.factory.support.AbstractBeanFactory.doGetBean(AbstractBeanFactory.java:251)  Returning cached instance of singleton bean 'org.springframework.aop.config.internalAutoProxyCreator'
2016-12-16 09:49:15 org.springframework.beans.factory.support.AbstractBeanFactory.doGetBean(AbstractBeanFactory.java:251)  Returning cached instance of singleton bean 'org.springframework.transaction.annotation.AnnotationTransactionAttributeSource#0'
2016-12-16 09:49:15 org.springframework.beans.factory.support.DefaultSingletonBeanRegistry.getSingleton(DefaultSingletonBeanRegistry.java:221)  Creating shared instance of singleton bean 'org.springframework.transaction.interceptor.TransactionInterceptor#0'
2016-12-16 09:49:15 org.springframework.beans.factory.support.AbstractAutowireCapableBeanFactory.createBean(AbstractAutowireCapableBeanFactory.java:448)  Creating instance of bean 'org.springframework.transaction.interceptor.TransactionInterceptor#0'
2016-12-16 09:49:15 org.springframework.beans.factory.support.AbstractAutowireCapableBeanFactory.doCreateBean(AbstractAutowireCapableBeanFactory.java:537)  Eagerly caching bean 'org.springframework.transaction.interceptor.TransactionInterceptor#0' to allow for resolving potential circular references
2016-12-16 09:49:15 org.springframework.beans.factory.support.AbstractBeanFactory.doGetBean(AbstractBeanFactory.java:251)  Returning cached instance of singleton bean 'org.springframework.transaction.annotation.AnnotationTransactionAttributeSource#0'
2016-12-16 09:49:15 org.springframework.beans.factory.support.AbstractAutowireCapableBeanFactory.invokeInitMethods(AbstractAutowireCapableBeanFactory.java:1625)  Invoking afterPropertiesSet() on bean with name 'org.springframework.transaction.interceptor.TransactionInterceptor#0'
2016-12-16 09:49:15 org.springframework.beans.factory.support.AbstractAutowireCapableBeanFactory.createBean(AbstractAutowireCapableBeanFactory.java:484)  Finished creating instance of bean 'org.springframework.transaction.interceptor.TransactionInterceptor#0'
2016-12-16 09:49:15 org.springframework.beans.factory.support.AbstractBeanFactory.doGetBean(AbstractBeanFactory.java:251)  Returning cached instance of singleton bean 'org.springframework.transaction.config.internalTransactionAdvisor'
2016-12-16 09:49:15 org.springframework.beans.factory.support.AbstractBeanFactory.doGetBean(AbstractBeanFactory.java:251)  Returning cached instance of singleton bean 'org.springframework.context.annotation.ConfigurationClassPostProcessor.importAwareProcessor'
2016-12-16 09:49:15 org.springframework.beans.factory.support.AbstractBeanFactory.doGetBean(AbstractBeanFactory.java:251)  Returning cached instance of singleton bean 'org.springframework.context.annotation.ConfigurationClassPostProcessor.enhancedConfigurationProcessor'
2016-12-16 09:49:15 org.springframework.beans.factory.support.DefaultSingletonBeanRegistry.getSingleton(DefaultSingletonBeanRegistry.java:221)  Creating shared instance of singleton bean 'dept2Dao'
2016-12-16 09:49:15 org.springframework.beans.factory.support.AbstractAutowireCapableBeanFactory.createBean(AbstractAutowireCapableBeanFactory.java:448)  Creating instance of bean 'dept2Dao'
2016-12-16 09:49:15 org.springframework.beans.factory.support.AbstractAutowireCapableBeanFactory.doCreateBean(AbstractAutowireCapableBeanFactory.java:537)  Eagerly caching bean 'dept2Dao' to allow for resolving potential circular references
2016-12-16 09:49:15 org.springframework.beans.factory.support.AbstractBeanFactory.doGetBean(AbstractBeanFactory.java:251)  Returning cached instance of singleton bean 'sqlSessionFactory'
2016-12-16 09:49:15 org.springframework.beans.factory.support.AbstractAutowireCapableBeanFactory.invokeInitMethods(AbstractAutowireCapableBeanFactory.java:1625)  Invoking afterPropertiesSet() on bean with name 'dept2Dao'
2016-12-16 09:49:15 org.springframework.beans.factory.support.AbstractBeanFactory.doGetBean(AbstractBeanFactory.java:251)  Returning cached instance of singleton bean 'org.springframework.transaction.config.internalTransactionAdvisor'
2016-12-16 09:49:15 org.springframework.beans.factory.support.AbstractAutowireCapableBeanFactory.createBean(AbstractAutowireCapableBeanFactory.java:484)  Finished creating instance of bean 'dept2Dao'
2016-12-16 09:49:15 org.springframework.beans.factory.support.AbstractBeanFactory.doGetBean(AbstractBeanFactory.java:251)  Returning cached instance of singleton bean 'deptDao'
2016-12-16 09:49:15 org.springframework.beans.factory.support.DefaultSingletonBeanRegistry.getSingleton(DefaultSingletonBeanRegistry.java:221)  Creating shared instance of singleton bean 'empDao'
2016-12-16 09:49:15 org.springframework.beans.factory.support.AbstractAutowireCapableBeanFactory.createBean(AbstractAutowireCapableBeanFactory.java:448)  Creating instance of bean 'empDao'
2016-12-16 09:49:15 org.springframework.beans.factory.support.AbstractAutowireCapableBeanFactory.doCreateBean(AbstractAutowireCapableBeanFactory.java:537)  Eagerly caching bean 'empDao' to allow for resolving potential circular references
2016-12-16 09:49:15 org.springframework.beans.factory.support.AbstractBeanFactory.doGetBean(AbstractBeanFactory.java:251)  Returning cached instance of singleton bean 'sqlSessionFactory'
2016-12-16 09:49:15 org.springframework.beans.factory.support.AbstractAutowireCapableBeanFactory.invokeInitMethods(AbstractAutowireCapableBeanFactory.java:1625)  Invoking afterPropertiesSet() on bean with name 'empDao'
2016-12-16 09:49:15 org.springframework.beans.factory.support.AbstractBeanFactory.doGetBean(AbstractBeanFactory.java:251)  Returning cached instance of singleton bean 'org.springframework.transaction.config.internalTransactionAdvisor'
2016-12-16 09:49:15 org.springframework.beans.factory.support.AbstractAutowireCapableBeanFactory.createBean(AbstractAutowireCapableBeanFactory.java:484)  Finished creating instance of bean 'empDao'
2016-12-16 09:49:15 org.springframework.beans.factory.support.AbstractBeanFactory.doGetBean(AbstractBeanFactory.java:251)  Returning cached instance of singleton bean 'org.springframework.context.event.internalEventListenerFactory'
2016-12-16 09:49:15 org.springframework.beans.factory.support.AbstractBeanFactory.doGetBean(AbstractBeanFactory.java:251)  Returning cached instance of singleton bean 'org.springframework.transaction.config.internalTransactionalEventListenerFactory'
2016-12-16 09:49:15 org.springframework.context.support.AbstractApplicationContext.initLifecycleProcessor(AbstractApplicationContext.java:784)  Unable to locate LifecycleProcessor with name 'lifecycleProcessor': using default [org.springframework.context.support.DefaultLifecycleProcessor@1ed4ae0f]
2016-12-16 09:49:15 org.springframework.beans.factory.support.AbstractBeanFactory.doGetBean(AbstractBeanFactory.java:251)  Returning cached instance of singleton bean 'lifecycleProcessor'
2016-12-16 09:49:15 org.springframework.beans.factory.support.AbstractBeanFactory.doGetBean(AbstractBeanFactory.java:251)  Returning cached instance of singleton bean 'sqlSessionFactory'
2016-12-16 09:49:15 org.springframework.core.env.PropertySourcesPropertyResolver.getProperty(PropertySourcesPropertyResolver.java:91)  Could not find key 'spring.liveBeansView.mbeanDomain' in any property source
2016-12-16 09:49:15 org.springframework.beans.factory.support.AbstractBeanFactory.doGetBean(AbstractBeanFactory.java:251)  Returning cached instance of singleton bean 'sqlSessionFactory'
2016-12-16 09:49:15 org.apache.ibatis.logging.commons.JakartaCommonsLoggingImpl.debug(JakartaCommonsLoggingImpl.java:54)  Cache Hit Ratio [com.hc.dao.Dept2Dao]: 0.0
2016-12-16 09:49:15 org.springframework.jdbc.datasource.DataSourceUtils.doGetConnection(DataSourceUtils.java:110)  Fetching JDBC Connection from DataSource
2016-12-16 09:49:15 com.alibaba.druid.pool.DruidDataSource.init(DruidDataSource.java:715)  {dataSource-1} inited
2016-12-16 09:49:16 org.apache.ibatis.logging.commons.JakartaCommonsLoggingImpl.debug(JakartaCommonsLoggingImpl.java:54)  JDBC Connection [com.mysql.jdbc.JDBC4Connection@29f7cefd] will not be managed by Spring
2016-12-16 09:49:16 org.apache.ibatis.logging.commons.JakartaCommonsLoggingImpl.debug(JakartaCommonsLoggingImpl.java:54)  ==>  Preparing: SELECT deptno, dname, loc,kouhao,yusuan from dept WHERE -- where下面第一个if语句中以and开头，也可以省略第一个and ，如果第一个if语句中有and；mybatis会将第一个and忽略 
2016-12-16 09:49:16 org.apache.ibatis.logging.commons.JakartaCommonsLoggingImpl.debug(JakartaCommonsLoggingImpl.java:54)  ==> Parameters: 
2016-12-16 09:49:50 org.springframework.core.env.MutablePropertySources.addLast(MutablePropertySources.java:109)  Adding [systemProperties] PropertySource with lowest search precedence
2016-12-16 09:49:50 org.springframework.core.env.MutablePropertySources.addLast(MutablePropertySources.java:109)  Adding [systemEnvironment] PropertySource with lowest search precedence
2016-12-16 09:49:50 org.springframework.core.env.AbstractEnvironment.<init>(AbstractEnvironment.java:124)  Initialized StandardEnvironment with PropertySources [systemProperties,systemEnvironment]
2016-12-16 09:49:50 org.springframework.context.support.AbstractApplicationContext.prepareRefresh(AbstractApplicationContext.java:582)  Refreshing org.springframework.context.support.ClassPathXmlApplicationContext@45c8e616: startup date [Fri Dec 16 09:49:50 CST 2016]; root of context hierarchy
2016-12-16 09:49:50 org.springframework.core.env.MutablePropertySources.addLast(MutablePropertySources.java:109)  Adding [systemProperties] PropertySource with lowest search precedence
2016-12-16 09:49:50 org.springframework.core.env.MutablePropertySources.addLast(MutablePropertySources.java:109)  Adding [systemEnvironment] PropertySource with lowest search precedence
2016-12-16 09:49:50 org.springframework.core.env.AbstractEnvironment.<init>(AbstractEnvironment.java:124)  Initialized StandardEnvironment with PropertySources [systemProperties,systemEnvironment]
2016-12-16 09:49:50 org.springframework.beans.factory.xml.XmlBeanDefinitionReader.loadBeanDefinitions(XmlBeanDefinitionReader.java:317)  Loading XML bean definitions from class path resource [applicationContext.xml]
2016-12-16 09:49:50 org.springframework.beans.factory.xml.DefaultDocumentLoader.loadDocument(DefaultDocumentLoader.java:73)  Using JAXP provider [com.sun.org.apache.xerces.internal.jaxp.DocumentBuilderFactoryImpl]
2016-12-16 09:49:50 org.springframework.beans.factory.xml.PluggableSchemaResolver.getSchemaMappings(PluggableSchemaResolver.java:141)  Loading schema mappings from [META-INF/spring.schemas]
2016-12-16 09:49:50 org.springframework.beans.factory.xml.PluggableSchemaResolver.getSchemaMappings(PluggableSchemaResolver.java:147)  Loaded schema mappings: {http://www.springframework.org/schema/tx/spring-tx-4.3.xsd=org/springframework/transaction/config/spring-tx-4.3.xsd, http://www.springframework.org/schema/tx/spring-tx-2.5.xsd=org/springframework/transaction/config/spring-tx-2.5.xsd, http://www.springframework.org/schema/cache/spring-cache-4.2.xsd=org/springframework/cache/config/spring-cache-4.2.xsd, http://www.springframework.org/schema/aop/spring-aop-4.1.xsd=org/springframework/aop/config/spring-aop-4.1.xsd, http://www.springframework.org/schema/context/spring-context-3.1.xsd=org/springframework/context/config/spring-context-3.1.xsd, http://www.springframework.org/schema/jdbc/spring-jdbc-4.1.xsd=org/springframework/jdbc/config/spring-jdbc-4.1.xsd, http://www.springframework.org/schema/mvc/spring-mvc-4.1.xsd=org/springframework/web/servlet/config/spring-mvc-4.1.xsd, http://www.springframework.org/schema/util/spring-util-3.0.xsd=org/springframework/beans/factory/xml/spring-util-3.0.xsd, http://mybatis.org/schema/mybatis-spring-1.2.xsd=org/mybatis/spring/config/mybatis-spring-1.2.xsd, http://www.springframework.org/schema/tool/spring-tool.xsd=org/springframework/beans/factory/xml/spring-tool-4.3.xsd, http://www.springframework.org/schema/aop/spring-aop-3.2.xsd=org/springframework/aop/config/spring-aop-3.2.xsd, http://www.springframework.org/schema/lang/spring-lang-4.1.xsd=org/springframework/scripting/config/spring-lang-4.1.xsd, http://www.springframework.org/schema/context/spring-context-4.0.xsd=org/springframework/context/config/spring-context-4.0.xsd, http://www.springframework.org/schema/mvc/spring-mvc-3.2.xsd=org/springframework/web/servlet/config/spring-mvc-3.2.xsd, http://www.springframework.org/schema/beans/spring-beans-4.2.xsd=org/springframework/beans/factory/xml/spring-beans-4.2.xsd, http://www.springframework.org/schema/tool/spring-tool-4.1.xsd=org/springframework/beans/factory/xml/spring-tool-4.1.xsd, http://www.springframework.org/schema/lang/spring-lang-3.2.xsd=org/springframework/scripting/config/spring-lang-3.2.xsd, http://www.springframework.org/schema/cache/spring-cache-3.2.xsd=org/springframework/cache/config/spring-cache-3.2.xsd, http://www.springframework.org/schema/jee/spring-jee-4.1.xsd=org/springframework/ejb/config/spring-jee-4.1.xsd, http://www.springframework.org/schema/jdbc/spring-jdbc-3.1.xsd=org/springframework/jdbc/config/spring-jdbc-3.1.xsd, http://www.springframework.org/schema/util/spring-util-2.0.xsd=org/springframework/beans/factory/xml/spring-util-2.0.xsd, http://www.springframework.org/schema/task/spring-task-4.2.xsd=org/springframework/scheduling/config/spring-task-4.2.xsd, http://www.springframework.org/schema/tool/spring-tool-3.2.xsd=org/springframework/beans/factory/xml/spring-tool-3.2.xsd, http://www.springframework.org/schema/context/spring-context.xsd=org/springframework/context/config/spring-context-4.3.xsd, http://www.springframework.org/schema/tx/spring-tx-4.2.xsd=org/springframework/transaction/config/spring-tx-4.2.xsd, http://www.springframework.org/schema/cache/spring-cache-4.1.xsd=org/springframework/cache/config/spring-cache-4.1.xsd, http://www.springframework.org/schema/aop/spring-aop-4.0.xsd=org/springframework/aop/config/spring-aop-4.0.xsd, http://www.springframework.org/schema/jee/spring-jee-3.2.xsd=org/springframework/ejb/config/spring-jee-3.2.xsd, http://www.springframework.org/schema/context/spring-context-3.0.xsd=org/springframework/context/config/spring-context-3.0.xsd, http://www.springframework.org/schema/jdbc/spring-jdbc-4.0.xsd=org/springframework/jdbc/config/spring-jdbc-4.0.xsd, http://www.springframework.org/schema/mvc/spring-mvc-4.0.xsd=org/springframework/web/servlet/config/spring-mvc-4.0.xsd, http://www.springframework.org/schema/util/spring-util-4.3.xsd=org/springframework/beans/factory/xml/spring-util-4.3.xsd, http://www.springframework.org/schema/util/spring-util-2.5.xsd=org/springframework/beans/factory/xml/spring-util-2.5.xsd, http://www.springframework.org/schema/beans/spring-beans-3.2.xsd=org/springframework/beans/factory/xml/spring-beans-3.2.xsd, http://www.springframework.org/schema/aop/spring-aop-3.1.xsd=org/springframework/aop/config/spring-aop-3.1.xsd, http://www.springframework.org/schema/lang/spring-lang-4.0.xsd=org/springframework/scripting/config/spring-lang-4.0.xsd, http://www.springframework.org/schema/mvc/spring-mvc.xsd=org/springframework/web/servlet/config/spring-mvc-4.3.xsd, http://www.springframework.org/schema/mvc/spring-mvc-3.1.xsd=org/springframework/web/servlet/config/spring-mvc-3.1.xsd, http://www.springframework.org/schema/beans/spring-beans-4.1.xsd=org/springframework/beans/factory/xml/spring-beans-4.1.xsd, http://www.springframework.org/schema/tool/spring-tool-4.0.xsd=org/springframework/beans/factory/xml/spring-tool-4.0.xsd, http://www.springframework.org/schema/tx/spring-tx-3.2.xsd=org/springframework/transaction/config/spring-tx-3.2.xsd, http://www.springframework.org/schema/lang/spring-lang-3.1.xsd=org/springframework/scripting/config/spring-lang-3.1.xsd, http://www.springframework.org/schema/cache/spring-cache-3.1.xsd=org/springframework/cache/config/spring-cache-3.1.xsd, http://www.springframework.org/schema/jee/spring-jee-4.0.xsd=org/springframework/ejb/config/spring-jee-4.0.xsd, http://www.springframework.org/schema/jdbc/spring-jdbc-3.0.xsd=org/springframework/jdbc/config/spring-jdbc-3.0.xsd, http://www.springframework.org/schema/task/spring-task-4.1.xsd=org/springframework/scheduling/config/spring-task-4.1.xsd, http://www.springframework.org/schema/jdbc/spring-jdbc.xsd=org/springframework/jdbc/config/spring-jdbc-4.3.xsd, http://www.springframework.org/schema/tool/spring-tool-3.1.xsd=org/springframework/beans/factory/xml/spring-tool-3.1.xsd, http://www.springframework.org/schema/tx/spring-tx-4.1.xsd=org/springframework/transaction/config/spring-tx-4.1.xsd, http://www.springframework.org/schema/cache/spring-cache-4.0.xsd=org/springframework/cache/config/spring-cache-4.0.xsd, http://www.springframework.org/schema/jee/spring-jee-3.1.xsd=org/springframework/ejb/config/spring-jee-3.1.xsd, http://www.springframework.org/schema/util/spring-util-4.2.xsd=org/springframework/beans/factory/xml/spring-util-4.2.xsd, http://www.springframework.org/schema/task/spring-task-3.2.xsd=org/springframework/scheduling/config/spring-task-3.2.xsd, http://www.springframework.org/schema/beans/spring-beans-3.1.xsd=org/springframework/beans/factory/xml/spring-beans-3.1.xsd, http://www.springframework.org/schema/util/spring-util.xsd=org/springframework/beans/factory/xml/spring-util-4.3.xsd, http://www.springframework.org/schema/aop/spring-aop-3.0.xsd=org/springframework/aop/config/spring-aop-3.0.xsd, http://www.springframework.org/schema/mvc/spring-mvc-3.0.xsd=org/springframework/web/servlet/config/spring-mvc-3.0.xsd, http://www.springframework.org/schema/beans/spring-beans-4.0.xsd=org/springframework/beans/factory/xml/spring-beans-4.0.xsd, http://www.springframework.org/schema/beans/spring-beans.xsd=org/springframework/beans/factory/xml/spring-beans-4.3.xsd, http://mybatis.org/schema/mybatis-spring.xsd=org/mybatis/spring/config/mybatis-spring-1.2.xsd, http://www.springframework.org/schema/tx/spring-tx-3.1.xsd=org/springframework/transaction/config/spring-tx-3.1.xsd, http://www.springframework.org/schema/lang/spring-lang-3.0.xsd=org/springframework/scripting/config/spring-lang-3.0.xsd, http://www.springframework.org/schema/context/spring-context-2.5.xsd=org/springframework/context/config/spring-context-2.5.xsd, http://www.springframework.org/schema/context/spring-context-4.3.xsd=org/springframework/context/config/spring-context-4.3.xsd, http://www.springframework.org/schema/task/spring-task-4.0.xsd=org/springframework/scheduling/config/spring-task-4.0.xsd, http://www.springframework.org/schema/tool/spring-tool-3.0.xsd=org/springframework/beans/factory/xml/spring-tool-3.0.xsd, http://www.springframework.org/schema/tx/spring-tx-4.0.xsd=org/springframework/transaction/config/spring-tx-4.0.xsd, http://www.springframework.org/schema/aop/spring-aop-2.0.xsd=org/springframework/aop/config/spring-aop-2.0.xsd, http://www.springframework.org/schema/jee/spring-jee-3.0.xsd=org/springframework/ejb/config/spring-jee-3.0.xsd, http://www.springframework.org/schema/util/spring-util-4.1.xsd=org/springframework/beans/factory/xml/spring-util-4.1.xsd, http://www.springframework.org/schema/task/spring-task-3.1.xsd=org/springframework/scheduling/config/spring-task-3.1.xsd, http://www.springframework.org/schema/beans/spring-beans-3.0.xsd=org/springframework/beans/factory/xml/spring-beans-3.0.xsd, http://www.springframework.org/schema/jee/spring-jee.xsd=org/springframework/ejb/config/spring-jee-4.3.xsd, http://www.springframework.org/schema/aop/spring-aop-2.5.xsd=org/springframework/aop/config/spring-aop-2.5.xsd, http://www.springframework.org/schema/aop/spring-aop-4.3.xsd=org/springframework/aop/config/spring-aop-4.3.xsd, http://www.springframework.org/schema/lang/spring-lang-2.0.xsd=org/springframework/scripting/config/spring-lang-2.0.xsd, http://www.springframework.org/schema/jdbc/spring-jdbc-4.3.xsd=org/springframework/jdbc/config/spring-jdbc-4.3.xsd, http://www.springframework.org/schema/mvc/spring-mvc-4.3.xsd=org/springframework/web/servlet/config/spring-mvc-4.3.xsd, http://www.springframework.org/schema/util/spring-util-3.2.xsd=org/springframework/beans/factory/xml/spring-util-3.2.xsd, http://www.springframework.org/schema/task/spring-task.xsd=org/springframework/scheduling/config/spring-task-4.3.xsd, http://www.springframework.org/schema/tool/spring-tool-2.0.xsd=org/springframework/beans/factory/xml/spring-tool-2.0.xsd, http://www.springframework.org/schema/tx/spring-tx-3.0.xsd=org/springframework/transaction/config/spring-tx-3.0.xsd, http://www.springframework.org/schema/lang/spring-lang-2.5.xsd=org/springframework/scripting/config/spring-lang-2.5.xsd, http://www.springframework.org/schema/lang/spring-lang-4.3.xsd=org/springframework/scripting/config/spring-lang-4.3.xsd, http://www.springframework.org/schema/context/spring-context-4.2.xsd=org/springframework/context/config/spring-context-4.2.xsd, http://www.springframework.org/schema/jee/spring-jee-2.0.xsd=org/springframework/ejb/config/spring-jee-2.0.xsd, http://www.springframework.org/schema/tool/spring-tool-4.3.xsd=org/springframework/beans/factory/xml/spring-tool-4.3.xsd, http://www.springframework.org/schema/tool/spring-tool-2.5.xsd=org/springframework/beans/factory/xml/spring-tool-2.5.xsd, http://www.springframework.org/schema/jee/spring-jee-4.3.xsd=org/springframework/ejb/config/spring-jee-4.3.xsd, http://www.springframework.org/schema/jee/spring-jee-2.5.xsd=org/springframework/ejb/config/spring-jee-2.5.xsd, http://www.springframework.org/schema/util/spring-util-4.0.xsd=org/springframework/beans/factory/xml/spring-util-4.0.xsd, http://www.springframework.org/schema/task/spring-task-3.0.xsd=org/springframework/scheduling/config/spring-task-3.0.xsd, http://www.springframework.org/schema/cache/spring-cache-4.3.xsd=org/springframework/cache/config/spring-cache-4.3.xsd, http://www.springframework.org/schema/aop/spring-aop-4.2.xsd=org/springframework/aop/config/spring-aop-4.2.xsd, http://www.springframework.org/schema/lang/spring-lang.xsd=org/springframework/scripting/config/spring-lang-4.3.xsd, http://www.springframework.org/schema/context/spring-context-3.2.xsd=org/springframework/context/config/spring-context-3.2.xsd, http://www.springframework.org/schema/jdbc/spring-jdbc-4.2.xsd=org/springframework/jdbc/config/spring-jdbc-4.2.xsd, http://www.springframework.org/schema/mvc/spring-mvc-4.2.xsd=org/springframework/web/servlet/config/spring-mvc-4.2.xsd, http://www.springframework.org/schema/util/spring-util-3.1.xsd=org/springframework/beans/factory/xml/spring-util-3.1.xsd, http://www.springframework.org/schema/beans/spring-beans-2.0.xsd=org/springframework/beans/factory/xml/spring-beans-2.0.xsd, http://www.springframework.org/schema/cache/spring-cache.xsd=org/springframework/cache/config/spring-cache-4.3.xsd, http://www.springframework.org/schema/tx/spring-tx.xsd=org/springframework/transaction/config/spring-tx-4.3.xsd, http://www.springframework.org/schema/lang/spring-lang-4.2.xsd=org/springframework/scripting/config/spring-lang-4.2.xsd, http://www.springframework.org/schema/context/spring-context-4.1.xsd=org/springframework/context/config/spring-context-4.1.xsd, http://www.springframework.org/schema/beans/spring-beans-2.5.xsd=org/springframework/beans/factory/xml/spring-beans-2.5.xsd, http://www.springframework.org/schema/beans/spring-beans-4.3.xsd=org/springframework/beans/factory/xml/spring-beans-4.3.xsd, http://www.springframework.org/schema/tool/spring-tool-4.2.xsd=org/springframework/beans/factory/xml/spring-tool-4.2.xsd, http://www.springframework.org/schema/tx/spring-tx-2.0.xsd=org/springframework/transaction/config/spring-tx-2.0.xsd, http://www.alibaba.com/schema/stat.xsd=META-INF/stat.xsd, http://www.springframework.org/schema/jee/spring-jee-4.2.xsd=org/springframework/ejb/config/spring-jee-4.2.xsd, http://www.springframework.org/schema/jdbc/spring-jdbc-3.2.xsd=org/springframework/jdbc/config/spring-jdbc-3.2.xsd, http://www.springframework.org/schema/task/spring-task-4.3.xsd=org/springframework/scheduling/config/spring-task-4.3.xsd, http://www.springframework.org/schema/aop/spring-aop.xsd=org/springframework/aop/config/spring-aop-4.3.xsd}
2016-12-16 09:49:50 org.springframework.beans.factory.xml.PluggableSchemaResolver.resolveEntity(PluggableSchemaResolver.java:119)  Found XML schema [http://www.springframework.org/schema/beans/spring-beans.xsd] in classpath: org/springframework/beans/factory/xml/spring-beans-4.3.xsd
2016-12-16 09:49:50 org.springframework.beans.factory.xml.PluggableSchemaResolver.resolveEntity(PluggableSchemaResolver.java:119)  Found XML schema [http://www.springframework.org/schema/context/spring-context.xsd] in classpath: org/springframework/context/config/spring-context-4.3.xsd
2016-12-16 09:49:50 org.springframework.beans.factory.xml.PluggableSchemaResolver.resolveEntity(PluggableSchemaResolver.java:119)  Found XML schema [http://www.springframework.org/schema/tool/spring-tool-4.3.xsd] in classpath: org/springframework/beans/factory/xml/spring-tool-4.3.xsd
2016-12-16 09:49:50 org.springframework.beans.factory.xml.PluggableSchemaResolver.resolveEntity(PluggableSchemaResolver.java:119)  Found XML schema [http://www.springframework.org/schema/tx/spring-tx.xsd] in classpath: org/springframework/transaction/config/spring-tx-4.3.xsd
2016-12-16 09:49:50 org.springframework.beans.factory.xml.DefaultBeanDefinitionDocumentReader.registerBeanDefinitions(DefaultBeanDefinitionDocumentReader.java:92)  Loading bean definitions
2016-12-16 09:49:50 org.springframework.beans.factory.xml.DefaultNamespaceHandlerResolver.getHandlerMappings(DefaultNamespaceHandlerResolver.java:157)  Loaded NamespaceHandler mappings: {http://www.springframework.org/schema/p=org.springframework.beans.factory.xml.SimplePropertyNamespaceHandler, http://www.springframework.org/schema/mvc=org.springframework.web.servlet.config.MvcNamespaceHandler, http://www.springframework.org/schema/util=org.springframework.beans.factory.xml.UtilNamespaceHandler, http://www.alibaba.com/schema/stat=com.alibaba.druid.support.spring.stat.config.DruidStatNamespaceHandler, http://www.springframework.org/schema/jee=org.springframework.ejb.config.JeeNamespaceHandler, http://www.springframework.org/schema/aop=org.springframework.aop.config.AopNamespaceHandler, http://www.springframework.org/schema/jdbc=org.springframework.jdbc.config.JdbcNamespaceHandler, http://www.springframework.org/schema/cache=org.springframework.cache.config.CacheNamespaceHandler, http://mybatis.org/schema/mybatis-spring=org.mybatis.spring.config.NamespaceHandler, http://www.springframework.org/schema/c=org.springframework.beans.factory.xml.SimpleConstructorNamespaceHandler, http://www.springframework.org/schema/tx=org.springframework.transaction.config.TxNamespaceHandler, http://www.springframework.org/schema/task=org.springframework.scheduling.config.TaskNamespaceHandler, http://www.springframework.org/schema/lang=org.springframework.scripting.config.LangNamespaceHandler, http://www.springframework.org/schema/context=org.springframework.context.config.ContextNamespaceHandler}
2016-12-16 09:49:51 org.springframework.core.env.MutablePropertySources.addLast(MutablePropertySources.java:109)  Adding [systemProperties] PropertySource with lowest search precedence
2016-12-16 09:49:51 org.springframework.core.env.MutablePropertySources.addLast(MutablePropertySources.java:109)  Adding [systemEnvironment] PropertySource with lowest search precedence
2016-12-16 09:49:51 org.springframework.core.env.AbstractEnvironment.<init>(AbstractEnvironment.java:124)  Initialized StandardEnvironment with PropertySources [systemProperties,systemEnvironment]
2016-12-16 09:49:51 org.springframework.core.io.support.PathMatchingResourcePatternResolver.findAllClassPathResources(PathMatchingResourcePatternResolver.java:317)  Resolved classpath location [com/hc/] to resources [URL [file:/D:/SpringMybatisWebDemo/target/classes/com/hc/]]
2016-12-16 09:49:51 org.springframework.core.io.support.PathMatchingResourcePatternResolver.doFindMatchingFileSystemResources(PathMatchingResourcePatternResolver.java:711)  Looking for matching resources in directory tree [D:\SpringMybatisWebDemo\target\classes\com\hc]
2016-12-16 09:49:51 org.springframework.core.io.support.PathMatchingResourcePatternResolver.doRetrieveMatchingFiles(PathMatchingResourcePatternResolver.java:773)  Searching directory [D:\SpringMybatisWebDemo\target\classes\com\hc] for files matching pattern [D:/SpringMybatisWebDemo/target/classes/com/hc/**/*.class]
2016-12-16 09:49:51 org.springframework.core.io.support.PathMatchingResourcePatternResolver.doRetrieveMatchingFiles(PathMatchingResourcePatternResolver.java:773)  Searching directory [D:\SpringMybatisWebDemo\target\classes\com\hc\action] for files matching pattern [D:/SpringMybatisWebDemo/target/classes/com/hc/**/*.class]
2016-12-16 09:49:51 org.springframework.core.io.support.PathMatchingResourcePatternResolver.doRetrieveMatchingFiles(PathMatchingResourcePatternResolver.java:773)  Searching directory [D:\SpringMybatisWebDemo\target\classes\com\hc\dao] for files matching pattern [D:/SpringMybatisWebDemo/target/classes/com/hc/**/*.class]
2016-12-16 09:49:51 org.springframework.core.io.support.PathMatchingResourcePatternResolver.doRetrieveMatchingFiles(PathMatchingResourcePatternResolver.java:773)  Searching directory [D:\SpringMybatisWebDemo\target\classes\com\hc\domain] for files matching pattern [D:/SpringMybatisWebDemo/target/classes/com/hc/**/*.class]
2016-12-16 09:49:51 org.springframework.core.io.support.PathMatchingResourcePatternResolver.doRetrieveMatchingFiles(PathMatchingResourcePatternResolver.java:773)  Searching directory [D:\SpringMybatisWebDemo\target\classes\com\hc\mapping] for files matching pattern [D:/SpringMybatisWebDemo/target/classes/com/hc/**/*.class]
2016-12-16 09:49:51 org.springframework.core.io.support.PathMatchingResourcePatternResolver.doRetrieveMatchingFiles(PathMatchingResourcePatternResolver.java:773)  Searching directory [D:\SpringMybatisWebDemo\target\classes\com\hc\service] for files matching pattern [D:/SpringMybatisWebDemo/target/classes/com/hc/**/*.class]
2016-12-16 09:49:51 org.springframework.core.io.support.PathMatchingResourcePatternResolver.doRetrieveMatchingFiles(PathMatchingResourcePatternResolver.java:773)  Searching directory [D:\SpringMybatisWebDemo\target\classes\com\hc\service\impl] for files matching pattern [D:/SpringMybatisWebDemo/target/classes/com/hc/**/*.class]
2016-12-16 09:49:51 org.springframework.core.io.support.PathMatchingResourcePatternResolver.doRetrieveMatchingFiles(PathMatchingResourcePatternResolver.java:773)  Searching directory [D:\SpringMybatisWebDemo\target\classes\com\hc\utils] for files matching pattern [D:/SpringMybatisWebDemo/target/classes/com/hc/**/*.class]
2016-12-16 09:49:51 org.springframework.core.io.support.PathMatchingResourcePatternResolver.findPathMatchingResources(PathMatchingResourcePatternResolver.java:483)  Resolved location pattern [classpath*:com/hc/**/*.class] to resources [file [D:\SpringMybatisWebDemo\target\classes\com\hc\action\DeptController.class], file [D:\SpringMybatisWebDemo\target\classes\com\hc\action\DeptServlet.class], file [D:\SpringMybatisWebDemo\target\classes\com\hc\dao\Dept2Dao.class], file [D:\SpringMybatisWebDemo\target\classes\com\hc\dao\DeptDao.class], file [D:\SpringMybatisWebDemo\target\classes\com\hc\dao\EmpDao.class], file [D:\SpringMybatisWebDemo\target\classes\com\hc\DemoTest.class], file [D:\SpringMybatisWebDemo\target\classes\com\hc\domain\Dept.class], file [D:\SpringMybatisWebDemo\target\classes\com\hc\domain\Dept2.class], file [D:\SpringMybatisWebDemo\target\classes\com\hc\domain\DeptQuery.class], file [D:\SpringMybatisWebDemo\target\classes\com\hc\domain\Emp.class], file [D:\SpringMybatisWebDemo\target\classes\com\hc\service\DeptService.class], file [D:\SpringMybatisWebDemo\target\classes\com\hc\service\impl\DeptServiceImpl.class], file [D:\SpringMybatisWebDemo\target\classes\com\hc\utils\String2DateTime.class]]
2016-12-16 09:49:51 org.springframework.context.annotation.ClassPathScanningCandidateComponentProvider.findCandidateComponents(ClassPathScanningCandidateComponentProvider.java:286)  Identified candidate component class: file [D:\SpringMybatisWebDemo\target\classes\com\hc\action\DeptController.class]
2016-12-16 09:49:51 org.springframework.context.annotation.ClassPathScanningCandidateComponentProvider.findCandidateComponents(ClassPathScanningCandidateComponentProvider.java:286)  Identified candidate component class: file [D:\SpringMybatisWebDemo\target\classes\com\hc\service\impl\DeptServiceImpl.class]
2016-12-16 09:49:51 org.springframework.beans.factory.xml.BeanDefinitionParserDelegate.parseBeanDefinitionElement(BeanDefinitionParserDelegate.java:481)  Neither XML 'id' nor 'name' specified - using generated bean name [org.mybatis.spring.mapper.MapperScannerConfigurer#0]
2016-12-16 09:49:51 org.springframework.beans.factory.support.AbstractBeanDefinitionReader.loadBeanDefinitions(AbstractBeanDefinitionReader.java:224)  Loaded 17 bean definitions from location pattern [applicationContext.xml]
2016-12-16 09:49:51 org.springframework.context.support.AbstractApplicationContext.obtainFreshBeanFactory(AbstractApplicationContext.java:616)  Bean factory for org.springframework.context.support.ClassPathXmlApplicationContext@45c8e616: org.springframework.beans.factory.support.DefaultListableBeanFactory@6c3f5566: defining beans [deptController,deptServiceImpl,org.springframework.context.annotation.internalConfigurationAnnotationProcessor,org.springframework.context.annotation.internalAutowiredAnnotationProcessor,org.springframework.context.annotation.internalRequiredAnnotationProcessor,org.springframework.context.annotation.internalCommonAnnotationProcessor,org.springframework.context.event.internalEventListenerProcessor,org.springframework.context.event.internalEventListenerFactory,dataSource123,sqlSessionFactory,org.mybatis.spring.mapper.MapperScannerConfigurer#0,txManager,org.springframework.transaction.config.internalTransactionalEventListenerFactory,org.springframework.aop.config.internalAutoProxyCreator,org.springframework.transaction.annotation.AnnotationTransactionAttributeSource#0,org.springframework.transaction.interceptor.TransactionInterceptor#0,org.springframework.transaction.config.internalTransactionAdvisor]; root of factory hierarchy
2016-12-16 09:49:51 org.springframework.beans.factory.support.DefaultSingletonBeanRegistry.getSingleton(DefaultSingletonBeanRegistry.java:221)  Creating shared instance of singleton bean 'org.springframework.context.annotation.internalConfigurationAnnotationProcessor'
2016-12-16 09:49:51 org.springframework.beans.factory.support.AbstractAutowireCapableBeanFactory.createBean(AbstractAutowireCapableBeanFactory.java:448)  Creating instance of bean 'org.springframework.context.annotation.internalConfigurationAnnotationProcessor'
2016-12-16 09:49:51 org.springframework.beans.factory.support.AbstractAutowireCapableBeanFactory.doCreateBean(AbstractAutowireCapableBeanFactory.java:537)  Eagerly caching bean 'org.springframework.context.annotation.internalConfigurationAnnotationProcessor' to allow for resolving potential circular references
2016-12-16 09:49:51 org.springframework.beans.factory.support.AbstractAutowireCapableBeanFactory.createBean(AbstractAutowireCapableBeanFactory.java:484)  Finished creating instance of bean 'org.springframework.context.annotation.internalConfigurationAnnotationProcessor'
2016-12-16 09:49:51 org.springframework.beans.factory.support.DefaultSingletonBeanRegistry.getSingleton(DefaultSingletonBeanRegistry.java:221)  Creating shared instance of singleton bean 'org.mybatis.spring.mapper.MapperScannerConfigurer#0'
2016-12-16 09:49:51 org.springframework.beans.factory.support.AbstractAutowireCapableBeanFactory.createBean(AbstractAutowireCapableBeanFactory.java:448)  Creating instance of bean 'org.mybatis.spring.mapper.MapperScannerConfigurer#0'
2016-12-16 09:49:51 org.springframework.beans.factory.support.AbstractAutowireCapableBeanFactory.doCreateBean(AbstractAutowireCapableBeanFactory.java:537)  Eagerly caching bean 'org.mybatis.spring.mapper.MapperScannerConfigurer#0' to allow for resolving potential circular references
2016-12-16 09:49:51 org.springframework.beans.factory.support.AbstractAutowireCapableBeanFactory.invokeInitMethods(AbstractAutowireCapableBeanFactory.java:1625)  Invoking afterPropertiesSet() on bean with name 'org.mybatis.spring.mapper.MapperScannerConfigurer#0'
2016-12-16 09:49:51 org.springframework.beans.factory.support.AbstractAutowireCapableBeanFactory.createBean(AbstractAutowireCapableBeanFactory.java:484)  Finished creating instance of bean 'org.mybatis.spring.mapper.MapperScannerConfigurer#0'
2016-12-16 09:49:51 org.springframework.core.env.MutablePropertySources.addLast(MutablePropertySources.java:109)  Adding [systemProperties] PropertySource with lowest search precedence
2016-12-16 09:49:51 org.springframework.core.env.MutablePropertySources.addLast(MutablePropertySources.java:109)  Adding [systemEnvironment] PropertySource with lowest search precedence
2016-12-16 09:49:51 org.springframework.core.env.AbstractEnvironment.<init>(AbstractEnvironment.java:124)  Initialized StandardEnvironment with PropertySources [systemProperties,systemEnvironment]
2016-12-16 09:49:51 org.springframework.core.io.support.PathMatchingResourcePatternResolver.findAllClassPathResources(PathMatchingResourcePatternResolver.java:317)  Resolved classpath location [com/hc/dao/] to resources [URL [file:/D:/SpringMybatisWebDemo/target/classes/com/hc/dao/]]
2016-12-16 09:49:51 org.springframework.core.io.support.PathMatchingResourcePatternResolver.doFindMatchingFileSystemResources(PathMatchingResourcePatternResolver.java:711)  Looking for matching resources in directory tree [D:\SpringMybatisWebDemo\target\classes\com\hc\dao]
2016-12-16 09:49:51 org.springframework.core.io.support.PathMatchingResourcePatternResolver.doRetrieveMatchingFiles(PathMatchingResourcePatternResolver.java:773)  Searching directory [D:\SpringMybatisWebDemo\target\classes\com\hc\dao] for files matching pattern [D:/SpringMybatisWebDemo/target/classes/com/hc/dao/**/*.class]
2016-12-16 09:49:51 org.springframework.core.io.support.PathMatchingResourcePatternResolver.findPathMatchingResources(PathMatchingResourcePatternResolver.java:483)  Resolved location pattern [classpath*:com/hc/dao/**/*.class] to resources [file [D:\SpringMybatisWebDemo\target\classes\com\hc\dao\Dept2Dao.class], file [D:\SpringMybatisWebDemo\target\classes\com\hc\dao\DeptDao.class], file [D:\SpringMybatisWebDemo\target\classes\com\hc\dao\EmpDao.class]]
2016-12-16 09:49:51 org.springframework.context.annotation.ClassPathScanningCandidateComponentProvider.findCandidateComponents(ClassPathScanningCandidateComponentProvider.java:286)  Identified candidate component class: file [D:\SpringMybatisWebDemo\target\classes\com\hc\dao\Dept2Dao.class]
2016-12-16 09:49:51 org.springframework.context.annotation.ClassPathScanningCandidateComponentProvider.findCandidateComponents(ClassPathScanningCandidateComponentProvider.java:286)  Identified candidate component class: file [D:\SpringMybatisWebDemo\target\classes\com\hc\dao\DeptDao.class]
2016-12-16 09:49:51 org.springframework.context.annotation.ClassPathScanningCandidateComponentProvider.findCandidateComponents(ClassPathScanningCandidateComponentProvider.java:286)  Identified candidate component class: file [D:\SpringMybatisWebDemo\target\classes\com\hc\dao\EmpDao.class]
2016-12-16 09:49:51 org.mybatis.spring.mapper.ClassPathMapperScanner.processBeanDefinitions(ClassPathMapperScanner.java:181)  Creating MapperFactoryBean with name 'dept2Dao' and 'com.hc.dao.Dept2Dao' mapperInterface
2016-12-16 09:49:51 org.mybatis.spring.mapper.ClassPathMapperScanner.processBeanDefinitions(ClassPathMapperScanner.java:181)  Creating MapperFactoryBean with name 'deptDao' and 'com.hc.dao.DeptDao' mapperInterface
2016-12-16 09:49:51 org.mybatis.spring.mapper.ClassPathMapperScanner.processBeanDefinitions(ClassPathMapperScanner.java:181)  Creating MapperFactoryBean with name 'empDao' and 'com.hc.dao.EmpDao' mapperInterface
2016-12-16 09:49:51 org.springframework.beans.factory.support.DefaultSingletonBeanRegistry.getSingleton(DefaultSingletonBeanRegistry.java:221)  Creating shared instance of singleton bean 'org.springframework.context.annotation.internalAutowiredAnnotationProcessor'
2016-12-16 09:49:51 org.springframework.beans.factory.support.AbstractAutowireCapableBeanFactory.createBean(AbstractAutowireCapableBeanFactory.java:448)  Creating instance of bean 'org.springframework.context.annotation.internalAutowiredAnnotationProcessor'
2016-12-16 09:49:51 org.springframework.beans.factory.support.AbstractAutowireCapableBeanFactory.doCreateBean(AbstractAutowireCapableBeanFactory.java:537)  Eagerly caching bean 'org.springframework.context.annotation.internalAutowiredAnnotationProcessor' to allow for resolving potential circular references
2016-12-16 09:49:51 org.springframework.beans.factory.support.AbstractAutowireCapableBeanFactory.createBean(AbstractAutowireCapableBeanFactory.java:484)  Finished creating instance of bean 'org.springframework.context.annotation.internalAutowiredAnnotationProcessor'
2016-12-16 09:49:51 org.springframework.beans.factory.support.DefaultSingletonBeanRegistry.getSingleton(DefaultSingletonBeanRegistry.java:221)  Creating shared instance of singleton bean 'org.springframework.context.annotation.internalRequiredAnnotationProcessor'
2016-12-16 09:49:51 org.springframework.beans.factory.support.AbstractAutowireCapableBeanFactory.createBean(AbstractAutowireCapableBeanFactory.java:448)  Creating instance of bean 'org.springframework.context.annotation.internalRequiredAnnotationProcessor'
2016-12-16 09:49:51 org.springframework.beans.factory.support.AbstractAutowireCapableBeanFactory.doCreateBean(AbstractAutowireCapableBeanFactory.java:537)  Eagerly caching bean 'org.springframework.context.annotation.internalRequiredAnnotationProcessor' to allow for resolving potential circular references
2016-12-16 09:49:51 org.springframework.beans.factory.support.AbstractAutowireCapableBeanFactory.createBean(AbstractAutowireCapableBeanFactory.java:484)  Finished creating instance of bean 'org.springframework.context.annotation.internalRequiredAnnotationProcessor'
2016-12-16 09:49:51 org.springframework.beans.factory.support.DefaultSingletonBeanRegistry.getSingleton(DefaultSingletonBeanRegistry.java:221)  Creating shared instance of singleton bean 'org.springframework.context.annotation.internalCommonAnnotationProcessor'
2016-12-16 09:49:51 org.springframework.beans.factory.support.AbstractAutowireCapableBeanFactory.createBean(AbstractAutowireCapableBeanFactory.java:448)  Creating instance of bean 'org.springframework.context.annotation.internalCommonAnnotationProcessor'
2016-12-16 09:49:51 org.springframework.beans.factory.support.AbstractAutowireCapableBeanFactory.doCreateBean(AbstractAutowireCapableBeanFactory.java:537)  Eagerly caching bean 'org.springframework.context.annotation.internalCommonAnnotationProcessor' to allow for resolving potential circular references
2016-12-16 09:49:51 org.springframework.beans.factory.support.AbstractAutowireCapableBeanFactory.createBean(AbstractAutowireCapableBeanFactory.java:484)  Finished creating instance of bean 'org.springframework.context.annotation.internalCommonAnnotationProcessor'
2016-12-16 09:49:51 org.springframework.beans.factory.support.DefaultSingletonBeanRegistry.getSingleton(DefaultSingletonBeanRegistry.java:221)  Creating shared instance of singleton bean 'org.springframework.context.annotation.ConfigurationClassPostProcessor.importAwareProcessor'
2016-12-16 09:49:51 org.springframework.beans.factory.support.AbstractAutowireCapableBeanFactory.createBean(AbstractAutowireCapableBeanFactory.java:448)  Creating instance of bean 'org.springframework.context.annotation.ConfigurationClassPostProcessor.importAwareProcessor'
2016-12-16 09:49:51 org.springframework.beans.factory.support.AbstractAutowireCapableBeanFactory.doCreateBean(AbstractAutowireCapableBeanFactory.java:537)  Eagerly caching bean 'org.springframework.context.annotation.ConfigurationClassPostProcessor.importAwareProcessor' to allow for resolving potential circular references
2016-12-16 09:49:51 org.springframework.beans.factory.support.AbstractAutowireCapableBeanFactory.createBean(AbstractAutowireCapableBeanFactory.java:484)  Finished creating instance of bean 'org.springframework.context.annotation.ConfigurationClassPostProcessor.importAwareProcessor'
2016-12-16 09:49:51 org.springframework.beans.factory.support.DefaultSingletonBeanRegistry.getSingleton(DefaultSingletonBeanRegistry.java:221)  Creating shared instance of singleton bean 'org.springframework.context.annotation.ConfigurationClassPostProcessor.enhancedConfigurationProcessor'
2016-12-16 09:49:51 org.springframework.beans.factory.support.AbstractAutowireCapableBeanFactory.createBean(AbstractAutowireCapableBeanFactory.java:448)  Creating instance of bean 'org.springframework.context.annotation.ConfigurationClassPostProcessor.enhancedConfigurationProcessor'
2016-12-16 09:49:51 org.springframework.beans.factory.support.AbstractAutowireCapableBeanFactory.doCreateBean(AbstractAutowireCapableBeanFactory.java:537)  Eagerly caching bean 'org.springframework.context.annotation.ConfigurationClassPostProcessor.enhancedConfigurationProcessor' to allow for resolving potential circular references
2016-12-16 09:49:51 org.springframework.beans.factory.support.AbstractAutowireCapableBeanFactory.createBean(AbstractAutowireCapableBeanFactory.java:484)  Finished creating instance of bean 'org.springframework.context.annotation.ConfigurationClassPostProcessor.enhancedConfigurationProcessor'
2016-12-16 09:49:51 org.springframework.beans.factory.support.DefaultSingletonBeanRegistry.getSingleton(DefaultSingletonBeanRegistry.java:221)  Creating shared instance of singleton bean 'org.springframework.aop.config.internalAutoProxyCreator'
2016-12-16 09:49:51 org.springframework.beans.factory.support.AbstractAutowireCapableBeanFactory.createBean(AbstractAutowireCapableBeanFactory.java:448)  Creating instance of bean 'org.springframework.aop.config.internalAutoProxyCreator'
2016-12-16 09:49:51 org.springframework.beans.factory.support.AbstractAutowireCapableBeanFactory.doCreateBean(AbstractAutowireCapableBeanFactory.java:537)  Eagerly caching bean 'org.springframework.aop.config.internalAutoProxyCreator' to allow for resolving potential circular references
2016-12-16 09:49:51 org.springframework.beans.factory.support.AbstractAutowireCapableBeanFactory.createBean(AbstractAutowireCapableBeanFactory.java:484)  Finished creating instance of bean 'org.springframework.aop.config.internalAutoProxyCreator'
2016-12-16 09:49:51 org.springframework.context.support.AbstractApplicationContext.initMessageSource(AbstractApplicationContext.java:733)  Unable to locate MessageSource with name 'messageSource': using default [org.springframework.context.support.DelegatingMessageSource@43195e57]
2016-12-16 09:49:51 org.springframework.context.support.AbstractApplicationContext.initApplicationEventMulticaster(AbstractApplicationContext.java:757)  Unable to locate ApplicationEventMulticaster with name 'applicationEventMulticaster': using default [org.springframework.context.event.SimpleApplicationEventMulticaster@f5ac9e4]
2016-12-16 09:49:51 org.springframework.beans.factory.support.DefaultListableBeanFactory.preInstantiateSingletons(DefaultListableBeanFactory.java:723)  Pre-instantiating singletons in org.springframework.beans.factory.support.DefaultListableBeanFactory@6c3f5566: defining beans [deptController,deptServiceImpl,org.springframework.context.annotation.internalConfigurationAnnotationProcessor,org.springframework.context.annotation.internalAutowiredAnnotationProcessor,org.springframework.context.annotation.internalRequiredAnnotationProcessor,org.springframework.context.annotation.internalCommonAnnotationProcessor,org.springframework.context.event.internalEventListenerProcessor,org.springframework.context.event.internalEventListenerFactory,dataSource123,sqlSessionFactory,org.mybatis.spring.mapper.MapperScannerConfigurer#0,txManager,org.springframework.transaction.config.internalTransactionalEventListenerFactory,org.springframework.aop.config.internalAutoProxyCreator,org.springframework.transaction.annotation.AnnotationTransactionAttributeSource#0,org.springframework.transaction.interceptor.TransactionInterceptor#0,org.springframework.transaction.config.internalTransactionAdvisor,org.springframework.context.annotation.ConfigurationClassPostProcessor.importAwareProcessor,org.springframework.context.annotation.ConfigurationClassPostProcessor.enhancedConfigurationProcessor,dept2Dao,deptDao,empDao]; root of factory hierarchy
2016-12-16 09:49:51 org.springframework.beans.factory.support.DefaultSingletonBeanRegistry.getSingleton(DefaultSingletonBeanRegistry.java:221)  Creating shared instance of singleton bean 'deptController'
2016-12-16 09:49:51 org.springframework.beans.factory.support.AbstractAutowireCapableBeanFactory.createBean(AbstractAutowireCapableBeanFactory.java:448)  Creating instance of bean 'deptController'
2016-12-16 09:49:51 org.springframework.beans.factory.annotation.InjectionMetadata.checkConfigMembers(InjectionMetadata.java:72)  Registered injected element on class [com.hc.action.DeptController]: AutowiredFieldElement for private com.hc.service.DeptService com.hc.action.DeptController.deptService
2016-12-16 09:49:51 org.springframework.beans.factory.support.AbstractAutowireCapableBeanFactory.doCreateBean(AbstractAutowireCapableBeanFactory.java:537)  Eagerly caching bean 'deptController' to allow for resolving potential circular references
2016-12-16 09:49:51 org.springframework.beans.factory.annotation.InjectionMetadata.inject(InjectionMetadata.java:86)  Processing injected element of bean 'deptController': AutowiredFieldElement for private com.hc.service.DeptService com.hc.action.DeptController.deptService
2016-12-16 09:49:51 org.springframework.beans.factory.support.DefaultSingletonBeanRegistry.getSingleton(DefaultSingletonBeanRegistry.java:221)  Creating shared instance of singleton bean 'deptServiceImpl'
2016-12-16 09:49:51 org.springframework.beans.factory.support.AbstractAutowireCapableBeanFactory.createBean(AbstractAutowireCapableBeanFactory.java:448)  Creating instance of bean 'deptServiceImpl'
2016-12-16 09:49:51 org.springframework.beans.factory.annotation.InjectionMetadata.checkConfigMembers(InjectionMetadata.java:72)  Registered injected element on class [com.hc.service.impl.DeptServiceImpl]: AutowiredFieldElement for private com.hc.dao.DeptDao com.hc.service.impl.DeptServiceImpl.deptDao
2016-12-16 09:49:51 org.springframework.beans.factory.support.AbstractAutowireCapableBeanFactory.doCreateBean(AbstractAutowireCapableBeanFactory.java:537)  Eagerly caching bean 'deptServiceImpl' to allow for resolving potential circular references
2016-12-16 09:49:51 org.springframework.beans.factory.annotation.InjectionMetadata.inject(InjectionMetadata.java:86)  Processing injected element of bean 'deptServiceImpl': AutowiredFieldElement for private com.hc.dao.DeptDao com.hc.service.impl.DeptServiceImpl.deptDao
2016-12-16 09:49:51 org.springframework.beans.factory.support.DefaultSingletonBeanRegistry.getSingleton(DefaultSingletonBeanRegistry.java:221)  Creating shared instance of singleton bean 'deptDao'
2016-12-16 09:49:51 org.springframework.beans.factory.support.AbstractAutowireCapableBeanFactory.createBean(AbstractAutowireCapableBeanFactory.java:448)  Creating instance of bean 'deptDao'
2016-12-16 09:49:51 org.springframework.beans.factory.support.AbstractAutowireCapableBeanFactory.doCreateBean(AbstractAutowireCapableBeanFactory.java:537)  Eagerly caching bean 'deptDao' to allow for resolving potential circular references
2016-12-16 09:49:51 org.springframework.beans.factory.support.DefaultSingletonBeanRegistry.getSingleton(DefaultSingletonBeanRegistry.java:221)  Creating shared instance of singleton bean 'sqlSessionFactory'
2016-12-16 09:49:51 org.springframework.beans.factory.support.AbstractAutowireCapableBeanFactory.createBean(AbstractAutowireCapableBeanFactory.java:448)  Creating instance of bean 'sqlSessionFactory'
2016-12-16 09:49:51 org.springframework.beans.factory.support.AbstractAutowireCapableBeanFactory.doCreateBean(AbstractAutowireCapableBeanFactory.java:537)  Eagerly caching bean 'sqlSessionFactory' to allow for resolving potential circular references
2016-12-16 09:49:51 org.springframework.beans.factory.support.DefaultSingletonBeanRegistry.getSingleton(DefaultSingletonBeanRegistry.java:221)  Creating shared instance of singleton bean 'dataSource123'
2016-12-16 09:49:51 org.springframework.beans.factory.support.AbstractAutowireCapableBeanFactory.createBean(AbstractAutowireCapableBeanFactory.java:448)  Creating instance of bean 'dataSource123'
2016-12-16 09:49:51 org.springframework.beans.factory.support.AbstractAutowireCapableBeanFactory.doCreateBean(AbstractAutowireCapableBeanFactory.java:537)  Eagerly caching bean 'dataSource123' to allow for resolving potential circular references
2016-12-16 09:49:51 org.springframework.beans.factory.support.DefaultSingletonBeanRegistry.getSingleton(DefaultSingletonBeanRegistry.java:221)  Creating shared instance of singleton bean 'org.springframework.transaction.config.internalTransactionAdvisor'
2016-12-16 09:49:51 org.springframework.beans.factory.support.AbstractAutowireCapableBeanFactory.createBean(AbstractAutowireCapableBeanFactory.java:448)  Creating instance of bean 'org.springframework.transaction.config.internalTransactionAdvisor'
2016-12-16 09:49:51 org.springframework.beans.factory.support.AbstractAutowireCapableBeanFactory.doCreateBean(AbstractAutowireCapableBeanFactory.java:537)  Eagerly caching bean 'org.springframework.transaction.config.internalTransactionAdvisor' to allow for resolving potential circular references
2016-12-16 09:49:51 org.springframework.beans.factory.support.DefaultSingletonBeanRegistry.getSingleton(DefaultSingletonBeanRegistry.java:221)  Creating shared instance of singleton bean 'org.springframework.transaction.annotation.AnnotationTransactionAttributeSource#0'
2016-12-16 09:49:51 org.springframework.beans.factory.support.AbstractAutowireCapableBeanFactory.createBean(AbstractAutowireCapableBeanFactory.java:448)  Creating instance of bean 'org.springframework.transaction.annotation.AnnotationTransactionAttributeSource#0'
2016-12-16 09:49:51 org.springframework.beans.factory.support.AbstractAutowireCapableBeanFactory.doCreateBean(AbstractAutowireCapableBeanFactory.java:537)  Eagerly caching bean 'org.springframework.transaction.annotation.AnnotationTransactionAttributeSource#0' to allow for resolving potential circular references
2016-12-16 09:49:51 org.springframework.aop.framework.autoproxy.BeanFactoryAdvisorRetrievalHelper.findAdvisorBeans(BeanFactoryAdvisorRetrievalHelper.java:87)  Skipping currently created advisor 'org.springframework.transaction.config.internalTransactionAdvisor'
2016-12-16 09:49:51 org.springframework.beans.factory.support.AbstractAutowireCapableBeanFactory.createBean(AbstractAutowireCapableBeanFactory.java:484)  Finished creating instance of bean 'org.springframework.transaction.annotation.AnnotationTransactionAttributeSource#0'
2016-12-16 09:49:51 org.springframework.beans.factory.support.AbstractAutowireCapableBeanFactory.createBean(AbstractAutowireCapableBeanFactory.java:484)  Finished creating instance of bean 'org.springframework.transaction.config.internalTransactionAdvisor'
2016-12-16 09:49:51 org.springframework.beans.factory.support.AbstractAutowireCapableBeanFactory.createBean(AbstractAutowireCapableBeanFactory.java:484)  Finished creating instance of bean 'dataSource123'
2016-12-16 09:49:51 org.springframework.beans.factory.support.AbstractAutowireCapableBeanFactory.invokeInitMethods(AbstractAutowireCapableBeanFactory.java:1625)  Invoking afterPropertiesSet() on bean with name 'sqlSessionFactory'
2016-12-16 09:49:51 org.apache.ibatis.logging.commons.JakartaCommonsLoggingImpl.debug(JakartaCommonsLoggingImpl.java:54)  Parsed configuration file: 'class path resource [mybatisMapper.xml]'
2016-12-16 09:49:51 org.apache.ibatis.logging.commons.JakartaCommonsLoggingImpl.debug(JakartaCommonsLoggingImpl.java:54)  Property 'mapperLocations' was not specified or no matching resources found
2016-12-16 09:49:51 org.springframework.beans.factory.support.AbstractBeanFactory.doGetBean(AbstractBeanFactory.java:251)  Returning cached instance of singleton bean 'org.springframework.transaction.config.internalTransactionAdvisor'
2016-12-16 09:49:51 org.springframework.beans.factory.support.AbstractAutowireCapableBeanFactory.createBean(AbstractAutowireCapableBeanFactory.java:484)  Finished creating instance of bean 'sqlSessionFactory'
2016-12-16 09:49:51 org.springframework.beans.factory.support.AbstractBeanFactory.doGetBean(AbstractBeanFactory.java:251)  Returning cached instance of singleton bean 'org.springframework.transaction.config.internalTransactionAdvisor'
2016-12-16 09:49:51 org.springframework.beans.factory.support.AbstractAutowireCapableBeanFactory.invokeInitMethods(AbstractAutowireCapableBeanFactory.java:1625)  Invoking afterPropertiesSet() on bean with name 'deptDao'
2016-12-16 09:49:51 org.springframework.beans.factory.support.AbstractBeanFactory.doGetBean(AbstractBeanFactory.java:251)  Returning cached instance of singleton bean 'org.springframework.transaction.config.internalTransactionAdvisor'
2016-12-16 09:49:51 org.springframework.beans.factory.support.AbstractAutowireCapableBeanFactory.createBean(AbstractAutowireCapableBeanFactory.java:484)  Finished creating instance of bean 'deptDao'
2016-12-16 09:49:51 org.springframework.beans.factory.support.AbstractBeanFactory.doGetBean(AbstractBeanFactory.java:251)  Returning cached instance of singleton bean 'org.springframework.transaction.config.internalTransactionAdvisor'
2016-12-16 09:49:51 org.springframework.beans.factory.annotation.AutowiredAnnotationBeanPostProcessor.registerDependentBeans(AutowiredAnnotationBeanPostProcessor.java:539)  Autowiring by type from bean name 'deptServiceImpl' to bean named 'deptDao'
2016-12-16 09:49:51 org.springframework.beans.factory.support.AbstractBeanFactory.doGetBean(AbstractBeanFactory.java:251)  Returning cached instance of singleton bean 'org.springframework.transaction.config.internalTransactionAdvisor'
2016-12-16 09:49:51 org.springframework.beans.factory.support.AbstractAutowireCapableBeanFactory.createBean(AbstractAutowireCapableBeanFactory.java:484)  Finished creating instance of bean 'deptServiceImpl'
2016-12-16 09:49:51 org.springframework.beans.factory.annotation.AutowiredAnnotationBeanPostProcessor.registerDependentBeans(AutowiredAnnotationBeanPostProcessor.java:539)  Autowiring by type from bean name 'deptController' to bean named 'deptServiceImpl'
2016-12-16 09:49:51 org.springframework.beans.factory.support.AbstractBeanFactory.doGetBean(AbstractBeanFactory.java:251)  Returning cached instance of singleton bean 'org.springframework.transaction.config.internalTransactionAdvisor'
2016-12-16 09:49:51 org.springframework.beans.factory.support.AbstractAutowireCapableBeanFactory.createBean(AbstractAutowireCapableBeanFactory.java:484)  Finished creating instance of bean 'deptController'
2016-12-16 09:49:51 org.springframework.beans.factory.support.AbstractBeanFactory.doGetBean(AbstractBeanFactory.java:251)  Returning cached instance of singleton bean 'deptServiceImpl'
2016-12-16 09:49:51 org.springframework.beans.factory.support.AbstractBeanFactory.doGetBean(AbstractBeanFactory.java:251)  Returning cached instance of singleton bean 'org.springframework.context.annotation.internalConfigurationAnnotationProcessor'
2016-12-16 09:49:51 org.springframework.beans.factory.support.AbstractBeanFactory.doGetBean(AbstractBeanFactory.java:251)  Returning cached instance of singleton bean 'org.springframework.context.annotation.internalAutowiredAnnotationProcessor'
2016-12-16 09:49:51 org.springframework.beans.factory.support.AbstractBeanFactory.doGetBean(AbstractBeanFactory.java:251)  Returning cached instance of singleton bean 'org.springframework.context.annotation.internalRequiredAnnotationProcessor'
2016-12-16 09:49:51 org.springframework.beans.factory.support.AbstractBeanFactory.doGetBean(AbstractBeanFactory.java:251)  Returning cached instance of singleton bean 'org.springframework.context.annotation.internalCommonAnnotationProcessor'
2016-12-16 09:49:51 org.springframework.beans.factory.support.DefaultSingletonBeanRegistry.getSingleton(DefaultSingletonBeanRegistry.java:221)  Creating shared instance of singleton bean 'org.springframework.context.event.internalEventListenerProcessor'
2016-12-16 09:49:51 org.springframework.beans.factory.support.AbstractAutowireCapableBeanFactory.createBean(AbstractAutowireCapableBeanFactory.java:448)  Creating instance of bean 'org.springframework.context.event.internalEventListenerProcessor'
2016-12-16 09:49:51 org.springframework.beans.factory.support.AbstractAutowireCapableBeanFactory.doCreateBean(AbstractAutowireCapableBeanFactory.java:537)  Eagerly caching bean 'org.springframework.context.event.internalEventListenerProcessor' to allow for resolving potential circular references
2016-12-16 09:49:51 org.springframework.beans.factory.support.AbstractBeanFactory.doGetBean(AbstractBeanFactory.java:251)  Returning cached instance of singleton bean 'org.springframework.transaction.config.internalTransactionAdvisor'
2016-12-16 09:49:51 org.springframework.beans.factory.support.AbstractAutowireCapableBeanFactory.createBean(AbstractAutowireCapableBeanFactory.java:484)  Finished creating instance of bean 'org.springframework.context.event.internalEventListenerProcessor'
2016-12-16 09:49:51 org.springframework.beans.factory.support.DefaultSingletonBeanRegistry.getSingleton(DefaultSingletonBeanRegistry.java:221)  Creating shared instance of singleton bean 'org.springframework.context.event.internalEventListenerFactory'
2016-12-16 09:49:51 org.springframework.beans.factory.support.AbstractAutowireCapableBeanFactory.createBean(AbstractAutowireCapableBeanFactory.java:448)  Creating instance of bean 'org.springframework.context.event.internalEventListenerFactory'
2016-12-16 09:49:51 org.springframework.beans.factory.support.AbstractAutowireCapableBeanFactory.doCreateBean(AbstractAutowireCapableBeanFactory.java:537)  Eagerly caching bean 'org.springframework.context.event.internalEventListenerFactory' to allow for resolving potential circular references
2016-12-16 09:49:51 org.springframework.beans.factory.support.AbstractBeanFactory.doGetBean(AbstractBeanFactory.java:251)  Returning cached instance of singleton bean 'org.springframework.transaction.config.internalTransactionAdvisor'
2016-12-16 09:49:51 org.springframework.beans.factory.support.AbstractAutowireCapableBeanFactory.createBean(AbstractAutowireCapableBeanFactory.java:484)  Finished creating instance of bean 'org.springframework.context.event.internalEventListenerFactory'
2016-12-16 09:49:51 org.springframework.beans.factory.support.AbstractBeanFactory.doGetBean(AbstractBeanFactory.java:251)  Returning cached instance of singleton bean 'dataSource123'
2016-12-16 09:49:51 org.springframework.beans.factory.support.AbstractBeanFactory.doGetBean(AbstractBeanFactory.java:251)  Returning cached instance of singleton bean 'sqlSessionFactory'
2016-12-16 09:49:51 org.springframework.beans.factory.support.AbstractBeanFactory.doGetBean(AbstractBeanFactory.java:251)  Returning cached instance of singleton bean 'org.mybatis.spring.mapper.MapperScannerConfigurer#0'
2016-12-16 09:49:51 org.springframework.beans.factory.support.DefaultSingletonBeanRegistry.getSingleton(DefaultSingletonBeanRegistry.java:221)  Creating shared instance of singleton bean 'txManager'
2016-12-16 09:49:51 org.springframework.beans.factory.support.AbstractAutowireCapableBeanFactory.createBean(AbstractAutowireCapableBeanFactory.java:448)  Creating instance of bean 'txManager'
2016-12-16 09:49:51 org.springframework.beans.factory.support.AbstractAutowireCapableBeanFactory.doCreateBean(AbstractAutowireCapableBeanFactory.java:537)  Eagerly caching bean 'txManager' to allow for resolving potential circular references
2016-12-16 09:49:51 org.springframework.beans.factory.support.AbstractBeanFactory.doGetBean(AbstractBeanFactory.java:251)  Returning cached instance of singleton bean 'dataSource123'
2016-12-16 09:49:51 org.springframework.beans.factory.support.AbstractAutowireCapableBeanFactory.invokeInitMethods(AbstractAutowireCapableBeanFactory.java:1625)  Invoking afterPropertiesSet() on bean with name 'txManager'
2016-12-16 09:49:51 org.springframework.beans.factory.support.AbstractBeanFactory.doGetBean(AbstractBeanFactory.java:251)  Returning cached instance of singleton bean 'org.springframework.transaction.config.internalTransactionAdvisor'
2016-12-16 09:49:51 org.springframework.beans.factory.support.AbstractAutowireCapableBeanFactory.createBean(AbstractAutowireCapableBeanFactory.java:484)  Finished creating instance of bean 'txManager'
2016-12-16 09:49:51 org.springframework.beans.factory.support.DefaultSingletonBeanRegistry.getSingleton(DefaultSingletonBeanRegistry.java:221)  Creating shared instance of singleton bean 'org.springframework.transaction.config.internalTransactionalEventListenerFactory'
2016-12-16 09:49:51 org.springframework.beans.factory.support.AbstractAutowireCapableBeanFactory.createBean(AbstractAutowireCapableBeanFactory.java:448)  Creating instance of bean 'org.springframework.transaction.config.internalTransactionalEventListenerFactory'
2016-12-16 09:49:51 org.springframework.beans.factory.support.AbstractAutowireCapableBeanFactory.doCreateBean(AbstractAutowireCapableBeanFactory.java:537)  Eagerly caching bean 'org.springframework.transaction.config.internalTransactionalEventListenerFactory' to allow for resolving potential circular references
2016-12-16 09:49:51 org.springframework.beans.factory.support.AbstractBeanFactory.doGetBean(AbstractBeanFactory.java:251)  Returning cached instance of singleton bean 'org.springframework.transaction.config.internalTransactionAdvisor'
2016-12-16 09:49:51 org.springframework.beans.factory.support.AbstractAutowireCapableBeanFactory.createBean(AbstractAutowireCapableBeanFactory.java:484)  Finished creating instance of bean 'org.springframework.transaction.config.internalTransactionalEventListenerFactory'
2016-12-16 09:49:51 org.springframework.beans.factory.support.AbstractBeanFactory.doGetBean(AbstractBeanFactory.java:251)  Returning cached instance of singleton bean 'org.springframework.aop.config.internalAutoProxyCreator'
2016-12-16 09:49:51 org.springframework.beans.factory.support.AbstractBeanFactory.doGetBean(AbstractBeanFactory.java:251)  Returning cached instance of singleton bean 'org.springframework.transaction.annotation.AnnotationTransactionAttributeSource#0'
2016-12-16 09:49:51 org.springframework.beans.factory.support.DefaultSingletonBeanRegistry.getSingleton(DefaultSingletonBeanRegistry.java:221)  Creating shared instance of singleton bean 'org.springframework.transaction.interceptor.TransactionInterceptor#0'
2016-12-16 09:49:51 org.springframework.beans.factory.support.AbstractAutowireCapableBeanFactory.createBean(AbstractAutowireCapableBeanFactory.java:448)  Creating instance of bean 'org.springframework.transaction.interceptor.TransactionInterceptor#0'
2016-12-16 09:49:51 org.springframework.beans.factory.support.AbstractAutowireCapableBeanFactory.doCreateBean(AbstractAutowireCapableBeanFactory.java:537)  Eagerly caching bean 'org.springframework.transaction.interceptor.TransactionInterceptor#0' to allow for resolving potential circular references
2016-12-16 09:49:51 org.springframework.beans.factory.support.AbstractBeanFactory.doGetBean(AbstractBeanFactory.java:251)  Returning cached instance of singleton bean 'org.springframework.transaction.annotation.AnnotationTransactionAttributeSource#0'
2016-12-16 09:49:51 org.springframework.beans.factory.support.AbstractAutowireCapableBeanFactory.invokeInitMethods(AbstractAutowireCapableBeanFactory.java:1625)  Invoking afterPropertiesSet() on bean with name 'org.springframework.transaction.interceptor.TransactionInterceptor#0'
2016-12-16 09:49:51 org.springframework.beans.factory.support.AbstractAutowireCapableBeanFactory.createBean(AbstractAutowireCapableBeanFactory.java:484)  Finished creating instance of bean 'org.springframework.transaction.interceptor.TransactionInterceptor#0'
2016-12-16 09:49:51 org.springframework.beans.factory.support.AbstractBeanFactory.doGetBean(AbstractBeanFactory.java:251)  Returning cached instance of singleton bean 'org.springframework.transaction.config.internalTransactionAdvisor'
2016-12-16 09:49:51 org.springframework.beans.factory.support.AbstractBeanFactory.doGetBean(AbstractBeanFactory.java:251)  Returning cached instance of singleton bean 'org.springframework.context.annotation.ConfigurationClassPostProcessor.importAwareProcessor'
2016-12-16 09:49:51 org.springframework.beans.factory.support.AbstractBeanFactory.doGetBean(AbstractBeanFactory.java:251)  Returning cached instance of singleton bean 'org.springframework.context.annotation.ConfigurationClassPostProcessor.enhancedConfigurationProcessor'
2016-12-16 09:49:51 org.springframework.beans.factory.support.DefaultSingletonBeanRegistry.getSingleton(DefaultSingletonBeanRegistry.java:221)  Creating shared instance of singleton bean 'dept2Dao'
2016-12-16 09:49:51 org.springframework.beans.factory.support.AbstractAutowireCapableBeanFactory.createBean(AbstractAutowireCapableBeanFactory.java:448)  Creating instance of bean 'dept2Dao'
2016-12-16 09:49:51 org.springframework.beans.factory.support.AbstractAutowireCapableBeanFactory.doCreateBean(AbstractAutowireCapableBeanFactory.java:537)  Eagerly caching bean 'dept2Dao' to allow for resolving potential circular references
2016-12-16 09:49:51 org.springframework.beans.factory.support.AbstractBeanFactory.doGetBean(AbstractBeanFactory.java:251)  Returning cached instance of singleton bean 'sqlSessionFactory'
2016-12-16 09:49:51 org.springframework.beans.factory.support.AbstractAutowireCapableBeanFactory.invokeInitMethods(AbstractAutowireCapableBeanFactory.java:1625)  Invoking afterPropertiesSet() on bean with name 'dept2Dao'
2016-12-16 09:49:51 org.springframework.beans.factory.support.AbstractBeanFactory.doGetBean(AbstractBeanFactory.java:251)  Returning cached instance of singleton bean 'org.springframework.transaction.config.internalTransactionAdvisor'
2016-12-16 09:49:51 org.springframework.beans.factory.support.AbstractAutowireCapableBeanFactory.createBean(AbstractAutowireCapableBeanFactory.java:484)  Finished creating instance of bean 'dept2Dao'
2016-12-16 09:49:51 org.springframework.beans.factory.support.AbstractBeanFactory.doGetBean(AbstractBeanFactory.java:251)  Returning cached instance of singleton bean 'deptDao'
2016-12-16 09:49:51 org.springframework.beans.factory.support.DefaultSingletonBeanRegistry.getSingleton(DefaultSingletonBeanRegistry.java:221)  Creating shared instance of singleton bean 'empDao'
2016-12-16 09:49:51 org.springframework.beans.factory.support.AbstractAutowireCapableBeanFactory.createBean(AbstractAutowireCapableBeanFactory.java:448)  Creating instance of bean 'empDao'
2016-12-16 09:49:51 org.springframework.beans.factory.support.AbstractAutowireCapableBeanFactory.doCreateBean(AbstractAutowireCapableBeanFactory.java:537)  Eagerly caching bean 'empDao' to allow for resolving potential circular references
2016-12-16 09:49:51 org.springframework.beans.factory.support.AbstractBeanFactory.doGetBean(AbstractBeanFactory.java:251)  Returning cached instance of singleton bean 'sqlSessionFactory'
2016-12-16 09:49:51 org.springframework.beans.factory.support.AbstractAutowireCapableBeanFactory.invokeInitMethods(AbstractAutowireCapableBeanFactory.java:1625)  Invoking afterPropertiesSet() on bean with name 'empDao'
2016-12-16 09:49:51 org.springframework.beans.factory.support.AbstractBeanFactory.doGetBean(AbstractBeanFactory.java:251)  Returning cached instance of singleton bean 'org.springframework.transaction.config.internalTransactionAdvisor'
2016-12-16 09:49:51 org.springframework.beans.factory.support.AbstractAutowireCapableBeanFactory.createBean(AbstractAutowireCapableBeanFactory.java:484)  Finished creating instance of bean 'empDao'
2016-12-16 09:49:51 org.springframework.beans.factory.support.AbstractBeanFactory.doGetBean(AbstractBeanFactory.java:251)  Returning cached instance of singleton bean 'org.springframework.context.event.internalEventListenerFactory'
2016-12-16 09:49:51 org.springframework.beans.factory.support.AbstractBeanFactory.doGetBean(AbstractBeanFactory.java:251)  Returning cached instance of singleton bean 'org.springframework.transaction.config.internalTransactionalEventListenerFactory'
2016-12-16 09:49:51 org.springframework.context.support.AbstractApplicationContext.initLifecycleProcessor(AbstractApplicationContext.java:784)  Unable to locate LifecycleProcessor with name 'lifecycleProcessor': using default [org.springframework.context.support.DefaultLifecycleProcessor@1ed4ae0f]
2016-12-16 09:49:51 org.springframework.beans.factory.support.AbstractBeanFactory.doGetBean(AbstractBeanFactory.java:251)  Returning cached instance of singleton bean 'lifecycleProcessor'
2016-12-16 09:49:51 org.springframework.beans.factory.support.AbstractBeanFactory.doGetBean(AbstractBeanFactory.java:251)  Returning cached instance of singleton bean 'sqlSessionFactory'
2016-12-16 09:49:51 org.springframework.core.env.PropertySourcesPropertyResolver.getProperty(PropertySourcesPropertyResolver.java:91)  Could not find key 'spring.liveBeansView.mbeanDomain' in any property source
2016-12-16 09:49:51 org.springframework.beans.factory.support.AbstractBeanFactory.doGetBean(AbstractBeanFactory.java:251)  Returning cached instance of singleton bean 'sqlSessionFactory'
2016-12-16 09:49:51 org.apache.ibatis.logging.commons.JakartaCommonsLoggingImpl.debug(JakartaCommonsLoggingImpl.java:54)  Cache Hit Ratio [com.hc.dao.Dept2Dao]: 0.0
2016-12-16 09:49:51 org.springframework.jdbc.datasource.DataSourceUtils.doGetConnection(DataSourceUtils.java:110)  Fetching JDBC Connection from DataSource
2016-12-16 09:49:51 com.alibaba.druid.pool.DruidDataSource.init(DruidDataSource.java:715)  {dataSource-1} inited
2016-12-16 09:49:52 org.apache.ibatis.logging.commons.JakartaCommonsLoggingImpl.debug(JakartaCommonsLoggingImpl.java:54)  JDBC Connection [com.mysql.jdbc.JDBC4Connection@29f7cefd] will not be managed by Spring
2016-12-16 09:49:52 org.apache.ibatis.logging.commons.JakartaCommonsLoggingImpl.debug(JakartaCommonsLoggingImpl.java:54)  ==>  Preparing: SELECT deptno, dname, loc,kouhao,yusuan from dept 
2016-12-16 09:49:52 org.apache.ibatis.logging.commons.JakartaCommonsLoggingImpl.debug(JakartaCommonsLoggingImpl.java:54)  ==> Parameters: 
2016-12-16 09:49:52 org.apache.ibatis.logging.commons.JakartaCommonsLoggingImpl.debug(JakartaCommonsLoggingImpl.java:54)  <==      Total: 7
2016-12-16 09:50:37 org.springframework.core.env.MutablePropertySources.addLast(MutablePropertySources.java:109)  Adding [systemProperties] PropertySource with lowest search precedence
2016-12-16 09:50:37 org.springframework.core.env.MutablePropertySources.addLast(MutablePropertySources.java:109)  Adding [systemEnvironment] PropertySource with lowest search precedence
2016-12-16 09:50:37 org.springframework.core.env.AbstractEnvironment.<init>(AbstractEnvironment.java:124)  Initialized StandardEnvironment with PropertySources [systemProperties,systemEnvironment]
2016-12-16 09:50:37 org.springframework.context.support.AbstractApplicationContext.prepareRefresh(AbstractApplicationContext.java:582)  Refreshing org.springframework.context.support.ClassPathXmlApplicationContext@45c8e616: startup date [Fri Dec 16 09:50:37 CST 2016]; root of context hierarchy
2016-12-16 09:50:37 org.springframework.core.env.MutablePropertySources.addLast(MutablePropertySources.java:109)  Adding [systemProperties] PropertySource with lowest search precedence
2016-12-16 09:50:37 org.springframework.core.env.MutablePropertySources.addLast(MutablePropertySources.java:109)  Adding [systemEnvironment] PropertySource with lowest search precedence
2016-12-16 09:50:37 org.springframework.core.env.AbstractEnvironment.<init>(AbstractEnvironment.java:124)  Initialized StandardEnvironment with PropertySources [systemProperties,systemEnvironment]
2016-12-16 09:50:37 org.springframework.beans.factory.xml.XmlBeanDefinitionReader.loadBeanDefinitions(XmlBeanDefinitionReader.java:317)  Loading XML bean definitions from class path resource [applicationContext.xml]
2016-12-16 09:50:37 org.springframework.beans.factory.xml.DefaultDocumentLoader.loadDocument(DefaultDocumentLoader.java:73)  Using JAXP provider [com.sun.org.apache.xerces.internal.jaxp.DocumentBuilderFactoryImpl]
2016-12-16 09:50:37 org.springframework.beans.factory.xml.PluggableSchemaResolver.getSchemaMappings(PluggableSchemaResolver.java:141)  Loading schema mappings from [META-INF/spring.schemas]
2016-12-16 09:50:37 org.springframework.beans.factory.xml.PluggableSchemaResolver.getSchemaMappings(PluggableSchemaResolver.java:147)  Loaded schema mappings: {http://www.springframework.org/schema/tx/spring-tx-4.3.xsd=org/springframework/transaction/config/spring-tx-4.3.xsd, http://www.springframework.org/schema/tx/spring-tx-2.5.xsd=org/springframework/transaction/config/spring-tx-2.5.xsd, http://www.springframework.org/schema/cache/spring-cache-4.2.xsd=org/springframework/cache/config/spring-cache-4.2.xsd, http://www.springframework.org/schema/aop/spring-aop-4.1.xsd=org/springframework/aop/config/spring-aop-4.1.xsd, http://www.springframework.org/schema/context/spring-context-3.1.xsd=org/springframework/context/config/spring-context-3.1.xsd, http://www.springframework.org/schema/jdbc/spring-jdbc-4.1.xsd=org/springframework/jdbc/config/spring-jdbc-4.1.xsd, http://www.springframework.org/schema/mvc/spring-mvc-4.1.xsd=org/springframework/web/servlet/config/spring-mvc-4.1.xsd, http://www.springframework.org/schema/util/spring-util-3.0.xsd=org/springframework/beans/factory/xml/spring-util-3.0.xsd, http://mybatis.org/schema/mybatis-spring-1.2.xsd=org/mybatis/spring/config/mybatis-spring-1.2.xsd, http://www.springframework.org/schema/tool/spring-tool.xsd=org/springframework/beans/factory/xml/spring-tool-4.3.xsd, http://www.springframework.org/schema/aop/spring-aop-3.2.xsd=org/springframework/aop/config/spring-aop-3.2.xsd, http://www.springframework.org/schema/lang/spring-lang-4.1.xsd=org/springframework/scripting/config/spring-lang-4.1.xsd, http://www.springframework.org/schema/context/spring-context-4.0.xsd=org/springframework/context/config/spring-context-4.0.xsd, http://www.springframework.org/schema/mvc/spring-mvc-3.2.xsd=org/springframework/web/servlet/config/spring-mvc-3.2.xsd, http://www.springframework.org/schema/beans/spring-beans-4.2.xsd=org/springframework/beans/factory/xml/spring-beans-4.2.xsd, http://www.springframework.org/schema/tool/spring-tool-4.1.xsd=org/springframework/beans/factory/xml/spring-tool-4.1.xsd, http://www.springframework.org/schema/lang/spring-lang-3.2.xsd=org/springframework/scripting/config/spring-lang-3.2.xsd, http://www.springframework.org/schema/cache/spring-cache-3.2.xsd=org/springframework/cache/config/spring-cache-3.2.xsd, http://www.springframework.org/schema/jee/spring-jee-4.1.xsd=org/springframework/ejb/config/spring-jee-4.1.xsd, http://www.springframework.org/schema/jdbc/spring-jdbc-3.1.xsd=org/springframework/jdbc/config/spring-jdbc-3.1.xsd, http://www.springframework.org/schema/util/spring-util-2.0.xsd=org/springframework/beans/factory/xml/spring-util-2.0.xsd, http://www.springframework.org/schema/task/spring-task-4.2.xsd=org/springframework/scheduling/config/spring-task-4.2.xsd, http://www.springframework.org/schema/tool/spring-tool-3.2.xsd=org/springframework/beans/factory/xml/spring-tool-3.2.xsd, http://www.springframework.org/schema/context/spring-context.xsd=org/springframework/context/config/spring-context-4.3.xsd, http://www.springframework.org/schema/tx/spring-tx-4.2.xsd=org/springframework/transaction/config/spring-tx-4.2.xsd, http://www.springframework.org/schema/cache/spring-cache-4.1.xsd=org/springframework/cache/config/spring-cache-4.1.xsd, http://www.springframework.org/schema/aop/spring-aop-4.0.xsd=org/springframework/aop/config/spring-aop-4.0.xsd, http://www.springframework.org/schema/jee/spring-jee-3.2.xsd=org/springframework/ejb/config/spring-jee-3.2.xsd, http://www.springframework.org/schema/context/spring-context-3.0.xsd=org/springframework/context/config/spring-context-3.0.xsd, http://www.springframework.org/schema/jdbc/spring-jdbc-4.0.xsd=org/springframework/jdbc/config/spring-jdbc-4.0.xsd, http://www.springframework.org/schema/mvc/spring-mvc-4.0.xsd=org/springframework/web/servlet/config/spring-mvc-4.0.xsd, http://www.springframework.org/schema/util/spring-util-4.3.xsd=org/springframework/beans/factory/xml/spring-util-4.3.xsd, http://www.springframework.org/schema/util/spring-util-2.5.xsd=org/springframework/beans/factory/xml/spring-util-2.5.xsd, http://www.springframework.org/schema/beans/spring-beans-3.2.xsd=org/springframework/beans/factory/xml/spring-beans-3.2.xsd, http://www.springframework.org/schema/aop/spring-aop-3.1.xsd=org/springframework/aop/config/spring-aop-3.1.xsd, http://www.springframework.org/schema/lang/spring-lang-4.0.xsd=org/springframework/scripting/config/spring-lang-4.0.xsd, http://www.springframework.org/schema/mvc/spring-mvc.xsd=org/springframework/web/servlet/config/spring-mvc-4.3.xsd, http://www.springframework.org/schema/mvc/spring-mvc-3.1.xsd=org/springframework/web/servlet/config/spring-mvc-3.1.xsd, http://www.springframework.org/schema/beans/spring-beans-4.1.xsd=org/springframework/beans/factory/xml/spring-beans-4.1.xsd, http://www.springframework.org/schema/tool/spring-tool-4.0.xsd=org/springframework/beans/factory/xml/spring-tool-4.0.xsd, http://www.springframework.org/schema/tx/spring-tx-3.2.xsd=org/springframework/transaction/config/spring-tx-3.2.xsd, http://www.springframework.org/schema/lang/spring-lang-3.1.xsd=org/springframework/scripting/config/spring-lang-3.1.xsd, http://www.springframework.org/schema/cache/spring-cache-3.1.xsd=org/springframework/cache/config/spring-cache-3.1.xsd, http://www.springframework.org/schema/jee/spring-jee-4.0.xsd=org/springframework/ejb/config/spring-jee-4.0.xsd, http://www.springframework.org/schema/jdbc/spring-jdbc-3.0.xsd=org/springframework/jdbc/config/spring-jdbc-3.0.xsd, http://www.springframework.org/schema/task/spring-task-4.1.xsd=org/springframework/scheduling/config/spring-task-4.1.xsd, http://www.springframework.org/schema/jdbc/spring-jdbc.xsd=org/springframework/jdbc/config/spring-jdbc-4.3.xsd, http://www.springframework.org/schema/tool/spring-tool-3.1.xsd=org/springframework/beans/factory/xml/spring-tool-3.1.xsd, http://www.springframework.org/schema/tx/spring-tx-4.1.xsd=org/springframework/transaction/config/spring-tx-4.1.xsd, http://www.springframework.org/schema/cache/spring-cache-4.0.xsd=org/springframework/cache/config/spring-cache-4.0.xsd, http://www.springframework.org/schema/jee/spring-jee-3.1.xsd=org/springframework/ejb/config/spring-jee-3.1.xsd, http://www.springframework.org/schema/util/spring-util-4.2.xsd=org/springframework/beans/factory/xml/spring-util-4.2.xsd, http://www.springframework.org/schema/task/spring-task-3.2.xsd=org/springframework/scheduling/config/spring-task-3.2.xsd, http://www.springframework.org/schema/beans/spring-beans-3.1.xsd=org/springframework/beans/factory/xml/spring-beans-3.1.xsd, http://www.springframework.org/schema/util/spring-util.xsd=org/springframework/beans/factory/xml/spring-util-4.3.xsd, http://www.springframework.org/schema/aop/spring-aop-3.0.xsd=org/springframework/aop/config/spring-aop-3.0.xsd, http://www.springframework.org/schema/mvc/spring-mvc-3.0.xsd=org/springframework/web/servlet/config/spring-mvc-3.0.xsd, http://www.springframework.org/schema/beans/spring-beans-4.0.xsd=org/springframework/beans/factory/xml/spring-beans-4.0.xsd, http://www.springframework.org/schema/beans/spring-beans.xsd=org/springframework/beans/factory/xml/spring-beans-4.3.xsd, http://mybatis.org/schema/mybatis-spring.xsd=org/mybatis/spring/config/mybatis-spring-1.2.xsd, http://www.springframework.org/schema/tx/spring-tx-3.1.xsd=org/springframework/transaction/config/spring-tx-3.1.xsd, http://www.springframework.org/schema/lang/spring-lang-3.0.xsd=org/springframework/scripting/config/spring-lang-3.0.xsd, http://www.springframework.org/schema/context/spring-context-2.5.xsd=org/springframework/context/config/spring-context-2.5.xsd, http://www.springframework.org/schema/context/spring-context-4.3.xsd=org/springframework/context/config/spring-context-4.3.xsd, http://www.springframework.org/schema/task/spring-task-4.0.xsd=org/springframework/scheduling/config/spring-task-4.0.xsd, http://www.springframework.org/schema/tool/spring-tool-3.0.xsd=org/springframework/beans/factory/xml/spring-tool-3.0.xsd, http://www.springframework.org/schema/tx/spring-tx-4.0.xsd=org/springframework/transaction/config/spring-tx-4.0.xsd, http://www.springframework.org/schema/aop/spring-aop-2.0.xsd=org/springframework/aop/config/spring-aop-2.0.xsd, http://www.springframework.org/schema/jee/spring-jee-3.0.xsd=org/springframework/ejb/config/spring-jee-3.0.xsd, http://www.springframework.org/schema/util/spring-util-4.1.xsd=org/springframework/beans/factory/xml/spring-util-4.1.xsd, http://www.springframework.org/schema/task/spring-task-3.1.xsd=org/springframework/scheduling/config/spring-task-3.1.xsd, http://www.springframework.org/schema/beans/spring-beans-3.0.xsd=org/springframework/beans/factory/xml/spring-beans-3.0.xsd, http://www.springframework.org/schema/jee/spring-jee.xsd=org/springframework/ejb/config/spring-jee-4.3.xsd, http://www.springframework.org/schema/aop/spring-aop-2.5.xsd=org/springframework/aop/config/spring-aop-2.5.xsd, http://www.springframework.org/schema/aop/spring-aop-4.3.xsd=org/springframework/aop/config/spring-aop-4.3.xsd, http://www.springframework.org/schema/lang/spring-lang-2.0.xsd=org/springframework/scripting/config/spring-lang-2.0.xsd, http://www.springframework.org/schema/jdbc/spring-jdbc-4.3.xsd=org/springframework/jdbc/config/spring-jdbc-4.3.xsd, http://www.springframework.org/schema/mvc/spring-mvc-4.3.xsd=org/springframework/web/servlet/config/spring-mvc-4.3.xsd, http://www.springframework.org/schema/util/spring-util-3.2.xsd=org/springframework/beans/factory/xml/spring-util-3.2.xsd, http://www.springframework.org/schema/task/spring-task.xsd=org/springframework/scheduling/config/spring-task-4.3.xsd, http://www.springframework.org/schema/tool/spring-tool-2.0.xsd=org/springframework/beans/factory/xml/spring-tool-2.0.xsd, http://www.springframework.org/schema/tx/spring-tx-3.0.xsd=org/springframework/transaction/config/spring-tx-3.0.xsd, http://www.springframework.org/schema/lang/spring-lang-2.5.xsd=org/springframework/scripting/config/spring-lang-2.5.xsd, http://www.springframework.org/schema/lang/spring-lang-4.3.xsd=org/springframework/scripting/config/spring-lang-4.3.xsd, http://www.springframework.org/schema/context/spring-context-4.2.xsd=org/springframework/context/config/spring-context-4.2.xsd, http://www.springframework.org/schema/jee/spring-jee-2.0.xsd=org/springframework/ejb/config/spring-jee-2.0.xsd, http://www.springframework.org/schema/tool/spring-tool-4.3.xsd=org/springframework/beans/factory/xml/spring-tool-4.3.xsd, http://www.springframework.org/schema/tool/spring-tool-2.5.xsd=org/springframework/beans/factory/xml/spring-tool-2.5.xsd, http://www.springframework.org/schema/jee/spring-jee-4.3.xsd=org/springframework/ejb/config/spring-jee-4.3.xsd, http://www.springframework.org/schema/jee/spring-jee-2.5.xsd=org/springframework/ejb/config/spring-jee-2.5.xsd, http://www.springframework.org/schema/util/spring-util-4.0.xsd=org/springframework/beans/factory/xml/spring-util-4.0.xsd, http://www.springframework.org/schema/task/spring-task-3.0.xsd=org/springframework/scheduling/config/spring-task-3.0.xsd, http://www.springframework.org/schema/cache/spring-cache-4.3.xsd=org/springframework/cache/config/spring-cache-4.3.xsd, http://www.springframework.org/schema/aop/spring-aop-4.2.xsd=org/springframework/aop/config/spring-aop-4.2.xsd, http://www.springframework.org/schema/lang/spring-lang.xsd=org/springframework/scripting/config/spring-lang-4.3.xsd, http://www.springframework.org/schema/context/spring-context-3.2.xsd=org/springframework/context/config/spring-context-3.2.xsd, http://www.springframework.org/schema/jdbc/spring-jdbc-4.2.xsd=org/springframework/jdbc/config/spring-jdbc-4.2.xsd, http://www.springframework.org/schema/mvc/spring-mvc-4.2.xsd=org/springframework/web/servlet/config/spring-mvc-4.2.xsd, http://www.springframework.org/schema/util/spring-util-3.1.xsd=org/springframework/beans/factory/xml/spring-util-3.1.xsd, http://www.springframework.org/schema/beans/spring-beans-2.0.xsd=org/springframework/beans/factory/xml/spring-beans-2.0.xsd, http://www.springframework.org/schema/cache/spring-cache.xsd=org/springframework/cache/config/spring-cache-4.3.xsd, http://www.springframework.org/schema/tx/spring-tx.xsd=org/springframework/transaction/config/spring-tx-4.3.xsd, http://www.springframework.org/schema/lang/spring-lang-4.2.xsd=org/springframework/scripting/config/spring-lang-4.2.xsd, http://www.springframework.org/schema/context/spring-context-4.1.xsd=org/springframework/context/config/spring-context-4.1.xsd, http://www.springframework.org/schema/beans/spring-beans-2.5.xsd=org/springframework/beans/factory/xml/spring-beans-2.5.xsd, http://www.springframework.org/schema/beans/spring-beans-4.3.xsd=org/springframework/beans/factory/xml/spring-beans-4.3.xsd, http://www.springframework.org/schema/tool/spring-tool-4.2.xsd=org/springframework/beans/factory/xml/spring-tool-4.2.xsd, http://www.springframework.org/schema/tx/spring-tx-2.0.xsd=org/springframework/transaction/config/spring-tx-2.0.xsd, http://www.alibaba.com/schema/stat.xsd=META-INF/stat.xsd, http://www.springframework.org/schema/jee/spring-jee-4.2.xsd=org/springframework/ejb/config/spring-jee-4.2.xsd, http://www.springframework.org/schema/jdbc/spring-jdbc-3.2.xsd=org/springframework/jdbc/config/spring-jdbc-3.2.xsd, http://www.springframework.org/schema/task/spring-task-4.3.xsd=org/springframework/scheduling/config/spring-task-4.3.xsd, http://www.springframework.org/schema/aop/spring-aop.xsd=org/springframework/aop/config/spring-aop-4.3.xsd}
2016-12-16 09:50:37 org.springframework.beans.factory.xml.PluggableSchemaResolver.resolveEntity(PluggableSchemaResolver.java:119)  Found XML schema [http://www.springframework.org/schema/beans/spring-beans.xsd] in classpath: org/springframework/beans/factory/xml/spring-beans-4.3.xsd
2016-12-16 09:50:37 org.springframework.beans.factory.xml.PluggableSchemaResolver.resolveEntity(PluggableSchemaResolver.java:119)  Found XML schema [http://www.springframework.org/schema/context/spring-context.xsd] in classpath: org/springframework/context/config/spring-context-4.3.xsd
2016-12-16 09:50:37 org.springframework.beans.factory.xml.PluggableSchemaResolver.resolveEntity(PluggableSchemaResolver.java:119)  Found XML schema [http://www.springframework.org/schema/tool/spring-tool-4.3.xsd] in classpath: org/springframework/beans/factory/xml/spring-tool-4.3.xsd
2016-12-16 09:50:37 org.springframework.beans.factory.xml.PluggableSchemaResolver.resolveEntity(PluggableSchemaResolver.java:119)  Found XML schema [http://www.springframework.org/schema/tx/spring-tx.xsd] in classpath: org/springframework/transaction/config/spring-tx-4.3.xsd
2016-12-16 09:50:37 org.springframework.beans.factory.xml.DefaultBeanDefinitionDocumentReader.registerBeanDefinitions(DefaultBeanDefinitionDocumentReader.java:92)  Loading bean definitions
2016-12-16 09:50:37 org.springframework.beans.factory.xml.DefaultNamespaceHandlerResolver.getHandlerMappings(DefaultNamespaceHandlerResolver.java:157)  Loaded NamespaceHandler mappings: {http://www.springframework.org/schema/p=org.springframework.beans.factory.xml.SimplePropertyNamespaceHandler, http://www.springframework.org/schema/mvc=org.springframework.web.servlet.config.MvcNamespaceHandler, http://www.springframework.org/schema/util=org.springframework.beans.factory.xml.UtilNamespaceHandler, http://www.alibaba.com/schema/stat=com.alibaba.druid.support.spring.stat.config.DruidStatNamespaceHandler, http://www.springframework.org/schema/jee=org.springframework.ejb.config.JeeNamespaceHandler, http://www.springframework.org/schema/aop=org.springframework.aop.config.AopNamespaceHandler, http://www.springframework.org/schema/jdbc=org.springframework.jdbc.config.JdbcNamespaceHandler, http://www.springframework.org/schema/cache=org.springframework.cache.config.CacheNamespaceHandler, http://mybatis.org/schema/mybatis-spring=org.mybatis.spring.config.NamespaceHandler, http://www.springframework.org/schema/c=org.springframework.beans.factory.xml.SimpleConstructorNamespaceHandler, http://www.springframework.org/schema/tx=org.springframework.transaction.config.TxNamespaceHandler, http://www.springframework.org/schema/task=org.springframework.scheduling.config.TaskNamespaceHandler, http://www.springframework.org/schema/lang=org.springframework.scripting.config.LangNamespaceHandler, http://www.springframework.org/schema/context=org.springframework.context.config.ContextNamespaceHandler}
2016-12-16 09:50:38 org.springframework.core.env.MutablePropertySources.addLast(MutablePropertySources.java:109)  Adding [systemProperties] PropertySource with lowest search precedence
2016-12-16 09:50:38 org.springframework.core.env.MutablePropertySources.addLast(MutablePropertySources.java:109)  Adding [systemEnvironment] PropertySource with lowest search precedence
2016-12-16 09:50:38 org.springframework.core.env.AbstractEnvironment.<init>(AbstractEnvironment.java:124)  Initialized StandardEnvironment with PropertySources [systemProperties,systemEnvironment]
2016-12-16 09:50:38 org.springframework.core.io.support.PathMatchingResourcePatternResolver.findAllClassPathResources(PathMatchingResourcePatternResolver.java:317)  Resolved classpath location [com/hc/] to resources [URL [file:/D:/SpringMybatisWebDemo/target/classes/com/hc/]]
2016-12-16 09:50:38 org.springframework.core.io.support.PathMatchingResourcePatternResolver.doFindMatchingFileSystemResources(PathMatchingResourcePatternResolver.java:711)  Looking for matching resources in directory tree [D:\SpringMybatisWebDemo\target\classes\com\hc]
2016-12-16 09:50:38 org.springframework.core.io.support.PathMatchingResourcePatternResolver.doRetrieveMatchingFiles(PathMatchingResourcePatternResolver.java:773)  Searching directory [D:\SpringMybatisWebDemo\target\classes\com\hc] for files matching pattern [D:/SpringMybatisWebDemo/target/classes/com/hc/**/*.class]
2016-12-16 09:50:38 org.springframework.core.io.support.PathMatchingResourcePatternResolver.doRetrieveMatchingFiles(PathMatchingResourcePatternResolver.java:773)  Searching directory [D:\SpringMybatisWebDemo\target\classes\com\hc\action] for files matching pattern [D:/SpringMybatisWebDemo/target/classes/com/hc/**/*.class]
2016-12-16 09:50:38 org.springframework.core.io.support.PathMatchingResourcePatternResolver.doRetrieveMatchingFiles(PathMatchingResourcePatternResolver.java:773)  Searching directory [D:\SpringMybatisWebDemo\target\classes\com\hc\dao] for files matching pattern [D:/SpringMybatisWebDemo/target/classes/com/hc/**/*.class]
2016-12-16 09:50:38 org.springframework.core.io.support.PathMatchingResourcePatternResolver.doRetrieveMatchingFiles(PathMatchingResourcePatternResolver.java:773)  Searching directory [D:\SpringMybatisWebDemo\target\classes\com\hc\domain] for files matching pattern [D:/SpringMybatisWebDemo/target/classes/com/hc/**/*.class]
2016-12-16 09:50:38 org.springframework.core.io.support.PathMatchingResourcePatternResolver.doRetrieveMatchingFiles(PathMatchingResourcePatternResolver.java:773)  Searching directory [D:\SpringMybatisWebDemo\target\classes\com\hc\mapping] for files matching pattern [D:/SpringMybatisWebDemo/target/classes/com/hc/**/*.class]
2016-12-16 09:50:38 org.springframework.core.io.support.PathMatchingResourcePatternResolver.doRetrieveMatchingFiles(PathMatchingResourcePatternResolver.java:773)  Searching directory [D:\SpringMybatisWebDemo\target\classes\com\hc\service] for files matching pattern [D:/SpringMybatisWebDemo/target/classes/com/hc/**/*.class]
2016-12-16 09:50:38 org.springframework.core.io.support.PathMatchingResourcePatternResolver.doRetrieveMatchingFiles(PathMatchingResourcePatternResolver.java:773)  Searching directory [D:\SpringMybatisWebDemo\target\classes\com\hc\service\impl] for files matching pattern [D:/SpringMybatisWebDemo/target/classes/com/hc/**/*.class]
2016-12-16 09:50:38 org.springframework.core.io.support.PathMatchingResourcePatternResolver.doRetrieveMatchingFiles(PathMatchingResourcePatternResolver.java:773)  Searching directory [D:\SpringMybatisWebDemo\target\classes\com\hc\utils] for files matching pattern [D:/SpringMybatisWebDemo/target/classes/com/hc/**/*.class]
2016-12-16 09:50:38 org.springframework.core.io.support.PathMatchingResourcePatternResolver.findPathMatchingResources(PathMatchingResourcePatternResolver.java:483)  Resolved location pattern [classpath*:com/hc/**/*.class] to resources [file [D:\SpringMybatisWebDemo\target\classes\com\hc\action\DeptController.class], file [D:\SpringMybatisWebDemo\target\classes\com\hc\action\DeptServlet.class], file [D:\SpringMybatisWebDemo\target\classes\com\hc\dao\Dept2Dao.class], file [D:\SpringMybatisWebDemo\target\classes\com\hc\dao\DeptDao.class], file [D:\SpringMybatisWebDemo\target\classes\com\hc\dao\EmpDao.class], file [D:\SpringMybatisWebDemo\target\classes\com\hc\DemoTest.class], file [D:\SpringMybatisWebDemo\target\classes\com\hc\domain\Dept.class], file [D:\SpringMybatisWebDemo\target\classes\com\hc\domain\Dept2.class], file [D:\SpringMybatisWebDemo\target\classes\com\hc\domain\DeptQuery.class], file [D:\SpringMybatisWebDemo\target\classes\com\hc\domain\Emp.class], file [D:\SpringMybatisWebDemo\target\classes\com\hc\service\DeptService.class], file [D:\SpringMybatisWebDemo\target\classes\com\hc\service\impl\DeptServiceImpl.class], file [D:\SpringMybatisWebDemo\target\classes\com\hc\utils\String2DateTime.class]]
2016-12-16 09:50:38 org.springframework.context.annotation.ClassPathScanningCandidateComponentProvider.findCandidateComponents(ClassPathScanningCandidateComponentProvider.java:286)  Identified candidate component class: file [D:\SpringMybatisWebDemo\target\classes\com\hc\action\DeptController.class]
2016-12-16 09:50:38 org.springframework.context.annotation.ClassPathScanningCandidateComponentProvider.findCandidateComponents(ClassPathScanningCandidateComponentProvider.java:286)  Identified candidate component class: file [D:\SpringMybatisWebDemo\target\classes\com\hc\service\impl\DeptServiceImpl.class]
2016-12-16 09:50:38 org.springframework.beans.factory.xml.BeanDefinitionParserDelegate.parseBeanDefinitionElement(BeanDefinitionParserDelegate.java:481)  Neither XML 'id' nor 'name' specified - using generated bean name [org.mybatis.spring.mapper.MapperScannerConfigurer#0]
2016-12-16 09:50:38 org.springframework.beans.factory.support.AbstractBeanDefinitionReader.loadBeanDefinitions(AbstractBeanDefinitionReader.java:224)  Loaded 17 bean definitions from location pattern [applicationContext.xml]
2016-12-16 09:50:38 org.springframework.context.support.AbstractApplicationContext.obtainFreshBeanFactory(AbstractApplicationContext.java:616)  Bean factory for org.springframework.context.support.ClassPathXmlApplicationContext@45c8e616: org.springframework.beans.factory.support.DefaultListableBeanFactory@6c3f5566: defining beans [deptController,deptServiceImpl,org.springframework.context.annotation.internalConfigurationAnnotationProcessor,org.springframework.context.annotation.internalAutowiredAnnotationProcessor,org.springframework.context.annotation.internalRequiredAnnotationProcessor,org.springframework.context.annotation.internalCommonAnnotationProcessor,org.springframework.context.event.internalEventListenerProcessor,org.springframework.context.event.internalEventListenerFactory,dataSource123,sqlSessionFactory,org.mybatis.spring.mapper.MapperScannerConfigurer#0,txManager,org.springframework.transaction.config.internalTransactionalEventListenerFactory,org.springframework.aop.config.internalAutoProxyCreator,org.springframework.transaction.annotation.AnnotationTransactionAttributeSource#0,org.springframework.transaction.interceptor.TransactionInterceptor#0,org.springframework.transaction.config.internalTransactionAdvisor]; root of factory hierarchy
2016-12-16 09:50:38 org.springframework.beans.factory.support.DefaultSingletonBeanRegistry.getSingleton(DefaultSingletonBeanRegistry.java:221)  Creating shared instance of singleton bean 'org.springframework.context.annotation.internalConfigurationAnnotationProcessor'
2016-12-16 09:50:38 org.springframework.beans.factory.support.AbstractAutowireCapableBeanFactory.createBean(AbstractAutowireCapableBeanFactory.java:448)  Creating instance of bean 'org.springframework.context.annotation.internalConfigurationAnnotationProcessor'
2016-12-16 09:50:38 org.springframework.beans.factory.support.AbstractAutowireCapableBeanFactory.doCreateBean(AbstractAutowireCapableBeanFactory.java:537)  Eagerly caching bean 'org.springframework.context.annotation.internalConfigurationAnnotationProcessor' to allow for resolving potential circular references
2016-12-16 09:50:38 org.springframework.beans.factory.support.AbstractAutowireCapableBeanFactory.createBean(AbstractAutowireCapableBeanFactory.java:484)  Finished creating instance of bean 'org.springframework.context.annotation.internalConfigurationAnnotationProcessor'
2016-12-16 09:50:38 org.springframework.beans.factory.support.DefaultSingletonBeanRegistry.getSingleton(DefaultSingletonBeanRegistry.java:221)  Creating shared instance of singleton bean 'org.mybatis.spring.mapper.MapperScannerConfigurer#0'
2016-12-16 09:50:38 org.springframework.beans.factory.support.AbstractAutowireCapableBeanFactory.createBean(AbstractAutowireCapableBeanFactory.java:448)  Creating instance of bean 'org.mybatis.spring.mapper.MapperScannerConfigurer#0'
2016-12-16 09:50:38 org.springframework.beans.factory.support.AbstractAutowireCapableBeanFactory.doCreateBean(AbstractAutowireCapableBeanFactory.java:537)  Eagerly caching bean 'org.mybatis.spring.mapper.MapperScannerConfigurer#0' to allow for resolving potential circular references
2016-12-16 09:50:38 org.springframework.beans.factory.support.AbstractAutowireCapableBeanFactory.invokeInitMethods(AbstractAutowireCapableBeanFactory.java:1625)  Invoking afterPropertiesSet() on bean with name 'org.mybatis.spring.mapper.MapperScannerConfigurer#0'
2016-12-16 09:50:38 org.springframework.beans.factory.support.AbstractAutowireCapableBeanFactory.createBean(AbstractAutowireCapableBeanFactory.java:484)  Finished creating instance of bean 'org.mybatis.spring.mapper.MapperScannerConfigurer#0'
2016-12-16 09:50:38 org.springframework.core.env.MutablePropertySources.addLast(MutablePropertySources.java:109)  Adding [systemProperties] PropertySource with lowest search precedence
2016-12-16 09:50:38 org.springframework.core.env.MutablePropertySources.addLast(MutablePropertySources.java:109)  Adding [systemEnvironment] PropertySource with lowest search precedence
2016-12-16 09:50:38 org.springframework.core.env.AbstractEnvironment.<init>(AbstractEnvironment.java:124)  Initialized StandardEnvironment with PropertySources [systemProperties,systemEnvironment]
2016-12-16 09:50:38 org.springframework.core.io.support.PathMatchingResourcePatternResolver.findAllClassPathResources(PathMatchingResourcePatternResolver.java:317)  Resolved classpath location [com/hc/dao/] to resources [URL [file:/D:/SpringMybatisWebDemo/target/classes/com/hc/dao/]]
2016-12-16 09:50:38 org.springframework.core.io.support.PathMatchingResourcePatternResolver.doFindMatchingFileSystemResources(PathMatchingResourcePatternResolver.java:711)  Looking for matching resources in directory tree [D:\SpringMybatisWebDemo\target\classes\com\hc\dao]
2016-12-16 09:50:38 org.springframework.core.io.support.PathMatchingResourcePatternResolver.doRetrieveMatchingFiles(PathMatchingResourcePatternResolver.java:773)  Searching directory [D:\SpringMybatisWebDemo\target\classes\com\hc\dao] for files matching pattern [D:/SpringMybatisWebDemo/target/classes/com/hc/dao/**/*.class]
2016-12-16 09:50:38 org.springframework.core.io.support.PathMatchingResourcePatternResolver.findPathMatchingResources(PathMatchingResourcePatternResolver.java:483)  Resolved location pattern [classpath*:com/hc/dao/**/*.class] to resources [file [D:\SpringMybatisWebDemo\target\classes\com\hc\dao\Dept2Dao.class], file [D:\SpringMybatisWebDemo\target\classes\com\hc\dao\DeptDao.class], file [D:\SpringMybatisWebDemo\target\classes\com\hc\dao\EmpDao.class]]
2016-12-16 09:50:38 org.springframework.context.annotation.ClassPathScanningCandidateComponentProvider.findCandidateComponents(ClassPathScanningCandidateComponentProvider.java:286)  Identified candidate component class: file [D:\SpringMybatisWebDemo\target\classes\com\hc\dao\Dept2Dao.class]
2016-12-16 09:50:38 org.springframework.context.annotation.ClassPathScanningCandidateComponentProvider.findCandidateComponents(ClassPathScanningCandidateComponentProvider.java:286)  Identified candidate component class: file [D:\SpringMybatisWebDemo\target\classes\com\hc\dao\DeptDao.class]
2016-12-16 09:50:38 org.springframework.context.annotation.ClassPathScanningCandidateComponentProvider.findCandidateComponents(ClassPathScanningCandidateComponentProvider.java:286)  Identified candidate component class: file [D:\SpringMybatisWebDemo\target\classes\com\hc\dao\EmpDao.class]
2016-12-16 09:50:38 org.mybatis.spring.mapper.ClassPathMapperScanner.processBeanDefinitions(ClassPathMapperScanner.java:181)  Creating MapperFactoryBean with name 'dept2Dao' and 'com.hc.dao.Dept2Dao' mapperInterface
2016-12-16 09:50:38 org.mybatis.spring.mapper.ClassPathMapperScanner.processBeanDefinitions(ClassPathMapperScanner.java:181)  Creating MapperFactoryBean with name 'deptDao' and 'com.hc.dao.DeptDao' mapperInterface
2016-12-16 09:50:38 org.mybatis.spring.mapper.ClassPathMapperScanner.processBeanDefinitions(ClassPathMapperScanner.java:181)  Creating MapperFactoryBean with name 'empDao' and 'com.hc.dao.EmpDao' mapperInterface
2016-12-16 09:50:38 org.springframework.beans.factory.support.DefaultSingletonBeanRegistry.getSingleton(DefaultSingletonBeanRegistry.java:221)  Creating shared instance of singleton bean 'org.springframework.context.annotation.internalAutowiredAnnotationProcessor'
2016-12-16 09:50:38 org.springframework.beans.factory.support.AbstractAutowireCapableBeanFactory.createBean(AbstractAutowireCapableBeanFactory.java:448)  Creating instance of bean 'org.springframework.context.annotation.internalAutowiredAnnotationProcessor'
2016-12-16 09:50:38 org.springframework.beans.factory.support.AbstractAutowireCapableBeanFactory.doCreateBean(AbstractAutowireCapableBeanFactory.java:537)  Eagerly caching bean 'org.springframework.context.annotation.internalAutowiredAnnotationProcessor' to allow for resolving potential circular references
2016-12-16 09:50:38 org.springframework.beans.factory.support.AbstractAutowireCapableBeanFactory.createBean(AbstractAutowireCapableBeanFactory.java:484)  Finished creating instance of bean 'org.springframework.context.annotation.internalAutowiredAnnotationProcessor'
2016-12-16 09:50:38 org.springframework.beans.factory.support.DefaultSingletonBeanRegistry.getSingleton(DefaultSingletonBeanRegistry.java:221)  Creating shared instance of singleton bean 'org.springframework.context.annotation.internalRequiredAnnotationProcessor'
2016-12-16 09:50:38 org.springframework.beans.factory.support.AbstractAutowireCapableBeanFactory.createBean(AbstractAutowireCapableBeanFactory.java:448)  Creating instance of bean 'org.springframework.context.annotation.internalRequiredAnnotationProcessor'
2016-12-16 09:50:38 org.springframework.beans.factory.support.AbstractAutowireCapableBeanFactory.doCreateBean(AbstractAutowireCapableBeanFactory.java:537)  Eagerly caching bean 'org.springframework.context.annotation.internalRequiredAnnotationProcessor' to allow for resolving potential circular references
2016-12-16 09:50:38 org.springframework.beans.factory.support.AbstractAutowireCapableBeanFactory.createBean(AbstractAutowireCapableBeanFactory.java:484)  Finished creating instance of bean 'org.springframework.context.annotation.internalRequiredAnnotationProcessor'
2016-12-16 09:50:38 org.springframework.beans.factory.support.DefaultSingletonBeanRegistry.getSingleton(DefaultSingletonBeanRegistry.java:221)  Creating shared instance of singleton bean 'org.springframework.context.annotation.internalCommonAnnotationProcessor'
2016-12-16 09:50:38 org.springframework.beans.factory.support.AbstractAutowireCapableBeanFactory.createBean(AbstractAutowireCapableBeanFactory.java:448)  Creating instance of bean 'org.springframework.context.annotation.internalCommonAnnotationProcessor'
2016-12-16 09:50:38 org.springframework.beans.factory.support.AbstractAutowireCapableBeanFactory.doCreateBean(AbstractAutowireCapableBeanFactory.java:537)  Eagerly caching bean 'org.springframework.context.annotation.internalCommonAnnotationProcessor' to allow for resolving potential circular references
2016-12-16 09:50:38 org.springframework.beans.factory.support.AbstractAutowireCapableBeanFactory.createBean(AbstractAutowireCapableBeanFactory.java:484)  Finished creating instance of bean 'org.springframework.context.annotation.internalCommonAnnotationProcessor'
2016-12-16 09:50:38 org.springframework.beans.factory.support.DefaultSingletonBeanRegistry.getSingleton(DefaultSingletonBeanRegistry.java:221)  Creating shared instance of singleton bean 'org.springframework.context.annotation.ConfigurationClassPostProcessor.importAwareProcessor'
2016-12-16 09:50:38 org.springframework.beans.factory.support.AbstractAutowireCapableBeanFactory.createBean(AbstractAutowireCapableBeanFactory.java:448)  Creating instance of bean 'org.springframework.context.annotation.ConfigurationClassPostProcessor.importAwareProcessor'
2016-12-16 09:50:38 org.springframework.beans.factory.support.AbstractAutowireCapableBeanFactory.doCreateBean(AbstractAutowireCapableBeanFactory.java:537)  Eagerly caching bean 'org.springframework.context.annotation.ConfigurationClassPostProcessor.importAwareProcessor' to allow for resolving potential circular references
2016-12-16 09:50:38 org.springframework.beans.factory.support.AbstractAutowireCapableBeanFactory.createBean(AbstractAutowireCapableBeanFactory.java:484)  Finished creating instance of bean 'org.springframework.context.annotation.ConfigurationClassPostProcessor.importAwareProcessor'
2016-12-16 09:50:38 org.springframework.beans.factory.support.DefaultSingletonBeanRegistry.getSingleton(DefaultSingletonBeanRegistry.java:221)  Creating shared instance of singleton bean 'org.springframework.context.annotation.ConfigurationClassPostProcessor.enhancedConfigurationProcessor'
2016-12-16 09:50:38 org.springframework.beans.factory.support.AbstractAutowireCapableBeanFactory.createBean(AbstractAutowireCapableBeanFactory.java:448)  Creating instance of bean 'org.springframework.context.annotation.ConfigurationClassPostProcessor.enhancedConfigurationProcessor'
2016-12-16 09:50:38 org.springframework.beans.factory.support.AbstractAutowireCapableBeanFactory.doCreateBean(AbstractAutowireCapableBeanFactory.java:537)  Eagerly caching bean 'org.springframework.context.annotation.ConfigurationClassPostProcessor.enhancedConfigurationProcessor' to allow for resolving potential circular references
2016-12-16 09:50:38 org.springframework.beans.factory.support.AbstractAutowireCapableBeanFactory.createBean(AbstractAutowireCapableBeanFactory.java:484)  Finished creating instance of bean 'org.springframework.context.annotation.ConfigurationClassPostProcessor.enhancedConfigurationProcessor'
2016-12-16 09:50:38 org.springframework.beans.factory.support.DefaultSingletonBeanRegistry.getSingleton(DefaultSingletonBeanRegistry.java:221)  Creating shared instance of singleton bean 'org.springframework.aop.config.internalAutoProxyCreator'
2016-12-16 09:50:38 org.springframework.beans.factory.support.AbstractAutowireCapableBeanFactory.createBean(AbstractAutowireCapableBeanFactory.java:448)  Creating instance of bean 'org.springframework.aop.config.internalAutoProxyCreator'
2016-12-16 09:50:38 org.springframework.beans.factory.support.AbstractAutowireCapableBeanFactory.doCreateBean(AbstractAutowireCapableBeanFactory.java:537)  Eagerly caching bean 'org.springframework.aop.config.internalAutoProxyCreator' to allow for resolving potential circular references
2016-12-16 09:50:38 org.springframework.beans.factory.support.AbstractAutowireCapableBeanFactory.createBean(AbstractAutowireCapableBeanFactory.java:484)  Finished creating instance of bean 'org.springframework.aop.config.internalAutoProxyCreator'
2016-12-16 09:50:38 org.springframework.context.support.AbstractApplicationContext.initMessageSource(AbstractApplicationContext.java:733)  Unable to locate MessageSource with name 'messageSource': using default [org.springframework.context.support.DelegatingMessageSource@43195e57]
2016-12-16 09:50:38 org.springframework.context.support.AbstractApplicationContext.initApplicationEventMulticaster(AbstractApplicationContext.java:757)  Unable to locate ApplicationEventMulticaster with name 'applicationEventMulticaster': using default [org.springframework.context.event.SimpleApplicationEventMulticaster@f5ac9e4]
2016-12-16 09:50:38 org.springframework.beans.factory.support.DefaultListableBeanFactory.preInstantiateSingletons(DefaultListableBeanFactory.java:723)  Pre-instantiating singletons in org.springframework.beans.factory.support.DefaultListableBeanFactory@6c3f5566: defining beans [deptController,deptServiceImpl,org.springframework.context.annotation.internalConfigurationAnnotationProcessor,org.springframework.context.annotation.internalAutowiredAnnotationProcessor,org.springframework.context.annotation.internalRequiredAnnotationProcessor,org.springframework.context.annotation.internalCommonAnnotationProcessor,org.springframework.context.event.internalEventListenerProcessor,org.springframework.context.event.internalEventListenerFactory,dataSource123,sqlSessionFactory,org.mybatis.spring.mapper.MapperScannerConfigurer#0,txManager,org.springframework.transaction.config.internalTransactionalEventListenerFactory,org.springframework.aop.config.internalAutoProxyCreator,org.springframework.transaction.annotation.AnnotationTransactionAttributeSource#0,org.springframework.transaction.interceptor.TransactionInterceptor#0,org.springframework.transaction.config.internalTransactionAdvisor,org.springframework.context.annotation.ConfigurationClassPostProcessor.importAwareProcessor,org.springframework.context.annotation.ConfigurationClassPostProcessor.enhancedConfigurationProcessor,dept2Dao,deptDao,empDao]; root of factory hierarchy
2016-12-16 09:50:38 org.springframework.beans.factory.support.DefaultSingletonBeanRegistry.getSingleton(DefaultSingletonBeanRegistry.java:221)  Creating shared instance of singleton bean 'deptController'
2016-12-16 09:50:38 org.springframework.beans.factory.support.AbstractAutowireCapableBeanFactory.createBean(AbstractAutowireCapableBeanFactory.java:448)  Creating instance of bean 'deptController'
2016-12-16 09:50:38 org.springframework.beans.factory.annotation.InjectionMetadata.checkConfigMembers(InjectionMetadata.java:72)  Registered injected element on class [com.hc.action.DeptController]: AutowiredFieldElement for private com.hc.service.DeptService com.hc.action.DeptController.deptService
2016-12-16 09:50:38 org.springframework.beans.factory.support.AbstractAutowireCapableBeanFactory.doCreateBean(AbstractAutowireCapableBeanFactory.java:537)  Eagerly caching bean 'deptController' to allow for resolving potential circular references
2016-12-16 09:50:38 org.springframework.beans.factory.annotation.InjectionMetadata.inject(InjectionMetadata.java:86)  Processing injected element of bean 'deptController': AutowiredFieldElement for private com.hc.service.DeptService com.hc.action.DeptController.deptService
2016-12-16 09:50:38 org.springframework.beans.factory.support.DefaultSingletonBeanRegistry.getSingleton(DefaultSingletonBeanRegistry.java:221)  Creating shared instance of singleton bean 'deptServiceImpl'
2016-12-16 09:50:38 org.springframework.beans.factory.support.AbstractAutowireCapableBeanFactory.createBean(AbstractAutowireCapableBeanFactory.java:448)  Creating instance of bean 'deptServiceImpl'
2016-12-16 09:50:38 org.springframework.beans.factory.annotation.InjectionMetadata.checkConfigMembers(InjectionMetadata.java:72)  Registered injected element on class [com.hc.service.impl.DeptServiceImpl]: AutowiredFieldElement for private com.hc.dao.DeptDao com.hc.service.impl.DeptServiceImpl.deptDao
2016-12-16 09:50:38 org.springframework.beans.factory.support.AbstractAutowireCapableBeanFactory.doCreateBean(AbstractAutowireCapableBeanFactory.java:537)  Eagerly caching bean 'deptServiceImpl' to allow for resolving potential circular references
2016-12-16 09:50:38 org.springframework.beans.factory.annotation.InjectionMetadata.inject(InjectionMetadata.java:86)  Processing injected element of bean 'deptServiceImpl': AutowiredFieldElement for private com.hc.dao.DeptDao com.hc.service.impl.DeptServiceImpl.deptDao
2016-12-16 09:50:38 org.springframework.beans.factory.support.DefaultSingletonBeanRegistry.getSingleton(DefaultSingletonBeanRegistry.java:221)  Creating shared instance of singleton bean 'deptDao'
2016-12-16 09:50:38 org.springframework.beans.factory.support.AbstractAutowireCapableBeanFactory.createBean(AbstractAutowireCapableBeanFactory.java:448)  Creating instance of bean 'deptDao'
2016-12-16 09:50:38 org.springframework.beans.factory.support.AbstractAutowireCapableBeanFactory.doCreateBean(AbstractAutowireCapableBeanFactory.java:537)  Eagerly caching bean 'deptDao' to allow for resolving potential circular references
2016-12-16 09:50:38 org.springframework.beans.factory.support.DefaultSingletonBeanRegistry.getSingleton(DefaultSingletonBeanRegistry.java:221)  Creating shared instance of singleton bean 'sqlSessionFactory'
2016-12-16 09:50:38 org.springframework.beans.factory.support.AbstractAutowireCapableBeanFactory.createBean(AbstractAutowireCapableBeanFactory.java:448)  Creating instance of bean 'sqlSessionFactory'
2016-12-16 09:50:38 org.springframework.beans.factory.support.AbstractAutowireCapableBeanFactory.doCreateBean(AbstractAutowireCapableBeanFactory.java:537)  Eagerly caching bean 'sqlSessionFactory' to allow for resolving potential circular references
2016-12-16 09:50:38 org.springframework.beans.factory.support.DefaultSingletonBeanRegistry.getSingleton(DefaultSingletonBeanRegistry.java:221)  Creating shared instance of singleton bean 'dataSource123'
2016-12-16 09:50:38 org.springframework.beans.factory.support.AbstractAutowireCapableBeanFactory.createBean(AbstractAutowireCapableBeanFactory.java:448)  Creating instance of bean 'dataSource123'
2016-12-16 09:50:38 org.springframework.beans.factory.support.AbstractAutowireCapableBeanFactory.doCreateBean(AbstractAutowireCapableBeanFactory.java:537)  Eagerly caching bean 'dataSource123' to allow for resolving potential circular references
2016-12-16 09:50:38 org.springframework.beans.factory.support.DefaultSingletonBeanRegistry.getSingleton(DefaultSingletonBeanRegistry.java:221)  Creating shared instance of singleton bean 'org.springframework.transaction.config.internalTransactionAdvisor'
2016-12-16 09:50:38 org.springframework.beans.factory.support.AbstractAutowireCapableBeanFactory.createBean(AbstractAutowireCapableBeanFactory.java:448)  Creating instance of bean 'org.springframework.transaction.config.internalTransactionAdvisor'
2016-12-16 09:50:38 org.springframework.beans.factory.support.AbstractAutowireCapableBeanFactory.doCreateBean(AbstractAutowireCapableBeanFactory.java:537)  Eagerly caching bean 'org.springframework.transaction.config.internalTransactionAdvisor' to allow for resolving potential circular references
2016-12-16 09:50:38 org.springframework.beans.factory.support.DefaultSingletonBeanRegistry.getSingleton(DefaultSingletonBeanRegistry.java:221)  Creating shared instance of singleton bean 'org.springframework.transaction.annotation.AnnotationTransactionAttributeSource#0'
2016-12-16 09:50:38 org.springframework.beans.factory.support.AbstractAutowireCapableBeanFactory.createBean(AbstractAutowireCapableBeanFactory.java:448)  Creating instance of bean 'org.springframework.transaction.annotation.AnnotationTransactionAttributeSource#0'
2016-12-16 09:50:38 org.springframework.beans.factory.support.AbstractAutowireCapableBeanFactory.doCreateBean(AbstractAutowireCapableBeanFactory.java:537)  Eagerly caching bean 'org.springframework.transaction.annotation.AnnotationTransactionAttributeSource#0' to allow for resolving potential circular references
2016-12-16 09:50:38 org.springframework.aop.framework.autoproxy.BeanFactoryAdvisorRetrievalHelper.findAdvisorBeans(BeanFactoryAdvisorRetrievalHelper.java:87)  Skipping currently created advisor 'org.springframework.transaction.config.internalTransactionAdvisor'
2016-12-16 09:50:38 org.springframework.beans.factory.support.AbstractAutowireCapableBeanFactory.createBean(AbstractAutowireCapableBeanFactory.java:484)  Finished creating instance of bean 'org.springframework.transaction.annotation.AnnotationTransactionAttributeSource#0'
2016-12-16 09:50:38 org.springframework.beans.factory.support.AbstractAutowireCapableBeanFactory.createBean(AbstractAutowireCapableBeanFactory.java:484)  Finished creating instance of bean 'org.springframework.transaction.config.internalTransactionAdvisor'
2016-12-16 09:50:38 org.springframework.beans.factory.support.AbstractAutowireCapableBeanFactory.createBean(AbstractAutowireCapableBeanFactory.java:484)  Finished creating instance of bean 'dataSource123'
2016-12-16 09:50:38 org.springframework.beans.factory.support.AbstractAutowireCapableBeanFactory.invokeInitMethods(AbstractAutowireCapableBeanFactory.java:1625)  Invoking afterPropertiesSet() on bean with name 'sqlSessionFactory'
2016-12-16 09:50:38 org.apache.ibatis.logging.commons.JakartaCommonsLoggingImpl.debug(JakartaCommonsLoggingImpl.java:54)  Parsed configuration file: 'class path resource [mybatisMapper.xml]'
2016-12-16 09:50:38 org.apache.ibatis.logging.commons.JakartaCommonsLoggingImpl.debug(JakartaCommonsLoggingImpl.java:54)  Property 'mapperLocations' was not specified or no matching resources found
2016-12-16 09:50:38 org.springframework.beans.factory.support.AbstractBeanFactory.doGetBean(AbstractBeanFactory.java:251)  Returning cached instance of singleton bean 'org.springframework.transaction.config.internalTransactionAdvisor'
2016-12-16 09:50:38 org.springframework.beans.factory.support.AbstractAutowireCapableBeanFactory.createBean(AbstractAutowireCapableBeanFactory.java:484)  Finished creating instance of bean 'sqlSessionFactory'
2016-12-16 09:50:38 org.springframework.beans.factory.support.AbstractBeanFactory.doGetBean(AbstractBeanFactory.java:251)  Returning cached instance of singleton bean 'org.springframework.transaction.config.internalTransactionAdvisor'
2016-12-16 09:50:38 org.springframework.beans.factory.support.AbstractAutowireCapableBeanFactory.invokeInitMethods(AbstractAutowireCapableBeanFactory.java:1625)  Invoking afterPropertiesSet() on bean with name 'deptDao'
2016-12-16 09:50:38 org.springframework.beans.factory.support.AbstractBeanFactory.doGetBean(AbstractBeanFactory.java:251)  Returning cached instance of singleton bean 'org.springframework.transaction.config.internalTransactionAdvisor'
2016-12-16 09:50:38 org.springframework.beans.factory.support.AbstractAutowireCapableBeanFactory.createBean(AbstractAutowireCapableBeanFactory.java:484)  Finished creating instance of bean 'deptDao'
2016-12-16 09:50:38 org.springframework.beans.factory.support.AbstractBeanFactory.doGetBean(AbstractBeanFactory.java:251)  Returning cached instance of singleton bean 'org.springframework.transaction.config.internalTransactionAdvisor'
2016-12-16 09:50:38 org.springframework.beans.factory.annotation.AutowiredAnnotationBeanPostProcessor.registerDependentBeans(AutowiredAnnotationBeanPostProcessor.java:539)  Autowiring by type from bean name 'deptServiceImpl' to bean named 'deptDao'
2016-12-16 09:50:38 org.springframework.beans.factory.support.AbstractBeanFactory.doGetBean(AbstractBeanFactory.java:251)  Returning cached instance of singleton bean 'org.springframework.transaction.config.internalTransactionAdvisor'
2016-12-16 09:50:38 org.springframework.beans.factory.support.AbstractAutowireCapableBeanFactory.createBean(AbstractAutowireCapableBeanFactory.java:484)  Finished creating instance of bean 'deptServiceImpl'
2016-12-16 09:50:38 org.springframework.beans.factory.annotation.AutowiredAnnotationBeanPostProcessor.registerDependentBeans(AutowiredAnnotationBeanPostProcessor.java:539)  Autowiring by type from bean name 'deptController' to bean named 'deptServiceImpl'
2016-12-16 09:50:38 org.springframework.beans.factory.support.AbstractBeanFactory.doGetBean(AbstractBeanFactory.java:251)  Returning cached instance of singleton bean 'org.springframework.transaction.config.internalTransactionAdvisor'
2016-12-16 09:50:38 org.springframework.beans.factory.support.AbstractAutowireCapableBeanFactory.createBean(AbstractAutowireCapableBeanFactory.java:484)  Finished creating instance of bean 'deptController'
2016-12-16 09:50:38 org.springframework.beans.factory.support.AbstractBeanFactory.doGetBean(AbstractBeanFactory.java:251)  Returning cached instance of singleton bean 'deptServiceImpl'
2016-12-16 09:50:38 org.springframework.beans.factory.support.AbstractBeanFactory.doGetBean(AbstractBeanFactory.java:251)  Returning cached instance of singleton bean 'org.springframework.context.annotation.internalConfigurationAnnotationProcessor'
2016-12-16 09:50:38 org.springframework.beans.factory.support.AbstractBeanFactory.doGetBean(AbstractBeanFactory.java:251)  Returning cached instance of singleton bean 'org.springframework.context.annotation.internalAutowiredAnnotationProcessor'
2016-12-16 09:50:38 org.springframework.beans.factory.support.AbstractBeanFactory.doGetBean(AbstractBeanFactory.java:251)  Returning cached instance of singleton bean 'org.springframework.context.annotation.internalRequiredAnnotationProcessor'
2016-12-16 09:50:38 org.springframework.beans.factory.support.AbstractBeanFactory.doGetBean(AbstractBeanFactory.java:251)  Returning cached instance of singleton bean 'org.springframework.context.annotation.internalCommonAnnotationProcessor'
2016-12-16 09:50:38 org.springframework.beans.factory.support.DefaultSingletonBeanRegistry.getSingleton(DefaultSingletonBeanRegistry.java:221)  Creating shared instance of singleton bean 'org.springframework.context.event.internalEventListenerProcessor'
2016-12-16 09:50:38 org.springframework.beans.factory.support.AbstractAutowireCapableBeanFactory.createBean(AbstractAutowireCapableBeanFactory.java:448)  Creating instance of bean 'org.springframework.context.event.internalEventListenerProcessor'
2016-12-16 09:50:38 org.springframework.beans.factory.support.AbstractAutowireCapableBeanFactory.doCreateBean(AbstractAutowireCapableBeanFactory.java:537)  Eagerly caching bean 'org.springframework.context.event.internalEventListenerProcessor' to allow for resolving potential circular references
2016-12-16 09:50:38 org.springframework.beans.factory.support.AbstractBeanFactory.doGetBean(AbstractBeanFactory.java:251)  Returning cached instance of singleton bean 'org.springframework.transaction.config.internalTransactionAdvisor'
2016-12-16 09:50:38 org.springframework.beans.factory.support.AbstractAutowireCapableBeanFactory.createBean(AbstractAutowireCapableBeanFactory.java:484)  Finished creating instance of bean 'org.springframework.context.event.internalEventListenerProcessor'
2016-12-16 09:50:38 org.springframework.beans.factory.support.DefaultSingletonBeanRegistry.getSingleton(DefaultSingletonBeanRegistry.java:221)  Creating shared instance of singleton bean 'org.springframework.context.event.internalEventListenerFactory'
2016-12-16 09:50:38 org.springframework.beans.factory.support.AbstractAutowireCapableBeanFactory.createBean(AbstractAutowireCapableBeanFactory.java:448)  Creating instance of bean 'org.springframework.context.event.internalEventListenerFactory'
2016-12-16 09:50:38 org.springframework.beans.factory.support.AbstractAutowireCapableBeanFactory.doCreateBean(AbstractAutowireCapableBeanFactory.java:537)  Eagerly caching bean 'org.springframework.context.event.internalEventListenerFactory' to allow for resolving potential circular references
2016-12-16 09:50:38 org.springframework.beans.factory.support.AbstractBeanFactory.doGetBean(AbstractBeanFactory.java:251)  Returning cached instance of singleton bean 'org.springframework.transaction.config.internalTransactionAdvisor'
2016-12-16 09:50:38 org.springframework.beans.factory.support.AbstractAutowireCapableBeanFactory.createBean(AbstractAutowireCapableBeanFactory.java:484)  Finished creating instance of bean 'org.springframework.context.event.internalEventListenerFactory'
2016-12-16 09:50:38 org.springframework.beans.factory.support.AbstractBeanFactory.doGetBean(AbstractBeanFactory.java:251)  Returning cached instance of singleton bean 'dataSource123'
2016-12-16 09:50:38 org.springframework.beans.factory.support.AbstractBeanFactory.doGetBean(AbstractBeanFactory.java:251)  Returning cached instance of singleton bean 'sqlSessionFactory'
2016-12-16 09:50:38 org.springframework.beans.factory.support.AbstractBeanFactory.doGetBean(AbstractBeanFactory.java:251)  Returning cached instance of singleton bean 'org.mybatis.spring.mapper.MapperScannerConfigurer#0'
2016-12-16 09:50:38 org.springframework.beans.factory.support.DefaultSingletonBeanRegistry.getSingleton(DefaultSingletonBeanRegistry.java:221)  Creating shared instance of singleton bean 'txManager'
2016-12-16 09:50:38 org.springframework.beans.factory.support.AbstractAutowireCapableBeanFactory.createBean(AbstractAutowireCapableBeanFactory.java:448)  Creating instance of bean 'txManager'
2016-12-16 09:50:38 org.springframework.beans.factory.support.AbstractAutowireCapableBeanFactory.doCreateBean(AbstractAutowireCapableBeanFactory.java:537)  Eagerly caching bean 'txManager' to allow for resolving potential circular references
2016-12-16 09:50:38 org.springframework.beans.factory.support.AbstractBeanFactory.doGetBean(AbstractBeanFactory.java:251)  Returning cached instance of singleton bean 'dataSource123'
2016-12-16 09:50:38 org.springframework.beans.factory.support.AbstractAutowireCapableBeanFactory.invokeInitMethods(AbstractAutowireCapableBeanFactory.java:1625)  Invoking afterPropertiesSet() on bean with name 'txManager'
2016-12-16 09:50:38 org.springframework.beans.factory.support.AbstractBeanFactory.doGetBean(AbstractBeanFactory.java:251)  Returning cached instance of singleton bean 'org.springframework.transaction.config.internalTransactionAdvisor'
2016-12-16 09:50:38 org.springframework.beans.factory.support.AbstractAutowireCapableBeanFactory.createBean(AbstractAutowireCapableBeanFactory.java:484)  Finished creating instance of bean 'txManager'
2016-12-16 09:50:38 org.springframework.beans.factory.support.DefaultSingletonBeanRegistry.getSingleton(DefaultSingletonBeanRegistry.java:221)  Creating shared instance of singleton bean 'org.springframework.transaction.config.internalTransactionalEventListenerFactory'
2016-12-16 09:50:38 org.springframework.beans.factory.support.AbstractAutowireCapableBeanFactory.createBean(AbstractAutowireCapableBeanFactory.java:448)  Creating instance of bean 'org.springframework.transaction.config.internalTransactionalEventListenerFactory'
2016-12-16 09:50:38 org.springframework.beans.factory.support.AbstractAutowireCapableBeanFactory.doCreateBean(AbstractAutowireCapableBeanFactory.java:537)  Eagerly caching bean 'org.springframework.transaction.config.internalTransactionalEventListenerFactory' to allow for resolving potential circular references
2016-12-16 09:50:38 org.springframework.beans.factory.support.AbstractBeanFactory.doGetBean(AbstractBeanFactory.java:251)  Returning cached instance of singleton bean 'org.springframework.transaction.config.internalTransactionAdvisor'
2016-12-16 09:50:38 org.springframework.beans.factory.support.AbstractAutowireCapableBeanFactory.createBean(AbstractAutowireCapableBeanFactory.java:484)  Finished creating instance of bean 'org.springframework.transaction.config.internalTransactionalEventListenerFactory'
2016-12-16 09:50:38 org.springframework.beans.factory.support.AbstractBeanFactory.doGetBean(AbstractBeanFactory.java:251)  Returning cached instance of singleton bean 'org.springframework.aop.config.internalAutoProxyCreator'
2016-12-16 09:50:38 org.springframework.beans.factory.support.AbstractBeanFactory.doGetBean(AbstractBeanFactory.java:251)  Returning cached instance of singleton bean 'org.springframework.transaction.annotation.AnnotationTransactionAttributeSource#0'
2016-12-16 09:50:38 org.springframework.beans.factory.support.DefaultSingletonBeanRegistry.getSingleton(DefaultSingletonBeanRegistry.java:221)  Creating shared instance of singleton bean 'org.springframework.transaction.interceptor.TransactionInterceptor#0'
2016-12-16 09:50:38 org.springframework.beans.factory.support.AbstractAutowireCapableBeanFactory.createBean(AbstractAutowireCapableBeanFactory.java:448)  Creating instance of bean 'org.springframework.transaction.interceptor.TransactionInterceptor#0'
2016-12-16 09:50:38 org.springframework.beans.factory.support.AbstractAutowireCapableBeanFactory.doCreateBean(AbstractAutowireCapableBeanFactory.java:537)  Eagerly caching bean 'org.springframework.transaction.interceptor.TransactionInterceptor#0' to allow for resolving potential circular references
2016-12-16 09:50:38 org.springframework.beans.factory.support.AbstractBeanFactory.doGetBean(AbstractBeanFactory.java:251)  Returning cached instance of singleton bean 'org.springframework.transaction.annotation.AnnotationTransactionAttributeSource#0'
2016-12-16 09:50:38 org.springframework.beans.factory.support.AbstractAutowireCapableBeanFactory.invokeInitMethods(AbstractAutowireCapableBeanFactory.java:1625)  Invoking afterPropertiesSet() on bean with name 'org.springframework.transaction.interceptor.TransactionInterceptor#0'
2016-12-16 09:50:38 org.springframework.beans.factory.support.AbstractAutowireCapableBeanFactory.createBean(AbstractAutowireCapableBeanFactory.java:484)  Finished creating instance of bean 'org.springframework.transaction.interceptor.TransactionInterceptor#0'
2016-12-16 09:50:38 org.springframework.beans.factory.support.AbstractBeanFactory.doGetBean(AbstractBeanFactory.java:251)  Returning cached instance of singleton bean 'org.springframework.transaction.config.internalTransactionAdvisor'
2016-12-16 09:50:38 org.springframework.beans.factory.support.AbstractBeanFactory.doGetBean(AbstractBeanFactory.java:251)  Returning cached instance of singleton bean 'org.springframework.context.annotation.ConfigurationClassPostProcessor.importAwareProcessor'
2016-12-16 09:50:38 org.springframework.beans.factory.support.AbstractBeanFactory.doGetBean(AbstractBeanFactory.java:251)  Returning cached instance of singleton bean 'org.springframework.context.annotation.ConfigurationClassPostProcessor.enhancedConfigurationProcessor'
2016-12-16 09:50:38 org.springframework.beans.factory.support.DefaultSingletonBeanRegistry.getSingleton(DefaultSingletonBeanRegistry.java:221)  Creating shared instance of singleton bean 'dept2Dao'
2016-12-16 09:50:38 org.springframework.beans.factory.support.AbstractAutowireCapableBeanFactory.createBean(AbstractAutowireCapableBeanFactory.java:448)  Creating instance of bean 'dept2Dao'
2016-12-16 09:50:38 org.springframework.beans.factory.support.AbstractAutowireCapableBeanFactory.doCreateBean(AbstractAutowireCapableBeanFactory.java:537)  Eagerly caching bean 'dept2Dao' to allow for resolving potential circular references
2016-12-16 09:50:38 org.springframework.beans.factory.support.AbstractBeanFactory.doGetBean(AbstractBeanFactory.java:251)  Returning cached instance of singleton bean 'sqlSessionFactory'
2016-12-16 09:50:38 org.springframework.beans.factory.support.AbstractAutowireCapableBeanFactory.invokeInitMethods(AbstractAutowireCapableBeanFactory.java:1625)  Invoking afterPropertiesSet() on bean with name 'dept2Dao'
2016-12-16 09:50:38 org.springframework.beans.factory.support.AbstractBeanFactory.doGetBean(AbstractBeanFactory.java:251)  Returning cached instance of singleton bean 'org.springframework.transaction.config.internalTransactionAdvisor'
2016-12-16 09:50:38 org.springframework.beans.factory.support.AbstractAutowireCapableBeanFactory.createBean(AbstractAutowireCapableBeanFactory.java:484)  Finished creating instance of bean 'dept2Dao'
2016-12-16 09:50:38 org.springframework.beans.factory.support.AbstractBeanFactory.doGetBean(AbstractBeanFactory.java:251)  Returning cached instance of singleton bean 'deptDao'
2016-12-16 09:50:38 org.springframework.beans.factory.support.DefaultSingletonBeanRegistry.getSingleton(DefaultSingletonBeanRegistry.java:221)  Creating shared instance of singleton bean 'empDao'
2016-12-16 09:50:38 org.springframework.beans.factory.support.AbstractAutowireCapableBeanFactory.createBean(AbstractAutowireCapableBeanFactory.java:448)  Creating instance of bean 'empDao'
2016-12-16 09:50:38 org.springframework.beans.factory.support.AbstractAutowireCapableBeanFactory.doCreateBean(AbstractAutowireCapableBeanFactory.java:537)  Eagerly caching bean 'empDao' to allow for resolving potential circular references
2016-12-16 09:50:38 org.springframework.beans.factory.support.AbstractBeanFactory.doGetBean(AbstractBeanFactory.java:251)  Returning cached instance of singleton bean 'sqlSessionFactory'
2016-12-16 09:50:38 org.springframework.beans.factory.support.AbstractAutowireCapableBeanFactory.invokeInitMethods(AbstractAutowireCapableBeanFactory.java:1625)  Invoking afterPropertiesSet() on bean with name 'empDao'
2016-12-16 09:50:38 org.springframework.beans.factory.support.AbstractBeanFactory.doGetBean(AbstractBeanFactory.java:251)  Returning cached instance of singleton bean 'org.springframework.transaction.config.internalTransactionAdvisor'
2016-12-16 09:50:38 org.springframework.beans.factory.support.AbstractAutowireCapableBeanFactory.createBean(AbstractAutowireCapableBeanFactory.java:484)  Finished creating instance of bean 'empDao'
2016-12-16 09:50:38 org.springframework.beans.factory.support.AbstractBeanFactory.doGetBean(AbstractBeanFactory.java:251)  Returning cached instance of singleton bean 'org.springframework.context.event.internalEventListenerFactory'
2016-12-16 09:50:38 org.springframework.beans.factory.support.AbstractBeanFactory.doGetBean(AbstractBeanFactory.java:251)  Returning cached instance of singleton bean 'org.springframework.transaction.config.internalTransactionalEventListenerFactory'
2016-12-16 09:50:38 org.springframework.context.support.AbstractApplicationContext.initLifecycleProcessor(AbstractApplicationContext.java:784)  Unable to locate LifecycleProcessor with name 'lifecycleProcessor': using default [org.springframework.context.support.DefaultLifecycleProcessor@1ed4ae0f]
2016-12-16 09:50:38 org.springframework.beans.factory.support.AbstractBeanFactory.doGetBean(AbstractBeanFactory.java:251)  Returning cached instance of singleton bean 'lifecycleProcessor'
2016-12-16 09:50:38 org.springframework.beans.factory.support.AbstractBeanFactory.doGetBean(AbstractBeanFactory.java:251)  Returning cached instance of singleton bean 'sqlSessionFactory'
2016-12-16 09:50:38 org.springframework.core.env.PropertySourcesPropertyResolver.getProperty(PropertySourcesPropertyResolver.java:91)  Could not find key 'spring.liveBeansView.mbeanDomain' in any property source
2016-12-16 09:50:38 org.springframework.beans.factory.support.AbstractBeanFactory.doGetBean(AbstractBeanFactory.java:251)  Returning cached instance of singleton bean 'sqlSessionFactory'
2016-12-16 09:50:38 org.apache.ibatis.logging.commons.JakartaCommonsLoggingImpl.debug(JakartaCommonsLoggingImpl.java:54)  Cache Hit Ratio [com.hc.dao.Dept2Dao]: 0.0
2016-12-16 09:50:38 org.springframework.jdbc.datasource.DataSourceUtils.doGetConnection(DataSourceUtils.java:110)  Fetching JDBC Connection from DataSource
2016-12-16 09:50:38 com.alibaba.druid.pool.DruidDataSource.init(DruidDataSource.java:715)  {dataSource-1} inited
2016-12-16 09:50:39 org.apache.ibatis.logging.commons.JakartaCommonsLoggingImpl.debug(JakartaCommonsLoggingImpl.java:54)  JDBC Connection [com.mysql.jdbc.JDBC4Connection@9816741] will not be managed by Spring
2016-12-16 09:50:39 org.apache.ibatis.logging.commons.JakartaCommonsLoggingImpl.debug(JakartaCommonsLoggingImpl.java:54)  ==>  Preparing: SELECT deptno, dname, loc,kouhao,yusuan from dept 
2016-12-16 09:50:39 org.apache.ibatis.logging.commons.JakartaCommonsLoggingImpl.debug(JakartaCommonsLoggingImpl.java:54)  ==> Parameters: 
2016-12-16 09:50:39 org.apache.ibatis.logging.commons.JakartaCommonsLoggingImpl.debug(JakartaCommonsLoggingImpl.java:54)  <==      Total: 7
2016-12-16 09:51:18 org.springframework.core.env.MutablePropertySources.addLast(MutablePropertySources.java:109)  Adding [systemProperties] PropertySource with lowest search precedence
2016-12-16 09:51:18 org.springframework.core.env.MutablePropertySources.addLast(MutablePropertySources.java:109)  Adding [systemEnvironment] PropertySource with lowest search precedence
2016-12-16 09:51:18 org.springframework.core.env.AbstractEnvironment.<init>(AbstractEnvironment.java:124)  Initialized StandardEnvironment with PropertySources [systemProperties,systemEnvironment]
2016-12-16 09:51:18 org.springframework.context.support.AbstractApplicationContext.prepareRefresh(AbstractApplicationContext.java:582)  Refreshing org.springframework.context.support.ClassPathXmlApplicationContext@45c8e616: startup date [Fri Dec 16 09:51:18 CST 2016]; root of context hierarchy
2016-12-16 09:51:18 org.springframework.core.env.MutablePropertySources.addLast(MutablePropertySources.java:109)  Adding [systemProperties] PropertySource with lowest search precedence
2016-12-16 09:51:18 org.springframework.core.env.MutablePropertySources.addLast(MutablePropertySources.java:109)  Adding [systemEnvironment] PropertySource with lowest search precedence
2016-12-16 09:51:18 org.springframework.core.env.AbstractEnvironment.<init>(AbstractEnvironment.java:124)  Initialized StandardEnvironment with PropertySources [systemProperties,systemEnvironment]
2016-12-16 09:51:18 org.springframework.beans.factory.xml.XmlBeanDefinitionReader.loadBeanDefinitions(XmlBeanDefinitionReader.java:317)  Loading XML bean definitions from class path resource [applicationContext.xml]
2016-12-16 09:51:18 org.springframework.beans.factory.xml.DefaultDocumentLoader.loadDocument(DefaultDocumentLoader.java:73)  Using JAXP provider [com.sun.org.apache.xerces.internal.jaxp.DocumentBuilderFactoryImpl]
2016-12-16 09:51:18 org.springframework.beans.factory.xml.PluggableSchemaResolver.getSchemaMappings(PluggableSchemaResolver.java:141)  Loading schema mappings from [META-INF/spring.schemas]
2016-12-16 09:51:18 org.springframework.beans.factory.xml.PluggableSchemaResolver.getSchemaMappings(PluggableSchemaResolver.java:147)  Loaded schema mappings: {http://www.springframework.org/schema/tx/spring-tx-4.3.xsd=org/springframework/transaction/config/spring-tx-4.3.xsd, http://www.springframework.org/schema/tx/spring-tx-2.5.xsd=org/springframework/transaction/config/spring-tx-2.5.xsd, http://www.springframework.org/schema/cache/spring-cache-4.2.xsd=org/springframework/cache/config/spring-cache-4.2.xsd, http://www.springframework.org/schema/aop/spring-aop-4.1.xsd=org/springframework/aop/config/spring-aop-4.1.xsd, http://www.springframework.org/schema/context/spring-context-3.1.xsd=org/springframework/context/config/spring-context-3.1.xsd, http://www.springframework.org/schema/jdbc/spring-jdbc-4.1.xsd=org/springframework/jdbc/config/spring-jdbc-4.1.xsd, http://www.springframework.org/schema/mvc/spring-mvc-4.1.xsd=org/springframework/web/servlet/config/spring-mvc-4.1.xsd, http://www.springframework.org/schema/util/spring-util-3.0.xsd=org/springframework/beans/factory/xml/spring-util-3.0.xsd, http://mybatis.org/schema/mybatis-spring-1.2.xsd=org/mybatis/spring/config/mybatis-spring-1.2.xsd, http://www.springframework.org/schema/tool/spring-tool.xsd=org/springframework/beans/factory/xml/spring-tool-4.3.xsd, http://www.springframework.org/schema/aop/spring-aop-3.2.xsd=org/springframework/aop/config/spring-aop-3.2.xsd, http://www.springframework.org/schema/lang/spring-lang-4.1.xsd=org/springframework/scripting/config/spring-lang-4.1.xsd, http://www.springframework.org/schema/context/spring-context-4.0.xsd=org/springframework/context/config/spring-context-4.0.xsd, http://www.springframework.org/schema/mvc/spring-mvc-3.2.xsd=org/springframework/web/servlet/config/spring-mvc-3.2.xsd, http://www.springframework.org/schema/beans/spring-beans-4.2.xsd=org/springframework/beans/factory/xml/spring-beans-4.2.xsd, http://www.springframework.org/schema/tool/spring-tool-4.1.xsd=org/springframework/beans/factory/xml/spring-tool-4.1.xsd, http://www.springframework.org/schema/lang/spring-lang-3.2.xsd=org/springframework/scripting/config/spring-lang-3.2.xsd, http://www.springframework.org/schema/cache/spring-cache-3.2.xsd=org/springframework/cache/config/spring-cache-3.2.xsd, http://www.springframework.org/schema/jee/spring-jee-4.1.xsd=org/springframework/ejb/config/spring-jee-4.1.xsd, http://www.springframework.org/schema/jdbc/spring-jdbc-3.1.xsd=org/springframework/jdbc/config/spring-jdbc-3.1.xsd, http://www.springframework.org/schema/util/spring-util-2.0.xsd=org/springframework/beans/factory/xml/spring-util-2.0.xsd, http://www.springframework.org/schema/task/spring-task-4.2.xsd=org/springframework/scheduling/config/spring-task-4.2.xsd, http://www.springframework.org/schema/tool/spring-tool-3.2.xsd=org/springframework/beans/factory/xml/spring-tool-3.2.xsd, http://www.springframework.org/schema/context/spring-context.xsd=org/springframework/context/config/spring-context-4.3.xsd, http://www.springframework.org/schema/tx/spring-tx-4.2.xsd=org/springframework/transaction/config/spring-tx-4.2.xsd, http://www.springframework.org/schema/cache/spring-cache-4.1.xsd=org/springframework/cache/config/spring-cache-4.1.xsd, http://www.springframework.org/schema/aop/spring-aop-4.0.xsd=org/springframework/aop/config/spring-aop-4.0.xsd, http://www.springframework.org/schema/jee/spring-jee-3.2.xsd=org/springframework/ejb/config/spring-jee-3.2.xsd, http://www.springframework.org/schema/context/spring-context-3.0.xsd=org/springframework/context/config/spring-context-3.0.xsd, http://www.springframework.org/schema/jdbc/spring-jdbc-4.0.xsd=org/springframework/jdbc/config/spring-jdbc-4.0.xsd, http://www.springframework.org/schema/mvc/spring-mvc-4.0.xsd=org/springframework/web/servlet/config/spring-mvc-4.0.xsd, http://www.springframework.org/schema/util/spring-util-4.3.xsd=org/springframework/beans/factory/xml/spring-util-4.3.xsd, http://www.springframework.org/schema/util/spring-util-2.5.xsd=org/springframework/beans/factory/xml/spring-util-2.5.xsd, http://www.springframework.org/schema/beans/spring-beans-3.2.xsd=org/springframework/beans/factory/xml/spring-beans-3.2.xsd, http://www.springframework.org/schema/aop/spring-aop-3.1.xsd=org/springframework/aop/config/spring-aop-3.1.xsd, http://www.springframework.org/schema/lang/spring-lang-4.0.xsd=org/springframework/scripting/config/spring-lang-4.0.xsd, http://www.springframework.org/schema/mvc/spring-mvc.xsd=org/springframework/web/servlet/config/spring-mvc-4.3.xsd, http://www.springframework.org/schema/mvc/spring-mvc-3.1.xsd=org/springframework/web/servlet/config/spring-mvc-3.1.xsd, http://www.springframework.org/schema/beans/spring-beans-4.1.xsd=org/springframework/beans/factory/xml/spring-beans-4.1.xsd, http://www.springframework.org/schema/tool/spring-tool-4.0.xsd=org/springframework/beans/factory/xml/spring-tool-4.0.xsd, http://www.springframework.org/schema/tx/spring-tx-3.2.xsd=org/springframework/transaction/config/spring-tx-3.2.xsd, http://www.springframework.org/schema/lang/spring-lang-3.1.xsd=org/springframework/scripting/config/spring-lang-3.1.xsd, http://www.springframework.org/schema/cache/spring-cache-3.1.xsd=org/springframework/cache/config/spring-cache-3.1.xsd, http://www.springframework.org/schema/jee/spring-jee-4.0.xsd=org/springframework/ejb/config/spring-jee-4.0.xsd, http://www.springframework.org/schema/jdbc/spring-jdbc-3.0.xsd=org/springframework/jdbc/config/spring-jdbc-3.0.xsd, http://www.springframework.org/schema/task/spring-task-4.1.xsd=org/springframework/scheduling/config/spring-task-4.1.xsd, http://www.springframework.org/schema/jdbc/spring-jdbc.xsd=org/springframework/jdbc/config/spring-jdbc-4.3.xsd, http://www.springframework.org/schema/tool/spring-tool-3.1.xsd=org/springframework/beans/factory/xml/spring-tool-3.1.xsd, http://www.springframework.org/schema/tx/spring-tx-4.1.xsd=org/springframework/transaction/config/spring-tx-4.1.xsd, http://www.springframework.org/schema/cache/spring-cache-4.0.xsd=org/springframework/cache/config/spring-cache-4.0.xsd, http://www.springframework.org/schema/jee/spring-jee-3.1.xsd=org/springframework/ejb/config/spring-jee-3.1.xsd, http://www.springframework.org/schema/util/spring-util-4.2.xsd=org/springframework/beans/factory/xml/spring-util-4.2.xsd, http://www.springframework.org/schema/task/spring-task-3.2.xsd=org/springframework/scheduling/config/spring-task-3.2.xsd, http://www.springframework.org/schema/beans/spring-beans-3.1.xsd=org/springframework/beans/factory/xml/spring-beans-3.1.xsd, http://www.springframework.org/schema/util/spring-util.xsd=org/springframework/beans/factory/xml/spring-util-4.3.xsd, http://www.springframework.org/schema/aop/spring-aop-3.0.xsd=org/springframework/aop/config/spring-aop-3.0.xsd, http://www.springframework.org/schema/mvc/spring-mvc-3.0.xsd=org/springframework/web/servlet/config/spring-mvc-3.0.xsd, http://www.springframework.org/schema/beans/spring-beans-4.0.xsd=org/springframework/beans/factory/xml/spring-beans-4.0.xsd, http://www.springframework.org/schema/beans/spring-beans.xsd=org/springframework/beans/factory/xml/spring-beans-4.3.xsd, http://mybatis.org/schema/mybatis-spring.xsd=org/mybatis/spring/config/mybatis-spring-1.2.xsd, http://www.springframework.org/schema/tx/spring-tx-3.1.xsd=org/springframework/transaction/config/spring-tx-3.1.xsd, http://www.springframework.org/schema/lang/spring-lang-3.0.xsd=org/springframework/scripting/config/spring-lang-3.0.xsd, http://www.springframework.org/schema/context/spring-context-2.5.xsd=org/springframework/context/config/spring-context-2.5.xsd, http://www.springframework.org/schema/context/spring-context-4.3.xsd=org/springframework/context/config/spring-context-4.3.xsd, http://www.springframework.org/schema/task/spring-task-4.0.xsd=org/springframework/scheduling/config/spring-task-4.0.xsd, http://www.springframework.org/schema/tool/spring-tool-3.0.xsd=org/springframework/beans/factory/xml/spring-tool-3.0.xsd, http://www.springframework.org/schema/tx/spring-tx-4.0.xsd=org/springframework/transaction/config/spring-tx-4.0.xsd, http://www.springframework.org/schema/aop/spring-aop-2.0.xsd=org/springframework/aop/config/spring-aop-2.0.xsd, http://www.springframework.org/schema/jee/spring-jee-3.0.xsd=org/springframework/ejb/config/spring-jee-3.0.xsd, http://www.springframework.org/schema/util/spring-util-4.1.xsd=org/springframework/beans/factory/xml/spring-util-4.1.xsd, http://www.springframework.org/schema/task/spring-task-3.1.xsd=org/springframework/scheduling/config/spring-task-3.1.xsd, http://www.springframework.org/schema/beans/spring-beans-3.0.xsd=org/springframework/beans/factory/xml/spring-beans-3.0.xsd, http://www.springframework.org/schema/jee/spring-jee.xsd=org/springframework/ejb/config/spring-jee-4.3.xsd, http://www.springframework.org/schema/aop/spring-aop-2.5.xsd=org/springframework/aop/config/spring-aop-2.5.xsd, http://www.springframework.org/schema/aop/spring-aop-4.3.xsd=org/springframework/aop/config/spring-aop-4.3.xsd, http://www.springframework.org/schema/lang/spring-lang-2.0.xsd=org/springframework/scripting/config/spring-lang-2.0.xsd, http://www.springframework.org/schema/jdbc/spring-jdbc-4.3.xsd=org/springframework/jdbc/config/spring-jdbc-4.3.xsd, http://www.springframework.org/schema/mvc/spring-mvc-4.3.xsd=org/springframework/web/servlet/config/spring-mvc-4.3.xsd, http://www.springframework.org/schema/util/spring-util-3.2.xsd=org/springframework/beans/factory/xml/spring-util-3.2.xsd, http://www.springframework.org/schema/task/spring-task.xsd=org/springframework/scheduling/config/spring-task-4.3.xsd, http://www.springframework.org/schema/tool/spring-tool-2.0.xsd=org/springframework/beans/factory/xml/spring-tool-2.0.xsd, http://www.springframework.org/schema/tx/spring-tx-3.0.xsd=org/springframework/transaction/config/spring-tx-3.0.xsd, http://www.springframework.org/schema/lang/spring-lang-2.5.xsd=org/springframework/scripting/config/spring-lang-2.5.xsd, http://www.springframework.org/schema/lang/spring-lang-4.3.xsd=org/springframework/scripting/config/spring-lang-4.3.xsd, http://www.springframework.org/schema/context/spring-context-4.2.xsd=org/springframework/context/config/spring-context-4.2.xsd, http://www.springframework.org/schema/jee/spring-jee-2.0.xsd=org/springframework/ejb/config/spring-jee-2.0.xsd, http://www.springframework.org/schema/tool/spring-tool-4.3.xsd=org/springframework/beans/factory/xml/spring-tool-4.3.xsd, http://www.springframework.org/schema/tool/spring-tool-2.5.xsd=org/springframework/beans/factory/xml/spring-tool-2.5.xsd, http://www.springframework.org/schema/jee/spring-jee-4.3.xsd=org/springframework/ejb/config/spring-jee-4.3.xsd, http://www.springframework.org/schema/jee/spring-jee-2.5.xsd=org/springframework/ejb/config/spring-jee-2.5.xsd, http://www.springframework.org/schema/util/spring-util-4.0.xsd=org/springframework/beans/factory/xml/spring-util-4.0.xsd, http://www.springframework.org/schema/task/spring-task-3.0.xsd=org/springframework/scheduling/config/spring-task-3.0.xsd, http://www.springframework.org/schema/cache/spring-cache-4.3.xsd=org/springframework/cache/config/spring-cache-4.3.xsd, http://www.springframework.org/schema/aop/spring-aop-4.2.xsd=org/springframework/aop/config/spring-aop-4.2.xsd, http://www.springframework.org/schema/lang/spring-lang.xsd=org/springframework/scripting/config/spring-lang-4.3.xsd, http://www.springframework.org/schema/context/spring-context-3.2.xsd=org/springframework/context/config/spring-context-3.2.xsd, http://www.springframework.org/schema/jdbc/spring-jdbc-4.2.xsd=org/springframework/jdbc/config/spring-jdbc-4.2.xsd, http://www.springframework.org/schema/mvc/spring-mvc-4.2.xsd=org/springframework/web/servlet/config/spring-mvc-4.2.xsd, http://www.springframework.org/schema/util/spring-util-3.1.xsd=org/springframework/beans/factory/xml/spring-util-3.1.xsd, http://www.springframework.org/schema/beans/spring-beans-2.0.xsd=org/springframework/beans/factory/xml/spring-beans-2.0.xsd, http://www.springframework.org/schema/cache/spring-cache.xsd=org/springframework/cache/config/spring-cache-4.3.xsd, http://www.springframework.org/schema/tx/spring-tx.xsd=org/springframework/transaction/config/spring-tx-4.3.xsd, http://www.springframework.org/schema/lang/spring-lang-4.2.xsd=org/springframework/scripting/config/spring-lang-4.2.xsd, http://www.springframework.org/schema/context/spring-context-4.1.xsd=org/springframework/context/config/spring-context-4.1.xsd, http://www.springframework.org/schema/beans/spring-beans-2.5.xsd=org/springframework/beans/factory/xml/spring-beans-2.5.xsd, http://www.springframework.org/schema/beans/spring-beans-4.3.xsd=org/springframework/beans/factory/xml/spring-beans-4.3.xsd, http://www.springframework.org/schema/tool/spring-tool-4.2.xsd=org/springframework/beans/factory/xml/spring-tool-4.2.xsd, http://www.springframework.org/schema/tx/spring-tx-2.0.xsd=org/springframework/transaction/config/spring-tx-2.0.xsd, http://www.alibaba.com/schema/stat.xsd=META-INF/stat.xsd, http://www.springframework.org/schema/jee/spring-jee-4.2.xsd=org/springframework/ejb/config/spring-jee-4.2.xsd, http://www.springframework.org/schema/jdbc/spring-jdbc-3.2.xsd=org/springframework/jdbc/config/spring-jdbc-3.2.xsd, http://www.springframework.org/schema/task/spring-task-4.3.xsd=org/springframework/scheduling/config/spring-task-4.3.xsd, http://www.springframework.org/schema/aop/spring-aop.xsd=org/springframework/aop/config/spring-aop-4.3.xsd}
2016-12-16 09:51:18 org.springframework.beans.factory.xml.PluggableSchemaResolver.resolveEntity(PluggableSchemaResolver.java:119)  Found XML schema [http://www.springframework.org/schema/beans/spring-beans.xsd] in classpath: org/springframework/beans/factory/xml/spring-beans-4.3.xsd
2016-12-16 09:51:18 org.springframework.beans.factory.xml.PluggableSchemaResolver.resolveEntity(PluggableSchemaResolver.java:119)  Found XML schema [http://www.springframework.org/schema/context/spring-context.xsd] in classpath: org/springframework/context/config/spring-context-4.3.xsd
2016-12-16 09:51:18 org.springframework.beans.factory.xml.PluggableSchemaResolver.resolveEntity(PluggableSchemaResolver.java:119)  Found XML schema [http://www.springframework.org/schema/tool/spring-tool-4.3.xsd] in classpath: org/springframework/beans/factory/xml/spring-tool-4.3.xsd
2016-12-16 09:51:18 org.springframework.beans.factory.xml.PluggableSchemaResolver.resolveEntity(PluggableSchemaResolver.java:119)  Found XML schema [http://www.springframework.org/schema/tx/spring-tx.xsd] in classpath: org/springframework/transaction/config/spring-tx-4.3.xsd
2016-12-16 09:51:18 org.springframework.beans.factory.xml.DefaultBeanDefinitionDocumentReader.registerBeanDefinitions(DefaultBeanDefinitionDocumentReader.java:92)  Loading bean definitions
2016-12-16 09:51:18 org.springframework.beans.factory.xml.DefaultNamespaceHandlerResolver.getHandlerMappings(DefaultNamespaceHandlerResolver.java:157)  Loaded NamespaceHandler mappings: {http://www.springframework.org/schema/p=org.springframework.beans.factory.xml.SimplePropertyNamespaceHandler, http://www.springframework.org/schema/mvc=org.springframework.web.servlet.config.MvcNamespaceHandler, http://www.springframework.org/schema/util=org.springframework.beans.factory.xml.UtilNamespaceHandler, http://www.alibaba.com/schema/stat=com.alibaba.druid.support.spring.stat.config.DruidStatNamespaceHandler, http://www.springframework.org/schema/jee=org.springframework.ejb.config.JeeNamespaceHandler, http://www.springframework.org/schema/aop=org.springframework.aop.config.AopNamespaceHandler, http://www.springframework.org/schema/jdbc=org.springframework.jdbc.config.JdbcNamespaceHandler, http://www.springframework.org/schema/cache=org.springframework.cache.config.CacheNamespaceHandler, http://mybatis.org/schema/mybatis-spring=org.mybatis.spring.config.NamespaceHandler, http://www.springframework.org/schema/c=org.springframework.beans.factory.xml.SimpleConstructorNamespaceHandler, http://www.springframework.org/schema/tx=org.springframework.transaction.config.TxNamespaceHandler, http://www.springframework.org/schema/task=org.springframework.scheduling.config.TaskNamespaceHandler, http://www.springframework.org/schema/lang=org.springframework.scripting.config.LangNamespaceHandler, http://www.springframework.org/schema/context=org.springframework.context.config.ContextNamespaceHandler}
2016-12-16 09:51:18 org.springframework.core.env.MutablePropertySources.addLast(MutablePropertySources.java:109)  Adding [systemProperties] PropertySource with lowest search precedence
2016-12-16 09:51:18 org.springframework.core.env.MutablePropertySources.addLast(MutablePropertySources.java:109)  Adding [systemEnvironment] PropertySource with lowest search precedence
2016-12-16 09:51:18 org.springframework.core.env.AbstractEnvironment.<init>(AbstractEnvironment.java:124)  Initialized StandardEnvironment with PropertySources [systemProperties,systemEnvironment]
2016-12-16 09:51:18 org.springframework.core.io.support.PathMatchingResourcePatternResolver.findAllClassPathResources(PathMatchingResourcePatternResolver.java:317)  Resolved classpath location [com/hc/] to resources [URL [file:/D:/SpringMybatisWebDemo/target/classes/com/hc/]]
2016-12-16 09:51:18 org.springframework.core.io.support.PathMatchingResourcePatternResolver.doFindMatchingFileSystemResources(PathMatchingResourcePatternResolver.java:711)  Looking for matching resources in directory tree [D:\SpringMybatisWebDemo\target\classes\com\hc]
2016-12-16 09:51:18 org.springframework.core.io.support.PathMatchingResourcePatternResolver.doRetrieveMatchingFiles(PathMatchingResourcePatternResolver.java:773)  Searching directory [D:\SpringMybatisWebDemo\target\classes\com\hc] for files matching pattern [D:/SpringMybatisWebDemo/target/classes/com/hc/**/*.class]
2016-12-16 09:51:18 org.springframework.core.io.support.PathMatchingResourcePatternResolver.doRetrieveMatchingFiles(PathMatchingResourcePatternResolver.java:773)  Searching directory [D:\SpringMybatisWebDemo\target\classes\com\hc\action] for files matching pattern [D:/SpringMybatisWebDemo/target/classes/com/hc/**/*.class]
2016-12-16 09:51:18 org.springframework.core.io.support.PathMatchingResourcePatternResolver.doRetrieveMatchingFiles(PathMatchingResourcePatternResolver.java:773)  Searching directory [D:\SpringMybatisWebDemo\target\classes\com\hc\dao] for files matching pattern [D:/SpringMybatisWebDemo/target/classes/com/hc/**/*.class]
2016-12-16 09:51:18 org.springframework.core.io.support.PathMatchingResourcePatternResolver.doRetrieveMatchingFiles(PathMatchingResourcePatternResolver.java:773)  Searching directory [D:\SpringMybatisWebDemo\target\classes\com\hc\domain] for files matching pattern [D:/SpringMybatisWebDemo/target/classes/com/hc/**/*.class]
2016-12-16 09:51:18 org.springframework.core.io.support.PathMatchingResourcePatternResolver.doRetrieveMatchingFiles(PathMatchingResourcePatternResolver.java:773)  Searching directory [D:\SpringMybatisWebDemo\target\classes\com\hc\mapping] for files matching pattern [D:/SpringMybatisWebDemo/target/classes/com/hc/**/*.class]
2016-12-16 09:51:18 org.springframework.core.io.support.PathMatchingResourcePatternResolver.doRetrieveMatchingFiles(PathMatchingResourcePatternResolver.java:773)  Searching directory [D:\SpringMybatisWebDemo\target\classes\com\hc\service] for files matching pattern [D:/SpringMybatisWebDemo/target/classes/com/hc/**/*.class]
2016-12-16 09:51:18 org.springframework.core.io.support.PathMatchingResourcePatternResolver.doRetrieveMatchingFiles(PathMatchingResourcePatternResolver.java:773)  Searching directory [D:\SpringMybatisWebDemo\target\classes\com\hc\service\impl] for files matching pattern [D:/SpringMybatisWebDemo/target/classes/com/hc/**/*.class]
2016-12-16 09:51:18 org.springframework.core.io.support.PathMatchingResourcePatternResolver.doRetrieveMatchingFiles(PathMatchingResourcePatternResolver.java:773)  Searching directory [D:\SpringMybatisWebDemo\target\classes\com\hc\utils] for files matching pattern [D:/SpringMybatisWebDemo/target/classes/com/hc/**/*.class]
2016-12-16 09:51:18 org.springframework.core.io.support.PathMatchingResourcePatternResolver.findPathMatchingResources(PathMatchingResourcePatternResolver.java:483)  Resolved location pattern [classpath*:com/hc/**/*.class] to resources [file [D:\SpringMybatisWebDemo\target\classes\com\hc\action\DeptController.class], file [D:\SpringMybatisWebDemo\target\classes\com\hc\action\DeptServlet.class], file [D:\SpringMybatisWebDemo\target\classes\com\hc\dao\Dept2Dao.class], file [D:\SpringMybatisWebDemo\target\classes\com\hc\dao\DeptDao.class], file [D:\SpringMybatisWebDemo\target\classes\com\hc\dao\EmpDao.class], file [D:\SpringMybatisWebDemo\target\classes\com\hc\DemoTest.class], file [D:\SpringMybatisWebDemo\target\classes\com\hc\domain\Dept.class], file [D:\SpringMybatisWebDemo\target\classes\com\hc\domain\Dept2.class], file [D:\SpringMybatisWebDemo\target\classes\com\hc\domain\DeptQuery.class], file [D:\SpringMybatisWebDemo\target\classes\com\hc\domain\Emp.class], file [D:\SpringMybatisWebDemo\target\classes\com\hc\service\DeptService.class], file [D:\SpringMybatisWebDemo\target\classes\com\hc\service\impl\DeptServiceImpl.class], file [D:\SpringMybatisWebDemo\target\classes\com\hc\utils\String2DateTime.class]]
2016-12-16 09:51:18 org.springframework.context.annotation.ClassPathScanningCandidateComponentProvider.findCandidateComponents(ClassPathScanningCandidateComponentProvider.java:286)  Identified candidate component class: file [D:\SpringMybatisWebDemo\target\classes\com\hc\action\DeptController.class]
2016-12-16 09:51:19 org.springframework.context.annotation.ClassPathScanningCandidateComponentProvider.findCandidateComponents(ClassPathScanningCandidateComponentProvider.java:286)  Identified candidate component class: file [D:\SpringMybatisWebDemo\target\classes\com\hc\service\impl\DeptServiceImpl.class]
2016-12-16 09:51:19 org.springframework.beans.factory.xml.BeanDefinitionParserDelegate.parseBeanDefinitionElement(BeanDefinitionParserDelegate.java:481)  Neither XML 'id' nor 'name' specified - using generated bean name [org.mybatis.spring.mapper.MapperScannerConfigurer#0]
2016-12-16 09:51:19 org.springframework.beans.factory.support.AbstractBeanDefinitionReader.loadBeanDefinitions(AbstractBeanDefinitionReader.java:224)  Loaded 17 bean definitions from location pattern [applicationContext.xml]
2016-12-16 09:51:19 org.springframework.context.support.AbstractApplicationContext.obtainFreshBeanFactory(AbstractApplicationContext.java:616)  Bean factory for org.springframework.context.support.ClassPathXmlApplicationContext@45c8e616: org.springframework.beans.factory.support.DefaultListableBeanFactory@6c3f5566: defining beans [deptController,deptServiceImpl,org.springframework.context.annotation.internalConfigurationAnnotationProcessor,org.springframework.context.annotation.internalAutowiredAnnotationProcessor,org.springframework.context.annotation.internalRequiredAnnotationProcessor,org.springframework.context.annotation.internalCommonAnnotationProcessor,org.springframework.context.event.internalEventListenerProcessor,org.springframework.context.event.internalEventListenerFactory,dataSource123,sqlSessionFactory,org.mybatis.spring.mapper.MapperScannerConfigurer#0,txManager,org.springframework.transaction.config.internalTransactionalEventListenerFactory,org.springframework.aop.config.internalAutoProxyCreator,org.springframework.transaction.annotation.AnnotationTransactionAttributeSource#0,org.springframework.transaction.interceptor.TransactionInterceptor#0,org.springframework.transaction.config.internalTransactionAdvisor]; root of factory hierarchy
2016-12-16 09:51:19 org.springframework.beans.factory.support.DefaultSingletonBeanRegistry.getSingleton(DefaultSingletonBeanRegistry.java:221)  Creating shared instance of singleton bean 'org.springframework.context.annotation.internalConfigurationAnnotationProcessor'
2016-12-16 09:51:19 org.springframework.beans.factory.support.AbstractAutowireCapableBeanFactory.createBean(AbstractAutowireCapableBeanFactory.java:448)  Creating instance of bean 'org.springframework.context.annotation.internalConfigurationAnnotationProcessor'
2016-12-16 09:51:19 org.springframework.beans.factory.support.AbstractAutowireCapableBeanFactory.doCreateBean(AbstractAutowireCapableBeanFactory.java:537)  Eagerly caching bean 'org.springframework.context.annotation.internalConfigurationAnnotationProcessor' to allow for resolving potential circular references
2016-12-16 09:51:19 org.springframework.beans.factory.support.AbstractAutowireCapableBeanFactory.createBean(AbstractAutowireCapableBeanFactory.java:484)  Finished creating instance of bean 'org.springframework.context.annotation.internalConfigurationAnnotationProcessor'
2016-12-16 09:51:19 org.springframework.beans.factory.support.DefaultSingletonBeanRegistry.getSingleton(DefaultSingletonBeanRegistry.java:221)  Creating shared instance of singleton bean 'org.mybatis.spring.mapper.MapperScannerConfigurer#0'
2016-12-16 09:51:19 org.springframework.beans.factory.support.AbstractAutowireCapableBeanFactory.createBean(AbstractAutowireCapableBeanFactory.java:448)  Creating instance of bean 'org.mybatis.spring.mapper.MapperScannerConfigurer#0'
2016-12-16 09:51:19 org.springframework.beans.factory.support.AbstractAutowireCapableBeanFactory.doCreateBean(AbstractAutowireCapableBeanFactory.java:537)  Eagerly caching bean 'org.mybatis.spring.mapper.MapperScannerConfigurer#0' to allow for resolving potential circular references
2016-12-16 09:51:19 org.springframework.beans.factory.support.AbstractAutowireCapableBeanFactory.invokeInitMethods(AbstractAutowireCapableBeanFactory.java:1625)  Invoking afterPropertiesSet() on bean with name 'org.mybatis.spring.mapper.MapperScannerConfigurer#0'
2016-12-16 09:51:19 org.springframework.beans.factory.support.AbstractAutowireCapableBeanFactory.createBean(AbstractAutowireCapableBeanFactory.java:484)  Finished creating instance of bean 'org.mybatis.spring.mapper.MapperScannerConfigurer#0'
2016-12-16 09:51:19 org.springframework.core.env.MutablePropertySources.addLast(MutablePropertySources.java:109)  Adding [systemProperties] PropertySource with lowest search precedence
2016-12-16 09:51:19 org.springframework.core.env.MutablePropertySources.addLast(MutablePropertySources.java:109)  Adding [systemEnvironment] PropertySource with lowest search precedence
2016-12-16 09:51:19 org.springframework.core.env.AbstractEnvironment.<init>(AbstractEnvironment.java:124)  Initialized StandardEnvironment with PropertySources [systemProperties,systemEnvironment]
2016-12-16 09:51:19 org.springframework.core.io.support.PathMatchingResourcePatternResolver.findAllClassPathResources(PathMatchingResourcePatternResolver.java:317)  Resolved classpath location [com/hc/dao/] to resources [URL [file:/D:/SpringMybatisWebDemo/target/classes/com/hc/dao/]]
2016-12-16 09:51:19 org.springframework.core.io.support.PathMatchingResourcePatternResolver.doFindMatchingFileSystemResources(PathMatchingResourcePatternResolver.java:711)  Looking for matching resources in directory tree [D:\SpringMybatisWebDemo\target\classes\com\hc\dao]
2016-12-16 09:51:19 org.springframework.core.io.support.PathMatchingResourcePatternResolver.doRetrieveMatchingFiles(PathMatchingResourcePatternResolver.java:773)  Searching directory [D:\SpringMybatisWebDemo\target\classes\com\hc\dao] for files matching pattern [D:/SpringMybatisWebDemo/target/classes/com/hc/dao/**/*.class]
2016-12-16 09:51:19 org.springframework.core.io.support.PathMatchingResourcePatternResolver.findPathMatchingResources(PathMatchingResourcePatternResolver.java:483)  Resolved location pattern [classpath*:com/hc/dao/**/*.class] to resources [file [D:\SpringMybatisWebDemo\target\classes\com\hc\dao\Dept2Dao.class], file [D:\SpringMybatisWebDemo\target\classes\com\hc\dao\DeptDao.class], file [D:\SpringMybatisWebDemo\target\classes\com\hc\dao\EmpDao.class]]
2016-12-16 09:51:19 org.springframework.context.annotation.ClassPathScanningCandidateComponentProvider.findCandidateComponents(ClassPathScanningCandidateComponentProvider.java:286)  Identified candidate component class: file [D:\SpringMybatisWebDemo\target\classes\com\hc\dao\Dept2Dao.class]
2016-12-16 09:51:19 org.springframework.context.annotation.ClassPathScanningCandidateComponentProvider.findCandidateComponents(ClassPathScanningCandidateComponentProvider.java:286)  Identified candidate component class: file [D:\SpringMybatisWebDemo\target\classes\com\hc\dao\DeptDao.class]
2016-12-16 09:51:19 org.springframework.context.annotation.ClassPathScanningCandidateComponentProvider.findCandidateComponents(ClassPathScanningCandidateComponentProvider.java:286)  Identified candidate component class: file [D:\SpringMybatisWebDemo\target\classes\com\hc\dao\EmpDao.class]
2016-12-16 09:51:19 org.mybatis.spring.mapper.ClassPathMapperScanner.processBeanDefinitions(ClassPathMapperScanner.java:181)  Creating MapperFactoryBean with name 'dept2Dao' and 'com.hc.dao.Dept2Dao' mapperInterface
2016-12-16 09:51:19 org.mybatis.spring.mapper.ClassPathMapperScanner.processBeanDefinitions(ClassPathMapperScanner.java:181)  Creating MapperFactoryBean with name 'deptDao' and 'com.hc.dao.DeptDao' mapperInterface
2016-12-16 09:51:19 org.mybatis.spring.mapper.ClassPathMapperScanner.processBeanDefinitions(ClassPathMapperScanner.java:181)  Creating MapperFactoryBean with name 'empDao' and 'com.hc.dao.EmpDao' mapperInterface
2016-12-16 09:51:19 org.springframework.beans.factory.support.DefaultSingletonBeanRegistry.getSingleton(DefaultSingletonBeanRegistry.java:221)  Creating shared instance of singleton bean 'org.springframework.context.annotation.internalAutowiredAnnotationProcessor'
2016-12-16 09:51:19 org.springframework.beans.factory.support.AbstractAutowireCapableBeanFactory.createBean(AbstractAutowireCapableBeanFactory.java:448)  Creating instance of bean 'org.springframework.context.annotation.internalAutowiredAnnotationProcessor'
2016-12-16 09:51:19 org.springframework.beans.factory.support.AbstractAutowireCapableBeanFactory.doCreateBean(AbstractAutowireCapableBeanFactory.java:537)  Eagerly caching bean 'org.springframework.context.annotation.internalAutowiredAnnotationProcessor' to allow for resolving potential circular references
2016-12-16 09:51:19 org.springframework.beans.factory.support.AbstractAutowireCapableBeanFactory.createBean(AbstractAutowireCapableBeanFactory.java:484)  Finished creating instance of bean 'org.springframework.context.annotation.internalAutowiredAnnotationProcessor'
2016-12-16 09:51:19 org.springframework.beans.factory.support.DefaultSingletonBeanRegistry.getSingleton(DefaultSingletonBeanRegistry.java:221)  Creating shared instance of singleton bean 'org.springframework.context.annotation.internalRequiredAnnotationProcessor'
2016-12-16 09:51:19 org.springframework.beans.factory.support.AbstractAutowireCapableBeanFactory.createBean(AbstractAutowireCapableBeanFactory.java:448)  Creating instance of bean 'org.springframework.context.annotation.internalRequiredAnnotationProcessor'
2016-12-16 09:51:19 org.springframework.beans.factory.support.AbstractAutowireCapableBeanFactory.doCreateBean(AbstractAutowireCapableBeanFactory.java:537)  Eagerly caching bean 'org.springframework.context.annotation.internalRequiredAnnotationProcessor' to allow for resolving potential circular references
2016-12-16 09:51:19 org.springframework.beans.factory.support.AbstractAutowireCapableBeanFactory.createBean(AbstractAutowireCapableBeanFactory.java:484)  Finished creating instance of bean 'org.springframework.context.annotation.internalRequiredAnnotationProcessor'
2016-12-16 09:51:19 org.springframework.beans.factory.support.DefaultSingletonBeanRegistry.getSingleton(DefaultSingletonBeanRegistry.java:221)  Creating shared instance of singleton bean 'org.springframework.context.annotation.internalCommonAnnotationProcessor'
2016-12-16 09:51:19 org.springframework.beans.factory.support.AbstractAutowireCapableBeanFactory.createBean(AbstractAutowireCapableBeanFactory.java:448)  Creating instance of bean 'org.springframework.context.annotation.internalCommonAnnotationProcessor'
2016-12-16 09:51:19 org.springframework.beans.factory.support.AbstractAutowireCapableBeanFactory.doCreateBean(AbstractAutowireCapableBeanFactory.java:537)  Eagerly caching bean 'org.springframework.context.annotation.internalCommonAnnotationProcessor' to allow for resolving potential circular references
2016-12-16 09:51:19 org.springframework.beans.factory.support.AbstractAutowireCapableBeanFactory.createBean(AbstractAutowireCapableBeanFactory.java:484)  Finished creating instance of bean 'org.springframework.context.annotation.internalCommonAnnotationProcessor'
2016-12-16 09:51:19 org.springframework.beans.factory.support.DefaultSingletonBeanRegistry.getSingleton(DefaultSingletonBeanRegistry.java:221)  Creating shared instance of singleton bean 'org.springframework.context.annotation.ConfigurationClassPostProcessor.importAwareProcessor'
2016-12-16 09:51:19 org.springframework.beans.factory.support.AbstractAutowireCapableBeanFactory.createBean(AbstractAutowireCapableBeanFactory.java:448)  Creating instance of bean 'org.springframework.context.annotation.ConfigurationClassPostProcessor.importAwareProcessor'
2016-12-16 09:51:19 org.springframework.beans.factory.support.AbstractAutowireCapableBeanFactory.doCreateBean(AbstractAutowireCapableBeanFactory.java:537)  Eagerly caching bean 'org.springframework.context.annotation.ConfigurationClassPostProcessor.importAwareProcessor' to allow for resolving potential circular references
2016-12-16 09:51:19 org.springframework.beans.factory.support.AbstractAutowireCapableBeanFactory.createBean(AbstractAutowireCapableBeanFactory.java:484)  Finished creating instance of bean 'org.springframework.context.annotation.ConfigurationClassPostProcessor.importAwareProcessor'
2016-12-16 09:51:19 org.springframework.beans.factory.support.DefaultSingletonBeanRegistry.getSingleton(DefaultSingletonBeanRegistry.java:221)  Creating shared instance of singleton bean 'org.springframework.context.annotation.ConfigurationClassPostProcessor.enhancedConfigurationProcessor'
2016-12-16 09:51:19 org.springframework.beans.factory.support.AbstractAutowireCapableBeanFactory.createBean(AbstractAutowireCapableBeanFactory.java:448)  Creating instance of bean 'org.springframework.context.annotation.ConfigurationClassPostProcessor.enhancedConfigurationProcessor'
2016-12-16 09:51:19 org.springframework.beans.factory.support.AbstractAutowireCapableBeanFactory.doCreateBean(AbstractAutowireCapableBeanFactory.java:537)  Eagerly caching bean 'org.springframework.context.annotation.ConfigurationClassPostProcessor.enhancedConfigurationProcessor' to allow for resolving potential circular references
2016-12-16 09:51:19 org.springframework.beans.factory.support.AbstractAutowireCapableBeanFactory.createBean(AbstractAutowireCapableBeanFactory.java:484)  Finished creating instance of bean 'org.springframework.context.annotation.ConfigurationClassPostProcessor.enhancedConfigurationProcessor'
2016-12-16 09:51:19 org.springframework.beans.factory.support.DefaultSingletonBeanRegistry.getSingleton(DefaultSingletonBeanRegistry.java:221)  Creating shared instance of singleton bean 'org.springframework.aop.config.internalAutoProxyCreator'
2016-12-16 09:51:19 org.springframework.beans.factory.support.AbstractAutowireCapableBeanFactory.createBean(AbstractAutowireCapableBeanFactory.java:448)  Creating instance of bean 'org.springframework.aop.config.internalAutoProxyCreator'
2016-12-16 09:51:19 org.springframework.beans.factory.support.AbstractAutowireCapableBeanFactory.doCreateBean(AbstractAutowireCapableBeanFactory.java:537)  Eagerly caching bean 'org.springframework.aop.config.internalAutoProxyCreator' to allow for resolving potential circular references
2016-12-16 09:51:19 org.springframework.beans.factory.support.AbstractAutowireCapableBeanFactory.createBean(AbstractAutowireCapableBeanFactory.java:484)  Finished creating instance of bean 'org.springframework.aop.config.internalAutoProxyCreator'
2016-12-16 09:51:19 org.springframework.context.support.AbstractApplicationContext.initMessageSource(AbstractApplicationContext.java:733)  Unable to locate MessageSource with name 'messageSource': using default [org.springframework.context.support.DelegatingMessageSource@43195e57]
2016-12-16 09:51:19 org.springframework.context.support.AbstractApplicationContext.initApplicationEventMulticaster(AbstractApplicationContext.java:757)  Unable to locate ApplicationEventMulticaster with name 'applicationEventMulticaster': using default [org.springframework.context.event.SimpleApplicationEventMulticaster@f5ac9e4]
2016-12-16 09:51:19 org.springframework.beans.factory.support.DefaultListableBeanFactory.preInstantiateSingletons(DefaultListableBeanFactory.java:723)  Pre-instantiating singletons in org.springframework.beans.factory.support.DefaultListableBeanFactory@6c3f5566: defining beans [deptController,deptServiceImpl,org.springframework.context.annotation.internalConfigurationAnnotationProcessor,org.springframework.context.annotation.internalAutowiredAnnotationProcessor,org.springframework.context.annotation.internalRequiredAnnotationProcessor,org.springframework.context.annotation.internalCommonAnnotationProcessor,org.springframework.context.event.internalEventListenerProcessor,org.springframework.context.event.internalEventListenerFactory,dataSource123,sqlSessionFactory,org.mybatis.spring.mapper.MapperScannerConfigurer#0,txManager,org.springframework.transaction.config.internalTransactionalEventListenerFactory,org.springframework.aop.config.internalAutoProxyCreator,org.springframework.transaction.annotation.AnnotationTransactionAttributeSource#0,org.springframework.transaction.interceptor.TransactionInterceptor#0,org.springframework.transaction.config.internalTransactionAdvisor,org.springframework.context.annotation.ConfigurationClassPostProcessor.importAwareProcessor,org.springframework.context.annotation.ConfigurationClassPostProcessor.enhancedConfigurationProcessor,dept2Dao,deptDao,empDao]; root of factory hierarchy
2016-12-16 09:51:19 org.springframework.beans.factory.support.DefaultSingletonBeanRegistry.getSingleton(DefaultSingletonBeanRegistry.java:221)  Creating shared instance of singleton bean 'deptController'
2016-12-16 09:51:19 org.springframework.beans.factory.support.AbstractAutowireCapableBeanFactory.createBean(AbstractAutowireCapableBeanFactory.java:448)  Creating instance of bean 'deptController'
2016-12-16 09:51:19 org.springframework.beans.factory.annotation.InjectionMetadata.checkConfigMembers(InjectionMetadata.java:72)  Registered injected element on class [com.hc.action.DeptController]: AutowiredFieldElement for private com.hc.service.DeptService com.hc.action.DeptController.deptService
2016-12-16 09:51:19 org.springframework.beans.factory.support.AbstractAutowireCapableBeanFactory.doCreateBean(AbstractAutowireCapableBeanFactory.java:537)  Eagerly caching bean 'deptController' to allow for resolving potential circular references
2016-12-16 09:51:19 org.springframework.beans.factory.annotation.InjectionMetadata.inject(InjectionMetadata.java:86)  Processing injected element of bean 'deptController': AutowiredFieldElement for private com.hc.service.DeptService com.hc.action.DeptController.deptService
2016-12-16 09:51:19 org.springframework.beans.factory.support.DefaultSingletonBeanRegistry.getSingleton(DefaultSingletonBeanRegistry.java:221)  Creating shared instance of singleton bean 'deptServiceImpl'
2016-12-16 09:51:19 org.springframework.beans.factory.support.AbstractAutowireCapableBeanFactory.createBean(AbstractAutowireCapableBeanFactory.java:448)  Creating instance of bean 'deptServiceImpl'
2016-12-16 09:51:19 org.springframework.beans.factory.annotation.InjectionMetadata.checkConfigMembers(InjectionMetadata.java:72)  Registered injected element on class [com.hc.service.impl.DeptServiceImpl]: AutowiredFieldElement for private com.hc.dao.DeptDao com.hc.service.impl.DeptServiceImpl.deptDao
2016-12-16 09:51:19 org.springframework.beans.factory.support.AbstractAutowireCapableBeanFactory.doCreateBean(AbstractAutowireCapableBeanFactory.java:537)  Eagerly caching bean 'deptServiceImpl' to allow for resolving potential circular references
2016-12-16 09:51:19 org.springframework.beans.factory.annotation.InjectionMetadata.inject(InjectionMetadata.java:86)  Processing injected element of bean 'deptServiceImpl': AutowiredFieldElement for private com.hc.dao.DeptDao com.hc.service.impl.DeptServiceImpl.deptDao
2016-12-16 09:51:19 org.springframework.beans.factory.support.DefaultSingletonBeanRegistry.getSingleton(DefaultSingletonBeanRegistry.java:221)  Creating shared instance of singleton bean 'deptDao'
2016-12-16 09:51:19 org.springframework.beans.factory.support.AbstractAutowireCapableBeanFactory.createBean(AbstractAutowireCapableBeanFactory.java:448)  Creating instance of bean 'deptDao'
2016-12-16 09:51:19 org.springframework.beans.factory.support.AbstractAutowireCapableBeanFactory.doCreateBean(AbstractAutowireCapableBeanFactory.java:537)  Eagerly caching bean 'deptDao' to allow for resolving potential circular references
2016-12-16 09:51:19 org.springframework.beans.factory.support.DefaultSingletonBeanRegistry.getSingleton(DefaultSingletonBeanRegistry.java:221)  Creating shared instance of singleton bean 'sqlSessionFactory'
2016-12-16 09:51:19 org.springframework.beans.factory.support.AbstractAutowireCapableBeanFactory.createBean(AbstractAutowireCapableBeanFactory.java:448)  Creating instance of bean 'sqlSessionFactory'
2016-12-16 09:51:19 org.springframework.beans.factory.support.AbstractAutowireCapableBeanFactory.doCreateBean(AbstractAutowireCapableBeanFactory.java:537)  Eagerly caching bean 'sqlSessionFactory' to allow for resolving potential circular references
2016-12-16 09:51:19 org.springframework.beans.factory.support.DefaultSingletonBeanRegistry.getSingleton(DefaultSingletonBeanRegistry.java:221)  Creating shared instance of singleton bean 'dataSource123'
2016-12-16 09:51:19 org.springframework.beans.factory.support.AbstractAutowireCapableBeanFactory.createBean(AbstractAutowireCapableBeanFactory.java:448)  Creating instance of bean 'dataSource123'
2016-12-16 09:51:19 org.springframework.beans.factory.support.AbstractAutowireCapableBeanFactory.doCreateBean(AbstractAutowireCapableBeanFactory.java:537)  Eagerly caching bean 'dataSource123' to allow for resolving potential circular references
2016-12-16 09:51:19 org.springframework.beans.factory.support.DefaultSingletonBeanRegistry.getSingleton(DefaultSingletonBeanRegistry.java:221)  Creating shared instance of singleton bean 'org.springframework.transaction.config.internalTransactionAdvisor'
2016-12-16 09:51:19 org.springframework.beans.factory.support.AbstractAutowireCapableBeanFactory.createBean(AbstractAutowireCapableBeanFactory.java:448)  Creating instance of bean 'org.springframework.transaction.config.internalTransactionAdvisor'
2016-12-16 09:51:19 org.springframework.beans.factory.support.AbstractAutowireCapableBeanFactory.doCreateBean(AbstractAutowireCapableBeanFactory.java:537)  Eagerly caching bean 'org.springframework.transaction.config.internalTransactionAdvisor' to allow for resolving potential circular references
2016-12-16 09:51:19 org.springframework.beans.factory.support.DefaultSingletonBeanRegistry.getSingleton(DefaultSingletonBeanRegistry.java:221)  Creating shared instance of singleton bean 'org.springframework.transaction.annotation.AnnotationTransactionAttributeSource#0'
2016-12-16 09:51:19 org.springframework.beans.factory.support.AbstractAutowireCapableBeanFactory.createBean(AbstractAutowireCapableBeanFactory.java:448)  Creating instance of bean 'org.springframework.transaction.annotation.AnnotationTransactionAttributeSource#0'
2016-12-16 09:51:19 org.springframework.beans.factory.support.AbstractAutowireCapableBeanFactory.doCreateBean(AbstractAutowireCapableBeanFactory.java:537)  Eagerly caching bean 'org.springframework.transaction.annotation.AnnotationTransactionAttributeSource#0' to allow for resolving potential circular references
2016-12-16 09:51:19 org.springframework.aop.framework.autoproxy.BeanFactoryAdvisorRetrievalHelper.findAdvisorBeans(BeanFactoryAdvisorRetrievalHelper.java:87)  Skipping currently created advisor 'org.springframework.transaction.config.internalTransactionAdvisor'
2016-12-16 09:51:19 org.springframework.beans.factory.support.AbstractAutowireCapableBeanFactory.createBean(AbstractAutowireCapableBeanFactory.java:484)  Finished creating instance of bean 'org.springframework.transaction.annotation.AnnotationTransactionAttributeSource#0'
2016-12-16 09:51:19 org.springframework.beans.factory.support.AbstractAutowireCapableBeanFactory.createBean(AbstractAutowireCapableBeanFactory.java:484)  Finished creating instance of bean 'org.springframework.transaction.config.internalTransactionAdvisor'
2016-12-16 09:51:19 org.springframework.beans.factory.support.AbstractAutowireCapableBeanFactory.createBean(AbstractAutowireCapableBeanFactory.java:484)  Finished creating instance of bean 'dataSource123'
2016-12-16 09:51:19 org.springframework.beans.factory.support.AbstractAutowireCapableBeanFactory.invokeInitMethods(AbstractAutowireCapableBeanFactory.java:1625)  Invoking afterPropertiesSet() on bean with name 'sqlSessionFactory'
2016-12-16 09:51:19 org.apache.ibatis.logging.commons.JakartaCommonsLoggingImpl.debug(JakartaCommonsLoggingImpl.java:54)  Parsed configuration file: 'class path resource [mybatisMapper.xml]'
2016-12-16 09:51:19 org.apache.ibatis.logging.commons.JakartaCommonsLoggingImpl.debug(JakartaCommonsLoggingImpl.java:54)  Property 'mapperLocations' was not specified or no matching resources found
2016-12-16 09:51:19 org.springframework.beans.factory.support.AbstractBeanFactory.doGetBean(AbstractBeanFactory.java:251)  Returning cached instance of singleton bean 'org.springframework.transaction.config.internalTransactionAdvisor'
2016-12-16 09:51:19 org.springframework.beans.factory.support.AbstractAutowireCapableBeanFactory.createBean(AbstractAutowireCapableBeanFactory.java:484)  Finished creating instance of bean 'sqlSessionFactory'
2016-12-16 09:51:19 org.springframework.beans.factory.support.AbstractBeanFactory.doGetBean(AbstractBeanFactory.java:251)  Returning cached instance of singleton bean 'org.springframework.transaction.config.internalTransactionAdvisor'
2016-12-16 09:51:19 org.springframework.beans.factory.support.AbstractAutowireCapableBeanFactory.invokeInitMethods(AbstractAutowireCapableBeanFactory.java:1625)  Invoking afterPropertiesSet() on bean with name 'deptDao'
2016-12-16 09:51:19 org.springframework.beans.factory.support.AbstractBeanFactory.doGetBean(AbstractBeanFactory.java:251)  Returning cached instance of singleton bean 'org.springframework.transaction.config.internalTransactionAdvisor'
2016-12-16 09:51:19 org.springframework.beans.factory.support.AbstractAutowireCapableBeanFactory.createBean(AbstractAutowireCapableBeanFactory.java:484)  Finished creating instance of bean 'deptDao'
2016-12-16 09:51:19 org.springframework.beans.factory.support.AbstractBeanFactory.doGetBean(AbstractBeanFactory.java:251)  Returning cached instance of singleton bean 'org.springframework.transaction.config.internalTransactionAdvisor'
2016-12-16 09:51:19 org.springframework.beans.factory.annotation.AutowiredAnnotationBeanPostProcessor.registerDependentBeans(AutowiredAnnotationBeanPostProcessor.java:539)  Autowiring by type from bean name 'deptServiceImpl' to bean named 'deptDao'
2016-12-16 09:51:19 org.springframework.beans.factory.support.AbstractBeanFactory.doGetBean(AbstractBeanFactory.java:251)  Returning cached instance of singleton bean 'org.springframework.transaction.config.internalTransactionAdvisor'
2016-12-16 09:51:19 org.springframework.beans.factory.support.AbstractAutowireCapableBeanFactory.createBean(AbstractAutowireCapableBeanFactory.java:484)  Finished creating instance of bean 'deptServiceImpl'
2016-12-16 09:51:19 org.springframework.beans.factory.annotation.AutowiredAnnotationBeanPostProcessor.registerDependentBeans(AutowiredAnnotationBeanPostProcessor.java:539)  Autowiring by type from bean name 'deptController' to bean named 'deptServiceImpl'
2016-12-16 09:51:19 org.springframework.beans.factory.support.AbstractBeanFactory.doGetBean(AbstractBeanFactory.java:251)  Returning cached instance of singleton bean 'org.springframework.transaction.config.internalTransactionAdvisor'
2016-12-16 09:51:19 org.springframework.beans.factory.support.AbstractAutowireCapableBeanFactory.createBean(AbstractAutowireCapableBeanFactory.java:484)  Finished creating instance of bean 'deptController'
2016-12-16 09:51:19 org.springframework.beans.factory.support.AbstractBeanFactory.doGetBean(AbstractBeanFactory.java:251)  Returning cached instance of singleton bean 'deptServiceImpl'
2016-12-16 09:51:19 org.springframework.beans.factory.support.AbstractBeanFactory.doGetBean(AbstractBeanFactory.java:251)  Returning cached instance of singleton bean 'org.springframework.context.annotation.internalConfigurationAnnotationProcessor'
2016-12-16 09:51:19 org.springframework.beans.factory.support.AbstractBeanFactory.doGetBean(AbstractBeanFactory.java:251)  Returning cached instance of singleton bean 'org.springframework.context.annotation.internalAutowiredAnnotationProcessor'
2016-12-16 09:51:19 org.springframework.beans.factory.support.AbstractBeanFactory.doGetBean(AbstractBeanFactory.java:251)  Returning cached instance of singleton bean 'org.springframework.context.annotation.internalRequiredAnnotationProcessor'
2016-12-16 09:51:19 org.springframework.beans.factory.support.AbstractBeanFactory.doGetBean(AbstractBeanFactory.java:251)  Returning cached instance of singleton bean 'org.springframework.context.annotation.internalCommonAnnotationProcessor'
2016-12-16 09:51:19 org.springframework.beans.factory.support.DefaultSingletonBeanRegistry.getSingleton(DefaultSingletonBeanRegistry.java:221)  Creating shared instance of singleton bean 'org.springframework.context.event.internalEventListenerProcessor'
2016-12-16 09:51:19 org.springframework.beans.factory.support.AbstractAutowireCapableBeanFactory.createBean(AbstractAutowireCapableBeanFactory.java:448)  Creating instance of bean 'org.springframework.context.event.internalEventListenerProcessor'
2016-12-16 09:51:19 org.springframework.beans.factory.support.AbstractAutowireCapableBeanFactory.doCreateBean(AbstractAutowireCapableBeanFactory.java:537)  Eagerly caching bean 'org.springframework.context.event.internalEventListenerProcessor' to allow for resolving potential circular references
2016-12-16 09:51:19 org.springframework.beans.factory.support.AbstractBeanFactory.doGetBean(AbstractBeanFactory.java:251)  Returning cached instance of singleton bean 'org.springframework.transaction.config.internalTransactionAdvisor'
2016-12-16 09:51:19 org.springframework.beans.factory.support.AbstractAutowireCapableBeanFactory.createBean(AbstractAutowireCapableBeanFactory.java:484)  Finished creating instance of bean 'org.springframework.context.event.internalEventListenerProcessor'
2016-12-16 09:51:19 org.springframework.beans.factory.support.DefaultSingletonBeanRegistry.getSingleton(DefaultSingletonBeanRegistry.java:221)  Creating shared instance of singleton bean 'org.springframework.context.event.internalEventListenerFactory'
2016-12-16 09:51:19 org.springframework.beans.factory.support.AbstractAutowireCapableBeanFactory.createBean(AbstractAutowireCapableBeanFactory.java:448)  Creating instance of bean 'org.springframework.context.event.internalEventListenerFactory'
2016-12-16 09:51:19 org.springframework.beans.factory.support.AbstractAutowireCapableBeanFactory.doCreateBean(AbstractAutowireCapableBeanFactory.java:537)  Eagerly caching bean 'org.springframework.context.event.internalEventListenerFactory' to allow for resolving potential circular references
2016-12-16 09:51:19 org.springframework.beans.factory.support.AbstractBeanFactory.doGetBean(AbstractBeanFactory.java:251)  Returning cached instance of singleton bean 'org.springframework.transaction.config.internalTransactionAdvisor'
2016-12-16 09:51:19 org.springframework.beans.factory.support.AbstractAutowireCapableBeanFactory.createBean(AbstractAutowireCapableBeanFactory.java:484)  Finished creating instance of bean 'org.springframework.context.event.internalEventListenerFactory'
2016-12-16 09:51:19 org.springframework.beans.factory.support.AbstractBeanFactory.doGetBean(AbstractBeanFactory.java:251)  Returning cached instance of singleton bean 'dataSource123'
2016-12-16 09:51:19 org.springframework.beans.factory.support.AbstractBeanFactory.doGetBean(AbstractBeanFactory.java:251)  Returning cached instance of singleton bean 'sqlSessionFactory'
2016-12-16 09:51:19 org.springframework.beans.factory.support.AbstractBeanFactory.doGetBean(AbstractBeanFactory.java:251)  Returning cached instance of singleton bean 'org.mybatis.spring.mapper.MapperScannerConfigurer#0'
2016-12-16 09:51:19 org.springframework.beans.factory.support.DefaultSingletonBeanRegistry.getSingleton(DefaultSingletonBeanRegistry.java:221)  Creating shared instance of singleton bean 'txManager'
2016-12-16 09:51:19 org.springframework.beans.factory.support.AbstractAutowireCapableBeanFactory.createBean(AbstractAutowireCapableBeanFactory.java:448)  Creating instance of bean 'txManager'
2016-12-16 09:51:19 org.springframework.beans.factory.support.AbstractAutowireCapableBeanFactory.doCreateBean(AbstractAutowireCapableBeanFactory.java:537)  Eagerly caching bean 'txManager' to allow for resolving potential circular references
2016-12-16 09:51:19 org.springframework.beans.factory.support.AbstractBeanFactory.doGetBean(AbstractBeanFactory.java:251)  Returning cached instance of singleton bean 'dataSource123'
2016-12-16 09:51:19 org.springframework.beans.factory.support.AbstractAutowireCapableBeanFactory.invokeInitMethods(AbstractAutowireCapableBeanFactory.java:1625)  Invoking afterPropertiesSet() on bean with name 'txManager'
2016-12-16 09:51:19 org.springframework.beans.factory.support.AbstractBeanFactory.doGetBean(AbstractBeanFactory.java:251)  Returning cached instance of singleton bean 'org.springframework.transaction.config.internalTransactionAdvisor'
2016-12-16 09:51:19 org.springframework.beans.factory.support.AbstractAutowireCapableBeanFactory.createBean(AbstractAutowireCapableBeanFactory.java:484)  Finished creating instance of bean 'txManager'
2016-12-16 09:51:19 org.springframework.beans.factory.support.DefaultSingletonBeanRegistry.getSingleton(DefaultSingletonBeanRegistry.java:221)  Creating shared instance of singleton bean 'org.springframework.transaction.config.internalTransactionalEventListenerFactory'
2016-12-16 09:51:19 org.springframework.beans.factory.support.AbstractAutowireCapableBeanFactory.createBean(AbstractAutowireCapableBeanFactory.java:448)  Creating instance of bean 'org.springframework.transaction.config.internalTransactionalEventListenerFactory'
2016-12-16 09:51:19 org.springframework.beans.factory.support.AbstractAutowireCapableBeanFactory.doCreateBean(AbstractAutowireCapableBeanFactory.java:537)  Eagerly caching bean 'org.springframework.transaction.config.internalTransactionalEventListenerFactory' to allow for resolving potential circular references
2016-12-16 09:51:19 org.springframework.beans.factory.support.AbstractBeanFactory.doGetBean(AbstractBeanFactory.java:251)  Returning cached instance of singleton bean 'org.springframework.transaction.config.internalTransactionAdvisor'
2016-12-16 09:51:19 org.springframework.beans.factory.support.AbstractAutowireCapableBeanFactory.createBean(AbstractAutowireCapableBeanFactory.java:484)  Finished creating instance of bean 'org.springframework.transaction.config.internalTransactionalEventListenerFactory'
2016-12-16 09:51:19 org.springframework.beans.factory.support.AbstractBeanFactory.doGetBean(AbstractBeanFactory.java:251)  Returning cached instance of singleton bean 'org.springframework.aop.config.internalAutoProxyCreator'
2016-12-16 09:51:19 org.springframework.beans.factory.support.AbstractBeanFactory.doGetBean(AbstractBeanFactory.java:251)  Returning cached instance of singleton bean 'org.springframework.transaction.annotation.AnnotationTransactionAttributeSource#0'
2016-12-16 09:51:19 org.springframework.beans.factory.support.DefaultSingletonBeanRegistry.getSingleton(DefaultSingletonBeanRegistry.java:221)  Creating shared instance of singleton bean 'org.springframework.transaction.interceptor.TransactionInterceptor#0'
2016-12-16 09:51:19 org.springframework.beans.factory.support.AbstractAutowireCapableBeanFactory.createBean(AbstractAutowireCapableBeanFactory.java:448)  Creating instance of bean 'org.springframework.transaction.interceptor.TransactionInterceptor#0'
2016-12-16 09:51:19 org.springframework.beans.factory.support.AbstractAutowireCapableBeanFactory.doCreateBean(AbstractAutowireCapableBeanFactory.java:537)  Eagerly caching bean 'org.springframework.transaction.interceptor.TransactionInterceptor#0' to allow for resolving potential circular references
2016-12-16 09:51:19 org.springframework.beans.factory.support.AbstractBeanFactory.doGetBean(AbstractBeanFactory.java:251)  Returning cached instance of singleton bean 'org.springframework.transaction.annotation.AnnotationTransactionAttributeSource#0'
2016-12-16 09:51:19 org.springframework.beans.factory.support.AbstractAutowireCapableBeanFactory.invokeInitMethods(AbstractAutowireCapableBeanFactory.java:1625)  Invoking afterPropertiesSet() on bean with name 'org.springframework.transaction.interceptor.TransactionInterceptor#0'
2016-12-16 09:51:19 org.springframework.beans.factory.support.AbstractAutowireCapableBeanFactory.createBean(AbstractAutowireCapableBeanFactory.java:484)  Finished creating instance of bean 'org.springframework.transaction.interceptor.TransactionInterceptor#0'
2016-12-16 09:51:19 org.springframework.beans.factory.support.AbstractBeanFactory.doGetBean(AbstractBeanFactory.java:251)  Returning cached instance of singleton bean 'org.springframework.transaction.config.internalTransactionAdvisor'
2016-12-16 09:51:19 org.springframework.beans.factory.support.AbstractBeanFactory.doGetBean(AbstractBeanFactory.java:251)  Returning cached instance of singleton bean 'org.springframework.context.annotation.ConfigurationClassPostProcessor.importAwareProcessor'
2016-12-16 09:51:19 org.springframework.beans.factory.support.AbstractBeanFactory.doGetBean(AbstractBeanFactory.java:251)  Returning cached instance of singleton bean 'org.springframework.context.annotation.ConfigurationClassPostProcessor.enhancedConfigurationProcessor'
2016-12-16 09:51:19 org.springframework.beans.factory.support.DefaultSingletonBeanRegistry.getSingleton(DefaultSingletonBeanRegistry.java:221)  Creating shared instance of singleton bean 'dept2Dao'
2016-12-16 09:51:19 org.springframework.beans.factory.support.AbstractAutowireCapableBeanFactory.createBean(AbstractAutowireCapableBeanFactory.java:448)  Creating instance of bean 'dept2Dao'
2016-12-16 09:51:19 org.springframework.beans.factory.support.AbstractAutowireCapableBeanFactory.doCreateBean(AbstractAutowireCapableBeanFactory.java:537)  Eagerly caching bean 'dept2Dao' to allow for resolving potential circular references
2016-12-16 09:51:19 org.springframework.beans.factory.support.AbstractBeanFactory.doGetBean(AbstractBeanFactory.java:251)  Returning cached instance of singleton bean 'sqlSessionFactory'
2016-12-16 09:51:19 org.springframework.beans.factory.support.AbstractAutowireCapableBeanFactory.invokeInitMethods(AbstractAutowireCapableBeanFactory.java:1625)  Invoking afterPropertiesSet() on bean with name 'dept2Dao'
2016-12-16 09:51:19 org.springframework.beans.factory.support.AbstractBeanFactory.doGetBean(AbstractBeanFactory.java:251)  Returning cached instance of singleton bean 'org.springframework.transaction.config.internalTransactionAdvisor'
2016-12-16 09:51:19 org.springframework.beans.factory.support.AbstractAutowireCapableBeanFactory.createBean(AbstractAutowireCapableBeanFactory.java:484)  Finished creating instance of bean 'dept2Dao'
2016-12-16 09:51:19 org.springframework.beans.factory.support.AbstractBeanFactory.doGetBean(AbstractBeanFactory.java:251)  Returning cached instance of singleton bean 'deptDao'
2016-12-16 09:51:19 org.springframework.beans.factory.support.DefaultSingletonBeanRegistry.getSingleton(DefaultSingletonBeanRegistry.java:221)  Creating shared instance of singleton bean 'empDao'
2016-12-16 09:51:19 org.springframework.beans.factory.support.AbstractAutowireCapableBeanFactory.createBean(AbstractAutowireCapableBeanFactory.java:448)  Creating instance of bean 'empDao'
2016-12-16 09:51:19 org.springframework.beans.factory.support.AbstractAutowireCapableBeanFactory.doCreateBean(AbstractAutowireCapableBeanFactory.java:537)  Eagerly caching bean 'empDao' to allow for resolving potential circular references
2016-12-16 09:51:19 org.springframework.beans.factory.support.AbstractBeanFactory.doGetBean(AbstractBeanFactory.java:251)  Returning cached instance of singleton bean 'sqlSessionFactory'
2016-12-16 09:51:19 org.springframework.beans.factory.support.AbstractAutowireCapableBeanFactory.invokeInitMethods(AbstractAutowireCapableBeanFactory.java:1625)  Invoking afterPropertiesSet() on bean with name 'empDao'
2016-12-16 09:51:19 org.springframework.beans.factory.support.AbstractBeanFactory.doGetBean(AbstractBeanFactory.java:251)  Returning cached instance of singleton bean 'org.springframework.transaction.config.internalTransactionAdvisor'
2016-12-16 09:51:19 org.springframework.beans.factory.support.AbstractAutowireCapableBeanFactory.createBean(AbstractAutowireCapableBeanFactory.java:484)  Finished creating instance of bean 'empDao'
2016-12-16 09:51:19 org.springframework.beans.factory.support.AbstractBeanFactory.doGetBean(AbstractBeanFactory.java:251)  Returning cached instance of singleton bean 'org.springframework.context.event.internalEventListenerFactory'
2016-12-16 09:51:19 org.springframework.beans.factory.support.AbstractBeanFactory.doGetBean(AbstractBeanFactory.java:251)  Returning cached instance of singleton bean 'org.springframework.transaction.config.internalTransactionalEventListenerFactory'
2016-12-16 09:51:19 org.springframework.context.support.AbstractApplicationContext.initLifecycleProcessor(AbstractApplicationContext.java:784)  Unable to locate LifecycleProcessor with name 'lifecycleProcessor': using default [org.springframework.context.support.DefaultLifecycleProcessor@1ed4ae0f]
2016-12-16 09:51:19 org.springframework.beans.factory.support.AbstractBeanFactory.doGetBean(AbstractBeanFactory.java:251)  Returning cached instance of singleton bean 'lifecycleProcessor'
2016-12-16 09:51:19 org.springframework.beans.factory.support.AbstractBeanFactory.doGetBean(AbstractBeanFactory.java:251)  Returning cached instance of singleton bean 'sqlSessionFactory'
2016-12-16 09:51:19 org.springframework.core.env.PropertySourcesPropertyResolver.getProperty(PropertySourcesPropertyResolver.java:91)  Could not find key 'spring.liveBeansView.mbeanDomain' in any property source
2016-12-16 09:51:19 org.springframework.beans.factory.support.AbstractBeanFactory.doGetBean(AbstractBeanFactory.java:251)  Returning cached instance of singleton bean 'sqlSessionFactory'
2016-12-16 09:51:19 org.apache.ibatis.logging.commons.JakartaCommonsLoggingImpl.debug(JakartaCommonsLoggingImpl.java:54)  Cache Hit Ratio [com.hc.dao.Dept2Dao]: 0.0
2016-12-16 09:51:19 org.springframework.jdbc.datasource.DataSourceUtils.doGetConnection(DataSourceUtils.java:110)  Fetching JDBC Connection from DataSource
2016-12-16 09:51:19 com.alibaba.druid.pool.DruidDataSource.init(DruidDataSource.java:715)  {dataSource-1} inited
2016-12-16 09:51:20 org.apache.ibatis.logging.commons.JakartaCommonsLoggingImpl.debug(JakartaCommonsLoggingImpl.java:54)  JDBC Connection [com.mysql.jdbc.JDBC4Connection@642a7222] will not be managed by Spring
2016-12-16 09:51:20 org.apache.ibatis.logging.commons.JakartaCommonsLoggingImpl.debug(JakartaCommonsLoggingImpl.java:54)  ==>  Preparing: SELECT deptno, dname, loc,kouhao,yusuan from dept WHERE yusuan between 30 and 330 
2016-12-16 09:51:20 org.apache.ibatis.logging.commons.JakartaCommonsLoggingImpl.debug(JakartaCommonsLoggingImpl.java:54)  ==> Parameters: 
2016-12-16 09:51:20 org.apache.ibatis.logging.commons.JakartaCommonsLoggingImpl.debug(JakartaCommonsLoggingImpl.java:54)  <==      Total: 1
2016-12-16 09:51:48 org.springframework.core.env.MutablePropertySources.addLast(MutablePropertySources.java:109)  Adding [systemProperties] PropertySource with lowest search precedence
2016-12-16 09:51:48 org.springframework.core.env.MutablePropertySources.addLast(MutablePropertySources.java:109)  Adding [systemEnvironment] PropertySource with lowest search precedence
2016-12-16 09:51:48 org.springframework.core.env.AbstractEnvironment.<init>(AbstractEnvironment.java:124)  Initialized StandardEnvironment with PropertySources [systemProperties,systemEnvironment]
2016-12-16 09:51:48 org.springframework.context.support.AbstractApplicationContext.prepareRefresh(AbstractApplicationContext.java:582)  Refreshing org.springframework.context.support.ClassPathXmlApplicationContext@45c8e616: startup date [Fri Dec 16 09:51:48 CST 2016]; root of context hierarchy
2016-12-16 09:51:48 org.springframework.core.env.MutablePropertySources.addLast(MutablePropertySources.java:109)  Adding [systemProperties] PropertySource with lowest search precedence
2016-12-16 09:51:48 org.springframework.core.env.MutablePropertySources.addLast(MutablePropertySources.java:109)  Adding [systemEnvironment] PropertySource with lowest search precedence
2016-12-16 09:51:48 org.springframework.core.env.AbstractEnvironment.<init>(AbstractEnvironment.java:124)  Initialized StandardEnvironment with PropertySources [systemProperties,systemEnvironment]
2016-12-16 09:51:48 org.springframework.beans.factory.xml.XmlBeanDefinitionReader.loadBeanDefinitions(XmlBeanDefinitionReader.java:317)  Loading XML bean definitions from class path resource [applicationContext.xml]
2016-12-16 09:51:48 org.springframework.beans.factory.xml.DefaultDocumentLoader.loadDocument(DefaultDocumentLoader.java:73)  Using JAXP provider [com.sun.org.apache.xerces.internal.jaxp.DocumentBuilderFactoryImpl]
2016-12-16 09:51:48 org.springframework.beans.factory.xml.PluggableSchemaResolver.getSchemaMappings(PluggableSchemaResolver.java:141)  Loading schema mappings from [META-INF/spring.schemas]
2016-12-16 09:51:48 org.springframework.beans.factory.xml.PluggableSchemaResolver.getSchemaMappings(PluggableSchemaResolver.java:147)  Loaded schema mappings: {http://www.springframework.org/schema/tx/spring-tx-4.3.xsd=org/springframework/transaction/config/spring-tx-4.3.xsd, http://www.springframework.org/schema/tx/spring-tx-2.5.xsd=org/springframework/transaction/config/spring-tx-2.5.xsd, http://www.springframework.org/schema/cache/spring-cache-4.2.xsd=org/springframework/cache/config/spring-cache-4.2.xsd, http://www.springframework.org/schema/aop/spring-aop-4.1.xsd=org/springframework/aop/config/spring-aop-4.1.xsd, http://www.springframework.org/schema/context/spring-context-3.1.xsd=org/springframework/context/config/spring-context-3.1.xsd, http://www.springframework.org/schema/jdbc/spring-jdbc-4.1.xsd=org/springframework/jdbc/config/spring-jdbc-4.1.xsd, http://www.springframework.org/schema/mvc/spring-mvc-4.1.xsd=org/springframework/web/servlet/config/spring-mvc-4.1.xsd, http://www.springframework.org/schema/util/spring-util-3.0.xsd=org/springframework/beans/factory/xml/spring-util-3.0.xsd, http://mybatis.org/schema/mybatis-spring-1.2.xsd=org/mybatis/spring/config/mybatis-spring-1.2.xsd, http://www.springframework.org/schema/tool/spring-tool.xsd=org/springframework/beans/factory/xml/spring-tool-4.3.xsd, http://www.springframework.org/schema/aop/spring-aop-3.2.xsd=org/springframework/aop/config/spring-aop-3.2.xsd, http://www.springframework.org/schema/lang/spring-lang-4.1.xsd=org/springframework/scripting/config/spring-lang-4.1.xsd, http://www.springframework.org/schema/context/spring-context-4.0.xsd=org/springframework/context/config/spring-context-4.0.xsd, http://www.springframework.org/schema/mvc/spring-mvc-3.2.xsd=org/springframework/web/servlet/config/spring-mvc-3.2.xsd, http://www.springframework.org/schema/beans/spring-beans-4.2.xsd=org/springframework/beans/factory/xml/spring-beans-4.2.xsd, http://www.springframework.org/schema/tool/spring-tool-4.1.xsd=org/springframework/beans/factory/xml/spring-tool-4.1.xsd, http://www.springframework.org/schema/lang/spring-lang-3.2.xsd=org/springframework/scripting/config/spring-lang-3.2.xsd, http://www.springframework.org/schema/cache/spring-cache-3.2.xsd=org/springframework/cache/config/spring-cache-3.2.xsd, http://www.springframework.org/schema/jee/spring-jee-4.1.xsd=org/springframework/ejb/config/spring-jee-4.1.xsd, http://www.springframework.org/schema/jdbc/spring-jdbc-3.1.xsd=org/springframework/jdbc/config/spring-jdbc-3.1.xsd, http://www.springframework.org/schema/util/spring-util-2.0.xsd=org/springframework/beans/factory/xml/spring-util-2.0.xsd, http://www.springframework.org/schema/task/spring-task-4.2.xsd=org/springframework/scheduling/config/spring-task-4.2.xsd, http://www.springframework.org/schema/tool/spring-tool-3.2.xsd=org/springframework/beans/factory/xml/spring-tool-3.2.xsd, http://www.springframework.org/schema/context/spring-context.xsd=org/springframework/context/config/spring-context-4.3.xsd, http://www.springframework.org/schema/tx/spring-tx-4.2.xsd=org/springframework/transaction/config/spring-tx-4.2.xsd, http://www.springframework.org/schema/cache/spring-cache-4.1.xsd=org/springframework/cache/config/spring-cache-4.1.xsd, http://www.springframework.org/schema/aop/spring-aop-4.0.xsd=org/springframework/aop/config/spring-aop-4.0.xsd, http://www.springframework.org/schema/jee/spring-jee-3.2.xsd=org/springframework/ejb/config/spring-jee-3.2.xsd, http://www.springframework.org/schema/context/spring-context-3.0.xsd=org/springframework/context/config/spring-context-3.0.xsd, http://www.springframework.org/schema/jdbc/spring-jdbc-4.0.xsd=org/springframework/jdbc/config/spring-jdbc-4.0.xsd, http://www.springframework.org/schema/mvc/spring-mvc-4.0.xsd=org/springframework/web/servlet/config/spring-mvc-4.0.xsd, http://www.springframework.org/schema/util/spring-util-4.3.xsd=org/springframework/beans/factory/xml/spring-util-4.3.xsd, http://www.springframework.org/schema/util/spring-util-2.5.xsd=org/springframework/beans/factory/xml/spring-util-2.5.xsd, http://www.springframework.org/schema/beans/spring-beans-3.2.xsd=org/springframework/beans/factory/xml/spring-beans-3.2.xsd, http://www.springframework.org/schema/aop/spring-aop-3.1.xsd=org/springframework/aop/config/spring-aop-3.1.xsd, http://www.springframework.org/schema/lang/spring-lang-4.0.xsd=org/springframework/scripting/config/spring-lang-4.0.xsd, http://www.springframework.org/schema/mvc/spring-mvc.xsd=org/springframework/web/servlet/config/spring-mvc-4.3.xsd, http://www.springframework.org/schema/mvc/spring-mvc-3.1.xsd=org/springframework/web/servlet/config/spring-mvc-3.1.xsd, http://www.springframework.org/schema/beans/spring-beans-4.1.xsd=org/springframework/beans/factory/xml/spring-beans-4.1.xsd, http://www.springframework.org/schema/tool/spring-tool-4.0.xsd=org/springframework/beans/factory/xml/spring-tool-4.0.xsd, http://www.springframework.org/schema/tx/spring-tx-3.2.xsd=org/springframework/transaction/config/spring-tx-3.2.xsd, http://www.springframework.org/schema/lang/spring-lang-3.1.xsd=org/springframework/scripting/config/spring-lang-3.1.xsd, http://www.springframework.org/schema/cache/spring-cache-3.1.xsd=org/springframework/cache/config/spring-cache-3.1.xsd, http://www.springframework.org/schema/jee/spring-jee-4.0.xsd=org/springframework/ejb/config/spring-jee-4.0.xsd, http://www.springframework.org/schema/jdbc/spring-jdbc-3.0.xsd=org/springframework/jdbc/config/spring-jdbc-3.0.xsd, http://www.springframework.org/schema/task/spring-task-4.1.xsd=org/springframework/scheduling/config/spring-task-4.1.xsd, http://www.springframework.org/schema/jdbc/spring-jdbc.xsd=org/springframework/jdbc/config/spring-jdbc-4.3.xsd, http://www.springframework.org/schema/tool/spring-tool-3.1.xsd=org/springframework/beans/factory/xml/spring-tool-3.1.xsd, http://www.springframework.org/schema/tx/spring-tx-4.1.xsd=org/springframework/transaction/config/spring-tx-4.1.xsd, http://www.springframework.org/schema/cache/spring-cache-4.0.xsd=org/springframework/cache/config/spring-cache-4.0.xsd, http://www.springframework.org/schema/jee/spring-jee-3.1.xsd=org/springframework/ejb/config/spring-jee-3.1.xsd, http://www.springframework.org/schema/util/spring-util-4.2.xsd=org/springframework/beans/factory/xml/spring-util-4.2.xsd, http://www.springframework.org/schema/task/spring-task-3.2.xsd=org/springframework/scheduling/config/spring-task-3.2.xsd, http://www.springframework.org/schema/beans/spring-beans-3.1.xsd=org/springframework/beans/factory/xml/spring-beans-3.1.xsd, http://www.springframework.org/schema/util/spring-util.xsd=org/springframework/beans/factory/xml/spring-util-4.3.xsd, http://www.springframework.org/schema/aop/spring-aop-3.0.xsd=org/springframework/aop/config/spring-aop-3.0.xsd, http://www.springframework.org/schema/mvc/spring-mvc-3.0.xsd=org/springframework/web/servlet/config/spring-mvc-3.0.xsd, http://www.springframework.org/schema/beans/spring-beans-4.0.xsd=org/springframework/beans/factory/xml/spring-beans-4.0.xsd, http://www.springframework.org/schema/beans/spring-beans.xsd=org/springframework/beans/factory/xml/spring-beans-4.3.xsd, http://mybatis.org/schema/mybatis-spring.xsd=org/mybatis/spring/config/mybatis-spring-1.2.xsd, http://www.springframework.org/schema/tx/spring-tx-3.1.xsd=org/springframework/transaction/config/spring-tx-3.1.xsd, http://www.springframework.org/schema/lang/spring-lang-3.0.xsd=org/springframework/scripting/config/spring-lang-3.0.xsd, http://www.springframework.org/schema/context/spring-context-2.5.xsd=org/springframework/context/config/spring-context-2.5.xsd, http://www.springframework.org/schema/context/spring-context-4.3.xsd=org/springframework/context/config/spring-context-4.3.xsd, http://www.springframework.org/schema/task/spring-task-4.0.xsd=org/springframework/scheduling/config/spring-task-4.0.xsd, http://www.springframework.org/schema/tool/spring-tool-3.0.xsd=org/springframework/beans/factory/xml/spring-tool-3.0.xsd, http://www.springframework.org/schema/tx/spring-tx-4.0.xsd=org/springframework/transaction/config/spring-tx-4.0.xsd, http://www.springframework.org/schema/aop/spring-aop-2.0.xsd=org/springframework/aop/config/spring-aop-2.0.xsd, http://www.springframework.org/schema/jee/spring-jee-3.0.xsd=org/springframework/ejb/config/spring-jee-3.0.xsd, http://www.springframework.org/schema/util/spring-util-4.1.xsd=org/springframework/beans/factory/xml/spring-util-4.1.xsd, http://www.springframework.org/schema/task/spring-task-3.1.xsd=org/springframework/scheduling/config/spring-task-3.1.xsd, http://www.springframework.org/schema/beans/spring-beans-3.0.xsd=org/springframework/beans/factory/xml/spring-beans-3.0.xsd, http://www.springframework.org/schema/jee/spring-jee.xsd=org/springframework/ejb/config/spring-jee-4.3.xsd, http://www.springframework.org/schema/aop/spring-aop-2.5.xsd=org/springframework/aop/config/spring-aop-2.5.xsd, http://www.springframework.org/schema/aop/spring-aop-4.3.xsd=org/springframework/aop/config/spring-aop-4.3.xsd, http://www.springframework.org/schema/lang/spring-lang-2.0.xsd=org/springframework/scripting/config/spring-lang-2.0.xsd, http://www.springframework.org/schema/jdbc/spring-jdbc-4.3.xsd=org/springframework/jdbc/config/spring-jdbc-4.3.xsd, http://www.springframework.org/schema/mvc/spring-mvc-4.3.xsd=org/springframework/web/servlet/config/spring-mvc-4.3.xsd, http://www.springframework.org/schema/util/spring-util-3.2.xsd=org/springframework/beans/factory/xml/spring-util-3.2.xsd, http://www.springframework.org/schema/task/spring-task.xsd=org/springframework/scheduling/config/spring-task-4.3.xsd, http://www.springframework.org/schema/tool/spring-tool-2.0.xsd=org/springframework/beans/factory/xml/spring-tool-2.0.xsd, http://www.springframework.org/schema/tx/spring-tx-3.0.xsd=org/springframework/transaction/config/spring-tx-3.0.xsd, http://www.springframework.org/schema/lang/spring-lang-2.5.xsd=org/springframework/scripting/config/spring-lang-2.5.xsd, http://www.springframework.org/schema/lang/spring-lang-4.3.xsd=org/springframework/scripting/config/spring-lang-4.3.xsd, http://www.springframework.org/schema/context/spring-context-4.2.xsd=org/springframework/context/config/spring-context-4.2.xsd, http://www.springframework.org/schema/jee/spring-jee-2.0.xsd=org/springframework/ejb/config/spring-jee-2.0.xsd, http://www.springframework.org/schema/tool/spring-tool-4.3.xsd=org/springframework/beans/factory/xml/spring-tool-4.3.xsd, http://www.springframework.org/schema/tool/spring-tool-2.5.xsd=org/springframework/beans/factory/xml/spring-tool-2.5.xsd, http://www.springframework.org/schema/jee/spring-jee-4.3.xsd=org/springframework/ejb/config/spring-jee-4.3.xsd, http://www.springframework.org/schema/jee/spring-jee-2.5.xsd=org/springframework/ejb/config/spring-jee-2.5.xsd, http://www.springframework.org/schema/util/spring-util-4.0.xsd=org/springframework/beans/factory/xml/spring-util-4.0.xsd, http://www.springframework.org/schema/task/spring-task-3.0.xsd=org/springframework/scheduling/config/spring-task-3.0.xsd, http://www.springframework.org/schema/cache/spring-cache-4.3.xsd=org/springframework/cache/config/spring-cache-4.3.xsd, http://www.springframework.org/schema/aop/spring-aop-4.2.xsd=org/springframework/aop/config/spring-aop-4.2.xsd, http://www.springframework.org/schema/lang/spring-lang.xsd=org/springframework/scripting/config/spring-lang-4.3.xsd, http://www.springframework.org/schema/context/spring-context-3.2.xsd=org/springframework/context/config/spring-context-3.2.xsd, http://www.springframework.org/schema/jdbc/spring-jdbc-4.2.xsd=org/springframework/jdbc/config/spring-jdbc-4.2.xsd, http://www.springframework.org/schema/mvc/spring-mvc-4.2.xsd=org/springframework/web/servlet/config/spring-mvc-4.2.xsd, http://www.springframework.org/schema/util/spring-util-3.1.xsd=org/springframework/beans/factory/xml/spring-util-3.1.xsd, http://www.springframework.org/schema/beans/spring-beans-2.0.xsd=org/springframework/beans/factory/xml/spring-beans-2.0.xsd, http://www.springframework.org/schema/cache/spring-cache.xsd=org/springframework/cache/config/spring-cache-4.3.xsd, http://www.springframework.org/schema/tx/spring-tx.xsd=org/springframework/transaction/config/spring-tx-4.3.xsd, http://www.springframework.org/schema/lang/spring-lang-4.2.xsd=org/springframework/scripting/config/spring-lang-4.2.xsd, http://www.springframework.org/schema/context/spring-context-4.1.xsd=org/springframework/context/config/spring-context-4.1.xsd, http://www.springframework.org/schema/beans/spring-beans-2.5.xsd=org/springframework/beans/factory/xml/spring-beans-2.5.xsd, http://www.springframework.org/schema/beans/spring-beans-4.3.xsd=org/springframework/beans/factory/xml/spring-beans-4.3.xsd, http://www.springframework.org/schema/tool/spring-tool-4.2.xsd=org/springframework/beans/factory/xml/spring-tool-4.2.xsd, http://www.springframework.org/schema/tx/spring-tx-2.0.xsd=org/springframework/transaction/config/spring-tx-2.0.xsd, http://www.alibaba.com/schema/stat.xsd=META-INF/stat.xsd, http://www.springframework.org/schema/jee/spring-jee-4.2.xsd=org/springframework/ejb/config/spring-jee-4.2.xsd, http://www.springframework.org/schema/jdbc/spring-jdbc-3.2.xsd=org/springframework/jdbc/config/spring-jdbc-3.2.xsd, http://www.springframework.org/schema/task/spring-task-4.3.xsd=org/springframework/scheduling/config/spring-task-4.3.xsd, http://www.springframework.org/schema/aop/spring-aop.xsd=org/springframework/aop/config/spring-aop-4.3.xsd}
2016-12-16 09:51:48 org.springframework.beans.factory.xml.PluggableSchemaResolver.resolveEntity(PluggableSchemaResolver.java:119)  Found XML schema [http://www.springframework.org/schema/beans/spring-beans.xsd] in classpath: org/springframework/beans/factory/xml/spring-beans-4.3.xsd
2016-12-16 09:51:48 org.springframework.beans.factory.xml.PluggableSchemaResolver.resolveEntity(PluggableSchemaResolver.java:119)  Found XML schema [http://www.springframework.org/schema/context/spring-context.xsd] in classpath: org/springframework/context/config/spring-context-4.3.xsd
2016-12-16 09:51:48 org.springframework.beans.factory.xml.PluggableSchemaResolver.resolveEntity(PluggableSchemaResolver.java:119)  Found XML schema [http://www.springframework.org/schema/tool/spring-tool-4.3.xsd] in classpath: org/springframework/beans/factory/xml/spring-tool-4.3.xsd
2016-12-16 09:51:48 org.springframework.beans.factory.xml.PluggableSchemaResolver.resolveEntity(PluggableSchemaResolver.java:119)  Found XML schema [http://www.springframework.org/schema/tx/spring-tx.xsd] in classpath: org/springframework/transaction/config/spring-tx-4.3.xsd
2016-12-16 09:51:48 org.springframework.beans.factory.xml.DefaultBeanDefinitionDocumentReader.registerBeanDefinitions(DefaultBeanDefinitionDocumentReader.java:92)  Loading bean definitions
2016-12-16 09:51:48 org.springframework.beans.factory.xml.DefaultNamespaceHandlerResolver.getHandlerMappings(DefaultNamespaceHandlerResolver.java:157)  Loaded NamespaceHandler mappings: {http://www.springframework.org/schema/p=org.springframework.beans.factory.xml.SimplePropertyNamespaceHandler, http://www.springframework.org/schema/mvc=org.springframework.web.servlet.config.MvcNamespaceHandler, http://www.springframework.org/schema/util=org.springframework.beans.factory.xml.UtilNamespaceHandler, http://www.alibaba.com/schema/stat=com.alibaba.druid.support.spring.stat.config.DruidStatNamespaceHandler, http://www.springframework.org/schema/jee=org.springframework.ejb.config.JeeNamespaceHandler, http://www.springframework.org/schema/aop=org.springframework.aop.config.AopNamespaceHandler, http://www.springframework.org/schema/jdbc=org.springframework.jdbc.config.JdbcNamespaceHandler, http://www.springframework.org/schema/cache=org.springframework.cache.config.CacheNamespaceHandler, http://mybatis.org/schema/mybatis-spring=org.mybatis.spring.config.NamespaceHandler, http://www.springframework.org/schema/c=org.springframework.beans.factory.xml.SimpleConstructorNamespaceHandler, http://www.springframework.org/schema/tx=org.springframework.transaction.config.TxNamespaceHandler, http://www.springframework.org/schema/task=org.springframework.scheduling.config.TaskNamespaceHandler, http://www.springframework.org/schema/lang=org.springframework.scripting.config.LangNamespaceHandler, http://www.springframework.org/schema/context=org.springframework.context.config.ContextNamespaceHandler}
2016-12-16 09:51:48 org.springframework.core.env.MutablePropertySources.addLast(MutablePropertySources.java:109)  Adding [systemProperties] PropertySource with lowest search precedence
2016-12-16 09:51:48 org.springframework.core.env.MutablePropertySources.addLast(MutablePropertySources.java:109)  Adding [systemEnvironment] PropertySource with lowest search precedence
2016-12-16 09:51:48 org.springframework.core.env.AbstractEnvironment.<init>(AbstractEnvironment.java:124)  Initialized StandardEnvironment with PropertySources [systemProperties,systemEnvironment]
2016-12-16 09:51:48 org.springframework.core.io.support.PathMatchingResourcePatternResolver.findAllClassPathResources(PathMatchingResourcePatternResolver.java:317)  Resolved classpath location [com/hc/] to resources [URL [file:/D:/SpringMybatisWebDemo/target/classes/com/hc/]]
2016-12-16 09:51:48 org.springframework.core.io.support.PathMatchingResourcePatternResolver.doFindMatchingFileSystemResources(PathMatchingResourcePatternResolver.java:711)  Looking for matching resources in directory tree [D:\SpringMybatisWebDemo\target\classes\com\hc]
2016-12-16 09:51:48 org.springframework.core.io.support.PathMatchingResourcePatternResolver.doRetrieveMatchingFiles(PathMatchingResourcePatternResolver.java:773)  Searching directory [D:\SpringMybatisWebDemo\target\classes\com\hc] for files matching pattern [D:/SpringMybatisWebDemo/target/classes/com/hc/**/*.class]
2016-12-16 09:51:48 org.springframework.core.io.support.PathMatchingResourcePatternResolver.doRetrieveMatchingFiles(PathMatchingResourcePatternResolver.java:773)  Searching directory [D:\SpringMybatisWebDemo\target\classes\com\hc\action] for files matching pattern [D:/SpringMybatisWebDemo/target/classes/com/hc/**/*.class]
2016-12-16 09:51:48 org.springframework.core.io.support.PathMatchingResourcePatternResolver.doRetrieveMatchingFiles(PathMatchingResourcePatternResolver.java:773)  Searching directory [D:\SpringMybatisWebDemo\target\classes\com\hc\dao] for files matching pattern [D:/SpringMybatisWebDemo/target/classes/com/hc/**/*.class]
2016-12-16 09:51:48 org.springframework.core.io.support.PathMatchingResourcePatternResolver.doRetrieveMatchingFiles(PathMatchingResourcePatternResolver.java:773)  Searching directory [D:\SpringMybatisWebDemo\target\classes\com\hc\domain] for files matching pattern [D:/SpringMybatisWebDemo/target/classes/com/hc/**/*.class]
2016-12-16 09:51:48 org.springframework.core.io.support.PathMatchingResourcePatternResolver.doRetrieveMatchingFiles(PathMatchingResourcePatternResolver.java:773)  Searching directory [D:\SpringMybatisWebDemo\target\classes\com\hc\mapping] for files matching pattern [D:/SpringMybatisWebDemo/target/classes/com/hc/**/*.class]
2016-12-16 09:51:48 org.springframework.core.io.support.PathMatchingResourcePatternResolver.doRetrieveMatchingFiles(PathMatchingResourcePatternResolver.java:773)  Searching directory [D:\SpringMybatisWebDemo\target\classes\com\hc\service] for files matching pattern [D:/SpringMybatisWebDemo/target/classes/com/hc/**/*.class]
2016-12-16 09:51:48 org.springframework.core.io.support.PathMatchingResourcePatternResolver.doRetrieveMatchingFiles(PathMatchingResourcePatternResolver.java:773)  Searching directory [D:\SpringMybatisWebDemo\target\classes\com\hc\service\impl] for files matching pattern [D:/SpringMybatisWebDemo/target/classes/com/hc/**/*.class]
2016-12-16 09:51:48 org.springframework.core.io.support.PathMatchingResourcePatternResolver.doRetrieveMatchingFiles(PathMatchingResourcePatternResolver.java:773)  Searching directory [D:\SpringMybatisWebDemo\target\classes\com\hc\utils] for files matching pattern [D:/SpringMybatisWebDemo/target/classes/com/hc/**/*.class]
2016-12-16 09:51:48 org.springframework.core.io.support.PathMatchingResourcePatternResolver.findPathMatchingResources(PathMatchingResourcePatternResolver.java:483)  Resolved location pattern [classpath*:com/hc/**/*.class] to resources [file [D:\SpringMybatisWebDemo\target\classes\com\hc\action\DeptController.class], file [D:\SpringMybatisWebDemo\target\classes\com\hc\action\DeptServlet.class], file [D:\SpringMybatisWebDemo\target\classes\com\hc\dao\Dept2Dao.class], file [D:\SpringMybatisWebDemo\target\classes\com\hc\dao\DeptDao.class], file [D:\SpringMybatisWebDemo\target\classes\com\hc\dao\EmpDao.class], file [D:\SpringMybatisWebDemo\target\classes\com\hc\DemoTest.class], file [D:\SpringMybatisWebDemo\target\classes\com\hc\domain\Dept.class], file [D:\SpringMybatisWebDemo\target\classes\com\hc\domain\Dept2.class], file [D:\SpringMybatisWebDemo\target\classes\com\hc\domain\DeptQuery.class], file [D:\SpringMybatisWebDemo\target\classes\com\hc\domain\Emp.class], file [D:\SpringMybatisWebDemo\target\classes\com\hc\service\DeptService.class], file [D:\SpringMybatisWebDemo\target\classes\com\hc\service\impl\DeptServiceImpl.class], file [D:\SpringMybatisWebDemo\target\classes\com\hc\utils\String2DateTime.class]]
2016-12-16 09:51:48 org.springframework.context.annotation.ClassPathScanningCandidateComponentProvider.findCandidateComponents(ClassPathScanningCandidateComponentProvider.java:286)  Identified candidate component class: file [D:\SpringMybatisWebDemo\target\classes\com\hc\action\DeptController.class]
2016-12-16 09:51:48 org.springframework.context.annotation.ClassPathScanningCandidateComponentProvider.findCandidateComponents(ClassPathScanningCandidateComponentProvider.java:286)  Identified candidate component class: file [D:\SpringMybatisWebDemo\target\classes\com\hc\service\impl\DeptServiceImpl.class]
2016-12-16 09:51:48 org.springframework.beans.factory.xml.BeanDefinitionParserDelegate.parseBeanDefinitionElement(BeanDefinitionParserDelegate.java:481)  Neither XML 'id' nor 'name' specified - using generated bean name [org.mybatis.spring.mapper.MapperScannerConfigurer#0]
2016-12-16 09:51:48 org.springframework.beans.factory.support.AbstractBeanDefinitionReader.loadBeanDefinitions(AbstractBeanDefinitionReader.java:224)  Loaded 17 bean definitions from location pattern [applicationContext.xml]
2016-12-16 09:51:48 org.springframework.context.support.AbstractApplicationContext.obtainFreshBeanFactory(AbstractApplicationContext.java:616)  Bean factory for org.springframework.context.support.ClassPathXmlApplicationContext@45c8e616: org.springframework.beans.factory.support.DefaultListableBeanFactory@6c3f5566: defining beans [deptController,deptServiceImpl,org.springframework.context.annotation.internalConfigurationAnnotationProcessor,org.springframework.context.annotation.internalAutowiredAnnotationProcessor,org.springframework.context.annotation.internalRequiredAnnotationProcessor,org.springframework.context.annotation.internalCommonAnnotationProcessor,org.springframework.context.event.internalEventListenerProcessor,org.springframework.context.event.internalEventListenerFactory,dataSource123,sqlSessionFactory,org.mybatis.spring.mapper.MapperScannerConfigurer#0,txManager,org.springframework.transaction.config.internalTransactionalEventListenerFactory,org.springframework.aop.config.internalAutoProxyCreator,org.springframework.transaction.annotation.AnnotationTransactionAttributeSource#0,org.springframework.transaction.interceptor.TransactionInterceptor#0,org.springframework.transaction.config.internalTransactionAdvisor]; root of factory hierarchy
2016-12-16 09:51:48 org.springframework.beans.factory.support.DefaultSingletonBeanRegistry.getSingleton(DefaultSingletonBeanRegistry.java:221)  Creating shared instance of singleton bean 'org.springframework.context.annotation.internalConfigurationAnnotationProcessor'
2016-12-16 09:51:48 org.springframework.beans.factory.support.AbstractAutowireCapableBeanFactory.createBean(AbstractAutowireCapableBeanFactory.java:448)  Creating instance of bean 'org.springframework.context.annotation.internalConfigurationAnnotationProcessor'
2016-12-16 09:51:48 org.springframework.beans.factory.support.AbstractAutowireCapableBeanFactory.doCreateBean(AbstractAutowireCapableBeanFactory.java:537)  Eagerly caching bean 'org.springframework.context.annotation.internalConfigurationAnnotationProcessor' to allow for resolving potential circular references
2016-12-16 09:51:48 org.springframework.beans.factory.support.AbstractAutowireCapableBeanFactory.createBean(AbstractAutowireCapableBeanFactory.java:484)  Finished creating instance of bean 'org.springframework.context.annotation.internalConfigurationAnnotationProcessor'
2016-12-16 09:51:49 org.springframework.beans.factory.support.DefaultSingletonBeanRegistry.getSingleton(DefaultSingletonBeanRegistry.java:221)  Creating shared instance of singleton bean 'org.mybatis.spring.mapper.MapperScannerConfigurer#0'
2016-12-16 09:51:49 org.springframework.beans.factory.support.AbstractAutowireCapableBeanFactory.createBean(AbstractAutowireCapableBeanFactory.java:448)  Creating instance of bean 'org.mybatis.spring.mapper.MapperScannerConfigurer#0'
2016-12-16 09:51:49 org.springframework.beans.factory.support.AbstractAutowireCapableBeanFactory.doCreateBean(AbstractAutowireCapableBeanFactory.java:537)  Eagerly caching bean 'org.mybatis.spring.mapper.MapperScannerConfigurer#0' to allow for resolving potential circular references
2016-12-16 09:51:49 org.springframework.beans.factory.support.AbstractAutowireCapableBeanFactory.invokeInitMethods(AbstractAutowireCapableBeanFactory.java:1625)  Invoking afterPropertiesSet() on bean with name 'org.mybatis.spring.mapper.MapperScannerConfigurer#0'
2016-12-16 09:51:49 org.springframework.beans.factory.support.AbstractAutowireCapableBeanFactory.createBean(AbstractAutowireCapableBeanFactory.java:484)  Finished creating instance of bean 'org.mybatis.spring.mapper.MapperScannerConfigurer#0'
2016-12-16 09:51:49 org.springframework.core.env.MutablePropertySources.addLast(MutablePropertySources.java:109)  Adding [systemProperties] PropertySource with lowest search precedence
2016-12-16 09:51:49 org.springframework.core.env.MutablePropertySources.addLast(MutablePropertySources.java:109)  Adding [systemEnvironment] PropertySource with lowest search precedence
2016-12-16 09:51:49 org.springframework.core.env.AbstractEnvironment.<init>(AbstractEnvironment.java:124)  Initialized StandardEnvironment with PropertySources [systemProperties,systemEnvironment]
2016-12-16 09:51:49 org.springframework.core.io.support.PathMatchingResourcePatternResolver.findAllClassPathResources(PathMatchingResourcePatternResolver.java:317)  Resolved classpath location [com/hc/dao/] to resources [URL [file:/D:/SpringMybatisWebDemo/target/classes/com/hc/dao/]]
2016-12-16 09:51:49 org.springframework.core.io.support.PathMatchingResourcePatternResolver.doFindMatchingFileSystemResources(PathMatchingResourcePatternResolver.java:711)  Looking for matching resources in directory tree [D:\SpringMybatisWebDemo\target\classes\com\hc\dao]
2016-12-16 09:51:49 org.springframework.core.io.support.PathMatchingResourcePatternResolver.doRetrieveMatchingFiles(PathMatchingResourcePatternResolver.java:773)  Searching directory [D:\SpringMybatisWebDemo\target\classes\com\hc\dao] for files matching pattern [D:/SpringMybatisWebDemo/target/classes/com/hc/dao/**/*.class]
2016-12-16 09:51:49 org.springframework.core.io.support.PathMatchingResourcePatternResolver.findPathMatchingResources(PathMatchingResourcePatternResolver.java:483)  Resolved location pattern [classpath*:com/hc/dao/**/*.class] to resources [file [D:\SpringMybatisWebDemo\target\classes\com\hc\dao\Dept2Dao.class], file [D:\SpringMybatisWebDemo\target\classes\com\hc\dao\DeptDao.class], file [D:\SpringMybatisWebDemo\target\classes\com\hc\dao\EmpDao.class]]
2016-12-16 09:51:49 org.springframework.context.annotation.ClassPathScanningCandidateComponentProvider.findCandidateComponents(ClassPathScanningCandidateComponentProvider.java:286)  Identified candidate component class: file [D:\SpringMybatisWebDemo\target\classes\com\hc\dao\Dept2Dao.class]
2016-12-16 09:51:49 org.springframework.context.annotation.ClassPathScanningCandidateComponentProvider.findCandidateComponents(ClassPathScanningCandidateComponentProvider.java:286)  Identified candidate component class: file [D:\SpringMybatisWebDemo\target\classes\com\hc\dao\DeptDao.class]
2016-12-16 09:51:49 org.springframework.context.annotation.ClassPathScanningCandidateComponentProvider.findCandidateComponents(ClassPathScanningCandidateComponentProvider.java:286)  Identified candidate component class: file [D:\SpringMybatisWebDemo\target\classes\com\hc\dao\EmpDao.class]
2016-12-16 09:51:49 org.mybatis.spring.mapper.ClassPathMapperScanner.processBeanDefinitions(ClassPathMapperScanner.java:181)  Creating MapperFactoryBean with name 'dept2Dao' and 'com.hc.dao.Dept2Dao' mapperInterface
2016-12-16 09:51:49 org.mybatis.spring.mapper.ClassPathMapperScanner.processBeanDefinitions(ClassPathMapperScanner.java:181)  Creating MapperFactoryBean with name 'deptDao' and 'com.hc.dao.DeptDao' mapperInterface
2016-12-16 09:51:49 org.mybatis.spring.mapper.ClassPathMapperScanner.processBeanDefinitions(ClassPathMapperScanner.java:181)  Creating MapperFactoryBean with name 'empDao' and 'com.hc.dao.EmpDao' mapperInterface
2016-12-16 09:51:49 org.springframework.beans.factory.support.DefaultSingletonBeanRegistry.getSingleton(DefaultSingletonBeanRegistry.java:221)  Creating shared instance of singleton bean 'org.springframework.context.annotation.internalAutowiredAnnotationProcessor'
2016-12-16 09:51:49 org.springframework.beans.factory.support.AbstractAutowireCapableBeanFactory.createBean(AbstractAutowireCapableBeanFactory.java:448)  Creating instance of bean 'org.springframework.context.annotation.internalAutowiredAnnotationProcessor'
2016-12-16 09:51:49 org.springframework.beans.factory.support.AbstractAutowireCapableBeanFactory.doCreateBean(AbstractAutowireCapableBeanFactory.java:537)  Eagerly caching bean 'org.springframework.context.annotation.internalAutowiredAnnotationProcessor' to allow for resolving potential circular references
2016-12-16 09:51:49 org.springframework.beans.factory.support.AbstractAutowireCapableBeanFactory.createBean(AbstractAutowireCapableBeanFactory.java:484)  Finished creating instance of bean 'org.springframework.context.annotation.internalAutowiredAnnotationProcessor'
2016-12-16 09:51:49 org.springframework.beans.factory.support.DefaultSingletonBeanRegistry.getSingleton(DefaultSingletonBeanRegistry.java:221)  Creating shared instance of singleton bean 'org.springframework.context.annotation.internalRequiredAnnotationProcessor'
2016-12-16 09:51:49 org.springframework.beans.factory.support.AbstractAutowireCapableBeanFactory.createBean(AbstractAutowireCapableBeanFactory.java:448)  Creating instance of bean 'org.springframework.context.annotation.internalRequiredAnnotationProcessor'
2016-12-16 09:51:49 org.springframework.beans.factory.support.AbstractAutowireCapableBeanFactory.doCreateBean(AbstractAutowireCapableBeanFactory.java:537)  Eagerly caching bean 'org.springframework.context.annotation.internalRequiredAnnotationProcessor' to allow for resolving potential circular references
2016-12-16 09:51:49 org.springframework.beans.factory.support.AbstractAutowireCapableBeanFactory.createBean(AbstractAutowireCapableBeanFactory.java:484)  Finished creating instance of bean 'org.springframework.context.annotation.internalRequiredAnnotationProcessor'
2016-12-16 09:51:49 org.springframework.beans.factory.support.DefaultSingletonBeanRegistry.getSingleton(DefaultSingletonBeanRegistry.java:221)  Creating shared instance of singleton bean 'org.springframework.context.annotation.internalCommonAnnotationProcessor'
2016-12-16 09:51:49 org.springframework.beans.factory.support.AbstractAutowireCapableBeanFactory.createBean(AbstractAutowireCapableBeanFactory.java:448)  Creating instance of bean 'org.springframework.context.annotation.internalCommonAnnotationProcessor'
2016-12-16 09:51:49 org.springframework.beans.factory.support.AbstractAutowireCapableBeanFactory.doCreateBean(AbstractAutowireCapableBeanFactory.java:537)  Eagerly caching bean 'org.springframework.context.annotation.internalCommonAnnotationProcessor' to allow for resolving potential circular references
2016-12-16 09:51:49 org.springframework.beans.factory.support.AbstractAutowireCapableBeanFactory.createBean(AbstractAutowireCapableBeanFactory.java:484)  Finished creating instance of bean 'org.springframework.context.annotation.internalCommonAnnotationProcessor'
2016-12-16 09:51:49 org.springframework.beans.factory.support.DefaultSingletonBeanRegistry.getSingleton(DefaultSingletonBeanRegistry.java:221)  Creating shared instance of singleton bean 'org.springframework.context.annotation.ConfigurationClassPostProcessor.importAwareProcessor'
2016-12-16 09:51:49 org.springframework.beans.factory.support.AbstractAutowireCapableBeanFactory.createBean(AbstractAutowireCapableBeanFactory.java:448)  Creating instance of bean 'org.springframework.context.annotation.ConfigurationClassPostProcessor.importAwareProcessor'
2016-12-16 09:51:49 org.springframework.beans.factory.support.AbstractAutowireCapableBeanFactory.doCreateBean(AbstractAutowireCapableBeanFactory.java:537)  Eagerly caching bean 'org.springframework.context.annotation.ConfigurationClassPostProcessor.importAwareProcessor' to allow for resolving potential circular references
2016-12-16 09:51:49 org.springframework.beans.factory.support.AbstractAutowireCapableBeanFactory.createBean(AbstractAutowireCapableBeanFactory.java:484)  Finished creating instance of bean 'org.springframework.context.annotation.ConfigurationClassPostProcessor.importAwareProcessor'
2016-12-16 09:51:49 org.springframework.beans.factory.support.DefaultSingletonBeanRegistry.getSingleton(DefaultSingletonBeanRegistry.java:221)  Creating shared instance of singleton bean 'org.springframework.context.annotation.ConfigurationClassPostProcessor.enhancedConfigurationProcessor'
2016-12-16 09:51:49 org.springframework.beans.factory.support.AbstractAutowireCapableBeanFactory.createBean(AbstractAutowireCapableBeanFactory.java:448)  Creating instance of bean 'org.springframework.context.annotation.ConfigurationClassPostProcessor.enhancedConfigurationProcessor'
2016-12-16 09:51:49 org.springframework.beans.factory.support.AbstractAutowireCapableBeanFactory.doCreateBean(AbstractAutowireCapableBeanFactory.java:537)  Eagerly caching bean 'org.springframework.context.annotation.ConfigurationClassPostProcessor.enhancedConfigurationProcessor' to allow for resolving potential circular references
2016-12-16 09:51:49 org.springframework.beans.factory.support.AbstractAutowireCapableBeanFactory.createBean(AbstractAutowireCapableBeanFactory.java:484)  Finished creating instance of bean 'org.springframework.context.annotation.ConfigurationClassPostProcessor.enhancedConfigurationProcessor'
2016-12-16 09:51:49 org.springframework.beans.factory.support.DefaultSingletonBeanRegistry.getSingleton(DefaultSingletonBeanRegistry.java:221)  Creating shared instance of singleton bean 'org.springframework.aop.config.internalAutoProxyCreator'
2016-12-16 09:51:49 org.springframework.beans.factory.support.AbstractAutowireCapableBeanFactory.createBean(AbstractAutowireCapableBeanFactory.java:448)  Creating instance of bean 'org.springframework.aop.config.internalAutoProxyCreator'
2016-12-16 09:51:49 org.springframework.beans.factory.support.AbstractAutowireCapableBeanFactory.doCreateBean(AbstractAutowireCapableBeanFactory.java:537)  Eagerly caching bean 'org.springframework.aop.config.internalAutoProxyCreator' to allow for resolving potential circular references
2016-12-16 09:51:49 org.springframework.beans.factory.support.AbstractAutowireCapableBeanFactory.createBean(AbstractAutowireCapableBeanFactory.java:484)  Finished creating instance of bean 'org.springframework.aop.config.internalAutoProxyCreator'
2016-12-16 09:51:49 org.springframework.context.support.AbstractApplicationContext.initMessageSource(AbstractApplicationContext.java:733)  Unable to locate MessageSource with name 'messageSource': using default [org.springframework.context.support.DelegatingMessageSource@43195e57]
2016-12-16 09:51:49 org.springframework.context.support.AbstractApplicationContext.initApplicationEventMulticaster(AbstractApplicationContext.java:757)  Unable to locate ApplicationEventMulticaster with name 'applicationEventMulticaster': using default [org.springframework.context.event.SimpleApplicationEventMulticaster@f5ac9e4]
2016-12-16 09:51:49 org.springframework.beans.factory.support.DefaultListableBeanFactory.preInstantiateSingletons(DefaultListableBeanFactory.java:723)  Pre-instantiating singletons in org.springframework.beans.factory.support.DefaultListableBeanFactory@6c3f5566: defining beans [deptController,deptServiceImpl,org.springframework.context.annotation.internalConfigurationAnnotationProcessor,org.springframework.context.annotation.internalAutowiredAnnotationProcessor,org.springframework.context.annotation.internalRequiredAnnotationProcessor,org.springframework.context.annotation.internalCommonAnnotationProcessor,org.springframework.context.event.internalEventListenerProcessor,org.springframework.context.event.internalEventListenerFactory,dataSource123,sqlSessionFactory,org.mybatis.spring.mapper.MapperScannerConfigurer#0,txManager,org.springframework.transaction.config.internalTransactionalEventListenerFactory,org.springframework.aop.config.internalAutoProxyCreator,org.springframework.transaction.annotation.AnnotationTransactionAttributeSource#0,org.springframework.transaction.interceptor.TransactionInterceptor#0,org.springframework.transaction.config.internalTransactionAdvisor,org.springframework.context.annotation.ConfigurationClassPostProcessor.importAwareProcessor,org.springframework.context.annotation.ConfigurationClassPostProcessor.enhancedConfigurationProcessor,dept2Dao,deptDao,empDao]; root of factory hierarchy
2016-12-16 09:51:49 org.springframework.beans.factory.support.DefaultSingletonBeanRegistry.getSingleton(DefaultSingletonBeanRegistry.java:221)  Creating shared instance of singleton bean 'deptController'
2016-12-16 09:51:49 org.springframework.beans.factory.support.AbstractAutowireCapableBeanFactory.createBean(AbstractAutowireCapableBeanFactory.java:448)  Creating instance of bean 'deptController'
2016-12-16 09:51:49 org.springframework.beans.factory.annotation.InjectionMetadata.checkConfigMembers(InjectionMetadata.java:72)  Registered injected element on class [com.hc.action.DeptController]: AutowiredFieldElement for private com.hc.service.DeptService com.hc.action.DeptController.deptService
2016-12-16 09:51:49 org.springframework.beans.factory.support.AbstractAutowireCapableBeanFactory.doCreateBean(AbstractAutowireCapableBeanFactory.java:537)  Eagerly caching bean 'deptController' to allow for resolving potential circular references
2016-12-16 09:51:49 org.springframework.beans.factory.annotation.InjectionMetadata.inject(InjectionMetadata.java:86)  Processing injected element of bean 'deptController': AutowiredFieldElement for private com.hc.service.DeptService com.hc.action.DeptController.deptService
2016-12-16 09:51:49 org.springframework.beans.factory.support.DefaultSingletonBeanRegistry.getSingleton(DefaultSingletonBeanRegistry.java:221)  Creating shared instance of singleton bean 'deptServiceImpl'
2016-12-16 09:51:49 org.springframework.beans.factory.support.AbstractAutowireCapableBeanFactory.createBean(AbstractAutowireCapableBeanFactory.java:448)  Creating instance of bean 'deptServiceImpl'
2016-12-16 09:51:49 org.springframework.beans.factory.annotation.InjectionMetadata.checkConfigMembers(InjectionMetadata.java:72)  Registered injected element on class [com.hc.service.impl.DeptServiceImpl]: AutowiredFieldElement for private com.hc.dao.DeptDao com.hc.service.impl.DeptServiceImpl.deptDao
2016-12-16 09:51:49 org.springframework.beans.factory.support.AbstractAutowireCapableBeanFactory.doCreateBean(AbstractAutowireCapableBeanFactory.java:537)  Eagerly caching bean 'deptServiceImpl' to allow for resolving potential circular references
2016-12-16 09:51:49 org.springframework.beans.factory.annotation.InjectionMetadata.inject(InjectionMetadata.java:86)  Processing injected element of bean 'deptServiceImpl': AutowiredFieldElement for private com.hc.dao.DeptDao com.hc.service.impl.DeptServiceImpl.deptDao
2016-12-16 09:51:49 org.springframework.beans.factory.support.DefaultSingletonBeanRegistry.getSingleton(DefaultSingletonBeanRegistry.java:221)  Creating shared instance of singleton bean 'deptDao'
2016-12-16 09:51:49 org.springframework.beans.factory.support.AbstractAutowireCapableBeanFactory.createBean(AbstractAutowireCapableBeanFactory.java:448)  Creating instance of bean 'deptDao'
2016-12-16 09:51:49 org.springframework.beans.factory.support.AbstractAutowireCapableBeanFactory.doCreateBean(AbstractAutowireCapableBeanFactory.java:537)  Eagerly caching bean 'deptDao' to allow for resolving potential circular references
2016-12-16 09:51:49 org.springframework.beans.factory.support.DefaultSingletonBeanRegistry.getSingleton(DefaultSingletonBeanRegistry.java:221)  Creating shared instance of singleton bean 'sqlSessionFactory'
2016-12-16 09:51:49 org.springframework.beans.factory.support.AbstractAutowireCapableBeanFactory.createBean(AbstractAutowireCapableBeanFactory.java:448)  Creating instance of bean 'sqlSessionFactory'
2016-12-16 09:51:49 org.springframework.beans.factory.support.AbstractAutowireCapableBeanFactory.doCreateBean(AbstractAutowireCapableBeanFactory.java:537)  Eagerly caching bean 'sqlSessionFactory' to allow for resolving potential circular references
2016-12-16 09:51:49 org.springframework.beans.factory.support.DefaultSingletonBeanRegistry.getSingleton(DefaultSingletonBeanRegistry.java:221)  Creating shared instance of singleton bean 'dataSource123'
2016-12-16 09:51:49 org.springframework.beans.factory.support.AbstractAutowireCapableBeanFactory.createBean(AbstractAutowireCapableBeanFactory.java:448)  Creating instance of bean 'dataSource123'
2016-12-16 09:51:49 org.springframework.beans.factory.support.AbstractAutowireCapableBeanFactory.doCreateBean(AbstractAutowireCapableBeanFactory.java:537)  Eagerly caching bean 'dataSource123' to allow for resolving potential circular references
2016-12-16 09:51:49 org.springframework.beans.factory.support.DefaultSingletonBeanRegistry.getSingleton(DefaultSingletonBeanRegistry.java:221)  Creating shared instance of singleton bean 'org.springframework.transaction.config.internalTransactionAdvisor'
2016-12-16 09:51:49 org.springframework.beans.factory.support.AbstractAutowireCapableBeanFactory.createBean(AbstractAutowireCapableBeanFactory.java:448)  Creating instance of bean 'org.springframework.transaction.config.internalTransactionAdvisor'
2016-12-16 09:51:49 org.springframework.beans.factory.support.AbstractAutowireCapableBeanFactory.doCreateBean(AbstractAutowireCapableBeanFactory.java:537)  Eagerly caching bean 'org.springframework.transaction.config.internalTransactionAdvisor' to allow for resolving potential circular references
2016-12-16 09:51:49 org.springframework.beans.factory.support.DefaultSingletonBeanRegistry.getSingleton(DefaultSingletonBeanRegistry.java:221)  Creating shared instance of singleton bean 'org.springframework.transaction.annotation.AnnotationTransactionAttributeSource#0'
2016-12-16 09:51:49 org.springframework.beans.factory.support.AbstractAutowireCapableBeanFactory.createBean(AbstractAutowireCapableBeanFactory.java:448)  Creating instance of bean 'org.springframework.transaction.annotation.AnnotationTransactionAttributeSource#0'
2016-12-16 09:51:49 org.springframework.beans.factory.support.AbstractAutowireCapableBeanFactory.doCreateBean(AbstractAutowireCapableBeanFactory.java:537)  Eagerly caching bean 'org.springframework.transaction.annotation.AnnotationTransactionAttributeSource#0' to allow for resolving potential circular references
2016-12-16 09:51:49 org.springframework.aop.framework.autoproxy.BeanFactoryAdvisorRetrievalHelper.findAdvisorBeans(BeanFactoryAdvisorRetrievalHelper.java:87)  Skipping currently created advisor 'org.springframework.transaction.config.internalTransactionAdvisor'
2016-12-16 09:51:49 org.springframework.beans.factory.support.AbstractAutowireCapableBeanFactory.createBean(AbstractAutowireCapableBeanFactory.java:484)  Finished creating instance of bean 'org.springframework.transaction.annotation.AnnotationTransactionAttributeSource#0'
2016-12-16 09:51:49 org.springframework.beans.factory.support.AbstractAutowireCapableBeanFactory.createBean(AbstractAutowireCapableBeanFactory.java:484)  Finished creating instance of bean 'org.springframework.transaction.config.internalTransactionAdvisor'
2016-12-16 09:51:49 org.springframework.beans.factory.support.AbstractAutowireCapableBeanFactory.createBean(AbstractAutowireCapableBeanFactory.java:484)  Finished creating instance of bean 'dataSource123'
2016-12-16 09:51:49 org.springframework.beans.factory.support.AbstractAutowireCapableBeanFactory.invokeInitMethods(AbstractAutowireCapableBeanFactory.java:1625)  Invoking afterPropertiesSet() on bean with name 'sqlSessionFactory'
2016-12-16 09:51:49 org.apache.ibatis.logging.commons.JakartaCommonsLoggingImpl.debug(JakartaCommonsLoggingImpl.java:54)  Parsed configuration file: 'class path resource [mybatisMapper.xml]'
2016-12-16 09:51:49 org.apache.ibatis.logging.commons.JakartaCommonsLoggingImpl.debug(JakartaCommonsLoggingImpl.java:54)  Property 'mapperLocations' was not specified or no matching resources found
2016-12-16 09:51:49 org.springframework.beans.factory.support.AbstractBeanFactory.doGetBean(AbstractBeanFactory.java:251)  Returning cached instance of singleton bean 'org.springframework.transaction.config.internalTransactionAdvisor'
2016-12-16 09:51:49 org.springframework.beans.factory.support.AbstractAutowireCapableBeanFactory.createBean(AbstractAutowireCapableBeanFactory.java:484)  Finished creating instance of bean 'sqlSessionFactory'
2016-12-16 09:51:49 org.springframework.beans.factory.support.AbstractBeanFactory.doGetBean(AbstractBeanFactory.java:251)  Returning cached instance of singleton bean 'org.springframework.transaction.config.internalTransactionAdvisor'
2016-12-16 09:51:49 org.springframework.beans.factory.support.AbstractAutowireCapableBeanFactory.invokeInitMethods(AbstractAutowireCapableBeanFactory.java:1625)  Invoking afterPropertiesSet() on bean with name 'deptDao'
2016-12-16 09:51:49 org.springframework.beans.factory.support.AbstractBeanFactory.doGetBean(AbstractBeanFactory.java:251)  Returning cached instance of singleton bean 'org.springframework.transaction.config.internalTransactionAdvisor'
2016-12-16 09:51:49 org.springframework.beans.factory.support.AbstractAutowireCapableBeanFactory.createBean(AbstractAutowireCapableBeanFactory.java:484)  Finished creating instance of bean 'deptDao'
2016-12-16 09:51:49 org.springframework.beans.factory.support.AbstractBeanFactory.doGetBean(AbstractBeanFactory.java:251)  Returning cached instance of singleton bean 'org.springframework.transaction.config.internalTransactionAdvisor'
2016-12-16 09:51:49 org.springframework.beans.factory.annotation.AutowiredAnnotationBeanPostProcessor.registerDependentBeans(AutowiredAnnotationBeanPostProcessor.java:539)  Autowiring by type from bean name 'deptServiceImpl' to bean named 'deptDao'
2016-12-16 09:51:49 org.springframework.beans.factory.support.AbstractBeanFactory.doGetBean(AbstractBeanFactory.java:251)  Returning cached instance of singleton bean 'org.springframework.transaction.config.internalTransactionAdvisor'
2016-12-16 09:51:49 org.springframework.beans.factory.support.AbstractAutowireCapableBeanFactory.createBean(AbstractAutowireCapableBeanFactory.java:484)  Finished creating instance of bean 'deptServiceImpl'
2016-12-16 09:51:49 org.springframework.beans.factory.annotation.AutowiredAnnotationBeanPostProcessor.registerDependentBeans(AutowiredAnnotationBeanPostProcessor.java:539)  Autowiring by type from bean name 'deptController' to bean named 'deptServiceImpl'
2016-12-16 09:51:49 org.springframework.beans.factory.support.AbstractBeanFactory.doGetBean(AbstractBeanFactory.java:251)  Returning cached instance of singleton bean 'org.springframework.transaction.config.internalTransactionAdvisor'
2016-12-16 09:51:49 org.springframework.beans.factory.support.AbstractAutowireCapableBeanFactory.createBean(AbstractAutowireCapableBeanFactory.java:484)  Finished creating instance of bean 'deptController'
2016-12-16 09:51:49 org.springframework.beans.factory.support.AbstractBeanFactory.doGetBean(AbstractBeanFactory.java:251)  Returning cached instance of singleton bean 'deptServiceImpl'
2016-12-16 09:51:49 org.springframework.beans.factory.support.AbstractBeanFactory.doGetBean(AbstractBeanFactory.java:251)  Returning cached instance of singleton bean 'org.springframework.context.annotation.internalConfigurationAnnotationProcessor'
2016-12-16 09:51:49 org.springframework.beans.factory.support.AbstractBeanFactory.doGetBean(AbstractBeanFactory.java:251)  Returning cached instance of singleton bean 'org.springframework.context.annotation.internalAutowiredAnnotationProcessor'
2016-12-16 09:51:49 org.springframework.beans.factory.support.AbstractBeanFactory.doGetBean(AbstractBeanFactory.java:251)  Returning cached instance of singleton bean 'org.springframework.context.annotation.internalRequiredAnnotationProcessor'
2016-12-16 09:51:49 org.springframework.beans.factory.support.AbstractBeanFactory.doGetBean(AbstractBeanFactory.java:251)  Returning cached instance of singleton bean 'org.springframework.context.annotation.internalCommonAnnotationProcessor'
2016-12-16 09:51:49 org.springframework.beans.factory.support.DefaultSingletonBeanRegistry.getSingleton(DefaultSingletonBeanRegistry.java:221)  Creating shared instance of singleton bean 'org.springframework.context.event.internalEventListenerProcessor'
2016-12-16 09:51:49 org.springframework.beans.factory.support.AbstractAutowireCapableBeanFactory.createBean(AbstractAutowireCapableBeanFactory.java:448)  Creating instance of bean 'org.springframework.context.event.internalEventListenerProcessor'
2016-12-16 09:51:49 org.springframework.beans.factory.support.AbstractAutowireCapableBeanFactory.doCreateBean(AbstractAutowireCapableBeanFactory.java:537)  Eagerly caching bean 'org.springframework.context.event.internalEventListenerProcessor' to allow for resolving potential circular references
2016-12-16 09:51:49 org.springframework.beans.factory.support.AbstractBeanFactory.doGetBean(AbstractBeanFactory.java:251)  Returning cached instance of singleton bean 'org.springframework.transaction.config.internalTransactionAdvisor'
2016-12-16 09:51:49 org.springframework.beans.factory.support.AbstractAutowireCapableBeanFactory.createBean(AbstractAutowireCapableBeanFactory.java:484)  Finished creating instance of bean 'org.springframework.context.event.internalEventListenerProcessor'
2016-12-16 09:51:49 org.springframework.beans.factory.support.DefaultSingletonBeanRegistry.getSingleton(DefaultSingletonBeanRegistry.java:221)  Creating shared instance of singleton bean 'org.springframework.context.event.internalEventListenerFactory'
2016-12-16 09:51:49 org.springframework.beans.factory.support.AbstractAutowireCapableBeanFactory.createBean(AbstractAutowireCapableBeanFactory.java:448)  Creating instance of bean 'org.springframework.context.event.internalEventListenerFactory'
2016-12-16 09:51:49 org.springframework.beans.factory.support.AbstractAutowireCapableBeanFactory.doCreateBean(AbstractAutowireCapableBeanFactory.java:537)  Eagerly caching bean 'org.springframework.context.event.internalEventListenerFactory' to allow for resolving potential circular references
2016-12-16 09:51:49 org.springframework.beans.factory.support.AbstractBeanFactory.doGetBean(AbstractBeanFactory.java:251)  Returning cached instance of singleton bean 'org.springframework.transaction.config.internalTransactionAdvisor'
2016-12-16 09:51:49 org.springframework.beans.factory.support.AbstractAutowireCapableBeanFactory.createBean(AbstractAutowireCapableBeanFactory.java:484)  Finished creating instance of bean 'org.springframework.context.event.internalEventListenerFactory'
2016-12-16 09:51:49 org.springframework.beans.factory.support.AbstractBeanFactory.doGetBean(AbstractBeanFactory.java:251)  Returning cached instance of singleton bean 'dataSource123'
2016-12-16 09:51:49 org.springframework.beans.factory.support.AbstractBeanFactory.doGetBean(AbstractBeanFactory.java:251)  Returning cached instance of singleton bean 'sqlSessionFactory'
2016-12-16 09:51:49 org.springframework.beans.factory.support.AbstractBeanFactory.doGetBean(AbstractBeanFactory.java:251)  Returning cached instance of singleton bean 'org.mybatis.spring.mapper.MapperScannerConfigurer#0'
2016-12-16 09:51:49 org.springframework.beans.factory.support.DefaultSingletonBeanRegistry.getSingleton(DefaultSingletonBeanRegistry.java:221)  Creating shared instance of singleton bean 'txManager'
2016-12-16 09:51:49 org.springframework.beans.factory.support.AbstractAutowireCapableBeanFactory.createBean(AbstractAutowireCapableBeanFactory.java:448)  Creating instance of bean 'txManager'
2016-12-16 09:51:49 org.springframework.beans.factory.support.AbstractAutowireCapableBeanFactory.doCreateBean(AbstractAutowireCapableBeanFactory.java:537)  Eagerly caching bean 'txManager' to allow for resolving potential circular references
2016-12-16 09:51:49 org.springframework.beans.factory.support.AbstractBeanFactory.doGetBean(AbstractBeanFactory.java:251)  Returning cached instance of singleton bean 'dataSource123'
2016-12-16 09:51:49 org.springframework.beans.factory.support.AbstractAutowireCapableBeanFactory.invokeInitMethods(AbstractAutowireCapableBeanFactory.java:1625)  Invoking afterPropertiesSet() on bean with name 'txManager'
2016-12-16 09:51:49 org.springframework.beans.factory.support.AbstractBeanFactory.doGetBean(AbstractBeanFactory.java:251)  Returning cached instance of singleton bean 'org.springframework.transaction.config.internalTransactionAdvisor'
2016-12-16 09:51:49 org.springframework.beans.factory.support.AbstractAutowireCapableBeanFactory.createBean(AbstractAutowireCapableBeanFactory.java:484)  Finished creating instance of bean 'txManager'
2016-12-16 09:51:49 org.springframework.beans.factory.support.DefaultSingletonBeanRegistry.getSingleton(DefaultSingletonBeanRegistry.java:221)  Creating shared instance of singleton bean 'org.springframework.transaction.config.internalTransactionalEventListenerFactory'
2016-12-16 09:51:49 org.springframework.beans.factory.support.AbstractAutowireCapableBeanFactory.createBean(AbstractAutowireCapableBeanFactory.java:448)  Creating instance of bean 'org.springframework.transaction.config.internalTransactionalEventListenerFactory'
2016-12-16 09:51:49 org.springframework.beans.factory.support.AbstractAutowireCapableBeanFactory.doCreateBean(AbstractAutowireCapableBeanFactory.java:537)  Eagerly caching bean 'org.springframework.transaction.config.internalTransactionalEventListenerFactory' to allow for resolving potential circular references
2016-12-16 09:51:49 org.springframework.beans.factory.support.AbstractBeanFactory.doGetBean(AbstractBeanFactory.java:251)  Returning cached instance of singleton bean 'org.springframework.transaction.config.internalTransactionAdvisor'
2016-12-16 09:51:49 org.springframework.beans.factory.support.AbstractAutowireCapableBeanFactory.createBean(AbstractAutowireCapableBeanFactory.java:484)  Finished creating instance of bean 'org.springframework.transaction.config.internalTransactionalEventListenerFactory'
2016-12-16 09:51:49 org.springframework.beans.factory.support.AbstractBeanFactory.doGetBean(AbstractBeanFactory.java:251)  Returning cached instance of singleton bean 'org.springframework.aop.config.internalAutoProxyCreator'
2016-12-16 09:51:49 org.springframework.beans.factory.support.AbstractBeanFactory.doGetBean(AbstractBeanFactory.java:251)  Returning cached instance of singleton bean 'org.springframework.transaction.annotation.AnnotationTransactionAttributeSource#0'
2016-12-16 09:51:49 org.springframework.beans.factory.support.DefaultSingletonBeanRegistry.getSingleton(DefaultSingletonBeanRegistry.java:221)  Creating shared instance of singleton bean 'org.springframework.transaction.interceptor.TransactionInterceptor#0'
2016-12-16 09:51:49 org.springframework.beans.factory.support.AbstractAutowireCapableBeanFactory.createBean(AbstractAutowireCapableBeanFactory.java:448)  Creating instance of bean 'org.springframework.transaction.interceptor.TransactionInterceptor#0'
2016-12-16 09:51:49 org.springframework.beans.factory.support.AbstractAutowireCapableBeanFactory.doCreateBean(AbstractAutowireCapableBeanFactory.java:537)  Eagerly caching bean 'org.springframework.transaction.interceptor.TransactionInterceptor#0' to allow for resolving potential circular references
2016-12-16 09:51:49 org.springframework.beans.factory.support.AbstractBeanFactory.doGetBean(AbstractBeanFactory.java:251)  Returning cached instance of singleton bean 'org.springframework.transaction.annotation.AnnotationTransactionAttributeSource#0'
2016-12-16 09:51:49 org.springframework.beans.factory.support.AbstractAutowireCapableBeanFactory.invokeInitMethods(AbstractAutowireCapableBeanFactory.java:1625)  Invoking afterPropertiesSet() on bean with name 'org.springframework.transaction.interceptor.TransactionInterceptor#0'
2016-12-16 09:51:49 org.springframework.beans.factory.support.AbstractAutowireCapableBeanFactory.createBean(AbstractAutowireCapableBeanFactory.java:484)  Finished creating instance of bean 'org.springframework.transaction.interceptor.TransactionInterceptor#0'
2016-12-16 09:51:49 org.springframework.beans.factory.support.AbstractBeanFactory.doGetBean(AbstractBeanFactory.java:251)  Returning cached instance of singleton bean 'org.springframework.transaction.config.internalTransactionAdvisor'
2016-12-16 09:51:49 org.springframework.beans.factory.support.AbstractBeanFactory.doGetBean(AbstractBeanFactory.java:251)  Returning cached instance of singleton bean 'org.springframework.context.annotation.ConfigurationClassPostProcessor.importAwareProcessor'
2016-12-16 09:51:49 org.springframework.beans.factory.support.AbstractBeanFactory.doGetBean(AbstractBeanFactory.java:251)  Returning cached instance of singleton bean 'org.springframework.context.annotation.ConfigurationClassPostProcessor.enhancedConfigurationProcessor'
2016-12-16 09:51:49 org.springframework.beans.factory.support.DefaultSingletonBeanRegistry.getSingleton(DefaultSingletonBeanRegistry.java:221)  Creating shared instance of singleton bean 'dept2Dao'
2016-12-16 09:51:49 org.springframework.beans.factory.support.AbstractAutowireCapableBeanFactory.createBean(AbstractAutowireCapableBeanFactory.java:448)  Creating instance of bean 'dept2Dao'
2016-12-16 09:51:49 org.springframework.beans.factory.support.AbstractAutowireCapableBeanFactory.doCreateBean(AbstractAutowireCapableBeanFactory.java:537)  Eagerly caching bean 'dept2Dao' to allow for resolving potential circular references
2016-12-16 09:51:49 org.springframework.beans.factory.support.AbstractBeanFactory.doGetBean(AbstractBeanFactory.java:251)  Returning cached instance of singleton bean 'sqlSessionFactory'
2016-12-16 09:51:49 org.springframework.beans.factory.support.AbstractAutowireCapableBeanFactory.invokeInitMethods(AbstractAutowireCapableBeanFactory.java:1625)  Invoking afterPropertiesSet() on bean with name 'dept2Dao'
2016-12-16 09:51:49 org.springframework.beans.factory.support.AbstractBeanFactory.doGetBean(AbstractBeanFactory.java:251)  Returning cached instance of singleton bean 'org.springframework.transaction.config.internalTransactionAdvisor'
2016-12-16 09:51:49 org.springframework.beans.factory.support.AbstractAutowireCapableBeanFactory.createBean(AbstractAutowireCapableBeanFactory.java:484)  Finished creating instance of bean 'dept2Dao'
2016-12-16 09:51:49 org.springframework.beans.factory.support.AbstractBeanFactory.doGetBean(AbstractBeanFactory.java:251)  Returning cached instance of singleton bean 'deptDao'
2016-12-16 09:51:49 org.springframework.beans.factory.support.DefaultSingletonBeanRegistry.getSingleton(DefaultSingletonBeanRegistry.java:221)  Creating shared instance of singleton bean 'empDao'
2016-12-16 09:51:49 org.springframework.beans.factory.support.AbstractAutowireCapableBeanFactory.createBean(AbstractAutowireCapableBeanFactory.java:448)  Creating instance of bean 'empDao'
2016-12-16 09:51:49 org.springframework.beans.factory.support.AbstractAutowireCapableBeanFactory.doCreateBean(AbstractAutowireCapableBeanFactory.java:537)  Eagerly caching bean 'empDao' to allow for resolving potential circular references
2016-12-16 09:51:49 org.springframework.beans.factory.support.AbstractBeanFactory.doGetBean(AbstractBeanFactory.java:251)  Returning cached instance of singleton bean 'sqlSessionFactory'
2016-12-16 09:51:49 org.springframework.beans.factory.support.AbstractAutowireCapableBeanFactory.invokeInitMethods(AbstractAutowireCapableBeanFactory.java:1625)  Invoking afterPropertiesSet() on bean with name 'empDao'
2016-12-16 09:51:49 org.springframework.beans.factory.support.AbstractBeanFactory.doGetBean(AbstractBeanFactory.java:251)  Returning cached instance of singleton bean 'org.springframework.transaction.config.internalTransactionAdvisor'
2016-12-16 09:51:49 org.springframework.beans.factory.support.AbstractAutowireCapableBeanFactory.createBean(AbstractAutowireCapableBeanFactory.java:484)  Finished creating instance of bean 'empDao'
2016-12-16 09:51:49 org.springframework.beans.factory.support.AbstractBeanFactory.doGetBean(AbstractBeanFactory.java:251)  Returning cached instance of singleton bean 'org.springframework.context.event.internalEventListenerFactory'
2016-12-16 09:51:49 org.springframework.beans.factory.support.AbstractBeanFactory.doGetBean(AbstractBeanFactory.java:251)  Returning cached instance of singleton bean 'org.springframework.transaction.config.internalTransactionalEventListenerFactory'
2016-12-16 09:51:49 org.springframework.context.support.AbstractApplicationContext.initLifecycleProcessor(AbstractApplicationContext.java:784)  Unable to locate LifecycleProcessor with name 'lifecycleProcessor': using default [org.springframework.context.support.DefaultLifecycleProcessor@1ed4ae0f]
2016-12-16 09:51:49 org.springframework.beans.factory.support.AbstractBeanFactory.doGetBean(AbstractBeanFactory.java:251)  Returning cached instance of singleton bean 'lifecycleProcessor'
2016-12-16 09:51:49 org.springframework.beans.factory.support.AbstractBeanFactory.doGetBean(AbstractBeanFactory.java:251)  Returning cached instance of singleton bean 'sqlSessionFactory'
2016-12-16 09:51:49 org.springframework.core.env.PropertySourcesPropertyResolver.getProperty(PropertySourcesPropertyResolver.java:91)  Could not find key 'spring.liveBeansView.mbeanDomain' in any property source
2016-12-16 09:51:49 org.springframework.beans.factory.support.AbstractBeanFactory.doGetBean(AbstractBeanFactory.java:251)  Returning cached instance of singleton bean 'sqlSessionFactory'
2016-12-16 09:51:49 org.apache.ibatis.logging.commons.JakartaCommonsLoggingImpl.debug(JakartaCommonsLoggingImpl.java:54)  Cache Hit Ratio [com.hc.dao.Dept2Dao]: 0.0
2016-12-16 09:51:49 org.springframework.jdbc.datasource.DataSourceUtils.doGetConnection(DataSourceUtils.java:110)  Fetching JDBC Connection from DataSource
2016-12-16 09:51:49 com.alibaba.druid.pool.DruidDataSource.init(DruidDataSource.java:715)  {dataSource-1} inited
2016-12-16 09:51:50 org.apache.ibatis.logging.commons.JakartaCommonsLoggingImpl.debug(JakartaCommonsLoggingImpl.java:54)  JDBC Connection [com.mysql.jdbc.JDBC4Connection@642a7222] will not be managed by Spring
2016-12-16 09:51:50 org.apache.ibatis.logging.commons.JakartaCommonsLoggingImpl.debug(JakartaCommonsLoggingImpl.java:54)  ==>  Preparing: SELECT deptno, dname, loc,kouhao,yusuan from dept WHERE yusuan between 160 and 460 
2016-12-16 09:51:50 org.apache.ibatis.logging.commons.JakartaCommonsLoggingImpl.debug(JakartaCommonsLoggingImpl.java:54)  ==> Parameters: 
2016-12-16 09:51:50 org.apache.ibatis.logging.commons.JakartaCommonsLoggingImpl.debug(JakartaCommonsLoggingImpl.java:54)  <==      Total: 2
2016-12-16 10:07:43 org.springframework.core.env.MutablePropertySources.addLast(MutablePropertySources.java:109)  Adding [systemProperties] PropertySource with lowest search precedence
2016-12-16 10:07:43 org.springframework.core.env.MutablePropertySources.addLast(MutablePropertySources.java:109)  Adding [systemEnvironment] PropertySource with lowest search precedence
2016-12-16 10:07:43 org.springframework.core.env.AbstractEnvironment.<init>(AbstractEnvironment.java:124)  Initialized StandardEnvironment with PropertySources [systemProperties,systemEnvironment]
2016-12-16 10:07:43 org.springframework.context.support.AbstractApplicationContext.prepareRefresh(AbstractApplicationContext.java:582)  Refreshing org.springframework.context.support.ClassPathXmlApplicationContext@101df177: startup date [Fri Dec 16 10:07:43 CST 2016]; root of context hierarchy
2016-12-16 10:07:43 org.springframework.core.env.MutablePropertySources.addLast(MutablePropertySources.java:109)  Adding [systemProperties] PropertySource with lowest search precedence
2016-12-16 10:07:43 org.springframework.core.env.MutablePropertySources.addLast(MutablePropertySources.java:109)  Adding [systemEnvironment] PropertySource with lowest search precedence
2016-12-16 10:07:43 org.springframework.core.env.AbstractEnvironment.<init>(AbstractEnvironment.java:124)  Initialized StandardEnvironment with PropertySources [systemProperties,systemEnvironment]
2016-12-16 10:07:43 org.springframework.beans.factory.xml.XmlBeanDefinitionReader.loadBeanDefinitions(XmlBeanDefinitionReader.java:317)  Loading XML bean definitions from class path resource [applicationContext.xml]
2016-12-16 10:07:43 org.springframework.beans.factory.xml.DefaultDocumentLoader.loadDocument(DefaultDocumentLoader.java:73)  Using JAXP provider [com.sun.org.apache.xerces.internal.jaxp.DocumentBuilderFactoryImpl]
2016-12-16 10:07:43 org.springframework.beans.factory.xml.PluggableSchemaResolver.getSchemaMappings(PluggableSchemaResolver.java:141)  Loading schema mappings from [META-INF/spring.schemas]
2016-12-16 10:07:43 org.springframework.beans.factory.xml.PluggableSchemaResolver.getSchemaMappings(PluggableSchemaResolver.java:147)  Loaded schema mappings: {http://www.springframework.org/schema/tx/spring-tx-4.3.xsd=org/springframework/transaction/config/spring-tx-4.3.xsd, http://www.springframework.org/schema/tx/spring-tx-2.5.xsd=org/springframework/transaction/config/spring-tx-2.5.xsd, http://www.springframework.org/schema/cache/spring-cache-4.2.xsd=org/springframework/cache/config/spring-cache-4.2.xsd, http://www.springframework.org/schema/aop/spring-aop-4.1.xsd=org/springframework/aop/config/spring-aop-4.1.xsd, http://www.springframework.org/schema/context/spring-context-3.1.xsd=org/springframework/context/config/spring-context-3.1.xsd, http://www.springframework.org/schema/jdbc/spring-jdbc-4.1.xsd=org/springframework/jdbc/config/spring-jdbc-4.1.xsd, http://www.springframework.org/schema/mvc/spring-mvc-4.1.xsd=org/springframework/web/servlet/config/spring-mvc-4.1.xsd, http://www.springframework.org/schema/util/spring-util-3.0.xsd=org/springframework/beans/factory/xml/spring-util-3.0.xsd, http://mybatis.org/schema/mybatis-spring-1.2.xsd=org/mybatis/spring/config/mybatis-spring-1.2.xsd, http://www.springframework.org/schema/tool/spring-tool.xsd=org/springframework/beans/factory/xml/spring-tool-4.3.xsd, http://www.springframework.org/schema/aop/spring-aop-3.2.xsd=org/springframework/aop/config/spring-aop-3.2.xsd, http://www.springframework.org/schema/lang/spring-lang-4.1.xsd=org/springframework/scripting/config/spring-lang-4.1.xsd, http://www.springframework.org/schema/context/spring-context-4.0.xsd=org/springframework/context/config/spring-context-4.0.xsd, http://www.springframework.org/schema/mvc/spring-mvc-3.2.xsd=org/springframework/web/servlet/config/spring-mvc-3.2.xsd, http://www.springframework.org/schema/beans/spring-beans-4.2.xsd=org/springframework/beans/factory/xml/spring-beans-4.2.xsd, http://www.springframework.org/schema/tool/spring-tool-4.1.xsd=org/springframework/beans/factory/xml/spring-tool-4.1.xsd, http://www.springframework.org/schema/lang/spring-lang-3.2.xsd=org/springframework/scripting/config/spring-lang-3.2.xsd, http://www.springframework.org/schema/cache/spring-cache-3.2.xsd=org/springframework/cache/config/spring-cache-3.2.xsd, http://www.springframework.org/schema/jee/spring-jee-4.1.xsd=org/springframework/ejb/config/spring-jee-4.1.xsd, http://www.springframework.org/schema/jdbc/spring-jdbc-3.1.xsd=org/springframework/jdbc/config/spring-jdbc-3.1.xsd, http://www.springframework.org/schema/util/spring-util-2.0.xsd=org/springframework/beans/factory/xml/spring-util-2.0.xsd, http://www.springframework.org/schema/task/spring-task-4.2.xsd=org/springframework/scheduling/config/spring-task-4.2.xsd, http://www.springframework.org/schema/tool/spring-tool-3.2.xsd=org/springframework/beans/factory/xml/spring-tool-3.2.xsd, http://www.springframework.org/schema/context/spring-context.xsd=org/springframework/context/config/spring-context-4.3.xsd, http://www.springframework.org/schema/tx/spring-tx-4.2.xsd=org/springframework/transaction/config/spring-tx-4.2.xsd, http://www.springframework.org/schema/cache/spring-cache-4.1.xsd=org/springframework/cache/config/spring-cache-4.1.xsd, http://www.springframework.org/schema/aop/spring-aop-4.0.xsd=org/springframework/aop/config/spring-aop-4.0.xsd, http://www.springframework.org/schema/jee/spring-jee-3.2.xsd=org/springframework/ejb/config/spring-jee-3.2.xsd, http://www.springframework.org/schema/context/spring-context-3.0.xsd=org/springframework/context/config/spring-context-3.0.xsd, http://www.springframework.org/schema/jdbc/spring-jdbc-4.0.xsd=org/springframework/jdbc/config/spring-jdbc-4.0.xsd, http://www.springframework.org/schema/mvc/spring-mvc-4.0.xsd=org/springframework/web/servlet/config/spring-mvc-4.0.xsd, http://www.springframework.org/schema/util/spring-util-4.3.xsd=org/springframework/beans/factory/xml/spring-util-4.3.xsd, http://www.springframework.org/schema/util/spring-util-2.5.xsd=org/springframework/beans/factory/xml/spring-util-2.5.xsd, http://www.springframework.org/schema/beans/spring-beans-3.2.xsd=org/springframework/beans/factory/xml/spring-beans-3.2.xsd, http://www.springframework.org/schema/aop/spring-aop-3.1.xsd=org/springframework/aop/config/spring-aop-3.1.xsd, http://www.springframework.org/schema/lang/spring-lang-4.0.xsd=org/springframework/scripting/config/spring-lang-4.0.xsd, http://www.springframework.org/schema/mvc/spring-mvc.xsd=org/springframework/web/servlet/config/spring-mvc-4.3.xsd, http://www.springframework.org/schema/mvc/spring-mvc-3.1.xsd=org/springframework/web/servlet/config/spring-mvc-3.1.xsd, http://www.springframework.org/schema/beans/spring-beans-4.1.xsd=org/springframework/beans/factory/xml/spring-beans-4.1.xsd, http://www.springframework.org/schema/tool/spring-tool-4.0.xsd=org/springframework/beans/factory/xml/spring-tool-4.0.xsd, http://www.springframework.org/schema/tx/spring-tx-3.2.xsd=org/springframework/transaction/config/spring-tx-3.2.xsd, http://www.springframework.org/schema/lang/spring-lang-3.1.xsd=org/springframework/scripting/config/spring-lang-3.1.xsd, http://www.springframework.org/schema/cache/spring-cache-3.1.xsd=org/springframework/cache/config/spring-cache-3.1.xsd, http://www.springframework.org/schema/jee/spring-jee-4.0.xsd=org/springframework/ejb/config/spring-jee-4.0.xsd, http://www.springframework.org/schema/jdbc/spring-jdbc-3.0.xsd=org/springframework/jdbc/config/spring-jdbc-3.0.xsd, http://www.springframework.org/schema/task/spring-task-4.1.xsd=org/springframework/scheduling/config/spring-task-4.1.xsd, http://www.springframework.org/schema/jdbc/spring-jdbc.xsd=org/springframework/jdbc/config/spring-jdbc-4.3.xsd, http://www.springframework.org/schema/tool/spring-tool-3.1.xsd=org/springframework/beans/factory/xml/spring-tool-3.1.xsd, http://www.springframework.org/schema/tx/spring-tx-4.1.xsd=org/springframework/transaction/config/spring-tx-4.1.xsd, http://www.springframework.org/schema/cache/spring-cache-4.0.xsd=org/springframework/cache/config/spring-cache-4.0.xsd, http://www.springframework.org/schema/jee/spring-jee-3.1.xsd=org/springframework/ejb/config/spring-jee-3.1.xsd, http://www.springframework.org/schema/util/spring-util-4.2.xsd=org/springframework/beans/factory/xml/spring-util-4.2.xsd, http://www.springframework.org/schema/task/spring-task-3.2.xsd=org/springframework/scheduling/config/spring-task-3.2.xsd, http://www.springframework.org/schema/beans/spring-beans-3.1.xsd=org/springframework/beans/factory/xml/spring-beans-3.1.xsd, http://www.springframework.org/schema/util/spring-util.xsd=org/springframework/beans/factory/xml/spring-util-4.3.xsd, http://www.springframework.org/schema/aop/spring-aop-3.0.xsd=org/springframework/aop/config/spring-aop-3.0.xsd, http://www.springframework.org/schema/mvc/spring-mvc-3.0.xsd=org/springframework/web/servlet/config/spring-mvc-3.0.xsd, http://www.springframework.org/schema/beans/spring-beans-4.0.xsd=org/springframework/beans/factory/xml/spring-beans-4.0.xsd, http://www.springframework.org/schema/beans/spring-beans.xsd=org/springframework/beans/factory/xml/spring-beans-4.3.xsd, http://mybatis.org/schema/mybatis-spring.xsd=org/mybatis/spring/config/mybatis-spring-1.2.xsd, http://www.springframework.org/schema/tx/spring-tx-3.1.xsd=org/springframework/transaction/config/spring-tx-3.1.xsd, http://www.springframework.org/schema/lang/spring-lang-3.0.xsd=org/springframework/scripting/config/spring-lang-3.0.xsd, http://www.springframework.org/schema/context/spring-context-2.5.xsd=org/springframework/context/config/spring-context-2.5.xsd, http://www.springframework.org/schema/context/spring-context-4.3.xsd=org/springframework/context/config/spring-context-4.3.xsd, http://www.springframework.org/schema/task/spring-task-4.0.xsd=org/springframework/scheduling/config/spring-task-4.0.xsd, http://www.springframework.org/schema/tool/spring-tool-3.0.xsd=org/springframework/beans/factory/xml/spring-tool-3.0.xsd, http://www.springframework.org/schema/tx/spring-tx-4.0.xsd=org/springframework/transaction/config/spring-tx-4.0.xsd, http://www.springframework.org/schema/aop/spring-aop-2.0.xsd=org/springframework/aop/config/spring-aop-2.0.xsd, http://www.springframework.org/schema/jee/spring-jee-3.0.xsd=org/springframework/ejb/config/spring-jee-3.0.xsd, http://www.springframework.org/schema/util/spring-util-4.1.xsd=org/springframework/beans/factory/xml/spring-util-4.1.xsd, http://www.springframework.org/schema/task/spring-task-3.1.xsd=org/springframework/scheduling/config/spring-task-3.1.xsd, http://www.springframework.org/schema/beans/spring-beans-3.0.xsd=org/springframework/beans/factory/xml/spring-beans-3.0.xsd, http://www.springframework.org/schema/jee/spring-jee.xsd=org/springframework/ejb/config/spring-jee-4.3.xsd, http://www.springframework.org/schema/aop/spring-aop-2.5.xsd=org/springframework/aop/config/spring-aop-2.5.xsd, http://www.springframework.org/schema/aop/spring-aop-4.3.xsd=org/springframework/aop/config/spring-aop-4.3.xsd, http://www.springframework.org/schema/lang/spring-lang-2.0.xsd=org/springframework/scripting/config/spring-lang-2.0.xsd, http://www.springframework.org/schema/jdbc/spring-jdbc-4.3.xsd=org/springframework/jdbc/config/spring-jdbc-4.3.xsd, http://www.springframework.org/schema/mvc/spring-mvc-4.3.xsd=org/springframework/web/servlet/config/spring-mvc-4.3.xsd, http://www.springframework.org/schema/util/spring-util-3.2.xsd=org/springframework/beans/factory/xml/spring-util-3.2.xsd, http://www.springframework.org/schema/task/spring-task.xsd=org/springframework/scheduling/config/spring-task-4.3.xsd, http://www.springframework.org/schema/tool/spring-tool-2.0.xsd=org/springframework/beans/factory/xml/spring-tool-2.0.xsd, http://www.springframework.org/schema/tx/spring-tx-3.0.xsd=org/springframework/transaction/config/spring-tx-3.0.xsd, http://www.springframework.org/schema/lang/spring-lang-2.5.xsd=org/springframework/scripting/config/spring-lang-2.5.xsd, http://www.springframework.org/schema/lang/spring-lang-4.3.xsd=org/springframework/scripting/config/spring-lang-4.3.xsd, http://www.springframework.org/schema/context/spring-context-4.2.xsd=org/springframework/context/config/spring-context-4.2.xsd, http://www.springframework.org/schema/jee/spring-jee-2.0.xsd=org/springframework/ejb/config/spring-jee-2.0.xsd, http://www.springframework.org/schema/tool/spring-tool-4.3.xsd=org/springframework/beans/factory/xml/spring-tool-4.3.xsd, http://www.springframework.org/schema/tool/spring-tool-2.5.xsd=org/springframework/beans/factory/xml/spring-tool-2.5.xsd, http://www.springframework.org/schema/jee/spring-jee-4.3.xsd=org/springframework/ejb/config/spring-jee-4.3.xsd, http://www.springframework.org/schema/jee/spring-jee-2.5.xsd=org/springframework/ejb/config/spring-jee-2.5.xsd, http://www.springframework.org/schema/util/spring-util-4.0.xsd=org/springframework/beans/factory/xml/spring-util-4.0.xsd, http://www.springframework.org/schema/task/spring-task-3.0.xsd=org/springframework/scheduling/config/spring-task-3.0.xsd, http://www.springframework.org/schema/cache/spring-cache-4.3.xsd=org/springframework/cache/config/spring-cache-4.3.xsd, http://www.springframework.org/schema/aop/spring-aop-4.2.xsd=org/springframework/aop/config/spring-aop-4.2.xsd, http://www.springframework.org/schema/lang/spring-lang.xsd=org/springframework/scripting/config/spring-lang-4.3.xsd, http://www.springframework.org/schema/context/spring-context-3.2.xsd=org/springframework/context/config/spring-context-3.2.xsd, http://www.springframework.org/schema/jdbc/spring-jdbc-4.2.xsd=org/springframework/jdbc/config/spring-jdbc-4.2.xsd, http://www.springframework.org/schema/mvc/spring-mvc-4.2.xsd=org/springframework/web/servlet/config/spring-mvc-4.2.xsd, http://www.springframework.org/schema/util/spring-util-3.1.xsd=org/springframework/beans/factory/xml/spring-util-3.1.xsd, http://www.springframework.org/schema/beans/spring-beans-2.0.xsd=org/springframework/beans/factory/xml/spring-beans-2.0.xsd, http://www.springframework.org/schema/cache/spring-cache.xsd=org/springframework/cache/config/spring-cache-4.3.xsd, http://www.springframework.org/schema/tx/spring-tx.xsd=org/springframework/transaction/config/spring-tx-4.3.xsd, http://www.springframework.org/schema/lang/spring-lang-4.2.xsd=org/springframework/scripting/config/spring-lang-4.2.xsd, http://www.springframework.org/schema/context/spring-context-4.1.xsd=org/springframework/context/config/spring-context-4.1.xsd, http://www.springframework.org/schema/beans/spring-beans-2.5.xsd=org/springframework/beans/factory/xml/spring-beans-2.5.xsd, http://www.springframework.org/schema/beans/spring-beans-4.3.xsd=org/springframework/beans/factory/xml/spring-beans-4.3.xsd, http://www.springframework.org/schema/tool/spring-tool-4.2.xsd=org/springframework/beans/factory/xml/spring-tool-4.2.xsd, http://www.springframework.org/schema/tx/spring-tx-2.0.xsd=org/springframework/transaction/config/spring-tx-2.0.xsd, http://www.alibaba.com/schema/stat.xsd=META-INF/stat.xsd, http://www.springframework.org/schema/jee/spring-jee-4.2.xsd=org/springframework/ejb/config/spring-jee-4.2.xsd, http://www.springframework.org/schema/jdbc/spring-jdbc-3.2.xsd=org/springframework/jdbc/config/spring-jdbc-3.2.xsd, http://www.springframework.org/schema/task/spring-task-4.3.xsd=org/springframework/scheduling/config/spring-task-4.3.xsd, http://www.springframework.org/schema/aop/spring-aop.xsd=org/springframework/aop/config/spring-aop-4.3.xsd}
2016-12-16 10:07:43 org.springframework.beans.factory.xml.PluggableSchemaResolver.resolveEntity(PluggableSchemaResolver.java:119)  Found XML schema [http://www.springframework.org/schema/beans/spring-beans.xsd] in classpath: org/springframework/beans/factory/xml/spring-beans-4.3.xsd
2016-12-16 10:07:43 org.springframework.beans.factory.xml.PluggableSchemaResolver.resolveEntity(PluggableSchemaResolver.java:119)  Found XML schema [http://www.springframework.org/schema/context/spring-context.xsd] in classpath: org/springframework/context/config/spring-context-4.3.xsd
2016-12-16 10:07:43 org.springframework.beans.factory.xml.PluggableSchemaResolver.resolveEntity(PluggableSchemaResolver.java:119)  Found XML schema [http://www.springframework.org/schema/tool/spring-tool-4.3.xsd] in classpath: org/springframework/beans/factory/xml/spring-tool-4.3.xsd
2016-12-16 10:07:43 org.springframework.beans.factory.xml.PluggableSchemaResolver.resolveEntity(PluggableSchemaResolver.java:119)  Found XML schema [http://www.springframework.org/schema/tx/spring-tx.xsd] in classpath: org/springframework/transaction/config/spring-tx-4.3.xsd
2016-12-16 10:07:43 org.springframework.beans.factory.xml.DefaultBeanDefinitionDocumentReader.registerBeanDefinitions(DefaultBeanDefinitionDocumentReader.java:92)  Loading bean definitions
2016-12-16 10:07:43 org.springframework.beans.factory.xml.DefaultNamespaceHandlerResolver.getHandlerMappings(DefaultNamespaceHandlerResolver.java:157)  Loaded NamespaceHandler mappings: {http://www.springframework.org/schema/p=org.springframework.beans.factory.xml.SimplePropertyNamespaceHandler, http://www.springframework.org/schema/mvc=org.springframework.web.servlet.config.MvcNamespaceHandler, http://www.springframework.org/schema/util=org.springframework.beans.factory.xml.UtilNamespaceHandler, http://www.alibaba.com/schema/stat=com.alibaba.druid.support.spring.stat.config.DruidStatNamespaceHandler, http://www.springframework.org/schema/jee=org.springframework.ejb.config.JeeNamespaceHandler, http://www.springframework.org/schema/aop=org.springframework.aop.config.AopNamespaceHandler, http://www.springframework.org/schema/jdbc=org.springframework.jdbc.config.JdbcNamespaceHandler, http://www.springframework.org/schema/cache=org.springframework.cache.config.CacheNamespaceHandler, http://mybatis.org/schema/mybatis-spring=org.mybatis.spring.config.NamespaceHandler, http://www.springframework.org/schema/c=org.springframework.beans.factory.xml.SimpleConstructorNamespaceHandler, http://www.springframework.org/schema/tx=org.springframework.transaction.config.TxNamespaceHandler, http://www.springframework.org/schema/task=org.springframework.scheduling.config.TaskNamespaceHandler, http://www.springframework.org/schema/lang=org.springframework.scripting.config.LangNamespaceHandler, http://www.springframework.org/schema/context=org.springframework.context.config.ContextNamespaceHandler}
2016-12-16 10:07:43 org.springframework.core.env.MutablePropertySources.addLast(MutablePropertySources.java:109)  Adding [systemProperties] PropertySource with lowest search precedence
2016-12-16 10:07:43 org.springframework.core.env.MutablePropertySources.addLast(MutablePropertySources.java:109)  Adding [systemEnvironment] PropertySource with lowest search precedence
2016-12-16 10:07:43 org.springframework.core.env.AbstractEnvironment.<init>(AbstractEnvironment.java:124)  Initialized StandardEnvironment with PropertySources [systemProperties,systemEnvironment]
2016-12-16 10:07:43 org.springframework.core.io.support.PathMatchingResourcePatternResolver.findAllClassPathResources(PathMatchingResourcePatternResolver.java:317)  Resolved classpath location [com/hc/] to resources [URL [file:/D:/SpringMybatisWebDemo/target/classes/com/hc/]]
2016-12-16 10:07:43 org.springframework.core.io.support.PathMatchingResourcePatternResolver.doFindMatchingFileSystemResources(PathMatchingResourcePatternResolver.java:711)  Looking for matching resources in directory tree [D:\SpringMybatisWebDemo\target\classes\com\hc]
2016-12-16 10:07:43 org.springframework.core.io.support.PathMatchingResourcePatternResolver.doRetrieveMatchingFiles(PathMatchingResourcePatternResolver.java:773)  Searching directory [D:\SpringMybatisWebDemo\target\classes\com\hc] for files matching pattern [D:/SpringMybatisWebDemo/target/classes/com/hc/**/*.class]
2016-12-16 10:07:43 org.springframework.core.io.support.PathMatchingResourcePatternResolver.doRetrieveMatchingFiles(PathMatchingResourcePatternResolver.java:773)  Searching directory [D:\SpringMybatisWebDemo\target\classes\com\hc\action] for files matching pattern [D:/SpringMybatisWebDemo/target/classes/com/hc/**/*.class]
2016-12-16 10:07:43 org.springframework.core.io.support.PathMatchingResourcePatternResolver.doRetrieveMatchingFiles(PathMatchingResourcePatternResolver.java:773)  Searching directory [D:\SpringMybatisWebDemo\target\classes\com\hc\dao] for files matching pattern [D:/SpringMybatisWebDemo/target/classes/com/hc/**/*.class]
2016-12-16 10:07:43 org.springframework.core.io.support.PathMatchingResourcePatternResolver.doRetrieveMatchingFiles(PathMatchingResourcePatternResolver.java:773)  Searching directory [D:\SpringMybatisWebDemo\target\classes\com\hc\domain] for files matching pattern [D:/SpringMybatisWebDemo/target/classes/com/hc/**/*.class]
2016-12-16 10:07:43 org.springframework.core.io.support.PathMatchingResourcePatternResolver.doRetrieveMatchingFiles(PathMatchingResourcePatternResolver.java:773)  Searching directory [D:\SpringMybatisWebDemo\target\classes\com\hc\mapping] for files matching pattern [D:/SpringMybatisWebDemo/target/classes/com/hc/**/*.class]
2016-12-16 10:07:43 org.springframework.core.io.support.PathMatchingResourcePatternResolver.doRetrieveMatchingFiles(PathMatchingResourcePatternResolver.java:773)  Searching directory [D:\SpringMybatisWebDemo\target\classes\com\hc\service] for files matching pattern [D:/SpringMybatisWebDemo/target/classes/com/hc/**/*.class]
2016-12-16 10:07:43 org.springframework.core.io.support.PathMatchingResourcePatternResolver.doRetrieveMatchingFiles(PathMatchingResourcePatternResolver.java:773)  Searching directory [D:\SpringMybatisWebDemo\target\classes\com\hc\service\impl] for files matching pattern [D:/SpringMybatisWebDemo/target/classes/com/hc/**/*.class]
2016-12-16 10:07:43 org.springframework.core.io.support.PathMatchingResourcePatternResolver.doRetrieveMatchingFiles(PathMatchingResourcePatternResolver.java:773)  Searching directory [D:\SpringMybatisWebDemo\target\classes\com\hc\utils] for files matching pattern [D:/SpringMybatisWebDemo/target/classes/com/hc/**/*.class]
2016-12-16 10:07:43 org.springframework.core.io.support.PathMatchingResourcePatternResolver.findPathMatchingResources(PathMatchingResourcePatternResolver.java:483)  Resolved location pattern [classpath*:com/hc/**/*.class] to resources [file [D:\SpringMybatisWebDemo\target\classes\com\hc\action\DeptController.class], file [D:\SpringMybatisWebDemo\target\classes\com\hc\action\DeptServlet.class], file [D:\SpringMybatisWebDemo\target\classes\com\hc\dao\Dept2Dao.class], file [D:\SpringMybatisWebDemo\target\classes\com\hc\dao\DeptDao.class], file [D:\SpringMybatisWebDemo\target\classes\com\hc\dao\EmpDao.class], file [D:\SpringMybatisWebDemo\target\classes\com\hc\DemoTest.class], file [D:\SpringMybatisWebDemo\target\classes\com\hc\domain\Dept.class], file [D:\SpringMybatisWebDemo\target\classes\com\hc\domain\Dept2.class], file [D:\SpringMybatisWebDemo\target\classes\com\hc\domain\DeptQuery.class], file [D:\SpringMybatisWebDemo\target\classes\com\hc\domain\Emp.class], file [D:\SpringMybatisWebDemo\target\classes\com\hc\service\DeptService.class], file [D:\SpringMybatisWebDemo\target\classes\com\hc\service\impl\DeptServiceImpl.class], file [D:\SpringMybatisWebDemo\target\classes\com\hc\utils\String2DateTime.class]]
2016-12-16 10:07:43 org.springframework.context.annotation.ClassPathScanningCandidateComponentProvider.findCandidateComponents(ClassPathScanningCandidateComponentProvider.java:286)  Identified candidate component class: file [D:\SpringMybatisWebDemo\target\classes\com\hc\action\DeptController.class]
2016-12-16 10:07:43 org.springframework.context.annotation.ClassPathScanningCandidateComponentProvider.findCandidateComponents(ClassPathScanningCandidateComponentProvider.java:286)  Identified candidate component class: file [D:\SpringMybatisWebDemo\target\classes\com\hc\service\impl\DeptServiceImpl.class]
2016-12-16 10:07:43 org.springframework.beans.factory.xml.BeanDefinitionParserDelegate.parseBeanDefinitionElement(BeanDefinitionParserDelegate.java:481)  Neither XML 'id' nor 'name' specified - using generated bean name [org.mybatis.spring.mapper.MapperScannerConfigurer#0]
2016-12-16 10:07:43 org.springframework.beans.factory.support.AbstractBeanDefinitionReader.loadBeanDefinitions(AbstractBeanDefinitionReader.java:224)  Loaded 17 bean definitions from location pattern [applicationContext.xml]
2016-12-16 10:07:43 org.springframework.context.support.AbstractApplicationContext.obtainFreshBeanFactory(AbstractApplicationContext.java:616)  Bean factory for org.springframework.context.support.ClassPathXmlApplicationContext@101df177: org.springframework.beans.factory.support.DefaultListableBeanFactory@13e344d: defining beans [deptController,deptServiceImpl,org.springframework.context.annotation.internalConfigurationAnnotationProcessor,org.springframework.context.annotation.internalAutowiredAnnotationProcessor,org.springframework.context.annotation.internalRequiredAnnotationProcessor,org.springframework.context.annotation.internalCommonAnnotationProcessor,org.springframework.context.event.internalEventListenerProcessor,org.springframework.context.event.internalEventListenerFactory,dataSource123,sqlSessionFactory,org.mybatis.spring.mapper.MapperScannerConfigurer#0,txManager,org.springframework.transaction.config.internalTransactionalEventListenerFactory,org.springframework.aop.config.internalAutoProxyCreator,org.springframework.transaction.annotation.AnnotationTransactionAttributeSource#0,org.springframework.transaction.interceptor.TransactionInterceptor#0,org.springframework.transaction.config.internalTransactionAdvisor]; root of factory hierarchy
2016-12-16 10:07:43 org.springframework.beans.factory.support.DefaultSingletonBeanRegistry.getSingleton(DefaultSingletonBeanRegistry.java:221)  Creating shared instance of singleton bean 'org.springframework.context.annotation.internalConfigurationAnnotationProcessor'
2016-12-16 10:07:43 org.springframework.beans.factory.support.AbstractAutowireCapableBeanFactory.createBean(AbstractAutowireCapableBeanFactory.java:448)  Creating instance of bean 'org.springframework.context.annotation.internalConfigurationAnnotationProcessor'
2016-12-16 10:07:43 org.springframework.beans.factory.support.AbstractAutowireCapableBeanFactory.doCreateBean(AbstractAutowireCapableBeanFactory.java:537)  Eagerly caching bean 'org.springframework.context.annotation.internalConfigurationAnnotationProcessor' to allow for resolving potential circular references
2016-12-16 10:07:43 org.springframework.beans.factory.support.AbstractAutowireCapableBeanFactory.createBean(AbstractAutowireCapableBeanFactory.java:484)  Finished creating instance of bean 'org.springframework.context.annotation.internalConfigurationAnnotationProcessor'
2016-12-16 10:07:44 org.springframework.beans.factory.support.DefaultSingletonBeanRegistry.getSingleton(DefaultSingletonBeanRegistry.java:221)  Creating shared instance of singleton bean 'org.mybatis.spring.mapper.MapperScannerConfigurer#0'
2016-12-16 10:07:44 org.springframework.beans.factory.support.AbstractAutowireCapableBeanFactory.createBean(AbstractAutowireCapableBeanFactory.java:448)  Creating instance of bean 'org.mybatis.spring.mapper.MapperScannerConfigurer#0'
2016-12-16 10:07:44 org.springframework.beans.factory.support.AbstractAutowireCapableBeanFactory.doCreateBean(AbstractAutowireCapableBeanFactory.java:537)  Eagerly caching bean 'org.mybatis.spring.mapper.MapperScannerConfigurer#0' to allow for resolving potential circular references
2016-12-16 10:07:44 org.springframework.beans.factory.support.AbstractAutowireCapableBeanFactory.invokeInitMethods(AbstractAutowireCapableBeanFactory.java:1625)  Invoking afterPropertiesSet() on bean with name 'org.mybatis.spring.mapper.MapperScannerConfigurer#0'
2016-12-16 10:07:44 org.springframework.beans.factory.support.AbstractAutowireCapableBeanFactory.createBean(AbstractAutowireCapableBeanFactory.java:484)  Finished creating instance of bean 'org.mybatis.spring.mapper.MapperScannerConfigurer#0'
2016-12-16 10:07:44 org.springframework.core.env.MutablePropertySources.addLast(MutablePropertySources.java:109)  Adding [systemProperties] PropertySource with lowest search precedence
2016-12-16 10:07:44 org.springframework.core.env.MutablePropertySources.addLast(MutablePropertySources.java:109)  Adding [systemEnvironment] PropertySource with lowest search precedence
2016-12-16 10:07:44 org.springframework.core.env.AbstractEnvironment.<init>(AbstractEnvironment.java:124)  Initialized StandardEnvironment with PropertySources [systemProperties,systemEnvironment]
2016-12-16 10:07:44 org.springframework.core.io.support.PathMatchingResourcePatternResolver.findAllClassPathResources(PathMatchingResourcePatternResolver.java:317)  Resolved classpath location [com/hc/dao/] to resources [URL [file:/D:/SpringMybatisWebDemo/target/classes/com/hc/dao/]]
2016-12-16 10:07:44 org.springframework.core.io.support.PathMatchingResourcePatternResolver.doFindMatchingFileSystemResources(PathMatchingResourcePatternResolver.java:711)  Looking for matching resources in directory tree [D:\SpringMybatisWebDemo\target\classes\com\hc\dao]
2016-12-16 10:07:44 org.springframework.core.io.support.PathMatchingResourcePatternResolver.doRetrieveMatchingFiles(PathMatchingResourcePatternResolver.java:773)  Searching directory [D:\SpringMybatisWebDemo\target\classes\com\hc\dao] for files matching pattern [D:/SpringMybatisWebDemo/target/classes/com/hc/dao/**/*.class]
2016-12-16 10:07:44 org.springframework.core.io.support.PathMatchingResourcePatternResolver.findPathMatchingResources(PathMatchingResourcePatternResolver.java:483)  Resolved location pattern [classpath*:com/hc/dao/**/*.class] to resources [file [D:\SpringMybatisWebDemo\target\classes\com\hc\dao\Dept2Dao.class], file [D:\SpringMybatisWebDemo\target\classes\com\hc\dao\DeptDao.class], file [D:\SpringMybatisWebDemo\target\classes\com\hc\dao\EmpDao.class]]
2016-12-16 10:07:44 org.springframework.context.annotation.ClassPathScanningCandidateComponentProvider.findCandidateComponents(ClassPathScanningCandidateComponentProvider.java:286)  Identified candidate component class: file [D:\SpringMybatisWebDemo\target\classes\com\hc\dao\Dept2Dao.class]
2016-12-16 10:07:44 org.springframework.context.annotation.ClassPathScanningCandidateComponentProvider.findCandidateComponents(ClassPathScanningCandidateComponentProvider.java:286)  Identified candidate component class: file [D:\SpringMybatisWebDemo\target\classes\com\hc\dao\DeptDao.class]
2016-12-16 10:07:44 org.springframework.context.annotation.ClassPathScanningCandidateComponentProvider.findCandidateComponents(ClassPathScanningCandidateComponentProvider.java:286)  Identified candidate component class: file [D:\SpringMybatisWebDemo\target\classes\com\hc\dao\EmpDao.class]
2016-12-16 10:07:44 org.mybatis.spring.mapper.ClassPathMapperScanner.processBeanDefinitions(ClassPathMapperScanner.java:181)  Creating MapperFactoryBean with name 'dept2Dao' and 'com.hc.dao.Dept2Dao' mapperInterface
2016-12-16 10:07:44 org.mybatis.spring.mapper.ClassPathMapperScanner.processBeanDefinitions(ClassPathMapperScanner.java:181)  Creating MapperFactoryBean with name 'deptDao' and 'com.hc.dao.DeptDao' mapperInterface
2016-12-16 10:07:44 org.mybatis.spring.mapper.ClassPathMapperScanner.processBeanDefinitions(ClassPathMapperScanner.java:181)  Creating MapperFactoryBean with name 'empDao' and 'com.hc.dao.EmpDao' mapperInterface
2016-12-16 10:07:44 org.springframework.beans.factory.support.DefaultSingletonBeanRegistry.getSingleton(DefaultSingletonBeanRegistry.java:221)  Creating shared instance of singleton bean 'org.springframework.context.annotation.internalAutowiredAnnotationProcessor'
2016-12-16 10:07:44 org.springframework.beans.factory.support.AbstractAutowireCapableBeanFactory.createBean(AbstractAutowireCapableBeanFactory.java:448)  Creating instance of bean 'org.springframework.context.annotation.internalAutowiredAnnotationProcessor'
2016-12-16 10:07:44 org.springframework.beans.factory.support.AbstractAutowireCapableBeanFactory.doCreateBean(AbstractAutowireCapableBeanFactory.java:537)  Eagerly caching bean 'org.springframework.context.annotation.internalAutowiredAnnotationProcessor' to allow for resolving potential circular references
2016-12-16 10:07:44 org.springframework.beans.factory.support.AbstractAutowireCapableBeanFactory.createBean(AbstractAutowireCapableBeanFactory.java:484)  Finished creating instance of bean 'org.springframework.context.annotation.internalAutowiredAnnotationProcessor'
2016-12-16 10:07:44 org.springframework.beans.factory.support.DefaultSingletonBeanRegistry.getSingleton(DefaultSingletonBeanRegistry.java:221)  Creating shared instance of singleton bean 'org.springframework.context.annotation.internalRequiredAnnotationProcessor'
2016-12-16 10:07:44 org.springframework.beans.factory.support.AbstractAutowireCapableBeanFactory.createBean(AbstractAutowireCapableBeanFactory.java:448)  Creating instance of bean 'org.springframework.context.annotation.internalRequiredAnnotationProcessor'
2016-12-16 10:07:44 org.springframework.beans.factory.support.AbstractAutowireCapableBeanFactory.doCreateBean(AbstractAutowireCapableBeanFactory.java:537)  Eagerly caching bean 'org.springframework.context.annotation.internalRequiredAnnotationProcessor' to allow for resolving potential circular references
2016-12-16 10:07:44 org.springframework.beans.factory.support.AbstractAutowireCapableBeanFactory.createBean(AbstractAutowireCapableBeanFactory.java:484)  Finished creating instance of bean 'org.springframework.context.annotation.internalRequiredAnnotationProcessor'
2016-12-16 10:07:44 org.springframework.beans.factory.support.DefaultSingletonBeanRegistry.getSingleton(DefaultSingletonBeanRegistry.java:221)  Creating shared instance of singleton bean 'org.springframework.context.annotation.internalCommonAnnotationProcessor'
2016-12-16 10:07:44 org.springframework.beans.factory.support.AbstractAutowireCapableBeanFactory.createBean(AbstractAutowireCapableBeanFactory.java:448)  Creating instance of bean 'org.springframework.context.annotation.internalCommonAnnotationProcessor'
2016-12-16 10:07:44 org.springframework.beans.factory.support.AbstractAutowireCapableBeanFactory.doCreateBean(AbstractAutowireCapableBeanFactory.java:537)  Eagerly caching bean 'org.springframework.context.annotation.internalCommonAnnotationProcessor' to allow for resolving potential circular references
2016-12-16 10:07:44 org.springframework.beans.factory.support.AbstractAutowireCapableBeanFactory.createBean(AbstractAutowireCapableBeanFactory.java:484)  Finished creating instance of bean 'org.springframework.context.annotation.internalCommonAnnotationProcessor'
2016-12-16 10:07:44 org.springframework.beans.factory.support.DefaultSingletonBeanRegistry.getSingleton(DefaultSingletonBeanRegistry.java:221)  Creating shared instance of singleton bean 'org.springframework.context.annotation.ConfigurationClassPostProcessor.importAwareProcessor'
2016-12-16 10:07:44 org.springframework.beans.factory.support.AbstractAutowireCapableBeanFactory.createBean(AbstractAutowireCapableBeanFactory.java:448)  Creating instance of bean 'org.springframework.context.annotation.ConfigurationClassPostProcessor.importAwareProcessor'
2016-12-16 10:07:44 org.springframework.beans.factory.support.AbstractAutowireCapableBeanFactory.doCreateBean(AbstractAutowireCapableBeanFactory.java:537)  Eagerly caching bean 'org.springframework.context.annotation.ConfigurationClassPostProcessor.importAwareProcessor' to allow for resolving potential circular references
2016-12-16 10:07:44 org.springframework.beans.factory.support.AbstractAutowireCapableBeanFactory.createBean(AbstractAutowireCapableBeanFactory.java:484)  Finished creating instance of bean 'org.springframework.context.annotation.ConfigurationClassPostProcessor.importAwareProcessor'
2016-12-16 10:07:44 org.springframework.beans.factory.support.DefaultSingletonBeanRegistry.getSingleton(DefaultSingletonBeanRegistry.java:221)  Creating shared instance of singleton bean 'org.springframework.context.annotation.ConfigurationClassPostProcessor.enhancedConfigurationProcessor'
2016-12-16 10:07:44 org.springframework.beans.factory.support.AbstractAutowireCapableBeanFactory.createBean(AbstractAutowireCapableBeanFactory.java:448)  Creating instance of bean 'org.springframework.context.annotation.ConfigurationClassPostProcessor.enhancedConfigurationProcessor'
2016-12-16 10:07:44 org.springframework.beans.factory.support.AbstractAutowireCapableBeanFactory.doCreateBean(AbstractAutowireCapableBeanFactory.java:537)  Eagerly caching bean 'org.springframework.context.annotation.ConfigurationClassPostProcessor.enhancedConfigurationProcessor' to allow for resolving potential circular references
2016-12-16 10:07:44 org.springframework.beans.factory.support.AbstractAutowireCapableBeanFactory.createBean(AbstractAutowireCapableBeanFactory.java:484)  Finished creating instance of bean 'org.springframework.context.annotation.ConfigurationClassPostProcessor.enhancedConfigurationProcessor'
2016-12-16 10:07:44 org.springframework.beans.factory.support.DefaultSingletonBeanRegistry.getSingleton(DefaultSingletonBeanRegistry.java:221)  Creating shared instance of singleton bean 'org.springframework.aop.config.internalAutoProxyCreator'
2016-12-16 10:07:44 org.springframework.beans.factory.support.AbstractAutowireCapableBeanFactory.createBean(AbstractAutowireCapableBeanFactory.java:448)  Creating instance of bean 'org.springframework.aop.config.internalAutoProxyCreator'
2016-12-16 10:07:44 org.springframework.beans.factory.support.AbstractAutowireCapableBeanFactory.doCreateBean(AbstractAutowireCapableBeanFactory.java:537)  Eagerly caching bean 'org.springframework.aop.config.internalAutoProxyCreator' to allow for resolving potential circular references
2016-12-16 10:07:44 org.springframework.beans.factory.support.AbstractAutowireCapableBeanFactory.createBean(AbstractAutowireCapableBeanFactory.java:484)  Finished creating instance of bean 'org.springframework.aop.config.internalAutoProxyCreator'
2016-12-16 10:07:44 org.springframework.context.support.AbstractApplicationContext.initMessageSource(AbstractApplicationContext.java:733)  Unable to locate MessageSource with name 'messageSource': using default [org.springframework.context.support.DelegatingMessageSource@67545b57]
2016-12-16 10:07:44 org.springframework.context.support.AbstractApplicationContext.initApplicationEventMulticaster(AbstractApplicationContext.java:757)  Unable to locate ApplicationEventMulticaster with name 'applicationEventMulticaster': using default [org.springframework.context.event.SimpleApplicationEventMulticaster@6cce16f4]
2016-12-16 10:07:44 org.springframework.beans.factory.support.DefaultListableBeanFactory.preInstantiateSingletons(DefaultListableBeanFactory.java:723)  Pre-instantiating singletons in org.springframework.beans.factory.support.DefaultListableBeanFactory@13e344d: defining beans [deptController,deptServiceImpl,org.springframework.context.annotation.internalConfigurationAnnotationProcessor,org.springframework.context.annotation.internalAutowiredAnnotationProcessor,org.springframework.context.annotation.internalRequiredAnnotationProcessor,org.springframework.context.annotation.internalCommonAnnotationProcessor,org.springframework.context.event.internalEventListenerProcessor,org.springframework.context.event.internalEventListenerFactory,dataSource123,sqlSessionFactory,org.mybatis.spring.mapper.MapperScannerConfigurer#0,txManager,org.springframework.transaction.config.internalTransactionalEventListenerFactory,org.springframework.aop.config.internalAutoProxyCreator,org.springframework.transaction.annotation.AnnotationTransactionAttributeSource#0,org.springframework.transaction.interceptor.TransactionInterceptor#0,org.springframework.transaction.config.internalTransactionAdvisor,org.springframework.context.annotation.ConfigurationClassPostProcessor.importAwareProcessor,org.springframework.context.annotation.ConfigurationClassPostProcessor.enhancedConfigurationProcessor,dept2Dao,deptDao,empDao]; root of factory hierarchy
2016-12-16 10:07:44 org.springframework.beans.factory.support.DefaultSingletonBeanRegistry.getSingleton(DefaultSingletonBeanRegistry.java:221)  Creating shared instance of singleton bean 'deptController'
2016-12-16 10:07:44 org.springframework.beans.factory.support.AbstractAutowireCapableBeanFactory.createBean(AbstractAutowireCapableBeanFactory.java:448)  Creating instance of bean 'deptController'
2016-12-16 10:07:44 org.springframework.beans.factory.annotation.InjectionMetadata.checkConfigMembers(InjectionMetadata.java:72)  Registered injected element on class [com.hc.action.DeptController]: AutowiredFieldElement for private com.hc.service.DeptService com.hc.action.DeptController.deptService
2016-12-16 10:07:44 org.springframework.beans.factory.support.AbstractAutowireCapableBeanFactory.doCreateBean(AbstractAutowireCapableBeanFactory.java:537)  Eagerly caching bean 'deptController' to allow for resolving potential circular references
2016-12-16 10:07:44 org.springframework.beans.factory.annotation.InjectionMetadata.inject(InjectionMetadata.java:86)  Processing injected element of bean 'deptController': AutowiredFieldElement for private com.hc.service.DeptService com.hc.action.DeptController.deptService
2016-12-16 10:07:44 org.springframework.beans.factory.support.DefaultSingletonBeanRegistry.getSingleton(DefaultSingletonBeanRegistry.java:221)  Creating shared instance of singleton bean 'deptServiceImpl'
2016-12-16 10:07:44 org.springframework.beans.factory.support.AbstractAutowireCapableBeanFactory.createBean(AbstractAutowireCapableBeanFactory.java:448)  Creating instance of bean 'deptServiceImpl'
2016-12-16 10:07:44 org.springframework.beans.factory.annotation.InjectionMetadata.checkConfigMembers(InjectionMetadata.java:72)  Registered injected element on class [com.hc.service.impl.DeptServiceImpl]: AutowiredFieldElement for private com.hc.dao.DeptDao com.hc.service.impl.DeptServiceImpl.deptDao
2016-12-16 10:07:44 org.springframework.beans.factory.annotation.InjectionMetadata.checkConfigMembers(InjectionMetadata.java:72)  Registered injected element on class [com.hc.service.impl.DeptServiceImpl]: AutowiredFieldElement for private com.hc.dao.Dept2Dao com.hc.service.impl.DeptServiceImpl.dept2Dao
2016-12-16 10:07:44 org.springframework.beans.factory.support.AbstractAutowireCapableBeanFactory.doCreateBean(AbstractAutowireCapableBeanFactory.java:537)  Eagerly caching bean 'deptServiceImpl' to allow for resolving potential circular references
2016-12-16 10:07:44 org.springframework.beans.factory.annotation.InjectionMetadata.inject(InjectionMetadata.java:86)  Processing injected element of bean 'deptServiceImpl': AutowiredFieldElement for private com.hc.dao.DeptDao com.hc.service.impl.DeptServiceImpl.deptDao
2016-12-16 10:07:44 org.springframework.beans.factory.support.DefaultSingletonBeanRegistry.getSingleton(DefaultSingletonBeanRegistry.java:221)  Creating shared instance of singleton bean 'deptDao'
2016-12-16 10:07:44 org.springframework.beans.factory.support.AbstractAutowireCapableBeanFactory.createBean(AbstractAutowireCapableBeanFactory.java:448)  Creating instance of bean 'deptDao'
2016-12-16 10:07:44 org.springframework.beans.factory.support.AbstractAutowireCapableBeanFactory.doCreateBean(AbstractAutowireCapableBeanFactory.java:537)  Eagerly caching bean 'deptDao' to allow for resolving potential circular references
2016-12-16 10:07:44 org.springframework.beans.factory.support.DefaultSingletonBeanRegistry.getSingleton(DefaultSingletonBeanRegistry.java:221)  Creating shared instance of singleton bean 'sqlSessionFactory'
2016-12-16 10:07:44 org.springframework.beans.factory.support.AbstractAutowireCapableBeanFactory.createBean(AbstractAutowireCapableBeanFactory.java:448)  Creating instance of bean 'sqlSessionFactory'
2016-12-16 10:07:44 org.springframework.beans.factory.support.AbstractAutowireCapableBeanFactory.doCreateBean(AbstractAutowireCapableBeanFactory.java:537)  Eagerly caching bean 'sqlSessionFactory' to allow for resolving potential circular references
2016-12-16 10:07:44 org.springframework.beans.factory.support.DefaultSingletonBeanRegistry.getSingleton(DefaultSingletonBeanRegistry.java:221)  Creating shared instance of singleton bean 'dataSource123'
2016-12-16 10:07:44 org.springframework.beans.factory.support.AbstractAutowireCapableBeanFactory.createBean(AbstractAutowireCapableBeanFactory.java:448)  Creating instance of bean 'dataSource123'
2016-12-16 10:07:44 org.springframework.beans.factory.support.AbstractAutowireCapableBeanFactory.doCreateBean(AbstractAutowireCapableBeanFactory.java:537)  Eagerly caching bean 'dataSource123' to allow for resolving potential circular references
2016-12-16 10:07:44 org.springframework.beans.factory.support.DefaultSingletonBeanRegistry.getSingleton(DefaultSingletonBeanRegistry.java:221)  Creating shared instance of singleton bean 'org.springframework.transaction.config.internalTransactionAdvisor'
2016-12-16 10:07:44 org.springframework.beans.factory.support.AbstractAutowireCapableBeanFactory.createBean(AbstractAutowireCapableBeanFactory.java:448)  Creating instance of bean 'org.springframework.transaction.config.internalTransactionAdvisor'
2016-12-16 10:07:44 org.springframework.beans.factory.support.AbstractAutowireCapableBeanFactory.doCreateBean(AbstractAutowireCapableBeanFactory.java:537)  Eagerly caching bean 'org.springframework.transaction.config.internalTransactionAdvisor' to allow for resolving potential circular references
2016-12-16 10:07:44 org.springframework.beans.factory.support.DefaultSingletonBeanRegistry.getSingleton(DefaultSingletonBeanRegistry.java:221)  Creating shared instance of singleton bean 'org.springframework.transaction.annotation.AnnotationTransactionAttributeSource#0'
2016-12-16 10:07:44 org.springframework.beans.factory.support.AbstractAutowireCapableBeanFactory.createBean(AbstractAutowireCapableBeanFactory.java:448)  Creating instance of bean 'org.springframework.transaction.annotation.AnnotationTransactionAttributeSource#0'
2016-12-16 10:07:44 org.springframework.beans.factory.support.AbstractAutowireCapableBeanFactory.doCreateBean(AbstractAutowireCapableBeanFactory.java:537)  Eagerly caching bean 'org.springframework.transaction.annotation.AnnotationTransactionAttributeSource#0' to allow for resolving potential circular references
2016-12-16 10:07:44 org.springframework.aop.framework.autoproxy.BeanFactoryAdvisorRetrievalHelper.findAdvisorBeans(BeanFactoryAdvisorRetrievalHelper.java:87)  Skipping currently created advisor 'org.springframework.transaction.config.internalTransactionAdvisor'
2016-12-16 10:07:44 org.springframework.beans.factory.support.AbstractAutowireCapableBeanFactory.createBean(AbstractAutowireCapableBeanFactory.java:484)  Finished creating instance of bean 'org.springframework.transaction.annotation.AnnotationTransactionAttributeSource#0'
2016-12-16 10:07:44 org.springframework.beans.factory.support.AbstractAutowireCapableBeanFactory.createBean(AbstractAutowireCapableBeanFactory.java:484)  Finished creating instance of bean 'org.springframework.transaction.config.internalTransactionAdvisor'
2016-12-16 10:07:44 org.springframework.beans.factory.support.AbstractAutowireCapableBeanFactory.createBean(AbstractAutowireCapableBeanFactory.java:484)  Finished creating instance of bean 'dataSource123'
2016-12-16 10:07:44 org.springframework.beans.factory.support.AbstractAutowireCapableBeanFactory.invokeInitMethods(AbstractAutowireCapableBeanFactory.java:1625)  Invoking afterPropertiesSet() on bean with name 'sqlSessionFactory'
2016-12-16 10:07:44 org.apache.ibatis.logging.commons.JakartaCommonsLoggingImpl.debug(JakartaCommonsLoggingImpl.java:54)  Parsed configuration file: 'class path resource [mybatisMapper.xml]'
2016-12-16 10:07:44 org.apache.ibatis.logging.commons.JakartaCommonsLoggingImpl.debug(JakartaCommonsLoggingImpl.java:54)  Property 'mapperLocations' was not specified or no matching resources found
2016-12-16 10:07:44 org.springframework.beans.factory.support.AbstractBeanFactory.doGetBean(AbstractBeanFactory.java:251)  Returning cached instance of singleton bean 'org.springframework.transaction.config.internalTransactionAdvisor'
2016-12-16 10:07:44 org.springframework.beans.factory.support.AbstractAutowireCapableBeanFactory.createBean(AbstractAutowireCapableBeanFactory.java:484)  Finished creating instance of bean 'sqlSessionFactory'
2016-12-16 10:07:44 org.springframework.beans.factory.support.AbstractBeanFactory.doGetBean(AbstractBeanFactory.java:251)  Returning cached instance of singleton bean 'org.springframework.transaction.config.internalTransactionAdvisor'
2016-12-16 10:07:44 org.springframework.beans.factory.support.AbstractAutowireCapableBeanFactory.invokeInitMethods(AbstractAutowireCapableBeanFactory.java:1625)  Invoking afterPropertiesSet() on bean with name 'deptDao'
2016-12-16 10:07:44 org.springframework.beans.factory.support.AbstractBeanFactory.doGetBean(AbstractBeanFactory.java:251)  Returning cached instance of singleton bean 'org.springframework.transaction.config.internalTransactionAdvisor'
2016-12-16 10:07:44 org.springframework.beans.factory.support.AbstractAutowireCapableBeanFactory.createBean(AbstractAutowireCapableBeanFactory.java:484)  Finished creating instance of bean 'deptDao'
2016-12-16 10:07:44 org.springframework.beans.factory.support.AbstractBeanFactory.doGetBean(AbstractBeanFactory.java:251)  Returning cached instance of singleton bean 'org.springframework.transaction.config.internalTransactionAdvisor'
2016-12-16 10:07:44 org.springframework.beans.factory.annotation.AutowiredAnnotationBeanPostProcessor.registerDependentBeans(AutowiredAnnotationBeanPostProcessor.java:539)  Autowiring by type from bean name 'deptServiceImpl' to bean named 'deptDao'
2016-12-16 10:07:44 org.springframework.beans.factory.annotation.InjectionMetadata.inject(InjectionMetadata.java:86)  Processing injected element of bean 'deptServiceImpl': AutowiredFieldElement for private com.hc.dao.Dept2Dao com.hc.service.impl.DeptServiceImpl.dept2Dao
2016-12-16 10:07:44 org.springframework.beans.factory.support.DefaultSingletonBeanRegistry.getSingleton(DefaultSingletonBeanRegistry.java:221)  Creating shared instance of singleton bean 'dept2Dao'
2016-12-16 10:07:44 org.springframework.beans.factory.support.AbstractAutowireCapableBeanFactory.createBean(AbstractAutowireCapableBeanFactory.java:448)  Creating instance of bean 'dept2Dao'
2016-12-16 10:07:44 org.springframework.beans.factory.support.AbstractAutowireCapableBeanFactory.doCreateBean(AbstractAutowireCapableBeanFactory.java:537)  Eagerly caching bean 'dept2Dao' to allow for resolving potential circular references
2016-12-16 10:07:44 org.springframework.beans.factory.support.AbstractBeanFactory.doGetBean(AbstractBeanFactory.java:251)  Returning cached instance of singleton bean 'sqlSessionFactory'
2016-12-16 10:07:44 org.springframework.beans.factory.support.AbstractAutowireCapableBeanFactory.invokeInitMethods(AbstractAutowireCapableBeanFactory.java:1625)  Invoking afterPropertiesSet() on bean with name 'dept2Dao'
2016-12-16 10:07:44 org.springframework.beans.factory.support.AbstractBeanFactory.doGetBean(AbstractBeanFactory.java:251)  Returning cached instance of singleton bean 'org.springframework.transaction.config.internalTransactionAdvisor'
2016-12-16 10:07:44 org.springframework.beans.factory.support.AbstractAutowireCapableBeanFactory.createBean(AbstractAutowireCapableBeanFactory.java:484)  Finished creating instance of bean 'dept2Dao'
2016-12-16 10:07:44 org.springframework.beans.factory.support.AbstractBeanFactory.doGetBean(AbstractBeanFactory.java:251)  Returning cached instance of singleton bean 'org.springframework.transaction.config.internalTransactionAdvisor'
2016-12-16 10:07:44 org.springframework.beans.factory.annotation.AutowiredAnnotationBeanPostProcessor.registerDependentBeans(AutowiredAnnotationBeanPostProcessor.java:539)  Autowiring by type from bean name 'deptServiceImpl' to bean named 'dept2Dao'
2016-12-16 10:07:44 org.springframework.beans.factory.support.AbstractBeanFactory.doGetBean(AbstractBeanFactory.java:251)  Returning cached instance of singleton bean 'org.springframework.transaction.config.internalTransactionAdvisor'
2016-12-16 10:07:44 org.springframework.beans.factory.support.AbstractAutowireCapableBeanFactory.createBean(AbstractAutowireCapableBeanFactory.java:484)  Finished creating instance of bean 'deptServiceImpl'
2016-12-16 10:07:44 org.springframework.beans.factory.annotation.AutowiredAnnotationBeanPostProcessor.registerDependentBeans(AutowiredAnnotationBeanPostProcessor.java:539)  Autowiring by type from bean name 'deptController' to bean named 'deptServiceImpl'
2016-12-16 10:07:44 org.springframework.beans.factory.support.AbstractBeanFactory.doGetBean(AbstractBeanFactory.java:251)  Returning cached instance of singleton bean 'org.springframework.transaction.config.internalTransactionAdvisor'
2016-12-16 10:07:44 org.springframework.beans.factory.support.AbstractAutowireCapableBeanFactory.createBean(AbstractAutowireCapableBeanFactory.java:484)  Finished creating instance of bean 'deptController'
2016-12-16 10:07:44 org.springframework.beans.factory.support.AbstractBeanFactory.doGetBean(AbstractBeanFactory.java:251)  Returning cached instance of singleton bean 'deptServiceImpl'
2016-12-16 10:07:44 org.springframework.beans.factory.support.AbstractBeanFactory.doGetBean(AbstractBeanFactory.java:251)  Returning cached instance of singleton bean 'org.springframework.context.annotation.internalConfigurationAnnotationProcessor'
2016-12-16 10:07:44 org.springframework.beans.factory.support.AbstractBeanFactory.doGetBean(AbstractBeanFactory.java:251)  Returning cached instance of singleton bean 'org.springframework.context.annotation.internalAutowiredAnnotationProcessor'
2016-12-16 10:07:44 org.springframework.beans.factory.support.AbstractBeanFactory.doGetBean(AbstractBeanFactory.java:251)  Returning cached instance of singleton bean 'org.springframework.context.annotation.internalRequiredAnnotationProcessor'
2016-12-16 10:07:44 org.springframework.beans.factory.support.AbstractBeanFactory.doGetBean(AbstractBeanFactory.java:251)  Returning cached instance of singleton bean 'org.springframework.context.annotation.internalCommonAnnotationProcessor'
2016-12-16 10:07:44 org.springframework.beans.factory.support.DefaultSingletonBeanRegistry.getSingleton(DefaultSingletonBeanRegistry.java:221)  Creating shared instance of singleton bean 'org.springframework.context.event.internalEventListenerProcessor'
2016-12-16 10:07:44 org.springframework.beans.factory.support.AbstractAutowireCapableBeanFactory.createBean(AbstractAutowireCapableBeanFactory.java:448)  Creating instance of bean 'org.springframework.context.event.internalEventListenerProcessor'
2016-12-16 10:07:44 org.springframework.beans.factory.support.AbstractAutowireCapableBeanFactory.doCreateBean(AbstractAutowireCapableBeanFactory.java:537)  Eagerly caching bean 'org.springframework.context.event.internalEventListenerProcessor' to allow for resolving potential circular references
2016-12-16 10:07:44 org.springframework.beans.factory.support.AbstractBeanFactory.doGetBean(AbstractBeanFactory.java:251)  Returning cached instance of singleton bean 'org.springframework.transaction.config.internalTransactionAdvisor'
2016-12-16 10:07:44 org.springframework.beans.factory.support.AbstractAutowireCapableBeanFactory.createBean(AbstractAutowireCapableBeanFactory.java:484)  Finished creating instance of bean 'org.springframework.context.event.internalEventListenerProcessor'
2016-12-16 10:07:44 org.springframework.beans.factory.support.DefaultSingletonBeanRegistry.getSingleton(DefaultSingletonBeanRegistry.java:221)  Creating shared instance of singleton bean 'org.springframework.context.event.internalEventListenerFactory'
2016-12-16 10:07:44 org.springframework.beans.factory.support.AbstractAutowireCapableBeanFactory.createBean(AbstractAutowireCapableBeanFactory.java:448)  Creating instance of bean 'org.springframework.context.event.internalEventListenerFactory'
2016-12-16 10:07:44 org.springframework.beans.factory.support.AbstractAutowireCapableBeanFactory.doCreateBean(AbstractAutowireCapableBeanFactory.java:537)  Eagerly caching bean 'org.springframework.context.event.internalEventListenerFactory' to allow for resolving potential circular references
2016-12-16 10:07:44 org.springframework.beans.factory.support.AbstractBeanFactory.doGetBean(AbstractBeanFactory.java:251)  Returning cached instance of singleton bean 'org.springframework.transaction.config.internalTransactionAdvisor'
2016-12-16 10:07:44 org.springframework.beans.factory.support.AbstractAutowireCapableBeanFactory.createBean(AbstractAutowireCapableBeanFactory.java:484)  Finished creating instance of bean 'org.springframework.context.event.internalEventListenerFactory'
2016-12-16 10:07:44 org.springframework.beans.factory.support.AbstractBeanFactory.doGetBean(AbstractBeanFactory.java:251)  Returning cached instance of singleton bean 'dataSource123'
2016-12-16 10:07:44 org.springframework.beans.factory.support.AbstractBeanFactory.doGetBean(AbstractBeanFactory.java:251)  Returning cached instance of singleton bean 'sqlSessionFactory'
2016-12-16 10:07:44 org.springframework.beans.factory.support.AbstractBeanFactory.doGetBean(AbstractBeanFactory.java:251)  Returning cached instance of singleton bean 'org.mybatis.spring.mapper.MapperScannerConfigurer#0'
2016-12-16 10:07:44 org.springframework.beans.factory.support.DefaultSingletonBeanRegistry.getSingleton(DefaultSingletonBeanRegistry.java:221)  Creating shared instance of singleton bean 'txManager'
2016-12-16 10:07:44 org.springframework.beans.factory.support.AbstractAutowireCapableBeanFactory.createBean(AbstractAutowireCapableBeanFactory.java:448)  Creating instance of bean 'txManager'
2016-12-16 10:07:44 org.springframework.beans.factory.support.AbstractAutowireCapableBeanFactory.doCreateBean(AbstractAutowireCapableBeanFactory.java:537)  Eagerly caching bean 'txManager' to allow for resolving potential circular references
2016-12-16 10:07:44 org.springframework.beans.factory.support.AbstractBeanFactory.doGetBean(AbstractBeanFactory.java:251)  Returning cached instance of singleton bean 'dataSource123'
2016-12-16 10:07:44 org.springframework.beans.factory.support.AbstractAutowireCapableBeanFactory.invokeInitMethods(AbstractAutowireCapableBeanFactory.java:1625)  Invoking afterPropertiesSet() on bean with name 'txManager'
2016-12-16 10:07:44 org.springframework.beans.factory.support.AbstractBeanFactory.doGetBean(AbstractBeanFactory.java:251)  Returning cached instance of singleton bean 'org.springframework.transaction.config.internalTransactionAdvisor'
2016-12-16 10:07:44 org.springframework.beans.factory.support.AbstractAutowireCapableBeanFactory.createBean(AbstractAutowireCapableBeanFactory.java:484)  Finished creating instance of bean 'txManager'
2016-12-16 10:07:44 org.springframework.beans.factory.support.DefaultSingletonBeanRegistry.getSingleton(DefaultSingletonBeanRegistry.java:221)  Creating shared instance of singleton bean 'org.springframework.transaction.config.internalTransactionalEventListenerFactory'
2016-12-16 10:07:44 org.springframework.beans.factory.support.AbstractAutowireCapableBeanFactory.createBean(AbstractAutowireCapableBeanFactory.java:448)  Creating instance of bean 'org.springframework.transaction.config.internalTransactionalEventListenerFactory'
2016-12-16 10:07:44 org.springframework.beans.factory.support.AbstractAutowireCapableBeanFactory.doCreateBean(AbstractAutowireCapableBeanFactory.java:537)  Eagerly caching bean 'org.springframework.transaction.config.internalTransactionalEventListenerFactory' to allow for resolving potential circular references
2016-12-16 10:07:44 org.springframework.beans.factory.support.AbstractBeanFactory.doGetBean(AbstractBeanFactory.java:251)  Returning cached instance of singleton bean 'org.springframework.transaction.config.internalTransactionAdvisor'
2016-12-16 10:07:44 org.springframework.beans.factory.support.AbstractAutowireCapableBeanFactory.createBean(AbstractAutowireCapableBeanFactory.java:484)  Finished creating instance of bean 'org.springframework.transaction.config.internalTransactionalEventListenerFactory'
2016-12-16 10:07:44 org.springframework.beans.factory.support.AbstractBeanFactory.doGetBean(AbstractBeanFactory.java:251)  Returning cached instance of singleton bean 'org.springframework.aop.config.internalAutoProxyCreator'
2016-12-16 10:07:44 org.springframework.beans.factory.support.AbstractBeanFactory.doGetBean(AbstractBeanFactory.java:251)  Returning cached instance of singleton bean 'org.springframework.transaction.annotation.AnnotationTransactionAttributeSource#0'
2016-12-16 10:07:44 org.springframework.beans.factory.support.DefaultSingletonBeanRegistry.getSingleton(DefaultSingletonBeanRegistry.java:221)  Creating shared instance of singleton bean 'org.springframework.transaction.interceptor.TransactionInterceptor#0'
2016-12-16 10:07:44 org.springframework.beans.factory.support.AbstractAutowireCapableBeanFactory.createBean(AbstractAutowireCapableBeanFactory.java:448)  Creating instance of bean 'org.springframework.transaction.interceptor.TransactionInterceptor#0'
2016-12-16 10:07:44 org.springframework.beans.factory.support.AbstractAutowireCapableBeanFactory.doCreateBean(AbstractAutowireCapableBeanFactory.java:537)  Eagerly caching bean 'org.springframework.transaction.interceptor.TransactionInterceptor#0' to allow for resolving potential circular references
2016-12-16 10:07:44 org.springframework.beans.factory.support.AbstractBeanFactory.doGetBean(AbstractBeanFactory.java:251)  Returning cached instance of singleton bean 'org.springframework.transaction.annotation.AnnotationTransactionAttributeSource#0'
2016-12-16 10:07:44 org.springframework.beans.factory.support.AbstractAutowireCapableBeanFactory.invokeInitMethods(AbstractAutowireCapableBeanFactory.java:1625)  Invoking afterPropertiesSet() on bean with name 'org.springframework.transaction.interceptor.TransactionInterceptor#0'
2016-12-16 10:07:44 org.springframework.beans.factory.support.AbstractAutowireCapableBeanFactory.createBean(AbstractAutowireCapableBeanFactory.java:484)  Finished creating instance of bean 'org.springframework.transaction.interceptor.TransactionInterceptor#0'
2016-12-16 10:07:44 org.springframework.beans.factory.support.AbstractBeanFactory.doGetBean(AbstractBeanFactory.java:251)  Returning cached instance of singleton bean 'org.springframework.transaction.config.internalTransactionAdvisor'
2016-12-16 10:07:44 org.springframework.beans.factory.support.AbstractBeanFactory.doGetBean(AbstractBeanFactory.java:251)  Returning cached instance of singleton bean 'org.springframework.context.annotation.ConfigurationClassPostProcessor.importAwareProcessor'
2016-12-16 10:07:44 org.springframework.beans.factory.support.AbstractBeanFactory.doGetBean(AbstractBeanFactory.java:251)  Returning cached instance of singleton bean 'org.springframework.context.annotation.ConfigurationClassPostProcessor.enhancedConfigurationProcessor'
2016-12-16 10:07:44 org.springframework.beans.factory.support.AbstractBeanFactory.doGetBean(AbstractBeanFactory.java:251)  Returning cached instance of singleton bean 'dept2Dao'
2016-12-16 10:07:44 org.springframework.beans.factory.support.AbstractBeanFactory.doGetBean(AbstractBeanFactory.java:251)  Returning cached instance of singleton bean 'deptDao'
2016-12-16 10:07:44 org.springframework.beans.factory.support.DefaultSingletonBeanRegistry.getSingleton(DefaultSingletonBeanRegistry.java:221)  Creating shared instance of singleton bean 'empDao'
2016-12-16 10:07:44 org.springframework.beans.factory.support.AbstractAutowireCapableBeanFactory.createBean(AbstractAutowireCapableBeanFactory.java:448)  Creating instance of bean 'empDao'
2016-12-16 10:07:44 org.springframework.beans.factory.support.AbstractAutowireCapableBeanFactory.doCreateBean(AbstractAutowireCapableBeanFactory.java:537)  Eagerly caching bean 'empDao' to allow for resolving potential circular references
2016-12-16 10:07:44 org.springframework.beans.factory.support.AbstractBeanFactory.doGetBean(AbstractBeanFactory.java:251)  Returning cached instance of singleton bean 'sqlSessionFactory'
2016-12-16 10:07:44 org.springframework.beans.factory.support.AbstractAutowireCapableBeanFactory.invokeInitMethods(AbstractAutowireCapableBeanFactory.java:1625)  Invoking afterPropertiesSet() on bean with name 'empDao'
2016-12-16 10:07:44 org.springframework.beans.factory.support.AbstractBeanFactory.doGetBean(AbstractBeanFactory.java:251)  Returning cached instance of singleton bean 'org.springframework.transaction.config.internalTransactionAdvisor'
2016-12-16 10:07:44 org.springframework.beans.factory.support.AbstractAutowireCapableBeanFactory.createBean(AbstractAutowireCapableBeanFactory.java:484)  Finished creating instance of bean 'empDao'
2016-12-16 10:07:44 org.springframework.beans.factory.support.AbstractBeanFactory.doGetBean(AbstractBeanFactory.java:251)  Returning cached instance of singleton bean 'org.springframework.context.event.internalEventListenerFactory'
2016-12-16 10:07:44 org.springframework.beans.factory.support.AbstractBeanFactory.doGetBean(AbstractBeanFactory.java:251)  Returning cached instance of singleton bean 'org.springframework.transaction.config.internalTransactionalEventListenerFactory'
2016-12-16 10:07:44 org.springframework.context.support.AbstractApplicationContext.initLifecycleProcessor(AbstractApplicationContext.java:784)  Unable to locate LifecycleProcessor with name 'lifecycleProcessor': using default [org.springframework.context.support.DefaultLifecycleProcessor@42b64ab8]
2016-12-16 10:07:44 org.springframework.beans.factory.support.AbstractBeanFactory.doGetBean(AbstractBeanFactory.java:251)  Returning cached instance of singleton bean 'lifecycleProcessor'
2016-12-16 10:07:44 org.springframework.beans.factory.support.AbstractBeanFactory.doGetBean(AbstractBeanFactory.java:251)  Returning cached instance of singleton bean 'sqlSessionFactory'
2016-12-16 10:07:44 org.springframework.core.env.PropertySourcesPropertyResolver.getProperty(PropertySourcesPropertyResolver.java:91)  Could not find key 'spring.liveBeansView.mbeanDomain' in any property source
2016-12-16 10:07:44 org.springframework.beans.factory.support.AbstractBeanFactory.doGetBean(AbstractBeanFactory.java:251)  Returning cached instance of singleton bean 'sqlSessionFactory'
2016-12-16 10:07:44 org.apache.ibatis.logging.commons.JakartaCommonsLoggingImpl.debug(JakartaCommonsLoggingImpl.java:54)  Cache Hit Ratio [com.hc.dao.Dept2Dao]: 0.0
2016-12-16 10:07:44 org.springframework.jdbc.datasource.DataSourceUtils.doGetConnection(DataSourceUtils.java:110)  Fetching JDBC Connection from DataSource
2016-12-16 10:07:44 com.alibaba.druid.pool.DruidDataSource.init(DruidDataSource.java:715)  {dataSource-1} inited
2016-12-16 10:07:45 org.apache.ibatis.logging.commons.JakartaCommonsLoggingImpl.debug(JakartaCommonsLoggingImpl.java:54)  JDBC Connection [com.mysql.jdbc.JDBC4Connection@71e9a896] will not be managed by Spring
2016-12-16 10:07:45 org.apache.ibatis.logging.commons.JakartaCommonsLoggingImpl.debug(JakartaCommonsLoggingImpl.java:54)  ==>  Preparing: SELECT deptno, dname, loc,kouhao,yusuan from dept WHERE yusuan between 160 and 460 
2016-12-16 10:07:45 org.apache.ibatis.logging.commons.JakartaCommonsLoggingImpl.debug(JakartaCommonsLoggingImpl.java:54)  ==> Parameters: 
2016-12-16 10:07:45 org.apache.ibatis.logging.commons.JakartaCommonsLoggingImpl.debug(JakartaCommonsLoggingImpl.java:54)  <==      Total: 2
